SQL> select first_name,slaary from employees where salary>10000;
select first_name,slaary from employees where salary>10000
                  *
ERROR at line 1:
ORA-00904: "SLAARY": invalid identifier 


SQL> select first_name,salary from employees where salary>10000;

FIRST_NAME               SALARY                                                 
-------------------- ----------                                                 
Michael                   13000                                                 
Shelley                   12008                                                 
Steven                    24000                                                 
Neena                     17000                                                 
Lex                       17000                                                 
Nancy                     12008                                                 
Den                       11000                                                 
John                      14000                                                 
Karen                     13500                                                 
Alberto                   12000                                                 
Gerald                    11000                                                 

FIRST_NAME               SALARY                                                 
-------------------- ----------                                                 
Eleni                     10500                                                 
Clara                     10500                                                 
Lisa                      11500                                                 
Ellen                     11000                                                 

15 rows selected.

SQL> select first_name,salary,department_id from employees where department_id = 10;

FIRST_NAME               SALARY DEPARTMENT_ID                                   
-------------------- ---------- -------------                                   
Jennifer                   4400            10                                   

SQL> desc employees
 Name                                      Null?    Type
 ----------------------------------------- -------- ----------------------------
 EMPLOYEE_ID                               NOT NULL NUMBER(6)
 FIRST_NAME                                         VARCHAR2(20)
 LAST_NAME                                 NOT NULL VARCHAR2(25)
 EMAIL                                     NOT NULL VARCHAR2(25)
 PHONE_NUMBER                                       VARCHAR2(20)
 HIRE_DATE                                 NOT NULL DATE
 JOB_ID                                    NOT NULL VARCHAR2(10)
 SALARY                                             NUMBER(8,2)
 COMMISSION_PCT                                     NUMBER(2,2)
 MANAGER_ID                                         NUMBER(6)
 DEPARTMENT_ID                                      NUMBER(4)

SQL> select first_name,salary,department_id from employees where department_id = 10 and department = 20 and department = 30;
select first_name,salary,department_id from employees where department_id = 10 and department = 20 and department = 30
                                                                                                       *
ERROR at line 1:
ORA-00904: "DEPARTMENT": invalid identifier 


SQL> select first_name,salary,department_id from employees where department_id = 10,department = 20 and department = 30;
select first_name,salary,department_id from employees where department_id = 10,department = 20 and department = 30
                                                                              *
ERROR at line 1:
ORA-00933: SQL command not properly ended 


SQL> select first_name,salary,department_id from employees where department_id = 10 and department = 30;
select first_name,salary,department_id from employees where department_id = 10 and department = 30
                                                                                   *
ERROR at line 1:
ORA-00904: "DEPARTMENT": invalid identifier 


SQL> select first_name,salary,department_id from employees where department_id in (10,20,30);

FIRST_NAME               SALARY DEPARTMENT_ID                                   
-------------------- ---------- -------------                                   
Jennifer                   4400            10                                   
Michael                   13000            20                                   
Pat                        6000            20                                   
Den                       11000            30                                   
Alexander                  3100            30                                   
Shelli                     2900            30                                   
Sigal                      2800            30                                   
Guy                        2600            30                                   
Karen                      2500            30                                   

9 rows selected.

SQL> select first_name,salary,department_id from employees where first_name in ('Kevin','Den');

FIRST_NAME               SALARY DEPARTMENT_ID                                   
-------------------- ---------- -------------                                   
Den                       11000            30                                   
Kevin                      5800            50                                   
Kevin                      3000            50                                   

SQL> select first_name,salary,department_id from employees where department_id != 10;

FIRST_NAME               SALARY DEPARTMENT_ID                                   
-------------------- ---------- -------------                                   
Donald                     2600            50                                   
Douglas                    2600            50                                   
Michael                   13000            20                                   
Pat                        6000            20                                   
Susan                      6500            40                                   
Hermann                   10000            70                                   
Shelley                   12008           110                                   
William                    8300           110                                   
Steven                    24000            90                                   
Neena                     17000            90                                   
Lex                       17000            90                                   

FIRST_NAME               SALARY DEPARTMENT_ID                                   
-------------------- ---------- -------------                                   
Alexander                  9000            60                                   
Bruce                      6000            60                                   
David                      4800            60                                   
Valli                      4800            60                                   
Diana                      4200            60                                   
Nancy                     12008           100                                   
Daniel                     9000           100                                   
John                       8200           100                                   
Ismael                     7700           100                                   
Jose Manuel                7800           100                                   
Luis                       6900           100                                   

FIRST_NAME               SALARY DEPARTMENT_ID                                   
-------------------- ---------- -------------                                   
Den                       11000            30                                   
Alexander                  3100            30                                   
Shelli                     2900            30                                   
Sigal                      2800            30                                   
Guy                        2600            30                                   
Karen                      2500            30                                   
Matthew                    8000            50                                   
Adam                       8200            50                                   
Payam                      7900            50                                   
Shanta                     6500            50                                   
Kevin                      5800            50                                   

FIRST_NAME               SALARY DEPARTMENT_ID                                   
-------------------- ---------- -------------                                   
Julia                      3200            50                                   
Irene                      2700            50                                   
James                      2400            50                                   
Steven                     2200            50                                   
Laura                      3300            50                                   
Mozhe                      2800            50                                   
James                      2500            50                                   
TJ                         2100            50                                   
Jason                      3300            50                                   
Michael                    2900            50                                   
Ki                         2400            50                                   

FIRST_NAME               SALARY DEPARTMENT_ID                                   
-------------------- ---------- -------------                                   
Hazel                      2200            50                                   
Renske                     3600            50                                   
Stephen                    3200            50                                   
John                       2700            50                                   
Joshua                     2500            50                                   
Trenna                     3500            50                                   
Curtis                     3100            50                                   
Randall                    2600            50                                   
Peter                      2500            50                                   
John                      14000            80                                   
Karen                     13500            80                                   

FIRST_NAME               SALARY DEPARTMENT_ID                                   
-------------------- ---------- -------------                                   
Alberto                   12000            80                                   
Gerald                    11000            80                                   
Eleni                     10500            80                                   
Peter                     10000            80                                   
David                      9500            80                                   
Peter                      9000            80                                   
Christopher                8000            80                                   
Nanette                    7500            80                                   
Oliver                     7000            80                                   
Janette                   10000            80                                   
Patrick                    9500            80                                   

FIRST_NAME               SALARY DEPARTMENT_ID                                   
-------------------- ---------- -------------                                   
Allan                      9000            80                                   
Lindsey                    8000            80                                   
Louise                     7500            80                                   
Sarath                     7000            80                                   
Clara                     10500            80                                   
Danielle                   9500            80                                   
Mattea                     7200            80                                   
David                      6800            80                                   
Sundar                     6400            80                                   
Amit                       6200            80                                   
Lisa                      11500            80                                   

FIRST_NAME               SALARY DEPARTMENT_ID                                   
-------------------- ---------- -------------                                   
Harrison                  10000            80                                   
Tayler                     9600            80                                   
William                    7400            80                                   
Elizabeth                  7300            80                                   
Sundita                    6100            80                                   
Ellen                     11000            80                                   
Alyssa                     8800            80                                   
Jonathon                   8600            80                                   
Jack                       8400            80                                   
Charles                    6200            80                                   
Winston                    3200            50                                   

FIRST_NAME               SALARY DEPARTMENT_ID                                   
-------------------- ---------- -------------                                   
Jean                       3100            50                                   
Martha                     2500            50                                   
Girard                     2800            50                                   
Nandita                    4200            50                                   
Alexis                     4100            50                                   
Julia                      3400            50                                   
Anthony                    3000            50                                   
Kelly                      3800            50                                   
Jennifer                   3600            50                                   
Timothy                    2900            50                                   
Randall                    2500            50                                   

FIRST_NAME               SALARY DEPARTMENT_ID                                   
-------------------- ---------- -------------                                   
Sarah                      4000            50                                   
Britney                    3900            50                                   
Samuel                     3200            50                                   
Vance                      2800            50                                   
Alana                      3100            50                                   
Kevin                      3000            50                                   

105 rows selected.

SQL> select first_name,salary,department_id from employees where department_id <> 10;

FIRST_NAME               SALARY DEPARTMENT_ID                                   
-------------------- ---------- -------------                                   
Donald                     2600            50                                   
Douglas                    2600            50                                   
Michael                   13000            20                                   
Pat                        6000            20                                   
Susan                      6500            40                                   
Hermann                   10000            70                                   
Shelley                   12008           110                                   
William                    8300           110                                   
Steven                    24000            90                                   
Neena                     17000            90                                   
Lex                       17000            90                                   

FIRST_NAME               SALARY DEPARTMENT_ID                                   
-------------------- ---------- -------------                                   
Alexander                  9000            60                                   
Bruce                      6000            60                                   
David                      4800            60                                   
Valli                      4800            60                                   
Diana                      4200            60                                   
Nancy                     12008           100                                   
Daniel                     9000           100                                   
John                       8200           100                                   
Ismael                     7700           100                                   
Jose Manuel                7800           100                                   
Luis                       6900           100                                   

FIRST_NAME               SALARY DEPARTMENT_ID                                   
-------------------- ---------- -------------                                   
Den                       11000            30                                   
Alexander                  3100            30                                   
Shelli                     2900            30                                   
Sigal                      2800            30                                   
Guy                        2600            30                                   
Karen                      2500            30                                   
Matthew                    8000            50                                   
Adam                       8200            50                                   
Payam                      7900            50                                   
Shanta                     6500            50                                   
Kevin                      5800            50                                   

FIRST_NAME               SALARY DEPARTMENT_ID                                   
-------------------- ---------- -------------                                   
Julia                      3200            50                                   
Irene                      2700            50                                   
James                      2400            50                                   
Steven                     2200            50                                   
Laura                      3300            50                                   
Mozhe                      2800            50                                   
James                      2500            50                                   
TJ                         2100            50                                   
Jason                      3300            50                                   
Michael                    2900            50                                   
Ki                         2400            50                                   

FIRST_NAME               SALARY DEPARTMENT_ID                                   
-------------------- ---------- -------------                                   
Hazel                      2200            50                                   
Renske                     3600            50                                   
Stephen                    3200            50                                   
John                       2700            50                                   
Joshua                     2500            50                                   
Trenna                     3500            50                                   
Curtis                     3100            50                                   
Randall                    2600            50                                   
Peter                      2500            50                                   
John                      14000            80                                   
Karen                     13500            80                                   

FIRST_NAME               SALARY DEPARTMENT_ID                                   
-------------------- ---------- -------------                                   
Alberto                   12000            80                                   
Gerald                    11000            80                                   
Eleni                     10500            80                                   
Peter                     10000            80                                   
David                      9500            80                                   
Peter                      9000            80                                   
Christopher                8000            80                                   
Nanette                    7500            80                                   
Oliver                     7000            80                                   
Janette                   10000            80                                   
Patrick                    9500            80                                   

FIRST_NAME               SALARY DEPARTMENT_ID                                   
-------------------- ---------- -------------                                   
Allan                      9000            80                                   
Lindsey                    8000            80                                   
Louise                     7500            80                                   
Sarath                     7000            80                                   
Clara                     10500            80                                   
Danielle                   9500            80                                   
Mattea                     7200            80                                   
David                      6800            80                                   
Sundar                     6400            80                                   
Amit                       6200            80                                   
Lisa                      11500            80                                   

FIRST_NAME               SALARY DEPARTMENT_ID                                   
-------------------- ---------- -------------                                   
Harrison                  10000            80                                   
Tayler                     9600            80                                   
William                    7400            80                                   
Elizabeth                  7300            80                                   
Sundita                    6100            80                                   
Ellen                     11000            80                                   
Alyssa                     8800            80                                   
Jonathon                   8600            80                                   
Jack                       8400            80                                   
Charles                    6200            80                                   
Winston                    3200            50                                   

FIRST_NAME               SALARY DEPARTMENT_ID                                   
-------------------- ---------- -------------                                   
Jean                       3100            50                                   
Martha                     2500            50                                   
Girard                     2800            50                                   
Nandita                    4200            50                                   
Alexis                     4100            50                                   
Julia                      3400            50                                   
Anthony                    3000            50                                   
Kelly                      3800            50                                   
Jennifer                   3600            50                                   
Timothy                    2900            50                                   
Randall                    2500            50                                   

FIRST_NAME               SALARY DEPARTMENT_ID                                   
-------------------- ---------- -------------                                   
Sarah                      4000            50                                   
Britney                    3900            50                                   
Samuel                     3200            50                                   
Vance                      2800            50                                   
Alana                      3100            50                                   
Kevin                      3000            50                                   

105 rows selected.

SQL> select first_name,salary,department_id from employees where department_id ^= 10;

FIRST_NAME               SALARY DEPARTMENT_ID                                   
-------------------- ---------- -------------                                   
Donald                     2600            50                                   
Douglas                    2600            50                                   
Michael                   13000            20                                   
Pat                        6000            20                                   
Susan                      6500            40                                   
Hermann                   10000            70                                   
Shelley                   12008           110                                   
William                    8300           110                                   
Steven                    24000            90                                   
Neena                     17000            90                                   
Lex                       17000            90                                   

FIRST_NAME               SALARY DEPARTMENT_ID                                   
-------------------- ---------- -------------                                   
Alexander                  9000            60                                   
Bruce                      6000            60                                   
David                      4800            60                                   
Valli                      4800            60                                   
Diana                      4200            60                                   
Nancy                     12008           100                                   
Daniel                     9000           100                                   
John                       8200           100                                   
Ismael                     7700           100                                   
Jose Manuel                7800           100                                   
Luis                       6900           100                                   

FIRST_NAME               SALARY DEPARTMENT_ID                                   
-------------------- ---------- -------------                                   
Den                       11000            30                                   
Alexander                  3100            30                                   
Shelli                     2900            30                                   
Sigal                      2800            30                                   
Guy                        2600            30                                   
Karen                      2500            30                                   
Matthew                    8000            50                                   
Adam                       8200            50                                   
Payam                      7900            50                                   
Shanta                     6500            50                                   
Kevin                      5800            50                                   

FIRST_NAME               SALARY DEPARTMENT_ID                                   
-------------------- ---------- -------------                                   
Julia                      3200            50                                   
Irene                      2700            50                                   
James                      2400            50                                   
Steven                     2200            50                                   
Laura                      3300            50                                   
Mozhe                      2800            50                                   
James                      2500            50                                   
TJ                         2100            50                                   
Jason                      3300            50                                   
Michael                    2900            50                                   
Ki                         2400            50                                   

FIRST_NAME               SALARY DEPARTMENT_ID                                   
-------------------- ---------- -------------                                   
Hazel                      2200            50                                   
Renske                     3600            50                                   
Stephen                    3200            50                                   
John                       2700            50                                   
Joshua                     2500            50                                   
Trenna                     3500            50                                   
Curtis                     3100            50                                   
Randall                    2600            50                                   
Peter                      2500            50                                   
John                      14000            80                                   
Karen                     13500            80                                   

FIRST_NAME               SALARY DEPARTMENT_ID                                   
-------------------- ---------- -------------                                   
Alberto                   12000            80                                   
Gerald                    11000            80                                   
Eleni                     10500            80                                   
Peter                     10000            80                                   
David                      9500            80                                   
Peter                      9000            80                                   
Christopher                8000            80                                   
Nanette                    7500            80                                   
Oliver                     7000            80                                   
Janette                   10000            80                                   
Patrick                    9500            80                                   

FIRST_NAME               SALARY DEPARTMENT_ID                                   
-------------------- ---------- -------------                                   
Allan                      9000            80                                   
Lindsey                    8000            80                                   
Louise                     7500            80                                   
Sarath                     7000            80                                   
Clara                     10500            80                                   
Danielle                   9500            80                                   
Mattea                     7200            80                                   
David                      6800            80                                   
Sundar                     6400            80                                   
Amit                       6200            80                                   
Lisa                      11500            80                                   

FIRST_NAME               SALARY DEPARTMENT_ID                                   
-------------------- ---------- -------------                                   
Harrison                  10000            80                                   
Tayler                     9600            80                                   
William                    7400            80                                   
Elizabeth                  7300            80                                   
Sundita                    6100            80                                   
Ellen                     11000            80                                   
Alyssa                     8800            80                                   
Jonathon                   8600            80                                   
Jack                       8400            80                                   
Charles                    6200            80                                   
Winston                    3200            50                                   

FIRST_NAME               SALARY DEPARTMENT_ID                                   
-------------------- ---------- -------------                                   
Jean                       3100            50                                   
Martha                     2500            50                                   
Girard                     2800            50                                   
Nandita                    4200            50                                   
Alexis                     4100            50                                   
Julia                      3400            50                                   
Anthony                    3000            50                                   
Kelly                      3800            50                                   
Jennifer                   3600            50                                   
Timothy                    2900            50                                   
Randall                    2500            50                                   

FIRST_NAME               SALARY DEPARTMENT_ID                                   
-------------------- ---------- -------------                                   
Sarah                      4000            50                                   
Britney                    3900            50                                   
Samuel                     3200            50                                   
Vance                      2800            50                                   
Alana                      3100            50                                   
Kevin                      3000            50                                   

105 rows selected.

SQL> select first_name,salary,department_id from employees where department_id not in (10,20,30);

FIRST_NAME               SALARY DEPARTMENT_ID                                   
-------------------- ---------- -------------                                   
Donald                     2600            50                                   
Douglas                    2600            50                                   
Susan                      6500            40                                   
Hermann                   10000            70                                   
Shelley                   12008           110                                   
William                    8300           110                                   
Steven                    24000            90                                   
Neena                     17000            90                                   
Lex                       17000            90                                   
Alexander                  9000            60                                   
Bruce                      6000            60                                   

FIRST_NAME               SALARY DEPARTMENT_ID                                   
-------------------- ---------- -------------                                   
David                      4800            60                                   
Valli                      4800            60                                   
Diana                      4200            60                                   
Nancy                     12008           100                                   
Daniel                     9000           100                                   
John                       8200           100                                   
Ismael                     7700           100                                   
Jose Manuel                7800           100                                   
Luis                       6900           100                                   
Matthew                    8000            50                                   
Adam                       8200            50                                   

FIRST_NAME               SALARY DEPARTMENT_ID                                   
-------------------- ---------- -------------                                   
Payam                      7900            50                                   
Shanta                     6500            50                                   
Kevin                      5800            50                                   
Julia                      3200            50                                   
Irene                      2700            50                                   
James                      2400            50                                   
Steven                     2200            50                                   
Laura                      3300            50                                   
Mozhe                      2800            50                                   
James                      2500            50                                   
TJ                         2100            50                                   

FIRST_NAME               SALARY DEPARTMENT_ID                                   
-------------------- ---------- -------------                                   
Jason                      3300            50                                   
Michael                    2900            50                                   
Ki                         2400            50                                   
Hazel                      2200            50                                   
Renske                     3600            50                                   
Stephen                    3200            50                                   
John                       2700            50                                   
Joshua                     2500            50                                   
Trenna                     3500            50                                   
Curtis                     3100            50                                   
Randall                    2600            50                                   

FIRST_NAME               SALARY DEPARTMENT_ID                                   
-------------------- ---------- -------------                                   
Peter                      2500            50                                   
John                      14000            80                                   
Karen                     13500            80                                   
Alberto                   12000            80                                   
Gerald                    11000            80                                   
Eleni                     10500            80                                   
Peter                     10000            80                                   
David                      9500            80                                   
Peter                      9000            80                                   
Christopher                8000            80                                   
Nanette                    7500            80                                   

FIRST_NAME               SALARY DEPARTMENT_ID                                   
-------------------- ---------- -------------                                   
Oliver                     7000            80                                   
Janette                   10000            80                                   
Patrick                    9500            80                                   
Allan                      9000            80                                   
Lindsey                    8000            80                                   
Louise                     7500            80                                   
Sarath                     7000            80                                   
Clara                     10500            80                                   
Danielle                   9500            80                                   
Mattea                     7200            80                                   
David                      6800            80                                   

FIRST_NAME               SALARY DEPARTMENT_ID                                   
-------------------- ---------- -------------                                   
Sundar                     6400            80                                   
Amit                       6200            80                                   
Lisa                      11500            80                                   
Harrison                  10000            80                                   
Tayler                     9600            80                                   
William                    7400            80                                   
Elizabeth                  7300            80                                   
Sundita                    6100            80                                   
Ellen                     11000            80                                   
Alyssa                     8800            80                                   
Jonathon                   8600            80                                   

FIRST_NAME               SALARY DEPARTMENT_ID                                   
-------------------- ---------- -------------                                   
Jack                       8400            80                                   
Charles                    6200            80                                   
Winston                    3200            50                                   
Jean                       3100            50                                   
Martha                     2500            50                                   
Girard                     2800            50                                   
Nandita                    4200            50                                   
Alexis                     4100            50                                   
Julia                      3400            50                                   
Anthony                    3000            50                                   
Kelly                      3800            50                                   

FIRST_NAME               SALARY DEPARTMENT_ID                                   
-------------------- ---------- -------------                                   
Jennifer                   3600            50                                   
Timothy                    2900            50                                   
Randall                    2500            50                                   
Sarah                      4000            50                                   
Britney                    3900            50                                   
Samuel                     3200            50                                   
Vance                      2800            50                                   
Alana                      3100            50                                   
Kevin                      3000            50                                   

97 rows selected.

SQL> select first_name,salary,department_id from employees where salary<all(4000,5000,6000);

FIRST_NAME               SALARY DEPARTMENT_ID                                   
-------------------- ---------- -------------                                   
Donald                     2600            50                                   
Douglas                    2600            50                                   
Alexander                  3100            30                                   
Shelli                     2900            30                                   
Sigal                      2800            30                                   
Guy                        2600            30                                   
Karen                      2500            30                                   
Julia                      3200            50                                   
Irene                      2700            50                                   
James                      2400            50                                   
Steven                     2200            50                                   

FIRST_NAME               SALARY DEPARTMENT_ID                                   
-------------------- ---------- -------------                                   
Laura                      3300            50                                   
Mozhe                      2800            50                                   
James                      2500            50                                   
TJ                         2100            50                                   
Jason                      3300            50                                   
Michael                    2900            50                                   
Ki                         2400            50                                   
Hazel                      2200            50                                   
Renske                     3600            50                                   
Stephen                    3200            50                                   
John                       2700            50                                   

FIRST_NAME               SALARY DEPARTMENT_ID                                   
-------------------- ---------- -------------                                   
Joshua                     2500            50                                   
Trenna                     3500            50                                   
Curtis                     3100            50                                   
Randall                    2600            50                                   
Peter                      2500            50                                   
Winston                    3200            50                                   
Jean                       3100            50                                   
Martha                     2500            50                                   
Girard                     2800            50                                   
Julia                      3400            50                                   
Anthony                    3000            50                                   

FIRST_NAME               SALARY DEPARTMENT_ID                                   
-------------------- ---------- -------------                                   
Kelly                      3800            50                                   
Jennifer                   3600            50                                   
Timothy                    2900            50                                   
Randall                    2500            50                                   
Britney                    3900            50                                   
Samuel                     3200            50                                   
Vance                      2800            50                                   
Alana                      3100            50                                   
Kevin                      3000            50                                   

42 rows selected.

SQL> select first_name,salary,department_id from employees where salary<any(4000,5000,6000);

FIRST_NAME               SALARY DEPARTMENT_ID                                   
-------------------- ---------- -------------                                   
Donald                     2600            50                                   
Douglas                    2600            50                                   
Jennifer                   4400            10                                   
David                      4800            60                                   
Valli                      4800            60                                   
Diana                      4200            60                                   
Alexander                  3100            30                                   
Shelli                     2900            30                                   
Sigal                      2800            30                                   
Guy                        2600            30                                   
Karen                      2500            30                                   

FIRST_NAME               SALARY DEPARTMENT_ID                                   
-------------------- ---------- -------------                                   
Kevin                      5800            50                                   
Julia                      3200            50                                   
Irene                      2700            50                                   
James                      2400            50                                   
Steven                     2200            50                                   
Laura                      3300            50                                   
Mozhe                      2800            50                                   
James                      2500            50                                   
TJ                         2100            50                                   
Jason                      3300            50                                   
Michael                    2900            50                                   

FIRST_NAME               SALARY DEPARTMENT_ID                                   
-------------------- ---------- -------------                                   
Ki                         2400            50                                   
Hazel                      2200            50                                   
Renske                     3600            50                                   
Stephen                    3200            50                                   
John                       2700            50                                   
Joshua                     2500            50                                   
Trenna                     3500            50                                   
Curtis                     3100            50                                   
Randall                    2600            50                                   
Peter                      2500            50                                   
Winston                    3200            50                                   

FIRST_NAME               SALARY DEPARTMENT_ID                                   
-------------------- ---------- -------------                                   
Jean                       3100            50                                   
Martha                     2500            50                                   
Girard                     2800            50                                   
Nandita                    4200            50                                   
Alexis                     4100            50                                   
Julia                      3400            50                                   
Anthony                    3000            50                                   
Kelly                      3800            50                                   
Jennifer                   3600            50                                   
Timothy                    2900            50                                   
Randall                    2500            50                                   

FIRST_NAME               SALARY DEPARTMENT_ID                                   
-------------------- ---------- -------------                                   
Sarah                      4000            50                                   
Britney                    3900            50                                   
Samuel                     3200            50                                   
Vance                      2800            50                                   
Alana                      3100            50                                   
Kevin                      3000            50                                   

50 rows selected.

SQL> select first_name,salary,department_id from employees where salary not <any(4000,5000,6000);
select first_name,salary,department_id from employees where salary not <any(4000,5000,6000)
                                                                       *
ERROR at line 1:
ORA-00920: invalid relational operator 


SQL> select first_name,salary,department_id from employees where salary != any(4000,5000,6000);

FIRST_NAME               SALARY DEPARTMENT_ID                                   
-------------------- ---------- -------------                                   
Donald                     2600            50                                   
Douglas                    2600            50                                   
Jennifer                   4400            10                                   
Michael                   13000            20                                   
Pat                        6000            20                                   
Susan                      6500            40                                   
Hermann                   10000            70                                   
Shelley                   12008           110                                   
William                    8300           110                                   
Steven                    24000            90                                   
Neena                     17000            90                                   

FIRST_NAME               SALARY DEPARTMENT_ID                                   
-------------------- ---------- -------------                                   
Lex                       17000            90                                   
Alexander                  9000            60                                   
Bruce                      6000            60                                   
David                      4800            60                                   
Valli                      4800            60                                   
Diana                      4200            60                                   
Nancy                     12008           100                                   
Daniel                     9000           100                                   
John                       8200           100                                   
Ismael                     7700           100                                   
Jose Manuel                7800           100                                   

FIRST_NAME               SALARY DEPARTMENT_ID                                   
-------------------- ---------- -------------                                   
Luis                       6900           100                                   
Den                       11000            30                                   
Alexander                  3100            30                                   
Shelli                     2900            30                                   
Sigal                      2800            30                                   
Guy                        2600            30                                   
Karen                      2500            30                                   
Matthew                    8000            50                                   
Adam                       8200            50                                   
Payam                      7900            50                                   
Shanta                     6500            50                                   

FIRST_NAME               SALARY DEPARTMENT_ID                                   
-------------------- ---------- -------------                                   
Kevin                      5800            50                                   
Julia                      3200            50                                   
Irene                      2700            50                                   
James                      2400            50                                   
Steven                     2200            50                                   
Laura                      3300            50                                   
Mozhe                      2800            50                                   
James                      2500            50                                   
TJ                         2100            50                                   
Jason                      3300            50                                   
Michael                    2900            50                                   

FIRST_NAME               SALARY DEPARTMENT_ID                                   
-------------------- ---------- -------------                                   
Ki                         2400            50                                   
Hazel                      2200            50                                   
Renske                     3600            50                                   
Stephen                    3200            50                                   
John                       2700            50                                   
Joshua                     2500            50                                   
Trenna                     3500            50                                   
Curtis                     3100            50                                   
Randall                    2600            50                                   
Peter                      2500            50                                   
John                      14000            80                                   

FIRST_NAME               SALARY DEPARTMENT_ID                                   
-------------------- ---------- -------------                                   
Karen                     13500            80                                   
Alberto                   12000            80                                   
Gerald                    11000            80                                   
Eleni                     10500            80                                   
Peter                     10000            80                                   
David                      9500            80                                   
Peter                      9000            80                                   
Christopher                8000            80                                   
Nanette                    7500            80                                   
Oliver                     7000            80                                   
Janette                   10000            80                                   

FIRST_NAME               SALARY DEPARTMENT_ID                                   
-------------------- ---------- -------------                                   
Patrick                    9500            80                                   
Allan                      9000            80                                   
Lindsey                    8000            80                                   
Louise                     7500            80                                   
Sarath                     7000            80                                   
Clara                     10500            80                                   
Danielle                   9500            80                                   
Mattea                     7200            80                                   
David                      6800            80                                   
Sundar                     6400            80                                   
Amit                       6200            80                                   

FIRST_NAME               SALARY DEPARTMENT_ID                                   
-------------------- ---------- -------------                                   
Lisa                      11500            80                                   
Harrison                  10000            80                                   
Tayler                     9600            80                                   
William                    7400            80                                   
Elizabeth                  7300            80                                   
Sundita                    6100            80                                   
Ellen                     11000            80                                   
Alyssa                     8800            80                                   
Jonathon                   8600            80                                   
Jack                       8400            80                                   
Kimberely                  7000                                                 

FIRST_NAME               SALARY DEPARTMENT_ID                                   
-------------------- ---------- -------------                                   
Charles                    6200            80                                   
Winston                    3200            50                                   
Jean                       3100            50                                   
Martha                     2500            50                                   
Girard                     2800            50                                   
Nandita                    4200            50                                   
Alexis                     4100            50                                   
Julia                      3400            50                                   
Anthony                    3000            50                                   
Kelly                      3800            50                                   
Jennifer                   3600            50                                   

FIRST_NAME               SALARY DEPARTMENT_ID                                   
-------------------- ---------- -------------                                   
Timothy                    2900            50                                   
Randall                    2500            50                                   
Sarah                      4000            50                                   
Britney                    3900            50                                   
Samuel                     3200            50                                   
Vance                      2800            50                                   
Alana                      3100            50                                   
Kevin                      3000            50                                   

107 rows selected.

SQL> select first_name,salary,department_id from employees where salary != any(4000,5000,6000);

FIRST_NAME               SALARY DEPARTMENT_ID                                   
-------------------- ---------- -------------                                   
Donald                     2600            50                                   
Douglas                    2600            50                                   
Jennifer                   4400            10                                   
Michael                   13000            20                                   
Pat                        6000            20                                   
Susan                      6500            40                                   
Hermann                   10000            70                                   
Shelley                   12008           110                                   
William                    8300           110                                   
Steven                    24000            90                                   
Neena                     17000            90                                   

FIRST_NAME               SALARY DEPARTMENT_ID                                   
-------------------- ---------- -------------                                   
Lex                       17000            90                                   
Alexander                  9000            60                                   
Bruce                      6000            60                                   
David                      4800            60                                   
Valli                      4800            60                                   
Diana                      4200            60                                   
Nancy                     12008           100                                   
Daniel                     9000           100                                   
John                       8200           100                                   
Ismael                     7700           100                                   
Jose Manuel                7800           100                                   

FIRST_NAME               SALARY DEPARTMENT_ID                                   
-------------------- ---------- -------------                                   
Luis                       6900           100                                   
Den                       11000            30                                   
Alexander                  3100            30                                   
Shelli                     2900            30                                   
Sigal                      2800            30                                   
Guy                        2600            30                                   
Karen                      2500            30                                   
Matthew                    8000            50                                   
Adam                       8200            50                                   
Payam                      7900            50                                   
Shanta                     6500            50                                   

FIRST_NAME               SALARY DEPARTMENT_ID                                   
-------------------- ---------- -------------                                   
Kevin                      5800            50                                   
Julia                      3200            50                                   
Irene                      2700            50                                   
James                      2400            50                                   
Steven                     2200            50                                   
Laura                      3300            50                                   
Mozhe                      2800            50                                   
James                      2500            50                                   
TJ                         2100            50                                   
Jason                      3300            50                                   
Michael                    2900            50                                   

FIRST_NAME               SALARY DEPARTMENT_ID                                   
-------------------- ---------- -------------                                   
Ki                         2400            50                                   
Hazel                      2200            50                                   
Renske                     3600            50                                   
Stephen                    3200            50                                   
John                       2700            50                                   
Joshua                     2500            50                                   
Trenna                     3500            50                                   
Curtis                     3100            50                                   
Randall                    2600            50                                   
Peter                      2500            50                                   
John                      14000            80                                   

FIRST_NAME               SALARY DEPARTMENT_ID                                   
-------------------- ---------- -------------                                   
Karen                     13500            80                                   
Alberto                   12000            80                                   
Gerald                    11000            80                                   
Eleni                     10500            80                                   
Peter                     10000            80                                   
David                      9500            80                                   
Peter                      9000            80                                   
Christopher                8000            80                                   
Nanette                    7500            80                                   
Oliver                     7000            80                                   
Janette                   10000            80                                   

FIRST_NAME               SALARY DEPARTMENT_ID                                   
-------------------- ---------- -------------                                   
Patrick                    9500            80                                   
Allan                      9000            80                                   
Lindsey                    8000            80                                   
Louise                     7500            80                                   
Sarath                     7000            80                                   
Clara                     10500            80                                   
Danielle                   9500            80                                   
Mattea                     7200            80                                   
David                      6800            80                                   
Sundar                     6400            80                                   
Amit                       6200            80                                   

FIRST_NAME               SALARY DEPARTMENT_ID                                   
-------------------- ---------- -------------                                   
Lisa                      11500            80                                   
Harrison                  10000            80                                   
Tayler                     9600            80                                   
William                    7400            80                                   
Elizabeth                  7300            80                                   
Sundita                    6100            80                                   
Ellen                     11000            80                                   
Alyssa                     8800            80                                   
Jonathon                   8600            80                                   
Jack                       8400            80                                   
Kimberely                  7000                                                 

FIRST_NAME               SALARY DEPARTMENT_ID                                   
-------------------- ---------- -------------                                   
Charles                    6200            80                                   
Winston                    3200            50                                   
Jean                       3100            50                                   
Martha                     2500            50                                   
Girard                     2800            50                                   
Nandita                    4200            50                                   
Alexis                     4100            50                                   
Julia                      3400            50                                   
Anthony                    3000            50                                   
Kelly                      3800            50                                   
Jennifer                   3600            50                                   

FIRST_NAME               SALARY DEPARTMENT_ID                                   
-------------------- ---------- -------------                                   
Timothy                    2900            50                                   
Randall                    2500            50                                   
Sarah                      4000            50                                   
Britney                    3900            50                                   
Samuel                     3200            50                                   
Vance                      2800            50                                   
Alana                      3100            50                                   
Kevin                      3000            50                                   

107 rows selected.

SQL> select first_name,salary,department_id from employees where salary betwwen 5000 and 10000 order by 2;
select first_name,salary,department_id from employees where salary betwwen 5000 and 10000 order by 2
                                                                   *
ERROR at line 1:
ORA-00920: invalid relational operator 


SQL> select first_name,salary,department_id from employees where salary between 5000 and 10000 order by 2;

FIRST_NAME               SALARY DEPARTMENT_ID                                   
-------------------- ---------- -------------                                   
Kevin                      5800            50                                   
Pat                        6000            20                                   
Bruce                      6000            60                                   
Sundita                    6100            80                                   
Amit                       6200            80                                   
Charles                    6200            80                                   
Sundar                     6400            80                                   
Susan                      6500            40                                   
Shanta                     6500            50                                   
David                      6800            80                                   
Luis                       6900           100                                   

FIRST_NAME               SALARY DEPARTMENT_ID                                   
-------------------- ---------- -------------                                   
Oliver                     7000            80                                   
Kimberely                  7000                                                 
Sarath                     7000            80                                   
Mattea                     7200            80                                   
Elizabeth                  7300            80                                   
William                    7400            80                                   
Louise                     7500            80                                   
Nanette                    7500            80                                   
Ismael                     7700           100                                   
Jose Manuel                7800           100                                   
Payam                      7900            50                                   

FIRST_NAME               SALARY DEPARTMENT_ID                                   
-------------------- ---------- -------------                                   
Matthew                    8000            50                                   
Lindsey                    8000            80                                   
Christopher                8000            80                                   
John                       8200           100                                   
Adam                       8200            50                                   
William                    8300           110                                   
Jack                       8400            80                                   
Jonathon                   8600            80                                   
Alyssa                     8800            80                                   
Alexander                  9000            60                                   
Allan                      9000            80                                   

FIRST_NAME               SALARY DEPARTMENT_ID                                   
-------------------- ---------- -------------                                   
Peter                      9000            80                                   
Daniel                     9000           100                                   
Patrick                    9500            80                                   
David                      9500            80                                   
Danielle                   9500            80                                   
Tayler                     9600            80                                   
Janette                   10000            80                                   
Harrison                  10000            80                                   
Peter                     10000            80                                   
Hermann                   10000            70                                   

43 rows selected.

SQL> select first_name,salary,department_id from employees where salary not between 5000 and 10000 order by 2;

FIRST_NAME               SALARY DEPARTMENT_ID                                   
-------------------- ---------- -------------                                   
TJ                         2100            50                                   
Steven                     2200            50                                   
Hazel                      2200            50                                   
Ki                         2400            50                                   
James                      2400            50                                   
James                      2500            50                                   
Joshua                     2500            50                                   
Karen                      2500            30                                   
Martha                     2500            50                                   
Peter                      2500            50                                   
Randall                    2500            50                                   

FIRST_NAME               SALARY DEPARTMENT_ID                                   
-------------------- ---------- -------------                                   
Randall                    2600            50                                   
Douglas                    2600            50                                   
Guy                        2600            30                                   
Donald                     2600            50                                   
Irene                      2700            50                                   
John                       2700            50                                   
Vance                      2800            50                                   
Sigal                      2800            30                                   
Girard                     2800            50                                   
Mozhe                      2800            50                                   
Michael                    2900            50                                   

FIRST_NAME               SALARY DEPARTMENT_ID                                   
-------------------- ---------- -------------                                   
Timothy                    2900            50                                   
Shelli                     2900            30                                   
Anthony                    3000            50                                   
Kevin                      3000            50                                   
Alexander                  3100            30                                   
Alana                      3100            50                                   
Jean                       3100            50                                   
Curtis                     3100            50                                   
Stephen                    3200            50                                   
Julia                      3200            50                                   
Samuel                     3200            50                                   

FIRST_NAME               SALARY DEPARTMENT_ID                                   
-------------------- ---------- -------------                                   
Winston                    3200            50                                   
Jason                      3300            50                                   
Laura                      3300            50                                   
Julia                      3400            50                                   
Trenna                     3500            50                                   
Jennifer                   3600            50                                   
Renske                     3600            50                                   
Kelly                      3800            50                                   
Britney                    3900            50                                   
Sarah                      4000            50                                   
Alexis                     4100            50                                   

FIRST_NAME               SALARY DEPARTMENT_ID                                   
-------------------- ---------- -------------                                   
Diana                      4200            60                                   
Nandita                    4200            50                                   
Jennifer                   4400            10                                   
Valli                      4800            60                                   
David                      4800            60                                   
Clara                     10500            80                                   
Eleni                     10500            80                                   
Ellen                     11000            80                                   
Den                       11000            30                                   
Gerald                    11000            80                                   
Lisa                      11500            80                                   

FIRST_NAME               SALARY DEPARTMENT_ID                                   
-------------------- ---------- -------------                                   
Alberto                   12000            80                                   
Nancy                     12008           100                                   
Shelley                   12008           110                                   
Michael                   13000            20                                   
Karen                     13500            80                                   
John                      14000            80                                   
Neena                     17000            90                                   
Lex                       17000            90                                   
Steven                    24000            90                                   

64 rows selected.

SQL> select first_name,salary,department_id from employees where first_name='A%';

no rows selected

SQL> select first_name,salary,department_id from employees where first_name like 'A%';

FIRST_NAME               SALARY DEPARTMENT_ID                                   
-------------------- ---------- -------------                                   
Alexander                  9000            60                                   
Alexander                  3100            30                                   
Adam                       8200            50                                   
Alberto                   12000            80                                   
Allan                      9000            80                                   
Amit                       6200            80                                   
Alyssa                     8800            80                                   
Alexis                     4100            50                                   
Anthony                    3000            50                                   
Alana                      3100            50                                   

10 rows selected.

SQL> select first_name,salary,department_id from employees where first_name like '%A';

no rows selected

SQL> select first_name,salary,department_id from employees where first_name like '%a';

FIRST_NAME               SALARY DEPARTMENT_ID                                   
-------------------- ---------- -------------                                   
Neena                     17000            90                                   
Diana                      4200            60                                   
Shanta                     6500            50                                   
Julia                      3200            50                                   
Laura                      3300            50                                   
Joshua                     2500            50                                   
Trenna                     3500            50                                   
Clara                     10500            80                                   
Mattea                     7200            80                                   
Lisa                      11500            80                                   
Sundita                    6100            80                                   

FIRST_NAME               SALARY DEPARTMENT_ID                                   
-------------------- ---------- -------------                                   
Alyssa                     8800            80                                   
Martha                     2500            50                                   
Nandita                    4200            50                                   
Julia                      3400            50                                   
Alana                      3100            50                                   

16 rows selected.

SQL> select first_name,salary,department_id from employees where first_name like '%o%';

FIRST_NAME               SALARY DEPARTMENT_ID                                   
-------------------- ---------- -------------                                   
Donald                     2600            50                                   
Douglas                    2600            50                                   
John                       8200           100                                   
Jose Manuel                7800           100                                   
Mozhe                      2800            50                                   
Jason                      3300            50                                   
John                       2700            50                                   
Joshua                     2500            50                                   
John                      14000            80                                   
Alberto                   12000            80                                   
Christopher                8000            80                                   

FIRST_NAME               SALARY DEPARTMENT_ID                                   
-------------------- ---------- -------------                                   
Louise                     7500            80                                   
Harrison                  10000            80                                   
Jonathon                   8600            80                                   
Winston                    3200            50                                   
Anthony                    3000            50                                   
Timothy                    2900            50                                   

17 rows selected.

SQL> select first_name,salary,department_id from employees where first_name like '_o%';

FIRST_NAME               SALARY DEPARTMENT_ID                                   
-------------------- ---------- -------------                                   
Donald                     2600            50                                   
Douglas                    2600            50                                   
John                       8200           100                                   
Jose Manuel                7800           100                                   
Mozhe                      2800            50                                   
John                       2700            50                                   
Joshua                     2500            50                                   
John                      14000            80                                   
Louise                     7500            80                                   
Jonathon                   8600            80                                   

10 rows selected.

SQL> select first_name,salary,department_id from employees where first_name like '__o%';

no rows selected

SQL> select first_name,salary,department_id from employees where first_name like '__n%';

FIRST_NAME               SALARY DEPARTMENT_ID                                   
-------------------- ---------- -------------                                   
Donald                     2600            50                                   
Jennifer                   4400            10                                   
Nancy                     12008           100                                   
Daniel                     9000           100                                   
Den                       11000            30                                   
Renske                     3600            50                                   
Randall                    2600            50                                   
Nanette                    7500            80                                   
Janette                   10000            80                                   
Lindsey                    8000            80                                   
Danielle                   9500            80                                   

FIRST_NAME               SALARY DEPARTMENT_ID                                   
-------------------- ---------- -------------                                   
Sundar                     6400            80                                   
Sundita                    6100            80                                   
Jonathon                   8600            80                                   
Winston                    3200            50                                   
Nandita                    4200            50                                   
Jennifer                   3600            50                                   
Randall                    2500            50                                   
Vance                      2800            50                                   

19 rows selected.

SQL> select first_name,salary,department_id from employees where first_name like '%on';

FIRST_NAME               SALARY DEPARTMENT_ID                                   
-------------------- ---------- -------------                                   
Jason                      3300            50                                   
Harrison                  10000            80                                   
Jonathon                   8600            80                                   
Winston                    3200            50                                   

SQL> select first_name,salary,department_id from employees where first_name like '%o_';

FIRST_NAME               SALARY DEPARTMENT_ID                                   
-------------------- ---------- -------------                                   
Jason                      3300            50                                   
Harrison                  10000            80                                   
Jonathon                   8600            80                                   
Winston                    3200            50                                   

SQL> set lines 180
SQL> set pages 180
SQL> select first_name,salary,department_id from employees where first_name like '%o_';

FIRST_NAME               SALARY DEPARTMENT_ID                                                                                                                                       
-------------------- ---------- -------------                                                                                                                                       
Jason                      3300            50                                                                                                                                       
Harrison                  10000            80                                                                                                                                       
Jonathon                   8600            80                                                                                                                                       
Winston                    3200            50                                                                                                                                       

SQL> set lines 2
SQL> select first_name,salary,department_id from employees where first_name like '%o_';
SP2-0253: data item 2 ("SALARY") will not fit on line
SQL> set lines 180
SQL> select first_name,salary from employees;

FIRST_NAME               SALARY                                                                                                                                                     
-------------------- ----------                                                                                                                                                     
Donald                     2600                                                                                                                                                     
Douglas                    2600                                                                                                                                                     
Jennifer                   4400                                                                                                                                                     
Michael                   13000                                                                                                                                                     
Pat                        6000                                                                                                                                                     
Susan                      6500                                                                                                                                                     
Hermann                   10000                                                                                                                                                     
Shelley                   12008                                                                                                                                                     
William                    8300                                                                                                                                                     
Steven                    24000                                                                                                                                                     
Neena                     17000                                                                                                                                                     
Lex                       17000                                                                                                                                                     
Alexander                  9000                                                                                                                                                     
Bruce                      6000                                                                                                                                                     
David                      4800                                                                                                                                                     
Valli                      4800                                                                                                                                                     
Diana                      4200                                                                                                                                                     
Nancy                     12008                                                                                                                                                     
Daniel                     9000                                                                                                                                                     
John                       8200                                                                                                                                                     
Ismael                     7700                                                                                                                                                     
Jose Manuel                7800                                                                                                                                                     
Luis                       6900                                                                                                                                                     
Den                       11000                                                                                                                                                     
Alexander                  3100                                                                                                                                                     
Shelli                     2900                                                                                                                                                     
Sigal                      2800                                                                                                                                                     
Guy                        2600                                                                                                                                                     
Karen                      2500                                                                                                                                                     
Matthew                    8000                                                                                                                                                     
Adam                       8200                                                                                                                                                     
Payam                      7900                                                                                                                                                     
Shanta                     6500                                                                                                                                                     
Kevin                      5800                                                                                                                                                     
Julia                      3200                                                                                                                                                     
Irene                      2700                                                                                                                                                     
James                      2400                                                                                                                                                     
Steven                     2200                                                                                                                                                     
Laura                      3300                                                                                                                                                     
Mozhe                      2800                                                                                                                                                     
James                      2500                                                                                                                                                     
TJ                         2100                                                                                                                                                     
Jason                      3300                                                                                                                                                     
Michael                    2900                                                                                                                                                     
Ki                         2400                                                                                                                                                     
Hazel                      2200                                                                                                                                                     
Renske                     3600                                                                                                                                                     
Stephen                    3200                                                                                                                                                     
John                       2700                                                                                                                                                     
Joshua                     2500                                                                                                                                                     
Trenna                     3500                                                                                                                                                     
Curtis                     3100                                                                                                                                                     
Randall                    2600                                                                                                                                                     
Peter                      2500                                                                                                                                                     
John                      14000                                                                                                                                                     
Karen                     13500                                                                                                                                                     
Alberto                   12000                                                                                                                                                     
Gerald                    11000                                                                                                                                                     
Eleni                     10500                                                                                                                                                     
Peter                     10000                                                                                                                                                     
David                      9500                                                                                                                                                     
Peter                      9000                                                                                                                                                     
Christopher                8000                                                                                                                                                     
Nanette                    7500                                                                                                                                                     
Oliver                     7000                                                                                                                                                     
Janette                   10000                                                                                                                                                     
Patrick                    9500                                                                                                                                                     
Allan                      9000                                                                                                                                                     
Lindsey                    8000                                                                                                                                                     
Louise                     7500                                                                                                                                                     
Sarath                     7000                                                                                                                                                     
Clara                     10500                                                                                                                                                     
Danielle                   9500                                                                                                                                                     
Mattea                     7200                                                                                                                                                     
David                      6800                                                                                                                                                     
Sundar                     6400                                                                                                                                                     
Amit                       6200                                                                                                                                                     
Lisa                      11500                                                                                                                                                     
Harrison                  10000                                                                                                                                                     
Tayler                     9600                                                                                                                                                     
William                    7400                                                                                                                                                     
Elizabeth                  7300                                                                                                                                                     
Sundita                    6100                                                                                                                                                     
Ellen                     11000                                                                                                                                                     
Alyssa                     8800                                                                                                                                                     
Jonathon                   8600                                                                                                                                                     
Jack                       8400                                                                                                                                                     
Kimberely                  7000                                                                                                                                                     
Charles                    6200                                                                                                                                                     
Winston                    3200                                                                                                                                                     
Jean                       3100                                                                                                                                                     
Martha                     2500                                                                                                                                                     
Girard                     2800                                                                                                                                                     
Nandita                    4200                                                                                                                                                     
Alexis                     4100                                                                                                                                                     
Julia                      3400                                                                                                                                                     
Anthony                    3000                                                                                                                                                     
Kelly                      3800                                                                                                                                                     
Jennifer                   3600                                                                                                                                                     
Timothy                    2900                                                                                                                                                     
Randall                    2500                                                                                                                                                     
Sarah                      4000                                                                                                                                                     
Britney                    3900                                                                                                                                                     
Samuel                     3200                                                                                                                                                     
Vance                      2800                                                                                                                                                     
Alana                      3100                                                                                                                                                     
Kevin                      3000                                                                                                                                                     

107 rows selected.

SQL> desc employees
 Name                                                                                                  Null?    Type
 ----------------------------------------------------------------------------------------------------- -------- --------------------------------------------------------------------
 EMPLOYEE_ID                                                                                           NOT NULL NUMBER(6)
 FIRST_NAME                                                                                                     VARCHAR2(20)
 LAST_NAME                                                                                             NOT NULL VARCHAR2(25)
 EMAIL                                                                                                 NOT NULL VARCHAR2(25)
 PHONE_NUMBER                                                                                                   VARCHAR2(20)
 HIRE_DATE                                                                                             NOT NULL DATE
 JOB_ID                                                                                                NOT NULL VARCHAR2(10)
 SALARY                                                                                                         NUMBER(8,2)
 COMMISSION_PCT                                                                                                 NUMBER(2,2)
 MANAGER_ID                                                                                                     NUMBER(6)
 DEPARTMENT_ID                                                                                                  NUMBER(4)

SQL> select first_name,hire_date from employees;

FIRST_NAME           HIRE_DATE                                                                                                                                                      
-------------------- ---------                                                                                                                                                      
Donald               21-JUN-07                                                                                                                                                      
Douglas              13-JAN-08                                                                                                                                                      
Jennifer             17-SEP-03                                                                                                                                                      
Michael              17-FEB-04                                                                                                                                                      
Pat                  17-AUG-05                                                                                                                                                      
Susan                07-JUN-02                                                                                                                                                      
Hermann              07-JUN-02                                                                                                                                                      
Shelley              07-JUN-02                                                                                                                                                      
William              07-JUN-02                                                                                                                                                      
Steven               17-JUN-03                                                                                                                                                      
Neena                21-SEP-05                                                                                                                                                      
Lex                  13-JAN-01                                                                                                                                                      
Alexander            03-JAN-06                                                                                                                                                      
Bruce                21-MAY-07                                                                                                                                                      
David                25-JUN-05                                                                                                                                                      
Valli                05-FEB-06                                                                                                                                                      
Diana                07-FEB-07                                                                                                                                                      
Nancy                17-AUG-02                                                                                                                                                      
Daniel               16-AUG-02                                                                                                                                                      
John                 28-SEP-05                                                                                                                                                      
Ismael               30-SEP-05                                                                                                                                                      
Jose Manuel          07-MAR-06                                                                                                                                                      
Luis                 07-DEC-07                                                                                                                                                      
Den                  07-DEC-02                                                                                                                                                      
Alexander            18-MAY-03                                                                                                                                                      
Shelli               24-DEC-05                                                                                                                                                      
Sigal                24-JUL-05                                                                                                                                                      
Guy                  15-NOV-06                                                                                                                                                      
Karen                10-AUG-07                                                                                                                                                      
Matthew              18-JUL-04                                                                                                                                                      
Adam                 10-APR-05                                                                                                                                                      
Payam                01-MAY-03                                                                                                                                                      
Shanta               10-OCT-05                                                                                                                                                      
Kevin                16-NOV-07                                                                                                                                                      
Julia                16-JUL-05                                                                                                                                                      
Irene                28-SEP-06                                                                                                                                                      
James                14-JAN-07                                                                                                                                                      
Steven               08-MAR-08                                                                                                                                                      
Laura                20-AUG-05                                                                                                                                                      
Mozhe                30-OCT-05                                                                                                                                                      
James                16-FEB-05                                                                                                                                                      
TJ                   10-APR-07                                                                                                                                                      
Jason                14-JUN-04                                                                                                                                                      
Michael              26-AUG-06                                                                                                                                                      
Ki                   12-DEC-07                                                                                                                                                      
Hazel                06-FEB-08                                                                                                                                                      
Renske               14-JUL-03                                                                                                                                                      
Stephen              26-OCT-05                                                                                                                                                      
John                 12-FEB-06                                                                                                                                                      
Joshua               06-APR-06                                                                                                                                                      
Trenna               17-OCT-03                                                                                                                                                      
Curtis               29-JAN-05                                                                                                                                                      
Randall              15-MAR-06                                                                                                                                                      
Peter                09-JUL-06                                                                                                                                                      
John                 01-OCT-04                                                                                                                                                      
Karen                05-JAN-05                                                                                                                                                      
Alberto              10-MAR-05                                                                                                                                                      
Gerald               15-OCT-07                                                                                                                                                      
Eleni                29-JAN-08                                                                                                                                                      
Peter                30-JAN-05                                                                                                                                                      
David                24-MAR-05                                                                                                                                                      
Peter                20-AUG-05                                                                                                                                                      
Christopher          30-MAR-06                                                                                                                                                      
Nanette              09-DEC-06                                                                                                                                                      
Oliver               23-NOV-07                                                                                                                                                      
Janette              30-JAN-04                                                                                                                                                      
Patrick              04-MAR-04                                                                                                                                                      
Allan                01-AUG-04                                                                                                                                                      
Lindsey              10-MAR-05                                                                                                                                                      
Louise               15-DEC-05                                                                                                                                                      
Sarath               03-NOV-06                                                                                                                                                      
Clara                11-NOV-05                                                                                                                                                      
Danielle             19-MAR-07                                                                                                                                                      
Mattea               24-JAN-08                                                                                                                                                      
David                23-FEB-08                                                                                                                                                      
Sundar               24-MAR-08                                                                                                                                                      
Amit                 21-APR-08                                                                                                                                                      
Lisa                 11-MAR-05                                                                                                                                                      
Harrison             23-MAR-06                                                                                                                                                      
Tayler               24-JAN-06                                                                                                                                                      
William              23-FEB-07                                                                                                                                                      
Elizabeth            24-MAR-07                                                                                                                                                      
Sundita              21-APR-08                                                                                                                                                      
Ellen                11-MAY-04                                                                                                                                                      
Alyssa               19-MAR-05                                                                                                                                                      
Jonathon             24-MAR-06                                                                                                                                                      
Jack                 23-APR-06                                                                                                                                                      
Kimberely            24-MAY-07                                                                                                                                                      
Charles              04-JAN-08                                                                                                                                                      
Winston              24-JAN-06                                                                                                                                                      
Jean                 23-FEB-06                                                                                                                                                      
Martha               21-JUN-07                                                                                                                                                      
Girard               03-FEB-08                                                                                                                                                      
Nandita              27-JAN-04                                                                                                                                                      
Alexis               20-FEB-05                                                                                                                                                      
Julia                24-JUN-06                                                                                                                                                      
Anthony              07-FEB-07                                                                                                                                                      
Kelly                14-JUN-05                                                                                                                                                      
Jennifer             13-AUG-05                                                                                                                                                      
Timothy              11-JUL-06                                                                                                                                                      
Randall              19-DEC-07                                                                                                                                                      
Sarah                04-FEB-04                                                                                                                                                      
Britney              03-MAR-05                                                                                                                                                      
Samuel               01-JUL-06                                                                                                                                                      
Vance                17-MAR-07                                                                                                                                                      
Alana                24-APR-06                                                                                                                                                      
Kevin                23-MAY-06                                                                                                                                                      

107 rows selected.

SQL> select first_name,hire_date from employees where hire_date like '___JAN%';

FIRST_NAME           HIRE_DATE                                                                                                                                                      
-------------------- ---------                                                                                                                                                      
Douglas              13-JAN-08                                                                                                                                                      
Lex                  13-JAN-01                                                                                                                                                      
Alexander            03-JAN-06                                                                                                                                                      
James                14-JAN-07                                                                                                                                                      
Curtis               29-JAN-05                                                                                                                                                      
Karen                05-JAN-05                                                                                                                                                      
Eleni                29-JAN-08                                                                                                                                                      
Peter                30-JAN-05                                                                                                                                                      
Janette              30-JAN-04                                                                                                                                                      
Mattea               24-JAN-08                                                                                                                                                      
Tayler               24-JAN-06                                                                                                                                                      
Charles              04-JAN-08                                                                                                                                                      
Winston              24-JAN-06                                                                                                                                                      
Nandita              27-JAN-04                                                                                                                                                      

14 rows selected.

SQL> select first_name,hire_date from employees where hire_date like '___jan%';

no rows selected

SQL> rem Data is case sensitive
SQL> 
SQL> 
SQL> 
SQL> 
SQL> select first_name,hire_date from employees where hire_date like in ('___JAN%','___FEB%','___MAR%');
select first_name,hire_date from employees where hire_date like in ('___JAN%','___FEB%','___MAR%')
                                                                *
ERROR at line 1:
ORA-00936: missing expression 


SQL> select first_name,hire_date from employees where hire_date like any ('___JAN%','___FEB%','___MAR%');
select first_name,hire_date from employees where hire_date like any ('___JAN%','___FEB%','___MAR%')
                                                                *
ERROR at line 1:
ORA-00936: missing expression 


SQL> select first_name,hire_date from employees where hire_date in like ('___JAN%','___FEB%','___MAR%');
select first_name,hire_date from employees where hire_date in like ('___JAN%','___FEB%','___MAR%')
                                                              *
ERROR at line 1:
ORA-00936: missing expression 


SQL> select first_name,hire_date from employees where hire_date not like '___JAN%';

FIRST_NAME           HIRE_DATE                                                                                                                                                      
-------------------- ---------                                                                                                                                                      
Donald               21-JUN-07                                                                                                                                                      
Jennifer             17-SEP-03                                                                                                                                                      
Michael              17-FEB-04                                                                                                                                                      
Pat                  17-AUG-05                                                                                                                                                      
Susan                07-JUN-02                                                                                                                                                      
Hermann              07-JUN-02                                                                                                                                                      
Shelley              07-JUN-02                                                                                                                                                      
William              07-JUN-02                                                                                                                                                      
Steven               17-JUN-03                                                                                                                                                      
Neena                21-SEP-05                                                                                                                                                      
Bruce                21-MAY-07                                                                                                                                                      
David                25-JUN-05                                                                                                                                                      
Valli                05-FEB-06                                                                                                                                                      
Diana                07-FEB-07                                                                                                                                                      
Nancy                17-AUG-02                                                                                                                                                      
Daniel               16-AUG-02                                                                                                                                                      
John                 28-SEP-05                                                                                                                                                      
Ismael               30-SEP-05                                                                                                                                                      
Jose Manuel          07-MAR-06                                                                                                                                                      
Luis                 07-DEC-07                                                                                                                                                      
Den                  07-DEC-02                                                                                                                                                      
Alexander            18-MAY-03                                                                                                                                                      
Shelli               24-DEC-05                                                                                                                                                      
Sigal                24-JUL-05                                                                                                                                                      
Guy                  15-NOV-06                                                                                                                                                      
Karen                10-AUG-07                                                                                                                                                      
Matthew              18-JUL-04                                                                                                                                                      
Adam                 10-APR-05                                                                                                                                                      
Payam                01-MAY-03                                                                                                                                                      
Shanta               10-OCT-05                                                                                                                                                      
Kevin                16-NOV-07                                                                                                                                                      
Julia                16-JUL-05                                                                                                                                                      
Irene                28-SEP-06                                                                                                                                                      
Steven               08-MAR-08                                                                                                                                                      
Laura                20-AUG-05                                                                                                                                                      
Mozhe                30-OCT-05                                                                                                                                                      
James                16-FEB-05                                                                                                                                                      
TJ                   10-APR-07                                                                                                                                                      
Jason                14-JUN-04                                                                                                                                                      
Michael              26-AUG-06                                                                                                                                                      
Ki                   12-DEC-07                                                                                                                                                      
Hazel                06-FEB-08                                                                                                                                                      
Renske               14-JUL-03                                                                                                                                                      
Stephen              26-OCT-05                                                                                                                                                      
John                 12-FEB-06                                                                                                                                                      
Joshua               06-APR-06                                                                                                                                                      
Trenna               17-OCT-03                                                                                                                                                      
Randall              15-MAR-06                                                                                                                                                      
Peter                09-JUL-06                                                                                                                                                      
John                 01-OCT-04                                                                                                                                                      
Alberto              10-MAR-05                                                                                                                                                      
Gerald               15-OCT-07                                                                                                                                                      
David                24-MAR-05                                                                                                                                                      
Peter                20-AUG-05                                                                                                                                                      
Christopher          30-MAR-06                                                                                                                                                      
Nanette              09-DEC-06                                                                                                                                                      
Oliver               23-NOV-07                                                                                                                                                      
Patrick              04-MAR-04                                                                                                                                                      
Allan                01-AUG-04                                                                                                                                                      
Lindsey              10-MAR-05                                                                                                                                                      
Louise               15-DEC-05                                                                                                                                                      
Sarath               03-NOV-06                                                                                                                                                      
Clara                11-NOV-05                                                                                                                                                      
Danielle             19-MAR-07                                                                                                                                                      
David                23-FEB-08                                                                                                                                                      
Sundar               24-MAR-08                                                                                                                                                      
Amit                 21-APR-08                                                                                                                                                      
Lisa                 11-MAR-05                                                                                                                                                      
Harrison             23-MAR-06                                                                                                                                                      
William              23-FEB-07                                                                                                                                                      
Elizabeth            24-MAR-07                                                                                                                                                      
Sundita              21-APR-08                                                                                                                                                      
Ellen                11-MAY-04                                                                                                                                                      
Alyssa               19-MAR-05                                                                                                                                                      
Jonathon             24-MAR-06                                                                                                                                                      
Jack                 23-APR-06                                                                                                                                                      
Kimberely            24-MAY-07                                                                                                                                                      
Jean                 23-FEB-06                                                                                                                                                      
Martha               21-JUN-07                                                                                                                                                      
Girard               03-FEB-08                                                                                                                                                      
Alexis               20-FEB-05                                                                                                                                                      
Julia                24-JUN-06                                                                                                                                                      
Anthony              07-FEB-07                                                                                                                                                      
Kelly                14-JUN-05                                                                                                                                                      
Jennifer             13-AUG-05                                                                                                                                                      
Timothy              11-JUL-06                                                                                                                                                      
Randall              19-DEC-07                                                                                                                                                      
Sarah                04-FEB-04                                                                                                                                                      
Britney              03-MAR-05                                                                                                                                                      
Samuel               01-JUL-06                                                                                                                                                      
Vance                17-MAR-07                                                                                                                                                      
Alana                24-APR-06                                                                                                                                                      
Kevin                23-MAY-06                                                                                                                                                      

93 rows selected.

SQL> cl scr

SQL> desc employees
 Name                                                                                                  Null?    Type
 ----------------------------------------------------------------------------------------------------- -------- --------------------------------------------------------------------
 EMPLOYEE_ID                                                                                           NOT NULL NUMBER(6)
 FIRST_NAME                                                                                                     VARCHAR2(20)
 LAST_NAME                                                                                             NOT NULL VARCHAR2(25)
 EMAIL                                                                                                 NOT NULL VARCHAR2(25)
 PHONE_NUMBER                                                                                                   VARCHAR2(20)
 HIRE_DATE                                                                                             NOT NULL DATE
 JOB_ID                                                                                                NOT NULL VARCHAR2(10)
 SALARY                                                                                                         NUMBER(8,2)
 COMMISSION_PCT                                                                                                 NUMBER(2,2)
 MANAGER_ID                                                                                                     NUMBER(6)
 DEPARTMENT_ID                                                                                                  NUMBER(4)

SQL> select first_name,commission_pct from employees;

FIRST_NAME           COMMISSION_PCT                                                                                                                                                 
-------------------- --------------                                                                                                                                                 
Donald                                                                                                                                                                              
Douglas                                                                                                                                                                             
Jennifer                                                                                                                                                                            
Michael                                                                                                                                                                             
Pat                                                                                                                                                                                 
Susan                                                                                                                                                                               
Hermann                                                                                                                                                                             
Shelley                                                                                                                                                                             
William                                                                                                                                                                             
Steven                                                                                                                                                                              
Neena                                                                                                                                                                               
Lex                                                                                                                                                                                 
Alexander                                                                                                                                                                           
Bruce                                                                                                                                                                               
David                                                                                                                                                                               
Valli                                                                                                                                                                               
Diana                                                                                                                                                                               
Nancy                                                                                                                                                                               
Daniel                                                                                                                                                                              
John                                                                                                                                                                                
Ismael                                                                                                                                                                              
Jose Manuel                                                                                                                                                                         
Luis                                                                                                                                                                                
Den                                                                                                                                                                                 
Alexander                                                                                                                                                                           
Shelli                                                                                                                                                                              
Sigal                                                                                                                                                                               
Guy                                                                                                                                                                                 
Karen                                                                                                                                                                               
Matthew                                                                                                                                                                             
Adam                                                                                                                                                                                
Payam                                                                                                                                                                               
Shanta                                                                                                                                                                              
Kevin                                                                                                                                                                               
Julia                                                                                                                                                                               
Irene                                                                                                                                                                               
James                                                                                                                                                                               
Steven                                                                                                                                                                              
Laura                                                                                                                                                                               
Mozhe                                                                                                                                                                               
James                                                                                                                                                                               
TJ                                                                                                                                                                                  
Jason                                                                                                                                                                               
Michael                                                                                                                                                                             
Ki                                                                                                                                                                                  
Hazel                                                                                                                                                                               
Renske                                                                                                                                                                              
Stephen                                                                                                                                                                             
John                                                                                                                                                                                
Joshua                                                                                                                                                                              
Trenna                                                                                                                                                                              
Curtis                                                                                                                                                                              
Randall                                                                                                                                                                             
Peter                                                                                                                                                                               
John                             .4                                                                                                                                                 
Karen                            .3                                                                                                                                                 
Alberto                          .3                                                                                                                                                 
Gerald                           .3                                                                                                                                                 
Eleni                            .2                                                                                                                                                 
Peter                            .3                                                                                                                                                 
David                           .25                                                                                                                                                 
Peter                           .25                                                                                                                                                 
Christopher                      .2                                                                                                                                                 
Nanette                          .2                                                                                                                                                 
Oliver                          .15                                                                                                                                                 
Janette                         .35                                                                                                                                                 
Patrick                         .35                                                                                                                                                 
Allan                           .35                                                                                                                                                 
Lindsey                          .3                                                                                                                                                 
Louise                           .3                                                                                                                                                 
Sarath                          .25                                                                                                                                                 
Clara                           .25                                                                                                                                                 
Danielle                        .15                                                                                                                                                 
Mattea                           .1                                                                                                                                                 
David                            .1                                                                                                                                                 
Sundar                           .1                                                                                                                                                 
Amit                             .1                                                                                                                                                 
Lisa                            .25                                                                                                                                                 
Harrison                         .2                                                                                                                                                 
Tayler                           .2                                                                                                                                                 
William                         .15                                                                                                                                                 
Elizabeth                       .15                                                                                                                                                 
Sundita                          .1                                                                                                                                                 
Ellen                            .3                                                                                                                                                 
Alyssa                          .25                                                                                                                                                 
Jonathon                         .2                                                                                                                                                 
Jack                             .2                                                                                                                                                 
Kimberely                       .15                                                                                                                                                 
Charles                          .1                                                                                                                                                 
Winston                                                                                                                                                                             
Jean                                                                                                                                                                                
Martha                                                                                                                                                                              
Girard                                                                                                                                                                              
Nandita                                                                                                                                                                             
Alexis                                                                                                                                                                              
Julia                                                                                                                                                                               
Anthony                                                                                                                                                                             
Kelly                                                                                                                                                                               
Jennifer                                                                                                                                                                            
Timothy                                                                                                                                                                             
Randall                                                                                                                                                                             
Sarah                                                                                                                                                                               
Britney                                                                                                                                                                             
Samuel                                                                                                                                                                              
Vance                                                                                                                                                                               
Alana                                                                                                                                                                               
Kevin                                                                                                                                                                               

107 rows selected.

SQL> select first_name,commission_pct from employees where commission_pct is null;

FIRST_NAME           COMMISSION_PCT                                                                                                                                                 
-------------------- --------------                                                                                                                                                 
Donald                                                                                                                                                                              
Douglas                                                                                                                                                                             
Jennifer                                                                                                                                                                            
Michael                                                                                                                                                                             
Pat                                                                                                                                                                                 
Susan                                                                                                                                                                               
Hermann                                                                                                                                                                             
Shelley                                                                                                                                                                             
William                                                                                                                                                                             
Steven                                                                                                                                                                              
Neena                                                                                                                                                                               
Lex                                                                                                                                                                                 
Alexander                                                                                                                                                                           
Bruce                                                                                                                                                                               
David                                                                                                                                                                               
Valli                                                                                                                                                                               
Diana                                                                                                                                                                               
Nancy                                                                                                                                                                               
Daniel                                                                                                                                                                              
John                                                                                                                                                                                
Ismael                                                                                                                                                                              
Jose Manuel                                                                                                                                                                         
Luis                                                                                                                                                                                
Den                                                                                                                                                                                 
Alexander                                                                                                                                                                           
Shelli                                                                                                                                                                              
Sigal                                                                                                                                                                               
Guy                                                                                                                                                                                 
Karen                                                                                                                                                                               
Matthew                                                                                                                                                                             
Adam                                                                                                                                                                                
Payam                                                                                                                                                                               
Shanta                                                                                                                                                                              
Kevin                                                                                                                                                                               
Julia                                                                                                                                                                               
Irene                                                                                                                                                                               
James                                                                                                                                                                               
Steven                                                                                                                                                                              
Laura                                                                                                                                                                               
Mozhe                                                                                                                                                                               
James                                                                                                                                                                               
TJ                                                                                                                                                                                  
Jason                                                                                                                                                                               
Michael                                                                                                                                                                             
Ki                                                                                                                                                                                  
Hazel                                                                                                                                                                               
Renske                                                                                                                                                                              
Stephen                                                                                                                                                                             
John                                                                                                                                                                                
Joshua                                                                                                                                                                              
Trenna                                                                                                                                                                              
Curtis                                                                                                                                                                              
Randall                                                                                                                                                                             
Peter                                                                                                                                                                               
Winston                                                                                                                                                                             
Jean                                                                                                                                                                                
Martha                                                                                                                                                                              
Girard                                                                                                                                                                              
Nandita                                                                                                                                                                             
Alexis                                                                                                                                                                              
Julia                                                                                                                                                                               
Anthony                                                                                                                                                                             
Kelly                                                                                                                                                                               
Jennifer                                                                                                                                                                            
Timothy                                                                                                                                                                             
Randall                                                                                                                                                                             
Sarah                                                                                                                                                                               
Britney                                                                                                                                                                             
Samuel                                                                                                                                                                              
Vance                                                                                                                                                                               
Alana                                                                                                                                                                               
Kevin                                                                                                                                                                               

72 rows selected.

SQL> select first_name,commission_pct from employees where commission_pct is not null;

FIRST_NAME           COMMISSION_PCT                                                                                                                                                 
-------------------- --------------                                                                                                                                                 
John                             .4                                                                                                                                                 
Karen                            .3                                                                                                                                                 
Alberto                          .3                                                                                                                                                 
Gerald                           .3                                                                                                                                                 
Eleni                            .2                                                                                                                                                 
Peter                            .3                                                                                                                                                 
David                           .25                                                                                                                                                 
Peter                           .25                                                                                                                                                 
Christopher                      .2                                                                                                                                                 
Nanette                          .2                                                                                                                                                 
Oliver                          .15                                                                                                                                                 
Janette                         .35                                                                                                                                                 
Patrick                         .35                                                                                                                                                 
Allan                           .35                                                                                                                                                 
Lindsey                          .3                                                                                                                                                 
Louise                           .3                                                                                                                                                 
Sarath                          .25                                                                                                                                                 
Clara                           .25                                                                                                                                                 
Danielle                        .15                                                                                                                                                 
Mattea                           .1                                                                                                                                                 
David                            .1                                                                                                                                                 
Sundar                           .1                                                                                                                                                 
Amit                             .1                                                                                                                                                 
Lisa                            .25                                                                                                                                                 
Harrison                         .2                                                                                                                                                 
Tayler                           .2                                                                                                                                                 
William                         .15                                                                                                                                                 
Elizabeth                       .15                                                                                                                                                 
Sundita                          .1                                                                                                                                                 
Ellen                            .3                                                                                                                                                 
Alyssa                          .25                                                                                                                                                 
Jonathon                         .2                                                                                                                                                 
Jack                             .2                                                                                                                                                 
Kimberely                       .15                                                                                                                                                 
Charles                          .1                                                                                                                                                 

35 rows selected.

SQL> select first_name || last_name "Full name" from employees;

Full name                                                                                                                                                                           
---------------------------------------------                                                                                                                                       
EllenAbel                                                                                                                                                                           
SundarAnde                                                                                                                                                                          
MozheAtkinson                                                                                                                                                                       
DavidAustin                                                                                                                                                                         
HermannBaer                                                                                                                                                                         
ShelliBaida                                                                                                                                                                         
AmitBanda                                                                                                                                                                           
ElizabethBates                                                                                                                                                                      
SarahBell                                                                                                                                                                           
DavidBernstein                                                                                                                                                                      
LauraBissot                                                                                                                                                                         
HarrisonBloom                                                                                                                                                                       
AlexisBull                                                                                                                                                                          
AnthonyCabrio                                                                                                                                                                       
GeraldCambrault                                                                                                                                                                     
NanetteCambrault                                                                                                                                                                    
JohnChen                                                                                                                                                                            
KellyChung                                                                                                                                                                          
KarenColmenares                                                                                                                                                                     
CurtisDavies                                                                                                                                                                        
LexDe Haan                                                                                                                                                                          
JuliaDellinger                                                                                                                                                                      
JenniferDilly                                                                                                                                                                       
LouiseDoran                                                                                                                                                                         
BruceErnst                                                                                                                                                                          
AlbertoErrazuriz                                                                                                                                                                    
BritneyEverett                                                                                                                                                                      
DanielFaviet                                                                                                                                                                        
PatFay                                                                                                                                                                              
KevinFeeney                                                                                                                                                                         
JeanFleaur                                                                                                                                                                          
TaylerFox                                                                                                                                                                           
AdamFripp                                                                                                                                                                           
TimothyGates                                                                                                                                                                        
KiGee                                                                                                                                                                               
GirardGeoni                                                                                                                                                                         
WilliamGietz                                                                                                                                                                        
DouglasGrant                                                                                                                                                                        
KimberelyGrant                                                                                                                                                                      
NancyGreenberg                                                                                                                                                                      
DanielleGreene                                                                                                                                                                      
PeterHall                                                                                                                                                                           
MichaelHartstein                                                                                                                                                                    
ShelleyHiggins                                                                                                                                                                      
GuyHimuro                                                                                                                                                                           
AlexanderHunold                                                                                                                                                                     
AlyssaHutton                                                                                                                                                                        
CharlesJohnson                                                                                                                                                                      
VanceJones                                                                                                                                                                          
PayamKaufling                                                                                                                                                                       
AlexanderKhoo                                                                                                                                                                       
JanetteKing                                                                                                                                                                         
StevenKing                                                                                                                                                                          
NeenaKochhar                                                                                                                                                                        
SunditaKumar                                                                                                                                                                        
RenskeLadwig                                                                                                                                                                        
JamesLandry                                                                                                                                                                         
DavidLee                                                                                                                                                                            
JackLivingston                                                                                                                                                                      
DianaLorentz                                                                                                                                                                        
JasonMallin                                                                                                                                                                         
StevenMarkle                                                                                                                                                                        
JamesMarlow                                                                                                                                                                         
MatteaMarvins                                                                                                                                                                       
RandallMatos                                                                                                                                                                        
SusanMavris                                                                                                                                                                         
SamuelMcCain                                                                                                                                                                        
AllanMcEwen                                                                                                                                                                         
IreneMikkilineni                                                                                                                                                                    
KevinMourgos                                                                                                                                                                        
JuliaNayer                                                                                                                                                                          
DonaldOConnell                                                                                                                                                                      
ChristopherOlsen                                                                                                                                                                    
TJOlson                                                                                                                                                                             
LisaOzer                                                                                                                                                                            
KarenPartners                                                                                                                                                                       
ValliPataballa                                                                                                                                                                      
JoshuaPatel                                                                                                                                                                         
RandallPerkins                                                                                                                                                                      
HazelPhiltanker                                                                                                                                                                     
LuisPopp                                                                                                                                                                            
TrennaRajs                                                                                                                                                                          
DenRaphaely                                                                                                                                                                         
MichaelRogers                                                                                                                                                                       
JohnRussell                                                                                                                                                                         
NanditaSarchand                                                                                                                                                                     
IsmaelSciarra                                                                                                                                                                       
JohnSeo                                                                                                                                                                             
SarathSewall                                                                                                                                                                        
LindseySmith                                                                                                                                                                        
WilliamSmith                                                                                                                                                                        
StephenStiles                                                                                                                                                                       
MarthaSullivan                                                                                                                                                                      
PatrickSully                                                                                                                                                                        
JonathonTaylor                                                                                                                                                                      
WinstonTaylor                                                                                                                                                                       
SigalTobias                                                                                                                                                                         
PeterTucker                                                                                                                                                                         
OliverTuvault                                                                                                                                                                       
Jose ManuelUrman                                                                                                                                                                    
PeterVargas                                                                                                                                                                         
ClaraVishney                                                                                                                                                                        
ShantaVollman                                                                                                                                                                       
AlanaWalsh                                                                                                                                                                          
MatthewWeiss                                                                                                                                                                        
JenniferWhalen                                                                                                                                                                      
EleniZlotkey                                                                                                                                                                        

107 rows selected.

SQL> select first_name || ' ' || last_name "Full name" from employees;

Full name                                                                                                                                                                           
----------------------------------------------                                                                                                                                      
Ellen Abel                                                                                                                                                                          
Sundar Ande                                                                                                                                                                         
Mozhe Atkinson                                                                                                                                                                      
David Austin                                                                                                                                                                        
Hermann Baer                                                                                                                                                                        
Shelli Baida                                                                                                                                                                        
Amit Banda                                                                                                                                                                          
Elizabeth Bates                                                                                                                                                                     
Sarah Bell                                                                                                                                                                          
David Bernstein                                                                                                                                                                     
Laura Bissot                                                                                                                                                                        
Harrison Bloom                                                                                                                                                                      
Alexis Bull                                                                                                                                                                         
Anthony Cabrio                                                                                                                                                                      
Gerald Cambrault                                                                                                                                                                    
Nanette Cambrault                                                                                                                                                                   
John Chen                                                                                                                                                                           
Kelly Chung                                                                                                                                                                         
Karen Colmenares                                                                                                                                                                    
Curtis Davies                                                                                                                                                                       
Lex De Haan                                                                                                                                                                         
Julia Dellinger                                                                                                                                                                     
Jennifer Dilly                                                                                                                                                                      
Louise Doran                                                                                                                                                                        
Bruce Ernst                                                                                                                                                                         
Alberto Errazuriz                                                                                                                                                                   
Britney Everett                                                                                                                                                                     
Daniel Faviet                                                                                                                                                                       
Pat Fay                                                                                                                                                                             
Kevin Feeney                                                                                                                                                                        
Jean Fleaur                                                                                                                                                                         
Tayler Fox                                                                                                                                                                          
Adam Fripp                                                                                                                                                                          
Timothy Gates                                                                                                                                                                       
Ki Gee                                                                                                                                                                              
Girard Geoni                                                                                                                                                                        
William Gietz                                                                                                                                                                       
Douglas Grant                                                                                                                                                                       
Kimberely Grant                                                                                                                                                                     
Nancy Greenberg                                                                                                                                                                     
Danielle Greene                                                                                                                                                                     
Peter Hall                                                                                                                                                                          
Michael Hartstein                                                                                                                                                                   
Shelley Higgins                                                                                                                                                                     
Guy Himuro                                                                                                                                                                          
Alexander Hunold                                                                                                                                                                    
Alyssa Hutton                                                                                                                                                                       
Charles Johnson                                                                                                                                                                     
Vance Jones                                                                                                                                                                         
Payam Kaufling                                                                                                                                                                      
Alexander Khoo                                                                                                                                                                      
Janette King                                                                                                                                                                        
Steven King                                                                                                                                                                         
Neena Kochhar                                                                                                                                                                       
Sundita Kumar                                                                                                                                                                       
Renske Ladwig                                                                                                                                                                       
James Landry                                                                                                                                                                        
David Lee                                                                                                                                                                           
Jack Livingston                                                                                                                                                                     
Diana Lorentz                                                                                                                                                                       
Jason Mallin                                                                                                                                                                        
Steven Markle                                                                                                                                                                       
James Marlow                                                                                                                                                                        
Mattea Marvins                                                                                                                                                                      
Randall Matos                                                                                                                                                                       
Susan Mavris                                                                                                                                                                        
Samuel McCain                                                                                                                                                                       
Allan McEwen                                                                                                                                                                        
Irene Mikkilineni                                                                                                                                                                   
Kevin Mourgos                                                                                                                                                                       
Julia Nayer                                                                                                                                                                         
Donald OConnell                                                                                                                                                                     
Christopher Olsen                                                                                                                                                                   
TJ Olson                                                                                                                                                                            
Lisa Ozer                                                                                                                                                                           
Karen Partners                                                                                                                                                                      
Valli Pataballa                                                                                                                                                                     
Joshua Patel                                                                                                                                                                        
Randall Perkins                                                                                                                                                                     
Hazel Philtanker                                                                                                                                                                    
Luis Popp                                                                                                                                                                           
Trenna Rajs                                                                                                                                                                         
Den Raphaely                                                                                                                                                                        
Michael Rogers                                                                                                                                                                      
John Russell                                                                                                                                                                        
Nandita Sarchand                                                                                                                                                                    
Ismael Sciarra                                                                                                                                                                      
John Seo                                                                                                                                                                            
Sarath Sewall                                                                                                                                                                       
Lindsey Smith                                                                                                                                                                       
William Smith                                                                                                                                                                       
Stephen Stiles                                                                                                                                                                      
Martha Sullivan                                                                                                                                                                     
Patrick Sully                                                                                                                                                                       
Jonathon Taylor                                                                                                                                                                     
Winston Taylor                                                                                                                                                                      
Sigal Tobias                                                                                                                                                                        
Peter Tucker                                                                                                                                                                        
Oliver Tuvault                                                                                                                                                                      
Jose Manuel Urman                                                                                                                                                                   
Peter Vargas                                                                                                                                                                        
Clara Vishney                                                                                                                                                                       
Shanta Vollman                                                                                                                                                                      
Alana Walsh                                                                                                                                                                         
Matthew Weiss                                                                                                                                                                       
Jennifer Whalen                                                                                                                                                                     
Eleni Zlotkey                                                                                                                                                                       

107 rows selected.

SQL> select first_name || ' ' || last_name || ''s salary is '|| salary "Full name" from employees;
ERROR:
ORA-01756: quoted string not properly terminated 


SQL> select first_name || ' ' || last_name || ' salary is '|| salary "Full name" from employees;

Full name                                                                                                                                                                           
-------------------------------------------------------------------------------------------------                                                                                   
Donald OConnell salary is 2600                                                                                                                                                      
Douglas Grant salary is 2600                                                                                                                                                        
Jennifer Whalen salary is 4400                                                                                                                                                      
Michael Hartstein salary is 13000                                                                                                                                                   
Pat Fay salary is 6000                                                                                                                                                              
Susan Mavris salary is 6500                                                                                                                                                         
Hermann Baer salary is 10000                                                                                                                                                        
Shelley Higgins salary is 12008                                                                                                                                                     
William Gietz salary is 8300                                                                                                                                                        
Steven King salary is 24000                                                                                                                                                         
Neena Kochhar salary is 17000                                                                                                                                                       
Lex De Haan salary is 17000                                                                                                                                                         
Alexander Hunold salary is 9000                                                                                                                                                     
Bruce Ernst salary is 6000                                                                                                                                                          
David Austin salary is 4800                                                                                                                                                         
Valli Pataballa salary is 4800                                                                                                                                                      
Diana Lorentz salary is 4200                                                                                                                                                        
Nancy Greenberg salary is 12008                                                                                                                                                     
Daniel Faviet salary is 9000                                                                                                                                                        
John Chen salary is 8200                                                                                                                                                            
Ismael Sciarra salary is 7700                                                                                                                                                       
Jose Manuel Urman salary is 7800                                                                                                                                                    
Luis Popp salary is 6900                                                                                                                                                            
Den Raphaely salary is 11000                                                                                                                                                        
Alexander Khoo salary is 3100                                                                                                                                                       
Shelli Baida salary is 2900                                                                                                                                                         
Sigal Tobias salary is 2800                                                                                                                                                         
Guy Himuro salary is 2600                                                                                                                                                           
Karen Colmenares salary is 2500                                                                                                                                                     
Matthew Weiss salary is 8000                                                                                                                                                        
Adam Fripp salary is 8200                                                                                                                                                           
Payam Kaufling salary is 7900                                                                                                                                                       
Shanta Vollman salary is 6500                                                                                                                                                       
Kevin Mourgos salary is 5800                                                                                                                                                        
Julia Nayer salary is 3200                                                                                                                                                          
Irene Mikkilineni salary is 2700                                                                                                                                                    
James Landry salary is 2400                                                                                                                                                         
Steven Markle salary is 2200                                                                                                                                                        
Laura Bissot salary is 3300                                                                                                                                                         
Mozhe Atkinson salary is 2800                                                                                                                                                       
James Marlow salary is 2500                                                                                                                                                         
TJ Olson salary is 2100                                                                                                                                                             
Jason Mallin salary is 3300                                                                                                                                                         
Michael Rogers salary is 2900                                                                                                                                                       
Ki Gee salary is 2400                                                                                                                                                               
Hazel Philtanker salary is 2200                                                                                                                                                     
Renske Ladwig salary is 3600                                                                                                                                                        
Stephen Stiles salary is 3200                                                                                                                                                       
John Seo salary is 2700                                                                                                                                                             
Joshua Patel salary is 2500                                                                                                                                                         
Trenna Rajs salary is 3500                                                                                                                                                          
Curtis Davies salary is 3100                                                                                                                                                        
Randall Matos salary is 2600                                                                                                                                                        
Peter Vargas salary is 2500                                                                                                                                                         
John Russell salary is 14000                                                                                                                                                        
Karen Partners salary is 13500                                                                                                                                                      
Alberto Errazuriz salary is 12000                                                                                                                                                   
Gerald Cambrault salary is 11000                                                                                                                                                    
Eleni Zlotkey salary is 10500                                                                                                                                                       
Peter Tucker salary is 10000                                                                                                                                                        
David Bernstein salary is 9500                                                                                                                                                      
Peter Hall salary is 9000                                                                                                                                                           
Christopher Olsen salary is 8000                                                                                                                                                    
Nanette Cambrault salary is 7500                                                                                                                                                    
Oliver Tuvault salary is 7000                                                                                                                                                       
Janette King salary is 10000                                                                                                                                                        
Patrick Sully salary is 9500                                                                                                                                                        
Allan McEwen salary is 9000                                                                                                                                                         
Lindsey Smith salary is 8000                                                                                                                                                        
Louise Doran salary is 7500                                                                                                                                                         
Sarath Sewall salary is 7000                                                                                                                                                        
Clara Vishney salary is 10500                                                                                                                                                       
Danielle Greene salary is 9500                                                                                                                                                      
Mattea Marvins salary is 7200                                                                                                                                                       
David Lee salary is 6800                                                                                                                                                            
Sundar Ande salary is 6400                                                                                                                                                          
Amit Banda salary is 6200                                                                                                                                                           
Lisa Ozer salary is 11500                                                                                                                                                           
Harrison Bloom salary is 10000                                                                                                                                                      
Tayler Fox salary is 9600                                                                                                                                                           
William Smith salary is 7400                                                                                                                                                        
Elizabeth Bates salary is 7300                                                                                                                                                      
Sundita Kumar salary is 6100                                                                                                                                                        
Ellen Abel salary is 11000                                                                                                                                                          
Alyssa Hutton salary is 8800                                                                                                                                                        
Jonathon Taylor salary is 8600                                                                                                                                                      
Jack Livingston salary is 8400                                                                                                                                                      
Kimberely Grant salary is 7000                                                                                                                                                      
Charles Johnson salary is 6200                                                                                                                                                      
Winston Taylor salary is 3200                                                                                                                                                       
Jean Fleaur salary is 3100                                                                                                                                                          
Martha Sullivan salary is 2500                                                                                                                                                      
Girard Geoni salary is 2800                                                                                                                                                         
Nandita Sarchand salary is 4200                                                                                                                                                     
Alexis Bull salary is 4100                                                                                                                                                          
Julia Dellinger salary is 3400                                                                                                                                                      
Anthony Cabrio salary is 3000                                                                                                                                                       
Kelly Chung salary is 3800                                                                                                                                                          
Jennifer Dilly salary is 3600                                                                                                                                                       
Timothy Gates salary is 2900                                                                                                                                                        
Randall Perkins salary is 2500                                                                                                                                                      
Sarah Bell salary is 4000                                                                                                                                                           
Britney Everett salary is 3900                                                                                                                                                      
Samuel McCain salary is 3200                                                                                                                                                        
Vance Jones salary is 2800                                                                                                                                                          
Alana Walsh salary is 3100                                                                                                                                                          
Kevin Feeney salary is 3000                                                                                                                                                         

107 rows selected.

SQL> select first_name || ' ' || last_name || '\'s salary is '|| salary "Full name" from employees;
ERROR:
ORA-01756: quoted string not properly terminated 


SQL> select first_name || ' ' || last_name || q'['s salary is ]'|| salary "Full name" from employees;

Full name                                                                                                                                                                           
---------------------------------------------------------------------------------------------------                                                                                 
Donald OConnell's salary is 2600                                                                                                                                                    
Douglas Grant's salary is 2600                                                                                                                                                      
Jennifer Whalen's salary is 4400                                                                                                                                                    
Michael Hartstein's salary is 13000                                                                                                                                                 
Pat Fay's salary is 6000                                                                                                                                                            
Susan Mavris's salary is 6500                                                                                                                                                       
Hermann Baer's salary is 10000                                                                                                                                                      
Shelley Higgins's salary is 12008                                                                                                                                                   
William Gietz's salary is 8300                                                                                                                                                      
Steven King's salary is 24000                                                                                                                                                       
Neena Kochhar's salary is 17000                                                                                                                                                     
Lex De Haan's salary is 17000                                                                                                                                                       
Alexander Hunold's salary is 9000                                                                                                                                                   
Bruce Ernst's salary is 6000                                                                                                                                                        
David Austin's salary is 4800                                                                                                                                                       
Valli Pataballa's salary is 4800                                                                                                                                                    
Diana Lorentz's salary is 4200                                                                                                                                                      
Nancy Greenberg's salary is 12008                                                                                                                                                   
Daniel Faviet's salary is 9000                                                                                                                                                      
John Chen's salary is 8200                                                                                                                                                          
Ismael Sciarra's salary is 7700                                                                                                                                                     
Jose Manuel Urman's salary is 7800                                                                                                                                                  
Luis Popp's salary is 6900                                                                                                                                                          
Den Raphaely's salary is 11000                                                                                                                                                      
Alexander Khoo's salary is 3100                                                                                                                                                     
Shelli Baida's salary is 2900                                                                                                                                                       
Sigal Tobias's salary is 2800                                                                                                                                                       
Guy Himuro's salary is 2600                                                                                                                                                         
Karen Colmenares's salary is 2500                                                                                                                                                   
Matthew Weiss's salary is 8000                                                                                                                                                      
Adam Fripp's salary is 8200                                                                                                                                                         
Payam Kaufling's salary is 7900                                                                                                                                                     
Shanta Vollman's salary is 6500                                                                                                                                                     
Kevin Mourgos's salary is 5800                                                                                                                                                      
Julia Nayer's salary is 3200                                                                                                                                                        
Irene Mikkilineni's salary is 2700                                                                                                                                                  
James Landry's salary is 2400                                                                                                                                                       
Steven Markle's salary is 2200                                                                                                                                                      
Laura Bissot's salary is 3300                                                                                                                                                       
Mozhe Atkinson's salary is 2800                                                                                                                                                     
James Marlow's salary is 2500                                                                                                                                                       
TJ Olson's salary is 2100                                                                                                                                                           
Jason Mallin's salary is 3300                                                                                                                                                       
Michael Rogers's salary is 2900                                                                                                                                                     
Ki Gee's salary is 2400                                                                                                                                                             
Hazel Philtanker's salary is 2200                                                                                                                                                   
Renske Ladwig's salary is 3600                                                                                                                                                      
Stephen Stiles's salary is 3200                                                                                                                                                     
John Seo's salary is 2700                                                                                                                                                           
Joshua Patel's salary is 2500                                                                                                                                                       
Trenna Rajs's salary is 3500                                                                                                                                                        
Curtis Davies's salary is 3100                                                                                                                                                      
Randall Matos's salary is 2600                                                                                                                                                      
Peter Vargas's salary is 2500                                                                                                                                                       
John Russell's salary is 14000                                                                                                                                                      
Karen Partners's salary is 13500                                                                                                                                                    
Alberto Errazuriz's salary is 12000                                                                                                                                                 
Gerald Cambrault's salary is 11000                                                                                                                                                  
Eleni Zlotkey's salary is 10500                                                                                                                                                     
Peter Tucker's salary is 10000                                                                                                                                                      
David Bernstein's salary is 9500                                                                                                                                                    
Peter Hall's salary is 9000                                                                                                                                                         
Christopher Olsen's salary is 8000                                                                                                                                                  
Nanette Cambrault's salary is 7500                                                                                                                                                  
Oliver Tuvault's salary is 7000                                                                                                                                                     
Janette King's salary is 10000                                                                                                                                                      
Patrick Sully's salary is 9500                                                                                                                                                      
Allan McEwen's salary is 9000                                                                                                                                                       
Lindsey Smith's salary is 8000                                                                                                                                                      
Louise Doran's salary is 7500                                                                                                                                                       
Sarath Sewall's salary is 7000                                                                                                                                                      
Clara Vishney's salary is 10500                                                                                                                                                     
Danielle Greene's salary is 9500                                                                                                                                                    
Mattea Marvins's salary is 7200                                                                                                                                                     
David Lee's salary is 6800                                                                                                                                                          
Sundar Ande's salary is 6400                                                                                                                                                        
Amit Banda's salary is 6200                                                                                                                                                         
Lisa Ozer's salary is 11500                                                                                                                                                         
Harrison Bloom's salary is 10000                                                                                                                                                    
Tayler Fox's salary is 9600                                                                                                                                                         
William Smith's salary is 7400                                                                                                                                                      
Elizabeth Bates's salary is 7300                                                                                                                                                    
Sundita Kumar's salary is 6100                                                                                                                                                      
Ellen Abel's salary is 11000                                                                                                                                                        
Alyssa Hutton's salary is 8800                                                                                                                                                      
Jonathon Taylor's salary is 8600                                                                                                                                                    
Jack Livingston's salary is 8400                                                                                                                                                    
Kimberely Grant's salary is 7000                                                                                                                                                    
Charles Johnson's salary is 6200                                                                                                                                                    
Winston Taylor's salary is 3200                                                                                                                                                     
Jean Fleaur's salary is 3100                                                                                                                                                        
Martha Sullivan's salary is 2500                                                                                                                                                    
Girard Geoni's salary is 2800                                                                                                                                                       
Nandita Sarchand's salary is 4200                                                                                                                                                   
Alexis Bull's salary is 4100                                                                                                                                                        
Julia Dellinger's salary is 3400                                                                                                                                                    
Anthony Cabrio's salary is 3000                                                                                                                                                     
Kelly Chung's salary is 3800                                                                                                                                                        
Jennifer Dilly's salary is 3600                                                                                                                                                     
Timothy Gates's salary is 2900                                                                                                                                                      
Randall Perkins's salary is 2500                                                                                                                                                    
Sarah Bell's salary is 4000                                                                                                                                                         
Britney Everett's salary is 3900                                                                                                                                                    
Samuel McCain's salary is 3200                                                                                                                                                      
Vance Jones's salary is 2800                                                                                                                                                        
Alana Walsh's salary is 3100                                                                                                                                                        
Kevin Feeney's salary is 3000                                                                                                                                                       

107 rows selected.

SQL> select first_name || ' ' || last_name || q' ['s salary is ]'|| salary "Full name" from employees;
ERROR:
ORA-01756: quoted string not properly terminated 


SQL> rem do not leave space
SQL> spool off
