SQL> select 4+5 from dual
  2  ;

       4+5                                                                      
----------                                                                      
         9                                                                      

SQL> slect 4*5 from dual;
SP2-0734: unknown command beginning "slect 4*5 ..." - rest of line ignored.
SQL> select 4*5 from dual;

       4*5                                                                      
----------                                                                      
        20                                                                      

SQL> select 4^5 from dual;
select 4^5 from dual
        *
ERROR at line 1:
ORA-00923: FROM keyword not found where expected 


SQL> select 4/5 from dual;

       4/5                                                                      
----------                                                                      
        .8                                                                      

SQL> select 4-5 from dual;

       4-5                                                                      
----------                                                                      
        -1                                                                      

SQL> select sysdate from dual;

SYSDATE                                                                         
---------                                                                       
16-MAR-19                                                                       

SQL> desc dual;
 Name                                      Null?    Type
 ----------------------------------------- -------- ----------------------------
 DUMMY                                              VARCHAR2(1)

SQL> cl scr

SQL> select 4%5 from dual;
select 4%5 from dual
        *
ERROR at line 1:
ORA-00911: invalid character 


SQL> select 4 mod 5 from dual;
select 4 mod 5 from dual
             *
ERROR at line 1:
ORA-00923: FROM keyword not found where expected 


SQL> cl scr

SQL> select * from tab;

TNAME                          TABTYPE  CLUSTERID                               
------------------------------ ------- ----------                               
COUNTRIES                      TABLE                                            
DEPARTMENTS                    TABLE                                            
EMPLOYEES                      TABLE                                            
EMP_DETAILS_VIEW               VIEW                                             
JOBS                           TABLE                                            
JOB_HISTORY                    TABLE                                            
LOCATIONS                      TABLE                                            
REGIONS                        TABLE                                            

8 rows selected.

SQL> desc countries
 Name                                      Null?    Type
 ----------------------------------------- -------- ----------------------------
 COUNTRY_ID                                NOT NULL CHAR(2)
 COUNTRY_NAME                                       VARCHAR2(40)
 REGION_ID                                          NUMBER

SQL> desc departments
 Name                                      Null?    Type
 ----------------------------------------- -------- ----------------------------
 DEPARTMENT_ID                             NOT NULL NUMBER(4)
 DEPARTMENT_NAME                           NOT NULL VARCHAR2(30)
 MANAGER_ID                                         NUMBER(6)
 LOCATION_ID                                        NUMBER(4)

SQL> desc employees
 Name                                      Null?    Type
 ----------------------------------------- -------- ----------------------------
 EMPLOYEE_ID                               NOT NULL NUMBER(6)
 FIRST_NAME                                         VARCHAR2(20)
 LAST_NAME                                 NOT NULL VARCHAR2(25)
 EMAIL                                     NOT NULL VARCHAR2(25)
 PHONE_NUMBER                                       VARCHAR2(20)
 HIRE_DATE                                 NOT NULL DATE
 JOB_ID                                    NOT NULL VARCHAR2(10)
 SALARY                                             NUMBER(8,2)
 COMMISSION_PCT                                     NUMBER(2,2)
 MANAGER_ID                                         NUMBER(6)
 DEPARTMENT_ID                                      NUMBER(4)

SQL> desc jobs
 Name                                      Null?    Type
 ----------------------------------------- -------- ----------------------------
 JOB_ID                                    NOT NULL VARCHAR2(10)
 JOB_TITLE                                 NOT NULL VARCHAR2(35)
 MIN_SALARY                                         NUMBER(6)
 MAX_SALARY                                         NUMBER(6)

SQL> desc job_history
 Name                                      Null?    Type
 ----------------------------------------- -------- ----------------------------
 EMPLOYEE_ID                               NOT NULL NUMBER(6)
 START_DATE                                NOT NULL DATE
 END_DATE                                  NOT NULL DATE
 JOB_ID                                    NOT NULL VARCHAR2(10)
 DEPARTMENT_ID                                      NUMBER(4)

SQL> desc locations
 Name                                      Null?    Type
 ----------------------------------------- -------- ----------------------------
 LOCATION_ID                               NOT NULL NUMBER(4)
 STREET_ADDRESS                                     VARCHAR2(40)
 POSTAL_CODE                                        VARCHAR2(12)
 CITY                                      NOT NULL VARCHAR2(30)
 STATE_PROVINCE                                     VARCHAR2(25)
 COUNTRY_ID                                         CHAR(2)

SQL> desc regions
 Name                                      Null?    Type
 ----------------------------------------- -------- ----------------------------
 REGION_ID                                 NOT NULL NUMBER
 REGION_NAME                                        VARCHAR2(25)

SQL> select * from regions;

 REGION_ID REGION_NAME                                                          
---------- -------------------------                                            
         1 Europe                                                               
         2 Americas                                                             
         3 Asia                                                                 
         4 Middle East and Africa                                               

SQL> select * from countries;

CO COUNTRY_NAME                              REGION_ID                          
-- ---------------------------------------- ----------                          
AR Argentina                                         2                          
AU Australia                                         3                          
BE Belgium                                           1                          
BR Brazil                                            2                          
CA Canada                                            2                          
CH Switzerland                                       1                          
CN China                                             3                          
DE Germany                                           1                          
DK Denmark                                           1                          
EG Egypt                                             4                          
FR France                                            1                          

CO COUNTRY_NAME                              REGION_ID                          
-- ---------------------------------------- ----------                          
IL Israel                                            4                          
IN India                                             3                          
IT Italy                                             1                          
JP Japan                                             3                          
KW Kuwait                                            4                          
ML Malaysia                                          3                          
MX Mexico                                            2                          
NG Nigeria                                           4                          
NL Netherlands                                       1                          
SG Singapore                                         3                          
UK United Kingdom                                    1                          

CO COUNTRY_NAME                              REGION_ID                          
-- ---------------------------------------- ----------                          
US United States of America                          2                          
ZM Zambia                                            4                          
ZW Zimbabwe                                          4                          

25 rows selected.

SQL> select * from departments;

DEPARTMENT_ID DEPARTMENT_NAME                MANAGER_ID LOCATION_ID             
------------- ------------------------------ ---------- -----------             
           10 Administration                        200        1700             
           20 Marketing                             201        1800             
           30 Purchasing                            114        1700             
           40 Human Resources                       203        2400             
           50 Shipping                              121        1500             
           60 IT                                    103        1400             
           70 Public Relations                      204        2700             
           80 Sales                                 145        2500             
           90 Executive                             100        1700             
          100 Finance                               108        1700             
          110 Accounting                            205        1700             

DEPARTMENT_ID DEPARTMENT_NAME                MANAGER_ID LOCATION_ID             
------------- ------------------------------ ---------- -----------             
          120 Treasury                                         1700             
          130 Corporate Tax                                    1700             
          140 Control And Credit                               1700             
          150 Shareholder Services                             1700             
          160 Benefits                                         1700             
          170 Manufacturing                                    1700             
          180 Construction                                     1700             
          190 Contracting                                      1700             
          200 Operations                                       1700             
          210 IT Support                                       1700             
          220 NOC                                              1700             

DEPARTMENT_ID DEPARTMENT_NAME                MANAGER_ID LOCATION_ID             
------------- ------------------------------ ---------- -----------             
          230 IT Helpdesk                                      1700             
          240 Government Sales                                 1700             
          250 Retail Sales                                     1700             
          260 Recruiting                                       1700             
          270 Payroll                                          1700             

27 rows selected.

SQL> select * from employees;

EMPLOYEE_ID FIRST_NAME           LAST_NAME                                      
----------- -------------------- -------------------------                      
EMAIL                     PHONE_NUMBER         HIRE_DATE JOB_ID         SALARY  
------------------------- -------------------- --------- ---------- ----------  
COMMISSION_PCT MANAGER_ID DEPARTMENT_ID                                         
-------------- ---------- -------------                                         
        198 Donald               OConnell                                       
DOCONNEL                  650.507.9833         21-JUN-07 SH_CLERK         2600  
                      124            50                                         
                                                                                
        199 Douglas              Grant                                          
DGRANT                    650.507.9844         13-JAN-08 SH_CLERK         2600  
                      124            50                                         

EMPLOYEE_ID FIRST_NAME           LAST_NAME                                      
----------- -------------------- -------------------------                      
EMAIL                     PHONE_NUMBER         HIRE_DATE JOB_ID         SALARY  
------------------------- -------------------- --------- ---------- ----------  
COMMISSION_PCT MANAGER_ID DEPARTMENT_ID                                         
-------------- ---------- -------------                                         
                                                                                
        200 Jennifer             Whalen                                         
JWHALEN                   515.123.4444         17-SEP-03 AD_ASST          4400  
                      101            10                                         
                                                                                
        201 Michael              Hartstein                                      
MHARTSTE                  515.123.5555         17-FEB-04 MK_MAN          13000  

EMPLOYEE_ID FIRST_NAME           LAST_NAME                                      
----------- -------------------- -------------------------                      
EMAIL                     PHONE_NUMBER         HIRE_DATE JOB_ID         SALARY  
------------------------- -------------------- --------- ---------- ----------  
COMMISSION_PCT MANAGER_ID DEPARTMENT_ID                                         
-------------- ---------- -------------                                         
                      100            20                                         
                                                                                
        202 Pat                  Fay                                            
PFAY                      603.123.6666         17-AUG-05 MK_REP           6000  
                      201            20                                         
                                                                                
        203 Susan                Mavris                                         

EMPLOYEE_ID FIRST_NAME           LAST_NAME                                      
----------- -------------------- -------------------------                      
EMAIL                     PHONE_NUMBER         HIRE_DATE JOB_ID         SALARY  
------------------------- -------------------- --------- ---------- ----------  
COMMISSION_PCT MANAGER_ID DEPARTMENT_ID                                         
-------------- ---------- -------------                                         
SMAVRIS                   515.123.7777         07-JUN-02 HR_REP           6500  
                      101            40                                         
                                                                                
        204 Hermann              Baer                                           
HBAER                     515.123.8888         07-JUN-02 PR_REP          10000  
                      101            70                                         
                                                                                

EMPLOYEE_ID FIRST_NAME           LAST_NAME                                      
----------- -------------------- -------------------------                      
EMAIL                     PHONE_NUMBER         HIRE_DATE JOB_ID         SALARY  
------------------------- -------------------- --------- ---------- ----------  
COMMISSION_PCT MANAGER_ID DEPARTMENT_ID                                         
-------------- ---------- -------------                                         
        205 Shelley              Higgins                                        
SHIGGINS                  515.123.8080         07-JUN-02 AC_MGR          12008  
                      101           110                                         
                                                                                
        206 William              Gietz                                          
WGIETZ                    515.123.8181         07-JUN-02 AC_ACCOUNT       8300  
                      205           110                                         

EMPLOYEE_ID FIRST_NAME           LAST_NAME                                      
----------- -------------------- -------------------------                      
EMAIL                     PHONE_NUMBER         HIRE_DATE JOB_ID         SALARY  
------------------------- -------------------- --------- ---------- ----------  
COMMISSION_PCT MANAGER_ID DEPARTMENT_ID                                         
-------------- ---------- -------------                                         
                                                                                
        100 Steven               King                                           
SKING                     515.123.4567         17-JUN-03 AD_PRES         24000  
                                     90                                         
                                                                                
        101 Neena                Kochhar                                        
NKOCHHAR                  515.123.4568         21-SEP-05 AD_VP           17000  

EMPLOYEE_ID FIRST_NAME           LAST_NAME                                      
----------- -------------------- -------------------------                      
EMAIL                     PHONE_NUMBER         HIRE_DATE JOB_ID         SALARY  
------------------------- -------------------- --------- ---------- ----------  
COMMISSION_PCT MANAGER_ID DEPARTMENT_ID                                         
-------------- ---------- -------------                                         
                      100            90                                         
                                                                                
        102 Lex                  De Haan                                        
LDEHAAN                   515.123.4569         13-JAN-01 AD_VP           17000  
                      100            90                                         
                                                                                
        103 Alexander            Hunold                                         

EMPLOYEE_ID FIRST_NAME           LAST_NAME                                      
----------- -------------------- -------------------------                      
EMAIL                     PHONE_NUMBER         HIRE_DATE JOB_ID         SALARY  
------------------------- -------------------- --------- ---------- ----------  
COMMISSION_PCT MANAGER_ID DEPARTMENT_ID                                         
-------------- ---------- -------------                                         
AHUNOLD                   590.423.4567         03-JAN-06 IT_PROG          9000  
                      102            60                                         
                                                                                
        104 Bruce                Ernst                                          
BERNST                    590.423.4568         21-MAY-07 IT_PROG          6000  
                      103            60                                         
                                                                                

EMPLOYEE_ID FIRST_NAME           LAST_NAME                                      
----------- -------------------- -------------------------                      
EMAIL                     PHONE_NUMBER         HIRE_DATE JOB_ID         SALARY  
------------------------- -------------------- --------- ---------- ----------  
COMMISSION_PCT MANAGER_ID DEPARTMENT_ID                                         
-------------- ---------- -------------                                         
        105 David                Austin                                         
DAUSTIN                   590.423.4569         25-JUN-05 IT_PROG          4800  
                      103            60                                         
                                                                                
        106 Valli                Pataballa                                      
VPATABAL                  590.423.4560         05-FEB-06 IT_PROG          4800  
                      103            60                                         

EMPLOYEE_ID FIRST_NAME           LAST_NAME                                      
----------- -------------------- -------------------------                      
EMAIL                     PHONE_NUMBER         HIRE_DATE JOB_ID         SALARY  
------------------------- -------------------- --------- ---------- ----------  
COMMISSION_PCT MANAGER_ID DEPARTMENT_ID                                         
-------------- ---------- -------------                                         
                                                                                
        107 Diana                Lorentz                                        
DLORENTZ                  590.423.5567         07-FEB-07 IT_PROG          4200  
                      103            60                                         
                                                                                
        108 Nancy                Greenberg                                      
NGREENBE                  515.124.4569         17-AUG-02 FI_MGR          12008  

EMPLOYEE_ID FIRST_NAME           LAST_NAME                                      
----------- -------------------- -------------------------                      
EMAIL                     PHONE_NUMBER         HIRE_DATE JOB_ID         SALARY  
------------------------- -------------------- --------- ---------- ----------  
COMMISSION_PCT MANAGER_ID DEPARTMENT_ID                                         
-------------- ---------- -------------                                         
                      101           100                                         
                                                                                
        109 Daniel               Faviet                                         
DFAVIET                   515.124.4169         16-AUG-02 FI_ACCOUNT       9000  
                      108           100                                         
                                                                                
        110 John                 Chen                                           

EMPLOYEE_ID FIRST_NAME           LAST_NAME                                      
----------- -------------------- -------------------------                      
EMAIL                     PHONE_NUMBER         HIRE_DATE JOB_ID         SALARY  
------------------------- -------------------- --------- ---------- ----------  
COMMISSION_PCT MANAGER_ID DEPARTMENT_ID                                         
-------------- ---------- -------------                                         
JCHEN                     515.124.4269         28-SEP-05 FI_ACCOUNT       8200  
                      108           100                                         
                                                                                
        111 Ismael               Sciarra                                        
ISCIARRA                  515.124.4369         30-SEP-05 FI_ACCOUNT       7700  
                      108           100                                         
                                                                                

EMPLOYEE_ID FIRST_NAME           LAST_NAME                                      
----------- -------------------- -------------------------                      
EMAIL                     PHONE_NUMBER         HIRE_DATE JOB_ID         SALARY  
------------------------- -------------------- --------- ---------- ----------  
COMMISSION_PCT MANAGER_ID DEPARTMENT_ID                                         
-------------- ---------- -------------                                         
        112 Jose Manuel          Urman                                          
JMURMAN                   515.124.4469         07-MAR-06 FI_ACCOUNT       7800  
                      108           100                                         
                                                                                
        113 Luis                 Popp                                           
LPOPP                     515.124.4567         07-DEC-07 FI_ACCOUNT       6900  
                      108           100                                         

EMPLOYEE_ID FIRST_NAME           LAST_NAME                                      
----------- -------------------- -------------------------                      
EMAIL                     PHONE_NUMBER         HIRE_DATE JOB_ID         SALARY  
------------------------- -------------------- --------- ---------- ----------  
COMMISSION_PCT MANAGER_ID DEPARTMENT_ID                                         
-------------- ---------- -------------                                         
                                                                                
        114 Den                  Raphaely                                       
DRAPHEAL                  515.127.4561         07-DEC-02 PU_MAN          11000  
                      100            30                                         
                                                                                
        115 Alexander            Khoo                                           
AKHOO                     515.127.4562         18-MAY-03 PU_CLERK         3100  

EMPLOYEE_ID FIRST_NAME           LAST_NAME                                      
----------- -------------------- -------------------------                      
EMAIL                     PHONE_NUMBER         HIRE_DATE JOB_ID         SALARY  
------------------------- -------------------- --------- ---------- ----------  
COMMISSION_PCT MANAGER_ID DEPARTMENT_ID                                         
-------------- ---------- -------------                                         
                      114            30                                         
                                                                                
        116 Shelli               Baida                                          
SBAIDA                    515.127.4563         24-DEC-05 PU_CLERK         2900  
                      114            30                                         
                                                                                
        117 Sigal                Tobias                                         

EMPLOYEE_ID FIRST_NAME           LAST_NAME                                      
----------- -------------------- -------------------------                      
EMAIL                     PHONE_NUMBER         HIRE_DATE JOB_ID         SALARY  
------------------------- -------------------- --------- ---------- ----------  
COMMISSION_PCT MANAGER_ID DEPARTMENT_ID                                         
-------------- ---------- -------------                                         
STOBIAS                   515.127.4564         24-JUL-05 PU_CLERK         2800  
                      114            30                                         
                                                                                
        118 Guy                  Himuro                                         
GHIMURO                   515.127.4565         15-NOV-06 PU_CLERK         2600  
                      114            30                                         
                                                                                

EMPLOYEE_ID FIRST_NAME           LAST_NAME                                      
----------- -------------------- -------------------------                      
EMAIL                     PHONE_NUMBER         HIRE_DATE JOB_ID         SALARY  
------------------------- -------------------- --------- ---------- ----------  
COMMISSION_PCT MANAGER_ID DEPARTMENT_ID                                         
-------------- ---------- -------------                                         
        119 Karen                Colmenares                                     
KCOLMENA                  515.127.4566         10-AUG-07 PU_CLERK         2500  
                      114            30                                         
                                                                                
        120 Matthew              Weiss                                          
MWEISS                    650.123.1234         18-JUL-04 ST_MAN           8000  
                      100            50                                         

EMPLOYEE_ID FIRST_NAME           LAST_NAME                                      
----------- -------------------- -------------------------                      
EMAIL                     PHONE_NUMBER         HIRE_DATE JOB_ID         SALARY  
------------------------- -------------------- --------- ---------- ----------  
COMMISSION_PCT MANAGER_ID DEPARTMENT_ID                                         
-------------- ---------- -------------                                         
                                                                                
        121 Adam                 Fripp                                          
AFRIPP                    650.123.2234         10-APR-05 ST_MAN           8200  
                      100            50                                         
                                                                                
        122 Payam                Kaufling                                       
PKAUFLIN                  650.123.3234         01-MAY-03 ST_MAN           7900  

EMPLOYEE_ID FIRST_NAME           LAST_NAME                                      
----------- -------------------- -------------------------                      
EMAIL                     PHONE_NUMBER         HIRE_DATE JOB_ID         SALARY  
------------------------- -------------------- --------- ---------- ----------  
COMMISSION_PCT MANAGER_ID DEPARTMENT_ID                                         
-------------- ---------- -------------                                         
                      100            50                                         
                                                                                
        123 Shanta               Vollman                                        
SVOLLMAN                  650.123.4234         10-OCT-05 ST_MAN           6500  
                      100            50                                         
                                                                                
        124 Kevin                Mourgos                                        

EMPLOYEE_ID FIRST_NAME           LAST_NAME                                      
----------- -------------------- -------------------------                      
EMAIL                     PHONE_NUMBER         HIRE_DATE JOB_ID         SALARY  
------------------------- -------------------- --------- ---------- ----------  
COMMISSION_PCT MANAGER_ID DEPARTMENT_ID                                         
-------------- ---------- -------------                                         
KMOURGOS                  650.123.5234         16-NOV-07 ST_MAN           5800  
                      100            50                                         
                                                                                
        125 Julia                Nayer                                          
JNAYER                    650.124.1214         16-JUL-05 ST_CLERK         3200  
                      120            50                                         
                                                                                

EMPLOYEE_ID FIRST_NAME           LAST_NAME                                      
----------- -------------------- -------------------------                      
EMAIL                     PHONE_NUMBER         HIRE_DATE JOB_ID         SALARY  
------------------------- -------------------- --------- ---------- ----------  
COMMISSION_PCT MANAGER_ID DEPARTMENT_ID                                         
-------------- ---------- -------------                                         
        126 Irene                Mikkilineni                                    
IMIKKILI                  650.124.1224         28-SEP-06 ST_CLERK         2700  
                      120            50                                         
                                                                                
        127 James                Landry                                         
JLANDRY                   650.124.1334         14-JAN-07 ST_CLERK         2400  
                      120            50                                         

EMPLOYEE_ID FIRST_NAME           LAST_NAME                                      
----------- -------------------- -------------------------                      
EMAIL                     PHONE_NUMBER         HIRE_DATE JOB_ID         SALARY  
------------------------- -------------------- --------- ---------- ----------  
COMMISSION_PCT MANAGER_ID DEPARTMENT_ID                                         
-------------- ---------- -------------                                         
                                                                                
        128 Steven               Markle                                         
SMARKLE                   650.124.1434         08-MAR-08 ST_CLERK         2200  
                      120            50                                         
                                                                                
        129 Laura                Bissot                                         
LBISSOT                   650.124.5234         20-AUG-05 ST_CLERK         3300  

EMPLOYEE_ID FIRST_NAME           LAST_NAME                                      
----------- -------------------- -------------------------                      
EMAIL                     PHONE_NUMBER         HIRE_DATE JOB_ID         SALARY  
------------------------- -------------------- --------- ---------- ----------  
COMMISSION_PCT MANAGER_ID DEPARTMENT_ID                                         
-------------- ---------- -------------                                         
                      121            50                                         
                                                                                
        130 Mozhe                Atkinson                                       
MATKINSO                  650.124.6234         30-OCT-05 ST_CLERK         2800  
                      121            50                                         
                                                                                
        131 James                Marlow                                         

EMPLOYEE_ID FIRST_NAME           LAST_NAME                                      
----------- -------------------- -------------------------                      
EMAIL                     PHONE_NUMBER         HIRE_DATE JOB_ID         SALARY  
------------------------- -------------------- --------- ---------- ----------  
COMMISSION_PCT MANAGER_ID DEPARTMENT_ID                                         
-------------- ---------- -------------                                         
JAMRLOW                   650.124.7234         16-FEB-05 ST_CLERK         2500  
                      121            50                                         
                                                                                
        132 TJ                   Olson                                          
TJOLSON                   650.124.8234         10-APR-07 ST_CLERK         2100  
                      121            50                                         
                                                                                

EMPLOYEE_ID FIRST_NAME           LAST_NAME                                      
----------- -------------------- -------------------------                      
EMAIL                     PHONE_NUMBER         HIRE_DATE JOB_ID         SALARY  
------------------------- -------------------- --------- ---------- ----------  
COMMISSION_PCT MANAGER_ID DEPARTMENT_ID                                         
-------------- ---------- -------------                                         
        133 Jason                Mallin                                         
JMALLIN                   650.127.1934         14-JUN-04 ST_CLERK         3300  
                      122            50                                         
                                                                                
        134 Michael              Rogers                                         
MROGERS                   650.127.1834         26-AUG-06 ST_CLERK         2900  
                      122            50                                         

EMPLOYEE_ID FIRST_NAME           LAST_NAME                                      
----------- -------------------- -------------------------                      
EMAIL                     PHONE_NUMBER         HIRE_DATE JOB_ID         SALARY  
------------------------- -------------------- --------- ---------- ----------  
COMMISSION_PCT MANAGER_ID DEPARTMENT_ID                                         
-------------- ---------- -------------                                         
                                                                                
        135 Ki                   Gee                                            
KGEE                      650.127.1734         12-DEC-07 ST_CLERK         2400  
                      122            50                                         
                                                                                
        136 Hazel                Philtanker                                     
HPHILTAN                  650.127.1634         06-FEB-08 ST_CLERK         2200  

EMPLOYEE_ID FIRST_NAME           LAST_NAME                                      
----------- -------------------- -------------------------                      
EMAIL                     PHONE_NUMBER         HIRE_DATE JOB_ID         SALARY  
------------------------- -------------------- --------- ---------- ----------  
COMMISSION_PCT MANAGER_ID DEPARTMENT_ID                                         
-------------- ---------- -------------                                         
                      122            50                                         
                                                                                
        137 Renske               Ladwig                                         
RLADWIG                   650.121.1234         14-JUL-03 ST_CLERK         3600  
                      123            50                                         
                                                                                
        138 Stephen              Stiles                                         

EMPLOYEE_ID FIRST_NAME           LAST_NAME                                      
----------- -------------------- -------------------------                      
EMAIL                     PHONE_NUMBER         HIRE_DATE JOB_ID         SALARY  
------------------------- -------------------- --------- ---------- ----------  
COMMISSION_PCT MANAGER_ID DEPARTMENT_ID                                         
-------------- ---------- -------------                                         
SSTILES                   650.121.2034         26-OCT-05 ST_CLERK         3200  
                      123            50                                         
                                                                                
        139 John                 Seo                                            
JSEO                      650.121.2019         12-FEB-06 ST_CLERK         2700  
                      123            50                                         
                                                                                

EMPLOYEE_ID FIRST_NAME           LAST_NAME                                      
----------- -------------------- -------------------------                      
EMAIL                     PHONE_NUMBER         HIRE_DATE JOB_ID         SALARY  
------------------------- -------------------- --------- ---------- ----------  
COMMISSION_PCT MANAGER_ID DEPARTMENT_ID                                         
-------------- ---------- -------------                                         
        140 Joshua               Patel                                          
JPATEL                    650.121.1834         06-APR-06 ST_CLERK         2500  
                      123            50                                         
                                                                                
        141 Trenna               Rajs                                           
TRAJS                     650.121.8009         17-OCT-03 ST_CLERK         3500  
                      124            50                                         

EMPLOYEE_ID FIRST_NAME           LAST_NAME                                      
----------- -------------------- -------------------------                      
EMAIL                     PHONE_NUMBER         HIRE_DATE JOB_ID         SALARY  
------------------------- -------------------- --------- ---------- ----------  
COMMISSION_PCT MANAGER_ID DEPARTMENT_ID                                         
-------------- ---------- -------------                                         
                                                                                
        142 Curtis               Davies                                         
CDAVIES                   650.121.2994         29-JAN-05 ST_CLERK         3100  
                      124            50                                         
                                                                                
        143 Randall              Matos                                          
RMATOS                    650.121.2874         15-MAR-06 ST_CLERK         2600  

EMPLOYEE_ID FIRST_NAME           LAST_NAME                                      
----------- -------------------- -------------------------                      
EMAIL                     PHONE_NUMBER         HIRE_DATE JOB_ID         SALARY  
------------------------- -------------------- --------- ---------- ----------  
COMMISSION_PCT MANAGER_ID DEPARTMENT_ID                                         
-------------- ---------- -------------                                         
                      124            50                                         
                                                                                
        144 Peter                Vargas                                         
PVARGAS                   650.121.2004         09-JUL-06 ST_CLERK         2500  
                      124            50                                         
                                                                                
        145 John                 Russell                                        

EMPLOYEE_ID FIRST_NAME           LAST_NAME                                      
----------- -------------------- -------------------------                      
EMAIL                     PHONE_NUMBER         HIRE_DATE JOB_ID         SALARY  
------------------------- -------------------- --------- ---------- ----------  
COMMISSION_PCT MANAGER_ID DEPARTMENT_ID                                         
-------------- ---------- -------------                                         
JRUSSEL                   011.44.1344.429268   01-OCT-04 SA_MAN          14000  
            .4        100            80                                         
                                                                                
        146 Karen                Partners                                       
KPARTNER                  011.44.1344.467268   05-JAN-05 SA_MAN          13500  
            .3        100            80                                         
                                                                                

EMPLOYEE_ID FIRST_NAME           LAST_NAME                                      
----------- -------------------- -------------------------                      
EMAIL                     PHONE_NUMBER         HIRE_DATE JOB_ID         SALARY  
------------------------- -------------------- --------- ---------- ----------  
COMMISSION_PCT MANAGER_ID DEPARTMENT_ID                                         
-------------- ---------- -------------                                         
        147 Alberto              Errazuriz                                      
AERRAZUR                  011.44.1344.429278   10-MAR-05 SA_MAN          12000  
            .3        100            80                                         
                                                                                
        148 Gerald               Cambrault                                      
GCAMBRAU                  011.44.1344.619268   15-OCT-07 SA_MAN          11000  
            .3        100            80                                         

EMPLOYEE_ID FIRST_NAME           LAST_NAME                                      
----------- -------------------- -------------------------                      
EMAIL                     PHONE_NUMBER         HIRE_DATE JOB_ID         SALARY  
------------------------- -------------------- --------- ---------- ----------  
COMMISSION_PCT MANAGER_ID DEPARTMENT_ID                                         
-------------- ---------- -------------                                         
                                                                                
        149 Eleni                Zlotkey                                        
EZLOTKEY                  011.44.1344.429018   29-JAN-08 SA_MAN          10500  
            .2        100            80                                         
                                                                                
        150 Peter                Tucker                                         
PTUCKER                   011.44.1344.129268   30-JAN-05 SA_REP          10000  

EMPLOYEE_ID FIRST_NAME           LAST_NAME                                      
----------- -------------------- -------------------------                      
EMAIL                     PHONE_NUMBER         HIRE_DATE JOB_ID         SALARY  
------------------------- -------------------- --------- ---------- ----------  
COMMISSION_PCT MANAGER_ID DEPARTMENT_ID                                         
-------------- ---------- -------------                                         
            .3        145            80                                         
                                                                                
        151 David                Bernstein                                      
DBERNSTE                  011.44.1344.345268   24-MAR-05 SA_REP           9500  
           .25        145            80                                         
                                                                                
        152 Peter                Hall                                           

EMPLOYEE_ID FIRST_NAME           LAST_NAME                                      
----------- -------------------- -------------------------                      
EMAIL                     PHONE_NUMBER         HIRE_DATE JOB_ID         SALARY  
------------------------- -------------------- --------- ---------- ----------  
COMMISSION_PCT MANAGER_ID DEPARTMENT_ID                                         
-------------- ---------- -------------                                         
PHALL                     011.44.1344.478968   20-AUG-05 SA_REP           9000  
           .25        145            80                                         
                                                                                
        153 Christopher          Olsen                                          
COLSEN                    011.44.1344.498718   30-MAR-06 SA_REP           8000  
            .2        145            80                                         
                                                                                

EMPLOYEE_ID FIRST_NAME           LAST_NAME                                      
----------- -------------------- -------------------------                      
EMAIL                     PHONE_NUMBER         HIRE_DATE JOB_ID         SALARY  
------------------------- -------------------- --------- ---------- ----------  
COMMISSION_PCT MANAGER_ID DEPARTMENT_ID                                         
-------------- ---------- -------------                                         
        154 Nanette              Cambrault                                      
NCAMBRAU                  011.44.1344.987668   09-DEC-06 SA_REP           7500  
            .2        145            80                                         
                                                                                
        155 Oliver               Tuvault                                        
OTUVAULT                  011.44.1344.486508   23-NOV-07 SA_REP           7000  
           .15        145            80                                         

EMPLOYEE_ID FIRST_NAME           LAST_NAME                                      
----------- -------------------- -------------------------                      
EMAIL                     PHONE_NUMBER         HIRE_DATE JOB_ID         SALARY  
------------------------- -------------------- --------- ---------- ----------  
COMMISSION_PCT MANAGER_ID DEPARTMENT_ID                                         
-------------- ---------- -------------                                         
                                                                                
        156 Janette              King                                           
JKING                     011.44.1345.429268   30-JAN-04 SA_REP          10000  
           .35        146            80                                         
                                                                                
        157 Patrick              Sully                                          
PSULLY                    011.44.1345.929268   04-MAR-04 SA_REP           9500  

EMPLOYEE_ID FIRST_NAME           LAST_NAME                                      
----------- -------------------- -------------------------                      
EMAIL                     PHONE_NUMBER         HIRE_DATE JOB_ID         SALARY  
------------------------- -------------------- --------- ---------- ----------  
COMMISSION_PCT MANAGER_ID DEPARTMENT_ID                                         
-------------- ---------- -------------                                         
           .35        146            80                                         
                                                                                
        158 Allan                McEwen                                         
AMCEWEN                   011.44.1345.829268   01-AUG-04 SA_REP           9000  
           .35        146            80                                         
                                                                                
        159 Lindsey              Smith                                          

EMPLOYEE_ID FIRST_NAME           LAST_NAME                                      
----------- -------------------- -------------------------                      
EMAIL                     PHONE_NUMBER         HIRE_DATE JOB_ID         SALARY  
------------------------- -------------------- --------- ---------- ----------  
COMMISSION_PCT MANAGER_ID DEPARTMENT_ID                                         
-------------- ---------- -------------                                         
LSMITH                    011.44.1345.729268   10-MAR-05 SA_REP           8000  
            .3        146            80                                         
                                                                                
        160 Louise               Doran                                          
LDORAN                    011.44.1345.629268   15-DEC-05 SA_REP           7500  
            .3        146            80                                         
                                                                                

EMPLOYEE_ID FIRST_NAME           LAST_NAME                                      
----------- -------------------- -------------------------                      
EMAIL                     PHONE_NUMBER         HIRE_DATE JOB_ID         SALARY  
------------------------- -------------------- --------- ---------- ----------  
COMMISSION_PCT MANAGER_ID DEPARTMENT_ID                                         
-------------- ---------- -------------                                         
        161 Sarath               Sewall                                         
SSEWALL                   011.44.1345.529268   03-NOV-06 SA_REP           7000  
           .25        146            80                                         
                                                                                
        162 Clara                Vishney                                        
CVISHNEY                  011.44.1346.129268   11-NOV-05 SA_REP          10500  
           .25        147            80                                         

EMPLOYEE_ID FIRST_NAME           LAST_NAME                                      
----------- -------------------- -------------------------                      
EMAIL                     PHONE_NUMBER         HIRE_DATE JOB_ID         SALARY  
------------------------- -------------------- --------- ---------- ----------  
COMMISSION_PCT MANAGER_ID DEPARTMENT_ID                                         
-------------- ---------- -------------                                         
                                                                                
        163 Danielle             Greene                                         
DGREENE                   011.44.1346.229268   19-MAR-07 SA_REP           9500  
           .15        147            80                                         
                                                                                
        164 Mattea               Marvins                                        
MMARVINS                  011.44.1346.329268   24-JAN-08 SA_REP           7200  

EMPLOYEE_ID FIRST_NAME           LAST_NAME                                      
----------- -------------------- -------------------------                      
EMAIL                     PHONE_NUMBER         HIRE_DATE JOB_ID         SALARY  
------------------------- -------------------- --------- ---------- ----------  
COMMISSION_PCT MANAGER_ID DEPARTMENT_ID                                         
-------------- ---------- -------------                                         
            .1        147            80                                         
                                                                                
        165 David                Lee                                            
DLEE                      011.44.1346.529268   23-FEB-08 SA_REP           6800  
            .1        147            80                                         
                                                                                
        166 Sundar               Ande                                           

EMPLOYEE_ID FIRST_NAME           LAST_NAME                                      
----------- -------------------- -------------------------                      
EMAIL                     PHONE_NUMBER         HIRE_DATE JOB_ID         SALARY  
------------------------- -------------------- --------- ---------- ----------  
COMMISSION_PCT MANAGER_ID DEPARTMENT_ID                                         
-------------- ---------- -------------                                         
SANDE                     011.44.1346.629268   24-MAR-08 SA_REP           6400  
            .1        147            80                                         
                                                                                
        167 Amit                 Banda                                          
ABANDA                    011.44.1346.729268   21-APR-08 SA_REP           6200  
            .1        147            80                                         
                                                                                

EMPLOYEE_ID FIRST_NAME           LAST_NAME                                      
----------- -------------------- -------------------------                      
EMAIL                     PHONE_NUMBER         HIRE_DATE JOB_ID         SALARY  
------------------------- -------------------- --------- ---------- ----------  
COMMISSION_PCT MANAGER_ID DEPARTMENT_ID                                         
-------------- ---------- -------------                                         
        168 Lisa                 Ozer                                           
LOZER                     011.44.1343.929268   11-MAR-05 SA_REP          11500  
           .25        148            80                                         
                                                                                
        169 Harrison             Bloom                                          
HBLOOM                    011.44.1343.829268   23-MAR-06 SA_REP          10000  
            .2        148            80                                         

EMPLOYEE_ID FIRST_NAME           LAST_NAME                                      
----------- -------------------- -------------------------                      
EMAIL                     PHONE_NUMBER         HIRE_DATE JOB_ID         SALARY  
------------------------- -------------------- --------- ---------- ----------  
COMMISSION_PCT MANAGER_ID DEPARTMENT_ID                                         
-------------- ---------- -------------                                         
                                                                                
        170 Tayler               Fox                                            
TFOX                      011.44.1343.729268   24-JAN-06 SA_REP           9600  
            .2        148            80                                         
                                                                                
        171 William              Smith                                          
WSMITH                    011.44.1343.629268   23-FEB-07 SA_REP           7400  

EMPLOYEE_ID FIRST_NAME           LAST_NAME                                      
----------- -------------------- -------------------------                      
EMAIL                     PHONE_NUMBER         HIRE_DATE JOB_ID         SALARY  
------------------------- -------------------- --------- ---------- ----------  
COMMISSION_PCT MANAGER_ID DEPARTMENT_ID                                         
-------------- ---------- -------------                                         
           .15        148            80                                         
                                                                                
        172 Elizabeth            Bates                                          
EBATES                    011.44.1343.529268   24-MAR-07 SA_REP           7300  
           .15        148            80                                         
                                                                                
        173 Sundita              Kumar                                          

EMPLOYEE_ID FIRST_NAME           LAST_NAME                                      
----------- -------------------- -------------------------                      
EMAIL                     PHONE_NUMBER         HIRE_DATE JOB_ID         SALARY  
------------------------- -------------------- --------- ---------- ----------  
COMMISSION_PCT MANAGER_ID DEPARTMENT_ID                                         
-------------- ---------- -------------                                         
SKUMAR                    011.44.1343.329268   21-APR-08 SA_REP           6100  
            .1        148            80                                         
                                                                                
        174 Ellen                Abel                                           
EABEL                     011.44.1644.429267   11-MAY-04 SA_REP          11000  
            .3        149            80                                         
                                                                                

EMPLOYEE_ID FIRST_NAME           LAST_NAME                                      
----------- -------------------- -------------------------                      
EMAIL                     PHONE_NUMBER         HIRE_DATE JOB_ID         SALARY  
------------------------- -------------------- --------- ---------- ----------  
COMMISSION_PCT MANAGER_ID DEPARTMENT_ID                                         
-------------- ---------- -------------                                         
        175 Alyssa               Hutton                                         
AHUTTON                   011.44.1644.429266   19-MAR-05 SA_REP           8800  
           .25        149            80                                         
                                                                                
        176 Jonathon             Taylor                                         
JTAYLOR                   011.44.1644.429265   24-MAR-06 SA_REP           8600  
            .2        149            80                                         

EMPLOYEE_ID FIRST_NAME           LAST_NAME                                      
----------- -------------------- -------------------------                      
EMAIL                     PHONE_NUMBER         HIRE_DATE JOB_ID         SALARY  
------------------------- -------------------- --------- ---------- ----------  
COMMISSION_PCT MANAGER_ID DEPARTMENT_ID                                         
-------------- ---------- -------------                                         
                                                                                
        177 Jack                 Livingston                                     
JLIVINGS                  011.44.1644.429264   23-APR-06 SA_REP           8400  
            .2        149            80                                         
                                                                                
        178 Kimberely            Grant                                          
KGRANT                    011.44.1644.429263   24-MAY-07 SA_REP           7000  

EMPLOYEE_ID FIRST_NAME           LAST_NAME                                      
----------- -------------------- -------------------------                      
EMAIL                     PHONE_NUMBER         HIRE_DATE JOB_ID         SALARY  
------------------------- -------------------- --------- ---------- ----------  
COMMISSION_PCT MANAGER_ID DEPARTMENT_ID                                         
-------------- ---------- -------------                                         
           .15        149                                                       
                                                                                
        179 Charles              Johnson                                        
CJOHNSON                  011.44.1644.429262   04-JAN-08 SA_REP           6200  
            .1        149            80                                         
                                                                                
        180 Winston              Taylor                                         

EMPLOYEE_ID FIRST_NAME           LAST_NAME                                      
----------- -------------------- -------------------------                      
EMAIL                     PHONE_NUMBER         HIRE_DATE JOB_ID         SALARY  
------------------------- -------------------- --------- ---------- ----------  
COMMISSION_PCT MANAGER_ID DEPARTMENT_ID                                         
-------------- ---------- -------------                                         
WTAYLOR                   650.507.9876         24-JAN-06 SH_CLERK         3200  
                      120            50                                         
                                                                                
        181 Jean                 Fleaur                                         
JFLEAUR                   650.507.9877         23-FEB-06 SH_CLERK         3100  
                      120            50                                         
                                                                                

EMPLOYEE_ID FIRST_NAME           LAST_NAME                                      
----------- -------------------- -------------------------                      
EMAIL                     PHONE_NUMBER         HIRE_DATE JOB_ID         SALARY  
------------------------- -------------------- --------- ---------- ----------  
COMMISSION_PCT MANAGER_ID DEPARTMENT_ID                                         
-------------- ---------- -------------                                         
        182 Martha               Sullivan                                       
MSULLIVA                  650.507.9878         21-JUN-07 SH_CLERK         2500  
                      120            50                                         
                                                                                
        183 Girard               Geoni                                          
GGEONI                    650.507.9879         03-FEB-08 SH_CLERK         2800  
                      120            50                                         

EMPLOYEE_ID FIRST_NAME           LAST_NAME                                      
----------- -------------------- -------------------------                      
EMAIL                     PHONE_NUMBER         HIRE_DATE JOB_ID         SALARY  
------------------------- -------------------- --------- ---------- ----------  
COMMISSION_PCT MANAGER_ID DEPARTMENT_ID                                         
-------------- ---------- -------------                                         
                                                                                
        184 Nandita              Sarchand                                       
NSARCHAN                  650.509.1876         27-JAN-04 SH_CLERK         4200  
                      121            50                                         
                                                                                
        185 Alexis               Bull                                           
ABULL                     650.509.2876         20-FEB-05 SH_CLERK         4100  

EMPLOYEE_ID FIRST_NAME           LAST_NAME                                      
----------- -------------------- -------------------------                      
EMAIL                     PHONE_NUMBER         HIRE_DATE JOB_ID         SALARY  
------------------------- -------------------- --------- ---------- ----------  
COMMISSION_PCT MANAGER_ID DEPARTMENT_ID                                         
-------------- ---------- -------------                                         
                      121            50                                         
                                                                                
        186 Julia                Dellinger                                      
JDELLING                  650.509.3876         24-JUN-06 SH_CLERK         3400  
                      121            50                                         
                                                                                
        187 Anthony              Cabrio                                         

EMPLOYEE_ID FIRST_NAME           LAST_NAME                                      
----------- -------------------- -------------------------                      
EMAIL                     PHONE_NUMBER         HIRE_DATE JOB_ID         SALARY  
------------------------- -------------------- --------- ---------- ----------  
COMMISSION_PCT MANAGER_ID DEPARTMENT_ID                                         
-------------- ---------- -------------                                         
ACABRIO                   650.509.4876         07-FEB-07 SH_CLERK         3000  
                      121            50                                         
                                                                                
        188 Kelly                Chung                                          
KCHUNG                    650.505.1876         14-JUN-05 SH_CLERK         3800  
                      122            50                                         
                                                                                

EMPLOYEE_ID FIRST_NAME           LAST_NAME                                      
----------- -------------------- -------------------------                      
EMAIL                     PHONE_NUMBER         HIRE_DATE JOB_ID         SALARY  
------------------------- -------------------- --------- ---------- ----------  
COMMISSION_PCT MANAGER_ID DEPARTMENT_ID                                         
-------------- ---------- -------------                                         
        189 Jennifer             Dilly                                          
JDILLY                    650.505.2876         13-AUG-05 SH_CLERK         3600  
                      122            50                                         
                                                                                
        190 Timothy              Gates                                          
TGATES                    650.505.3876         11-JUL-06 SH_CLERK         2900  
                      122            50                                         

EMPLOYEE_ID FIRST_NAME           LAST_NAME                                      
----------- -------------------- -------------------------                      
EMAIL                     PHONE_NUMBER         HIRE_DATE JOB_ID         SALARY  
------------------------- -------------------- --------- ---------- ----------  
COMMISSION_PCT MANAGER_ID DEPARTMENT_ID                                         
-------------- ---------- -------------                                         
                                                                                
        191 Randall              Perkins                                        
RPERKINS                  650.505.4876         19-DEC-07 SH_CLERK         2500  
                      122            50                                         
                                                                                
        192 Sarah                Bell                                           
SBELL                     650.501.1876         04-FEB-04 SH_CLERK         4000  

EMPLOYEE_ID FIRST_NAME           LAST_NAME                                      
----------- -------------------- -------------------------                      
EMAIL                     PHONE_NUMBER         HIRE_DATE JOB_ID         SALARY  
------------------------- -------------------- --------- ---------- ----------  
COMMISSION_PCT MANAGER_ID DEPARTMENT_ID                                         
-------------- ---------- -------------                                         
                      123            50                                         
                                                                                
        193 Britney              Everett                                        
BEVERETT                  650.501.2876         03-MAR-05 SH_CLERK         3900  
                      123            50                                         
                                                                                
        194 Samuel               McCain                                         

EMPLOYEE_ID FIRST_NAME           LAST_NAME                                      
----------- -------------------- -------------------------                      
EMAIL                     PHONE_NUMBER         HIRE_DATE JOB_ID         SALARY  
------------------------- -------------------- --------- ---------- ----------  
COMMISSION_PCT MANAGER_ID DEPARTMENT_ID                                         
-------------- ---------- -------------                                         
SMCCAIN                   650.501.3876         01-JUL-06 SH_CLERK         3200  
                      123            50                                         
                                                                                
        195 Vance                Jones                                          
VJONES                    650.501.4876         17-MAR-07 SH_CLERK         2800  
                      123            50                                         
                                                                                

EMPLOYEE_ID FIRST_NAME           LAST_NAME                                      
----------- -------------------- -------------------------                      
EMAIL                     PHONE_NUMBER         HIRE_DATE JOB_ID         SALARY  
------------------------- -------------------- --------- ---------- ----------  
COMMISSION_PCT MANAGER_ID DEPARTMENT_ID                                         
-------------- ---------- -------------                                         
        196 Alana                Walsh                                          
AWALSH                    650.507.9811         24-APR-06 SH_CLERK         3100  
                      124            50                                         
                                                                                
        197 Kevin                Feeney                                         
KFEENEY                   650.507.9822         23-MAY-06 SH_CLERK         3000  
                      124            50                                         

EMPLOYEE_ID FIRST_NAME           LAST_NAME                                      
----------- -------------------- -------------------------                      
EMAIL                     PHONE_NUMBER         HIRE_DATE JOB_ID         SALARY  
------------------------- -------------------- --------- ---------- ----------  
COMMISSION_PCT MANAGER_ID DEPARTMENT_ID                                         
-------------- ---------- -------------                                         
                                                                                

107 rows selected.

SQL> select * from jobs;

JOB_ID     JOB_TITLE                           MIN_SALARY MAX_SALARY            
---------- ----------------------------------- ---------- ----------            
AD_PRES    President                                20080      40000            
AD_VP      Administration Vice President            15000      30000            
AD_ASST    Administration Assistant                  3000       6000            
FI_MGR     Finance Manager                           8200      16000            
FI_ACCOUNT Accountant                                4200       9000            
AC_MGR     Accounting Manager                        8200      16000            
AC_ACCOUNT Public Accountant                         4200       9000            
SA_MAN     Sales Manager                            10000      20080            
SA_REP     Sales Representative                      6000      12008            
PU_MAN     Purchasing Manager                        8000      15000            
PU_CLERK   Purchasing Clerk                          2500       5500            

JOB_ID     JOB_TITLE                           MIN_SALARY MAX_SALARY            
---------- ----------------------------------- ---------- ----------            
ST_MAN     Stock Manager                             5500       8500            
ST_CLERK   Stock Clerk                               2008       5000            
SH_CLERK   Shipping Clerk                            2500       5500            
IT_PROG    Programmer                                4000      10000            
MK_MAN     Marketing Manager                         9000      15000            
MK_REP     Marketing Representative                  4000       9000            
HR_REP     Human Resources Representative            4000       9000            
PR_REP     Public Relations Representative           4500      10500            

19 rows selected.

SQL> select * from job_history;

EMPLOYEE_ID START_DAT END_DATE  JOB_ID     DEPARTMENT_ID                        
----------- --------- --------- ---------- -------------                        
        102 13-JAN-01 24-JUL-06 IT_PROG               60                        
        101 21-SEP-97 27-OCT-01 AC_ACCOUNT           110                        
        101 28-OCT-01 15-MAR-05 AC_MGR               110                        
        201 17-FEB-04 19-DEC-07 MK_REP                20                        
        114 24-MAR-06 31-DEC-07 ST_CLERK              50                        
        122 01-JAN-07 31-DEC-07 ST_CLERK              50                        
        200 17-SEP-95 17-JUN-01 AD_ASST               90                        
        176 24-MAR-06 31-DEC-06 SA_REP                80                        
        176 01-JAN-07 31-DEC-07 SA_MAN                80                        
        200 01-JUL-02 31-DEC-06 AC_ACCOUNT            90                        

10 rows selected.

SQL> select * from locations;

LOCATION_ID STREET_ADDRESS                           POSTAL_CODE                
----------- ---------------------------------------- ------------               
CITY                           STATE_PROVINCE            CO                     
------------------------------ ------------------------- --                     
       1000 1297 Via Cola di Rie                     00989                      
Roma                                                     IT                     
                                                                                
       1100 93091 Calle della Testa                  10934                      
Venice                                                   IT                     
                                                                                
       1200 2017 Shinjuku-ku                         1689                       
Tokyo                          Tokyo Prefecture          JP                     
                                                                                

LOCATION_ID STREET_ADDRESS                           POSTAL_CODE                
----------- ---------------------------------------- ------------               
CITY                           STATE_PROVINCE            CO                     
------------------------------ ------------------------- --                     
       1300 9450 Kamiya-cho                          6823                       
Hiroshima                                                JP                     
                                                                                
       1400 2014 Jabberwocky Rd                      26192                      
Southlake                      Texas                     US                     
                                                                                
       1500 2011 Interiors Blvd                      99236                      
South San Francisco            California                US                     
                                                                                

LOCATION_ID STREET_ADDRESS                           POSTAL_CODE                
----------- ---------------------------------------- ------------               
CITY                           STATE_PROVINCE            CO                     
------------------------------ ------------------------- --                     
       1600 2007 Zagora St                           50090                      
South Brunswick                New Jersey                US                     
                                                                                
       1700 2004 Charade Rd                          98199                      
Seattle                        Washington                US                     
                                                                                
       1800 147 Spadina Ave                          M5V 2L7                    
Toronto                        Ontario                   CA                     
                                                                                

LOCATION_ID STREET_ADDRESS                           POSTAL_CODE                
----------- ---------------------------------------- ------------               
CITY                           STATE_PROVINCE            CO                     
------------------------------ ------------------------- --                     
       1900 6092 Boxwood St                          YSW 9T2                    
Whitehorse                     Yukon                     CA                     
                                                                                
       2000 40-5-12 Laogianggen                      190518                     
Beijing                                                  CN                     
                                                                                
       2100 1298 Vileparle (E)                       490231                     
Bombay                         Maharashtra               IN                     
                                                                                

LOCATION_ID STREET_ADDRESS                           POSTAL_CODE                
----------- ---------------------------------------- ------------               
CITY                           STATE_PROVINCE            CO                     
------------------------------ ------------------------- --                     
       2200 12-98 Victoria Street                    2901                       
Sydney                         New South Wales           AU                     
                                                                                
       2300 198 Clementi North                       540198                     
Singapore                                                SG                     
                                                                                
       2400 8204 Arthur St                                                      
London                                                   UK                     
                                                                                

LOCATION_ID STREET_ADDRESS                           POSTAL_CODE                
----------- ---------------------------------------- ------------               
CITY                           STATE_PROVINCE            CO                     
------------------------------ ------------------------- --                     
       2500 Magdalen Centre, The Oxford Science Park OX9 9ZB                    
Oxford                         Oxford                    UK                     
                                                                                
       2600 9702 Chester Road                        09629850293                
Stretford                      Manchester                UK                     
                                                                                
       2700 Schwanthalerstr. 7031                    80925                      
Munich                         Bavaria                   DE                     
                                                                                

LOCATION_ID STREET_ADDRESS                           POSTAL_CODE                
----------- ---------------------------------------- ------------               
CITY                           STATE_PROVINCE            CO                     
------------------------------ ------------------------- --                     
       2800 Rua Frei Caneca 1360                     01307-002                  
Sao Paulo                      Sao Paulo                 BR                     
                                                                                
       2900 20 Rue des Corps-Saints                  1730                       
Geneva                         Geneve                    CH                     
                                                                                
       3000 Murtenstrasse 921                        3095                       
Bern                           BE                        CH                     
                                                                                

LOCATION_ID STREET_ADDRESS                           POSTAL_CODE                
----------- ---------------------------------------- ------------               
CITY                           STATE_PROVINCE            CO                     
------------------------------ ------------------------- --                     
       3100 Pieter Breughelstraat 837                3029SK                     
Utrecht                        Utrecht                   NL                     
                                                                                
       3200 Mariano Escobedo 9991                    11932                      
Mexico City                    Distrito Federal,         MX                     
                                                                                

23 rows selected.

SQL> desc employees
 Name                                      Null?    Type
 ----------------------------------------- -------- ----------------------------
 EMPLOYEE_ID                               NOT NULL NUMBER(6)
 FIRST_NAME                                         VARCHAR2(20)
 LAST_NAME                                 NOT NULL VARCHAR2(25)
 EMAIL                                     NOT NULL VARCHAR2(25)
 PHONE_NUMBER                                       VARCHAR2(20)
 HIRE_DATE                                 NOT NULL DATE
 JOB_ID                                    NOT NULL VARCHAR2(10)
 SALARY                                             NUMBER(8,2)
 COMMISSION_PCT                                     NUMBER(2,2)
 MANAGER_ID                                         NUMBER(6)
 DEPARTMENT_ID                                      NUMBER(4)

SQL> select first_name,salary from employees where salary<=10000 order by 2;

FIRST_NAME               SALARY                                                 
-------------------- ----------                                                 
TJ                         2100                                                 
Hazel                      2200                                                 
Steven                     2200                                                 
James                      2400                                                 
Ki                         2400                                                 
Randall                    2500                                                 
Karen                      2500                                                 
Joshua                     2500                                                 
Peter                      2500                                                 
Martha                     2500                                                 
James                      2500                                                 

FIRST_NAME               SALARY                                                 
-------------------- ----------                                                 
Donald                     2600                                                 
Douglas                    2600                                                 
Guy                        2600                                                 
Randall                    2600                                                 
Irene                      2700                                                 
John                       2700                                                 
Sigal                      2800                                                 
Girard                     2800                                                 
Mozhe                      2800                                                 
Vance                      2800                                                 
Shelli                     2900                                                 

FIRST_NAME               SALARY                                                 
-------------------- ----------                                                 
Michael                    2900                                                 
Timothy                    2900                                                 
Kevin                      3000                                                 
Anthony                    3000                                                 
Jean                       3100                                                 
Alana                      3100                                                 
Alexander                  3100                                                 
Curtis                     3100                                                 
Samuel                     3200                                                 
Julia                      3200                                                 
Stephen                    3200                                                 

FIRST_NAME               SALARY                                                 
-------------------- ----------                                                 
Winston                    3200                                                 
Jason                      3300                                                 
Laura                      3300                                                 
Julia                      3400                                                 
Trenna                     3500                                                 
Jennifer                   3600                                                 
Renske                     3600                                                 
Kelly                      3800                                                 
Britney                    3900                                                 
Sarah                      4000                                                 
Alexis                     4100                                                 

FIRST_NAME               SALARY                                                 
-------------------- ----------                                                 
Diana                      4200                                                 
Nandita                    4200                                                 
Jennifer                   4400                                                 
David                      4800                                                 
Valli                      4800                                                 
Kevin                      5800                                                 
Pat                        6000                                                 
Bruce                      6000                                                 
Sundita                    6100                                                 
Amit                       6200                                                 
Charles                    6200                                                 

FIRST_NAME               SALARY                                                 
-------------------- ----------                                                 
Sundar                     6400                                                 
Shanta                     6500                                                 
Susan                      6500                                                 
David                      6800                                                 
Luis                       6900                                                 
Oliver                     7000                                                 
Kimberely                  7000                                                 
Sarath                     7000                                                 
Mattea                     7200                                                 
Elizabeth                  7300                                                 
William                    7400                                                 

FIRST_NAME               SALARY                                                 
-------------------- ----------                                                 
Nanette                    7500                                                 
Louise                     7500                                                 
Ismael                     7700                                                 
Jose Manuel                7800                                                 
Payam                      7900                                                 
Lindsey                    8000                                                 
Christopher                8000                                                 
Matthew                    8000                                                 
Adam                       8200                                                 
John                       8200                                                 
William                    8300                                                 

FIRST_NAME               SALARY                                                 
-------------------- ----------                                                 
Jack                       8400                                                 
Jonathon                   8600                                                 
Alyssa                     8800                                                 
Daniel                     9000                                                 
Alexander                  9000                                                 
Peter                      9000                                                 
Allan                      9000                                                 
Patrick                    9500                                                 
David                      9500                                                 
Danielle                   9500                                                 
Tayler                     9600                                                 

FIRST_NAME               SALARY                                                 
-------------------- ----------                                                 
Hermann                   10000                                                 
Harrison                  10000                                                 
Janette                   10000                                                 
Peter                     10000                                                 

92 rows selected.

SQL> select first_name "f_n",salary "mon_salary",salary*12 "annual_salary" from employees where salary<=10000 order by 2;

f_n                  mon_salary annual_salary                                   
-------------------- ---------- -------------                                   
TJ                         2100         25200                                   
Hazel                      2200         26400                                   
Steven                     2200         26400                                   
James                      2400         28800                                   
Ki                         2400         28800                                   
Randall                    2500         30000                                   
Karen                      2500         30000                                   
Joshua                     2500         30000                                   
Peter                      2500         30000                                   
Martha                     2500         30000                                   
James                      2500         30000                                   

f_n                  mon_salary annual_salary                                   
-------------------- ---------- -------------                                   
Donald                     2600         31200                                   
Douglas                    2600         31200                                   
Guy                        2600         31200                                   
Randall                    2600         31200                                   
Irene                      2700         32400                                   
John                       2700         32400                                   
Sigal                      2800         33600                                   
Girard                     2800         33600                                   
Mozhe                      2800         33600                                   
Vance                      2800         33600                                   
Shelli                     2900         34800                                   

f_n                  mon_salary annual_salary                                   
-------------------- ---------- -------------                                   
Michael                    2900         34800                                   
Timothy                    2900         34800                                   
Kevin                      3000         36000                                   
Anthony                    3000         36000                                   
Jean                       3100         37200                                   
Alana                      3100         37200                                   
Alexander                  3100         37200                                   
Curtis                     3100         37200                                   
Samuel                     3200         38400                                   
Julia                      3200         38400                                   
Stephen                    3200         38400                                   

f_n                  mon_salary annual_salary                                   
-------------------- ---------- -------------                                   
Winston                    3200         38400                                   
Jason                      3300         39600                                   
Laura                      3300         39600                                   
Julia                      3400         40800                                   
Trenna                     3500         42000                                   
Jennifer                   3600         43200                                   
Renske                     3600         43200                                   
Kelly                      3800         45600                                   
Britney                    3900         46800                                   
Sarah                      4000         48000                                   
Alexis                     4100         49200                                   

f_n                  mon_salary annual_salary                                   
-------------------- ---------- -------------                                   
Diana                      4200         50400                                   
Nandita                    4200         50400                                   
Jennifer                   4400         52800                                   
David                      4800         57600                                   
Valli                      4800         57600                                   
Kevin                      5800         69600                                   
Pat                        6000         72000                                   
Bruce                      6000         72000                                   
Sundita                    6100         73200                                   
Amit                       6200         74400                                   
Charles                    6200         74400                                   

f_n                  mon_salary annual_salary                                   
-------------------- ---------- -------------                                   
Sundar                     6400         76800                                   
Shanta                     6500         78000                                   
Susan                      6500         78000                                   
David                      6800         81600                                   
Luis                       6900         82800                                   
Oliver                     7000         84000                                   
Kimberely                  7000         84000                                   
Sarath                     7000         84000                                   
Mattea                     7200         86400                                   
Elizabeth                  7300         87600                                   
William                    7400         88800                                   

f_n                  mon_salary annual_salary                                   
-------------------- ---------- -------------                                   
Nanette                    7500         90000                                   
Louise                     7500         90000                                   
Ismael                     7700         92400                                   
Jose Manuel                7800         93600                                   
Payam                      7900         94800                                   
Lindsey                    8000         96000                                   
Christopher                8000         96000                                   
Matthew                    8000         96000                                   
Adam                       8200         98400                                   
John                       8200         98400                                   
William                    8300         99600                                   

f_n                  mon_salary annual_salary                                   
-------------------- ---------- -------------                                   
Jack                       8400        100800                                   
Jonathon                   8600        103200                                   
Alyssa                     8800        105600                                   
Daniel                     9000        108000                                   
Alexander                  9000        108000                                   
Peter                      9000        108000                                   
Allan                      9000        108000                                   
Patrick                    9500        114000                                   
David                      9500        114000                                   
Danielle                   9500        114000                                   
Tayler                     9600        115200                                   

f_n                  mon_salary annual_salary                                   
-------------------- ---------- -------------                                   
Hermann                   10000        120000                                   
Harrison                  10000        120000                                   
Janette                   10000        120000                                   
Peter                     10000        120000                                   

92 rows selected.

SQL> desc countries
 Name                                      Null?    Type
 ----------------------------------------- -------- ----------------------------
 COUNTRY_ID                                NOT NULL CHAR(2)
 COUNTRY_NAME                                       VARCHAR2(40)
 REGION_ID                                          NUMBER

SQL> select * from countriees;
select * from countriees
              *
ERROR at line 1:
ORA-00942: table or view does not exist 


SQL> select * from countries;

CO COUNTRY_NAME                              REGION_ID                          
-- ---------------------------------------- ----------                          
AR Argentina                                         2                          
AU Australia                                         3                          
BE Belgium                                           1                          
BR Brazil                                            2                          
CA Canada                                            2                          
CH Switzerland                                       1                          
CN China                                             3                          
DE Germany                                           1                          
DK Denmark                                           1                          
EG Egypt                                             4                          
FR France                                            1                          

CO COUNTRY_NAME                              REGION_ID                          
-- ---------------------------------------- ----------                          
IL Israel                                            4                          
IN India                                             3                          
IT Italy                                             1                          
JP Japan                                             3                          
KW Kuwait                                            4                          
ML Malaysia                                          3                          
MX Mexico                                            2                          
NG Nigeria                                           4                          
NL Netherlands                                       1                          
SG Singapore                                         3                          
UK United Kingdom                                    1                          

CO COUNTRY_NAME                              REGION_ID                          
-- ---------------------------------------- ----------                          
US United States of America                          2                          
ZM Zambia                                            4                          
ZW Zimbabwe                                          4                          

25 rows selected.

SQL> select co,country_name from countries order by 1;
select co,country_name from countries order by 1
       *
ERROR at line 1:
ORA-00904: "CO": invalid identifier 


SQL> select country_id,country_name from countries order by 1;

CO COUNTRY_NAME                                                                 
-- ----------------------------------------                                     
AR Argentina                                                                    
AU Australia                                                                    
BE Belgium                                                                      
BR Brazil                                                                       
CA Canada                                                                       
CH Switzerland                                                                  
CN China                                                                        
DE Germany                                                                      
DK Denmark                                                                      
EG Egypt                                                                        
FR France                                                                       

CO COUNTRY_NAME                                                                 
-- ----------------------------------------                                     
IL Israel                                                                       
IN India                                                                        
IT Italy                                                                        
JP Japan                                                                        
KW Kuwait                                                                       
ML Malaysia                                                                     
MX Mexico                                                                       
NG Nigeria                                                                      
NL Netherlands                                                                  
SG Singapore                                                                    
UK United Kingdom                                                               

CO COUNTRY_NAME                                                                 
-- ----------------------------------------                                     
US United States of America                                                     
ZM Zambia                                                                       
ZW Zimbabwe                                                                     

25 rows selected.

SQL> desc countries
 Name                                      Null?    Type
 ----------------------------------------- -------- ----------------------------
 COUNTRY_ID                                NOT NULL CHAR(2)
 COUNTRY_NAME                                       VARCHAR2(40)
 REGION_ID                                          NUMBER

SQL> desc departents
ERROR:
ORA-04043: object departents does not exist 


SQL> desc departments
 Name                                      Null?    Type
 ----------------------------------------- -------- ----------------------------
 DEPARTMENT_ID                             NOT NULL NUMBER(4)
 DEPARTMENT_NAME                           NOT NULL VARCHAR2(30)
 MANAGER_ID                                         NUMBER(6)
 LOCATION_ID                                        NUMBER(4)

SQL> select department_id,department_name from departements;
select department_id,department_name from departements
                                          *
ERROR at line 1:
ORA-00942: table or view does not exist 


SQL> select department_id,department_name from departments;

DEPARTMENT_ID DEPARTMENT_NAME                                                   
------------- ------------------------------                                    
           10 Administration                                                    
           20 Marketing                                                         
           30 Purchasing                                                        
           40 Human Resources                                                   
           50 Shipping                                                          
           60 IT                                                                
           70 Public Relations                                                  
           80 Sales                                                             
           90 Executive                                                         
          100 Finance                                                           
          110 Accounting                                                        

DEPARTMENT_ID DEPARTMENT_NAME                                                   
------------- ------------------------------                                    
          120 Treasury                                                          
          130 Corporate Tax                                                     
          140 Control And Credit                                                
          150 Shareholder Services                                              
          160 Benefits                                                          
          170 Manufacturing                                                     
          180 Construction                                                      
          190 Contracting                                                       
          200 Operations                                                        
          210 IT Support                                                        
          220 NOC                                                               

DEPARTMENT_ID DEPARTMENT_NAME                                                   
------------- ------------------------------                                    
          230 IT Helpdesk                                                       
          240 Government Sales                                                  
          250 Retail Sales                                                      
          260 Recruiting                                                        
          270 Payroll                                                           

27 rows selected.

SQL> select department_id,department_name from departments order by 2;

DEPARTMENT_ID DEPARTMENT_NAME                                                   
------------- ------------------------------                                    
          110 Accounting                                                        
           10 Administration                                                    
          160 Benefits                                                          
          180 Construction                                                      
          190 Contracting                                                       
          140 Control And Credit                                                
          130 Corporate Tax                                                     
           90 Executive                                                         
          100 Finance                                                           
          240 Government Sales                                                  
           40 Human Resources                                                   

DEPARTMENT_ID DEPARTMENT_NAME                                                   
------------- ------------------------------                                    
           60 IT                                                                
          230 IT Helpdesk                                                       
          210 IT Support                                                        
          170 Manufacturing                                                     
           20 Marketing                                                         
          220 NOC                                                               
          200 Operations                                                        
          270 Payroll                                                           
           70 Public Relations                                                  
           30 Purchasing                                                        
          260 Recruiting                                                        

DEPARTMENT_ID DEPARTMENT_NAME                                                   
------------- ------------------------------                                    
          250 Retail Sales                                                      
           80 Sales                                                             
          150 Shareholder Services                                              
           50 Shipping                                                          
          120 Treasury                                                          

27 rows selected.

SQL> select department_id D_Id,department_name D_Name from departments order by 2;

      D_ID D_NAME                                                               
---------- ------------------------------                                       
       110 Accounting                                                           
        10 Administration                                                       
       160 Benefits                                                             
       180 Construction                                                         
       190 Contracting                                                          
       140 Control And Credit                                                   
       130 Corporate Tax                                                        
        90 Executive                                                            
       100 Finance                                                              
       240 Government Sales                                                     
        40 Human Resources                                                      

      D_ID D_NAME                                                               
---------- ------------------------------                                       
        60 IT                                                                   
       230 IT Helpdesk                                                          
       210 IT Support                                                           
       170 Manufacturing                                                        
        20 Marketing                                                            
       220 NOC                                                                  
       200 Operations                                                           
       270 Payroll                                                              
        70 Public Relations                                                     
        30 Purchasing                                                           
       260 Recruiting                                                           

      D_ID D_NAME                                                               
---------- ------------------------------                                       
       250 Retail Sales                                                         
        80 Sales                                                                
       150 Shareholder Services                                                 
        50 Shipping                                                             
       120 Treasury                                                             

27 rows selected.

SQL> select department_id "@id",department_name "@name" from departments order by 2;

       @id @name                                                                
---------- ------------------------------                                       
       110 Accounting                                                           
        10 Administration                                                       
       160 Benefits                                                             
       180 Construction                                                         
       190 Contracting                                                          
       140 Control And Credit                                                   
       130 Corporate Tax                                                        
        90 Executive                                                            
       100 Finance                                                              
       240 Government Sales                                                     
        40 Human Resources                                                      

       @id @name                                                                
---------- ------------------------------                                       
        60 IT                                                                   
       230 IT Helpdesk                                                          
       210 IT Support                                                           
       170 Manufacturing                                                        
        20 Marketing                                                            
       220 NOC                                                                  
       200 Operations                                                           
       270 Payroll                                                              
        70 Public Relations                                                     
        30 Purchasing                                                           
       260 Recruiting                                                           

       @id @name                                                                
---------- ------------------------------                                       
       250 Retail Sales                                                         
        80 Sales                                                                
       150 Shareholder Services                                                 
        50 Shipping                                                             
       120 Treasury                                                             

27 rows selected.

SQL> desc jobs
 Name                                      Null?    Type
 ----------------------------------------- -------- ----------------------------
 JOB_ID                                    NOT NULL VARCHAR2(10)
 JOB_TITLE                                 NOT NULL VARCHAR2(35)
 MIN_SALARY                                         NUMBER(6)
 MAX_SALARY                                         NUMBER(6)

SQL> select job_id,min_salary from jobs where min_salary<10000;

JOB_ID     MIN_SALARY                                                           
---------- ----------                                                           
AD_ASST          3000                                                           
FI_MGR           8200                                                           
FI_ACCOUNT       4200                                                           
AC_MGR           8200                                                           
AC_ACCOUNT       4200                                                           
SA_REP           6000                                                           
PU_MAN           8000                                                           
PU_CLERK         2500                                                           
ST_MAN           5500                                                           
ST_CLERK         2008                                                           
SH_CLERK         2500                                                           

JOB_ID     MIN_SALARY                                                           
---------- ----------                                                           
IT_PROG          4000                                                           
MK_MAN           9000                                                           
MK_REP           4000                                                           
HR_REP           4000                                                           
PR_REP           4500                                                           

16 rows selected.

SQL> select job_id,min_salary from jobs where min_salary<10000 order by 2;

JOB_ID     MIN_SALARY                                                           
---------- ----------                                                           
ST_CLERK         2008                                                           
SH_CLERK         2500                                                           
PU_CLERK         2500                                                           
AD_ASST          3000                                                           
HR_REP           4000                                                           
MK_REP           4000                                                           
IT_PROG          4000                                                           
AC_ACCOUNT       4200                                                           
FI_ACCOUNT       4200                                                           
PR_REP           4500                                                           
ST_MAN           5500                                                           

JOB_ID     MIN_SALARY                                                           
---------- ----------                                                           
SA_REP           6000                                                           
PU_MAN           8000                                                           
FI_MGR           8200                                                           
AC_MGR           8200                                                           
MK_MAN           9000                                                           

16 rows selected.

SQL> select job_id "@id",min_salary "@salary" from jobs where min_salary<10000 order by 2;

@id           @salary                                                           
---------- ----------                                                           
ST_CLERK         2008                                                           
SH_CLERK         2500                                                           
PU_CLERK         2500                                                           
AD_ASST          3000                                                           
HR_REP           4000                                                           
MK_REP           4000                                                           
IT_PROG          4000                                                           
AC_ACCOUNT       4200                                                           
FI_ACCOUNT       4200                                                           
PR_REP           4500                                                           
ST_MAN           5500                                                           

@id           @salary                                                           
---------- ----------                                                           
SA_REP           6000                                                           
PU_MAN           8000                                                           
FI_MGR           8200                                                           
AC_MGR           8200                                                           
MK_MAN           9000                                                           

16 rows selected.

SQL> select job_id "@id",min_salary "@min_salary",max_salary "@max_salary" from jobs where min_salary<10000 and max_salary>20000 order by 2;

no rows selected

SQL> select job_id "@id",min_salary "@min_salary",max_salary "@max_salary" from jobs where min_salary<10000 and max_salary>2000 order by 2;

@id        @min_salary @max_salary                                              
---------- ----------- -----------                                              
ST_CLERK          2008        5000                                              
SH_CLERK          2500        5500                                              
PU_CLERK          2500        5500                                              
AD_ASST           3000        6000                                              
HR_REP            4000        9000                                              
MK_REP            4000        9000                                              
IT_PROG           4000       10000                                              
AC_ACCOUNT        4200        9000                                              
FI_ACCOUNT        4200        9000                                              
PR_REP            4500       10500                                              
ST_MAN            5500        8500                                              

@id        @min_salary @max_salary                                              
---------- ----------- -----------                                              
SA_REP            6000       12008                                              
PU_MAN            8000       15000                                              
FI_MGR            8200       16000                                              
AC_MGR            8200       16000                                              
MK_MAN            9000       15000                                              

16 rows selected.

SQL> desc job_history
 Name                                      Null?    Type
 ----------------------------------------- -------- ----------------------------
 EMPLOYEE_ID                               NOT NULL NUMBER(6)
 START_DATE                                NOT NULL DATE
 END_DATE                                  NOT NULL DATE
 JOB_ID                                    NOT NULL VARCHAR2(10)
 DEPARTMENT_ID                                      NUMBER(4)

SQL> select employee_id,job_id,department_id from job_history;

EMPLOYEE_ID JOB_ID     DEPARTMENT_ID                                            
----------- ---------- -------------                                            
        102 IT_PROG               60                                            
        101 AC_ACCOUNT           110                                            
        101 AC_MGR               110                                            
        201 MK_REP                20                                            
        114 ST_CLERK              50                                            
        122 ST_CLERK              50                                            
        200 AD_ASST               90                                            
        176 SA_REP                80                                            
        176 SA_MAN                80                                            
        200 AC_ACCOUNT            90                                            

10 rows selected.

SQL> select * from job_history;

EMPLOYEE_ID START_DAT END_DATE  JOB_ID     DEPARTMENT_ID                        
----------- --------- --------- ---------- -------------                        
        102 13-JAN-01 24-JUL-06 IT_PROG               60                        
        101 21-SEP-97 27-OCT-01 AC_ACCOUNT           110                        
        101 28-OCT-01 15-MAR-05 AC_MGR               110                        
        201 17-FEB-04 19-DEC-07 MK_REP                20                        
        114 24-MAR-06 31-DEC-07 ST_CLERK              50                        
        122 01-JAN-07 31-DEC-07 ST_CLERK              50                        
        200 17-SEP-95 17-JUN-01 AD_ASST               90                        
        176 24-MAR-06 31-DEC-06 SA_REP                80                        
        176 01-JAN-07 31-DEC-07 SA_MAN                80                        
        200 01-JUL-02 31-DEC-06 AC_ACCOUNT            90                        

10 rows selected.

SQL> desc locations
 Name                                      Null?    Type
 ----------------------------------------- -------- ----------------------------
 LOCATION_ID                               NOT NULL NUMBER(4)
 STREET_ADDRESS                                     VARCHAR2(40)
 POSTAL_CODE                                        VARCHAR2(12)
 CITY                                      NOT NULL VARCHAR2(30)
 STATE_PROVINCE                                     VARCHAR2(25)
 COUNTRY_ID                                         CHAR(2)

SQL> desc regions
 Name                                      Null?    Type
 ----------------------------------------- -------- ----------------------------
 REGION_ID                                 NOT NULL NUMBER
 REGION_NAME                                        VARCHAR2(25)

SQL> select * regions;
select * regions
         *
ERROR at line 1:
ORA-00923: FROM keyword not found where expected 


SQL> select * regions;
select * regions
         *
ERROR at line 1:
ORA-00923: FROM keyword not found where expected 


SQL> select * from  regions;

 REGION_ID REGION_NAME                                                          
---------- -------------------------                                            
         1 Europe                                                               
         2 Americas                                                             
         3 Asia                                                                 
         4 Middle East and Africa                                               

SQL> select * from  regions order by 2;

 REGION_ID REGION_NAME                                                          
---------- -------------------------                                            
         2 Americas                                                             
         3 Asia                                                                 
         1 Europe                                                               
         4 Middle East and Africa                                               

SQL> desc locations
 Name                                      Null?    Type
 ----------------------------------------- -------- ----------------------------
 LOCATION_ID                               NOT NULL NUMBER(4)
 STREET_ADDRESS                                     VARCHAR2(40)
 POSTAL_CODE                                        VARCHAR2(12)
 CITY                                      NOT NULL VARCHAR2(30)
 STATE_PROVINCE                                     VARCHAR2(25)
 COUNTRY_ID                                         CHAR(2)

SQL> select location_id,city,country_id from locations;

LOCATION_ID CITY                           CO                                   
----------- ------------------------------ --                                   
       1000 Roma                           IT                                   
       1100 Venice                         IT                                   
       1200 Tokyo                          JP                                   
       1300 Hiroshima                      JP                                   
       1400 Southlake                      US                                   
       1500 South San Francisco            US                                   
       1600 South Brunswick                US                                   
       1700 Seattle                        US                                   
       1800 Toronto                        CA                                   
       1900 Whitehorse                     CA                                   
       2000 Beijing                        CN                                   

LOCATION_ID CITY                           CO                                   
----------- ------------------------------ --                                   
       2100 Bombay                         IN                                   
       2200 Sydney                         AU                                   
       2300 Singapore                      SG                                   
       2400 London                         UK                                   
       2500 Oxford                         UK                                   
       2600 Stretford                      UK                                   
       2700 Munich                         DE                                   
       2800 Sao Paulo                      BR                                   
       2900 Geneva                         CH                                   
       3000 Bern                           CH                                   
       3100 Utrecht                        NL                                   

LOCATION_ID CITY                           CO                                   
----------- ------------------------------ --                                   
       3200 Mexico City                    MX                                   

23 rows selected.

SQL> select location_id,country_id,city from locations;

LOCATION_ID CO CITY                                                             
----------- -- ------------------------------                                   
       1000 IT Roma                                                             
       1100 IT Venice                                                           
       1200 JP Tokyo                                                            
       1300 JP Hiroshima                                                        
       1400 US Southlake                                                        
       1500 US South San Francisco                                              
       1600 US South Brunswick                                                  
       1700 US Seattle                                                          
       1800 CA Toronto                                                          
       1900 CA Whitehorse                                                       
       2000 CN Beijing                                                          

LOCATION_ID CO CITY                                                             
----------- -- ------------------------------                                   
       2100 IN Bombay                                                           
       2200 AU Sydney                                                           
       2300 SG Singapore                                                        
       2400 UK London                                                           
       2500 UK Oxford                                                           
       2600 UK Stretford                                                        
       2700 DE Munich                                                           
       2800 BR Sao Paulo                                                        
       2900 CH Geneva                                                           
       3000 CH Bern                                                             
       3100 NL Utrecht                                                          

LOCATION_ID CO CITY                                                             
----------- -- ------------------------------                                   
       3200 MX Mexico City                                                      

23 rows selected.

SQL> select location_id "@loc_id",country_id "@co_id",city from locations where location_id>2000;

   @loc_id @c CITY                                                              
---------- -- ------------------------------                                    
      2100 IN Bombay                                                            
      2200 AU Sydney                                                            
      2300 SG Singapore                                                         
      2400 UK London                                                            
      2500 UK Oxford                                                            
      2600 UK Stretford                                                         
      2700 DE Munich                                                            
      2800 BR Sao Paulo                                                         
      2900 CH Geneva                                                            
      3000 CH Bern                                                              
      3100 NL Utrecht                                                           

   @loc_id @c CITY                                                              
---------- -- ------------------------------                                    
      3200 MX Mexico City                                                       

12 rows selected.

SQL> spool off
