SQL> show user
USER is "HR"
SQL> rem character functions
SQL> 
SQL> 
SQL> 
SQL> 
SQL> select first_name,upper(first_name) "Capital",lower(first_name) "Small" from employees;

FIRST_NAME           Capital              Small                                 
-------------------- -------------------- --------------------                  
Ellen                ELLEN                ellen                                 
Sundar               SUNDAR               sundar                                
Mozhe                MOZHE                mozhe                                 
David                DAVID                david                                 
Hermann              HERMANN              hermann                               
Shelli               SHELLI               shelli                                
Amit                 AMIT                 amit                                  
Elizabeth            ELIZABETH            elizabeth                             
Sarah                SARAH                sarah                                 
David                DAVID                david                                 
Laura                LAURA                laura                                 

FIRST_NAME           Capital              Small                                 
-------------------- -------------------- --------------------                  
Harrison             HARRISON             harrison                              
Alexis               ALEXIS               alexis                                
Anthony              ANTHONY              anthony                               
Gerald               GERALD               gerald                                
Nanette              NANETTE              nanette                               
John                 JOHN                 john                                  
Kelly                KELLY                kelly                                 
Karen                KAREN                karen                                 
Curtis               CURTIS               curtis                                
Lex                  LEX                  lex                                   
Julia                JULIA                julia                                 

FIRST_NAME           Capital              Small                                 
-------------------- -------------------- --------------------                  
Jennifer             JENNIFER             jennifer                              
Louise               LOUISE               louise                                
Bruce                BRUCE                bruce                                 
Alberto              ALBERTO              alberto                               
Britney              BRITNEY              britney                               
Daniel               DANIEL               daniel                                
Pat                  PAT                  pat                                   
Kevin                KEVIN                kevin                                 
Jean                 JEAN                 jean                                  
Tayler               TAYLER               tayler                                
Adam                 ADAM                 adam                                  

FIRST_NAME           Capital              Small                                 
-------------------- -------------------- --------------------                  
Timothy              TIMOTHY              timothy                               
Ki                   KI                   ki                                    
Girard               GIRARD               girard                                
William              WILLIAM              william                               
Douglas              DOUGLAS              douglas                               
Kimberely            KIMBERELY            kimberely                             
Nancy                NANCY                nancy                                 
Danielle             DANIELLE             danielle                              
Peter                PETER                peter                                 
Michael              MICHAEL              michael                               
Shelley              SHELLEY              shelley                               

FIRST_NAME           Capital              Small                                 
-------------------- -------------------- --------------------                  
Guy                  GUY                  guy                                   
Alexander            ALEXANDER            alexander                             
Alyssa               ALYSSA               alyssa                                
Charles              CHARLES              charles                               
Vance                VANCE                vance                                 
Payam                PAYAM                payam                                 
Alexander            ALEXANDER            alexander                             
Janette              JANETTE              janette                               
Steven               STEVEN               steven                                
Neena                NEENA                neena                                 
Sundita              SUNDITA              sundita                               

FIRST_NAME           Capital              Small                                 
-------------------- -------------------- --------------------                  
Renske               RENSKE               renske                                
James                JAMES                james                                 
David                DAVID                david                                 
Jack                 JACK                 jack                                  
Diana                DIANA                diana                                 
Jason                JASON                jason                                 
Steven               STEVEN               steven                                
James                JAMES                james                                 
Mattea               MATTEA               mattea                                
Randall              RANDALL              randall                               
Susan                SUSAN                susan                                 

FIRST_NAME           Capital              Small                                 
-------------------- -------------------- --------------------                  
Samuel               SAMUEL               samuel                                
Allan                ALLAN                allan                                 
Irene                IRENE                irene                                 
Kevin                KEVIN                kevin                                 
Julia                JULIA                julia                                 
Donald               DONALD               donald                                
Christopher          CHRISTOPHER          christopher                           
TJ                   TJ                   tj                                    
Lisa                 LISA                 lisa                                  
Karen                KAREN                karen                                 
Valli                VALLI                valli                                 

FIRST_NAME           Capital              Small                                 
-------------------- -------------------- --------------------                  
Joshua               JOSHUA               joshua                                
Randall              RANDALL              randall                               
Hazel                HAZEL                hazel                                 
Luis                 LUIS                 luis                                  
Trenna               TRENNA               trenna                                
Den                  DEN                  den                                   
Michael              MICHAEL              michael                               
John                 JOHN                 john                                  
Nandita              NANDITA              nandita                               
Ismael               ISMAEL               ismael                                
John                 JOHN                 john                                  

FIRST_NAME           Capital              Small                                 
-------------------- -------------------- --------------------                  
Sarath               SARATH               sarath                                
Lindsey              LINDSEY              lindsey                               
William              WILLIAM              william                               
Stephen              STEPHEN              stephen                               
Martha               MARTHA               martha                                
Patrick              PATRICK              patrick                               
Jonathon             JONATHON             jonathon                              
Winston              WINSTON              winston                               
Sigal                SIGAL                sigal                                 
Peter                PETER                peter                                 
Oliver               OLIVER               oliver                                

FIRST_NAME           Capital              Small                                 
-------------------- -------------------- --------------------                  
Jose Manuel          JOSE MANUEL          jose manuel                           
Peter                PETER                peter                                 
Clara                CLARA                clara                                 
Shanta               SHANTA               shanta                                
Alana                ALANA                alana                                 
Matthew              MATTHEW              matthew                               
Jennifer             JENNIFER             jennifer                              
Eleni                ELENI                eleni                                 

107 rows selected.

SQL> select first_name,upper(first_name),lower(first_name) from employees;

FIRST_NAME           UPPER(FIRST_NAME)    LOWER(FIRST_NAME)                     
-------------------- -------------------- --------------------                  
Ellen                ELLEN                ellen                                 
Sundar               SUNDAR               sundar                                
Mozhe                MOZHE                mozhe                                 
David                DAVID                david                                 
Hermann              HERMANN              hermann                               
Shelli               SHELLI               shelli                                
Amit                 AMIT                 amit                                  
Elizabeth            ELIZABETH            elizabeth                             
Sarah                SARAH                sarah                                 
David                DAVID                david                                 
Laura                LAURA                laura                                 

FIRST_NAME           UPPER(FIRST_NAME)    LOWER(FIRST_NAME)                     
-------------------- -------------------- --------------------                  
Harrison             HARRISON             harrison                              
Alexis               ALEXIS               alexis                                
Anthony              ANTHONY              anthony                               
Gerald               GERALD               gerald                                
Nanette              NANETTE              nanette                               
John                 JOHN                 john                                  
Kelly                KELLY                kelly                                 
Karen                KAREN                karen                                 
Curtis               CURTIS               curtis                                
Lex                  LEX                  lex                                   
Julia                JULIA                julia                                 

FIRST_NAME           UPPER(FIRST_NAME)    LOWER(FIRST_NAME)                     
-------------------- -------------------- --------------------                  
Jennifer             JENNIFER             jennifer                              
Louise               LOUISE               louise                                
Bruce                BRUCE                bruce                                 
Alberto              ALBERTO              alberto                               
Britney              BRITNEY              britney                               
Daniel               DANIEL               daniel                                
Pat                  PAT                  pat                                   
Kevin                KEVIN                kevin                                 
Jean                 JEAN                 jean                                  
Tayler               TAYLER               tayler                                
Adam                 ADAM                 adam                                  

FIRST_NAME           UPPER(FIRST_NAME)    LOWER(FIRST_NAME)                     
-------------------- -------------------- --------------------                  
Timothy              TIMOTHY              timothy                               
Ki                   KI                   ki                                    
Girard               GIRARD               girard                                
William              WILLIAM              william                               
Douglas              DOUGLAS              douglas                               
Kimberely            KIMBERELY            kimberely                             
Nancy                NANCY                nancy                                 
Danielle             DANIELLE             danielle                              
Peter                PETER                peter                                 
Michael              MICHAEL              michael                               
Shelley              SHELLEY              shelley                               

FIRST_NAME           UPPER(FIRST_NAME)    LOWER(FIRST_NAME)                     
-------------------- -------------------- --------------------                  
Guy                  GUY                  guy                                   
Alexander            ALEXANDER            alexander                             
Alyssa               ALYSSA               alyssa                                
Charles              CHARLES              charles                               
Vance                VANCE                vance                                 
Payam                PAYAM                payam                                 
Alexander            ALEXANDER            alexander                             
Janette              JANETTE              janette                               
Steven               STEVEN               steven                                
Neena                NEENA                neena                                 
Sundita              SUNDITA              sundita                               

FIRST_NAME           UPPER(FIRST_NAME)    LOWER(FIRST_NAME)                     
-------------------- -------------------- --------------------                  
Renske               RENSKE               renske                                
James                JAMES                james                                 
David                DAVID                david                                 
Jack                 JACK                 jack                                  
Diana                DIANA                diana                                 
Jason                JASON                jason                                 
Steven               STEVEN               steven                                
James                JAMES                james                                 
Mattea               MATTEA               mattea                                
Randall              RANDALL              randall                               
Susan                SUSAN                susan                                 

FIRST_NAME           UPPER(FIRST_NAME)    LOWER(FIRST_NAME)                     
-------------------- -------------------- --------------------                  
Samuel               SAMUEL               samuel                                
Allan                ALLAN                allan                                 
Irene                IRENE                irene                                 
Kevin                KEVIN                kevin                                 
Julia                JULIA                julia                                 
Donald               DONALD               donald                                
Christopher          CHRISTOPHER          christopher                           
TJ                   TJ                   tj                                    
Lisa                 LISA                 lisa                                  
Karen                KAREN                karen                                 
Valli                VALLI                valli                                 

FIRST_NAME           UPPER(FIRST_NAME)    LOWER(FIRST_NAME)                     
-------------------- -------------------- --------------------                  
Joshua               JOSHUA               joshua                                
Randall              RANDALL              randall                               
Hazel                HAZEL                hazel                                 
Luis                 LUIS                 luis                                  
Trenna               TRENNA               trenna                                
Den                  DEN                  den                                   
Michael              MICHAEL              michael                               
John                 JOHN                 john                                  
Nandita              NANDITA              nandita                               
Ismael               ISMAEL               ismael                                
John                 JOHN                 john                                  

FIRST_NAME           UPPER(FIRST_NAME)    LOWER(FIRST_NAME)                     
-------------------- -------------------- --------------------                  
Sarath               SARATH               sarath                                
Lindsey              LINDSEY              lindsey                               
William              WILLIAM              william                               
Stephen              STEPHEN              stephen                               
Martha               MARTHA               martha                                
Patrick              PATRICK              patrick                               
Jonathon             JONATHON             jonathon                              
Winston              WINSTON              winston                               
Sigal                SIGAL                sigal                                 
Peter                PETER                peter                                 
Oliver               OLIVER               oliver                                

FIRST_NAME           UPPER(FIRST_NAME)    LOWER(FIRST_NAME)                     
-------------------- -------------------- --------------------                  
Jose Manuel          JOSE MANUEL          jose manuel                           
Peter                PETER                peter                                 
Clara                CLARA                clara                                 
Shanta               SHANTA               shanta                                
Alana                ALANA                alana                                 
Matthew              MATTHEW              matthew                               
Jennifer             JENNIFER             jennifer                              
Eleni                ELENI                eleni                                 

107 rows selected.

SQL> 
SQL> 
SQL> 
SQL> 
SQL> 
SQL> rem select first_name,upper(first_name),lower(first_name) from employees;
SQL> 
SQL> 
SQL> 
SQL> 
SQL> 
SQL> 
SQL> select trim('a' from 'aaraviaa') from dual;

TRIM                                                                            
----                                                                            
ravi                                                                            

SQL> select trim('a' from 'aaraviaaAAAaaaa') from dual;

TRIM('A'F                                                                       
---------                                                                       
raviaaAAA                                                                       

SQL> 
SQL> 
SQL> rem trim is case sensitive
SQL> 
SQL> 
SQL> 
SQL> select ltrim('aaaaraviaaa,'a') from dual;
ERROR:
ORA-01756: quoted string not properly terminated 


SQL> select ltrim('aaaaraviaaa','a') from dual;

LTRIM('                                                                         
-------                                                                         
raviaaa                                                                         

SQL> select rtrim('aaaaraviaaa','a') from dual;

RTRIM('A                                                                        
--------                                                                        
aaaaravi                                                                        

SQL> select first_name,salary,lpad(salary,10,'*') from employees;

FIRST_NAME               SALARY LPAD(SALAR                                      
-------------------- ---------- ----------                                      
Donald                     2600 ******2600                                      
Douglas                    2600 ******2600                                      
Jennifer                   4400 ******4400                                      
Michael                   13000 *****13000                                      
Pat                        6000 ******6000                                      
Susan                      6500 ******6500                                      
Hermann                   10000 *****10000                                      
Shelley                   12008 *****12008                                      
William                    8300 ******8300                                      
Steven                    24000 *****24000                                      
Neena                     17000 *****17000                                      

FIRST_NAME               SALARY LPAD(SALAR                                      
-------------------- ---------- ----------                                      
Lex                       17000 *****17000                                      
Alexander                  9000 ******9000                                      
Bruce                      6000 ******6000                                      
David                      4800 ******4800                                      
Valli                      4800 ******4800                                      
Diana                      4200 ******4200                                      
Nancy                     12008 *****12008                                      
Daniel                     9000 ******9000                                      
John                       8200 ******8200                                      
Ismael                     7700 ******7700                                      
Jose Manuel                7800 ******7800                                      

FIRST_NAME               SALARY LPAD(SALAR                                      
-------------------- ---------- ----------                                      
Luis                       6900 ******6900                                      
Den                       11000 *****11000                                      
Alexander                  3100 ******3100                                      
Shelli                     2900 ******2900                                      
Sigal                      2800 ******2800                                      
Guy                        2600 ******2600                                      
Karen                      2500 ******2500                                      
Matthew                    8000 ******8000                                      
Adam                       8200 ******8200                                      
Payam                      7900 ******7900                                      
Shanta                     6500 ******6500                                      

FIRST_NAME               SALARY LPAD(SALAR                                      
-------------------- ---------- ----------                                      
Kevin                      5800 ******5800                                      
Julia                      3200 ******3200                                      
Irene                      2700 ******2700                                      
James                      2400 ******2400                                      
Steven                     2200 ******2200                                      
Laura                      3300 ******3300                                      
Mozhe                      2800 ******2800                                      
James                      2500 ******2500                                      
TJ                         2100 ******2100                                      
Jason                      3300 ******3300                                      
Michael                    2900 ******2900                                      

FIRST_NAME               SALARY LPAD(SALAR                                      
-------------------- ---------- ----------                                      
Ki                         2400 ******2400                                      
Hazel                      2200 ******2200                                      
Renske                     3600 ******3600                                      
Stephen                    3200 ******3200                                      
John                       2700 ******2700                                      
Joshua                     2500 ******2500                                      
Trenna                     3500 ******3500                                      
Curtis                     3100 ******3100                                      
Randall                    2600 ******2600                                      
Peter                      2500 ******2500                                      
John                      14000 *****14000                                      

FIRST_NAME               SALARY LPAD(SALAR                                      
-------------------- ---------- ----------                                      
Karen                     13500 *****13500                                      
Alberto                   12000 *****12000                                      
Gerald                    11000 *****11000                                      
Eleni                     10500 *****10500                                      
Peter                     10000 *****10000                                      
David                      9500 ******9500                                      
Peter                      9000 ******9000                                      
Christopher                8000 ******8000                                      
Nanette                    7500 ******7500                                      
Oliver                     7000 ******7000                                      
Janette                   10000 *****10000                                      

FIRST_NAME               SALARY LPAD(SALAR                                      
-------------------- ---------- ----------                                      
Patrick                    9500 ******9500                                      
Allan                      9000 ******9000                                      
Lindsey                    8000 ******8000                                      
Louise                     7500 ******7500                                      
Sarath                     7000 ******7000                                      
Clara                     10500 *****10500                                      
Danielle                   9500 ******9500                                      
Mattea                     7200 ******7200                                      
David                      6800 ******6800                                      
Sundar                     6400 ******6400                                      
Amit                       6200 ******6200                                      

FIRST_NAME               SALARY LPAD(SALAR                                      
-------------------- ---------- ----------                                      
Lisa                      11500 *****11500                                      
Harrison                  10000 *****10000                                      
Tayler                     9600 ******9600                                      
William                    7400 ******7400                                      
Elizabeth                  7300 ******7300                                      
Sundita                    6100 ******6100                                      
Ellen                     11000 *****11000                                      
Alyssa                     8800 ******8800                                      
Jonathon                   8600 ******8600                                      
Jack                       8400 ******8400                                      
Kimberely                  7000 ******7000                                      

FIRST_NAME               SALARY LPAD(SALAR                                      
-------------------- ---------- ----------                                      
Charles                    6200 ******6200                                      
Winston                    3200 ******3200                                      
Jean                       3100 ******3100                                      
Martha                     2500 ******2500                                      
Girard                     2800 ******2800                                      
Nandita                    4200 ******4200                                      
Alexis                     4100 ******4100                                      
Julia                      3400 ******3400                                      
Anthony                    3000 ******3000                                      
Kelly                      3800 ******3800                                      
Jennifer                   3600 ******3600                                      

FIRST_NAME               SALARY LPAD(SALAR                                      
-------------------- ---------- ----------                                      
Timothy                    2900 ******2900                                      
Randall                    2500 ******2500                                      
Sarah                      4000 ******4000                                      
Britney                    3900 ******3900                                      
Samuel                     3200 ******3200                                      
Vance                      2800 ******2800                                      
Alana                      3100 ******3100                                      
Kevin                      3000 ******3000                                      

107 rows selected.

SQL> select first_name,salary,rpad(salary,10,'*') from employees;

FIRST_NAME               SALARY RPAD(SALAR                                      
-------------------- ---------- ----------                                      
Donald                     2600 2600******                                      
Douglas                    2600 2600******                                      
Jennifer                   4400 4400******                                      
Michael                   13000 13000*****                                      
Pat                        6000 6000******                                      
Susan                      6500 6500******                                      
Hermann                   10000 10000*****                                      
Shelley                   12008 12008*****                                      
William                    8300 8300******                                      
Steven                    24000 24000*****                                      
Neena                     17000 17000*****                                      

FIRST_NAME               SALARY RPAD(SALAR                                      
-------------------- ---------- ----------                                      
Lex                       17000 17000*****                                      
Alexander                  9000 9000******                                      
Bruce                      6000 6000******                                      
David                      4800 4800******                                      
Valli                      4800 4800******                                      
Diana                      4200 4200******                                      
Nancy                     12008 12008*****                                      
Daniel                     9000 9000******                                      
John                       8200 8200******                                      
Ismael                     7700 7700******                                      
Jose Manuel                7800 7800******                                      

FIRST_NAME               SALARY RPAD(SALAR                                      
-------------------- ---------- ----------                                      
Luis                       6900 6900******                                      
Den                       11000 11000*****                                      
Alexander                  3100 3100******                                      
Shelli                     2900 2900******                                      
Sigal                      2800 2800******                                      
Guy                        2600 2600******                                      
Karen                      2500 2500******                                      
Matthew                    8000 8000******                                      
Adam                       8200 8200******                                      
Payam                      7900 7900******                                      
Shanta                     6500 6500******                                      

FIRST_NAME               SALARY RPAD(SALAR                                      
-------------------- ---------- ----------                                      
Kevin                      5800 5800******                                      
Julia                      3200 3200******                                      
Irene                      2700 2700******                                      
James                      2400 2400******                                      
Steven                     2200 2200******                                      
Laura                      3300 3300******                                      
Mozhe                      2800 2800******                                      
James                      2500 2500******                                      
TJ                         2100 2100******                                      
Jason                      3300 3300******                                      
Michael                    2900 2900******                                      

FIRST_NAME               SALARY RPAD(SALAR                                      
-------------------- ---------- ----------                                      
Ki                         2400 2400******                                      
Hazel                      2200 2200******                                      
Renske                     3600 3600******                                      
Stephen                    3200 3200******                                      
John                       2700 2700******                                      
Joshua                     2500 2500******                                      
Trenna                     3500 3500******                                      
Curtis                     3100 3100******                                      
Randall                    2600 2600******                                      
Peter                      2500 2500******                                      
John                      14000 14000*****                                      

FIRST_NAME               SALARY RPAD(SALAR                                      
-------------------- ---------- ----------                                      
Karen                     13500 13500*****                                      
Alberto                   12000 12000*****                                      
Gerald                    11000 11000*****                                      
Eleni                     10500 10500*****                                      
Peter                     10000 10000*****                                      
David                      9500 9500******                                      
Peter                      9000 9000******                                      
Christopher                8000 8000******                                      
Nanette                    7500 7500******                                      
Oliver                     7000 7000******                                      
Janette                   10000 10000*****                                      

FIRST_NAME               SALARY RPAD(SALAR                                      
-------------------- ---------- ----------                                      
Patrick                    9500 9500******                                      
Allan                      9000 9000******                                      
Lindsey                    8000 8000******                                      
Louise                     7500 7500******                                      
Sarath                     7000 7000******                                      
Clara                     10500 10500*****                                      
Danielle                   9500 9500******                                      
Mattea                     7200 7200******                                      
David                      6800 6800******                                      
Sundar                     6400 6400******                                      
Amit                       6200 6200******                                      

FIRST_NAME               SALARY RPAD(SALAR                                      
-------------------- ---------- ----------                                      
Lisa                      11500 11500*****                                      
Harrison                  10000 10000*****                                      
Tayler                     9600 9600******                                      
William                    7400 7400******                                      
Elizabeth                  7300 7300******                                      
Sundita                    6100 6100******                                      
Ellen                     11000 11000*****                                      
Alyssa                     8800 8800******                                      
Jonathon                   8600 8600******                                      
Jack                       8400 8400******                                      
Kimberely                  7000 7000******                                      

FIRST_NAME               SALARY RPAD(SALAR                                      
-------------------- ---------- ----------                                      
Charles                    6200 6200******                                      
Winston                    3200 3200******                                      
Jean                       3100 3100******                                      
Martha                     2500 2500******                                      
Girard                     2800 2800******                                      
Nandita                    4200 4200******                                      
Alexis                     4100 4100******                                      
Julia                      3400 3400******                                      
Anthony                    3000 3000******                                      
Kelly                      3800 3800******                                      
Jennifer                   3600 3600******                                      

FIRST_NAME               SALARY RPAD(SALAR                                      
-------------------- ---------- ----------                                      
Timothy                    2900 2900******                                      
Randall                    2500 2500******                                      
Sarah                      4000 4000******                                      
Britney                    3900 3900******                                      
Samuel                     3200 3200******                                      
Vance                      2800 2800******                                      
Alana                      3100 3100******                                      
Kevin                      3000 3000******                                      

107 rows selected.

SQL> 
SQL> 
SQL> 
SQL> 
SQL> 
SQL> 
SQL> 
SQL> 
SQL> 
SQL> 
SQL> 
SQL> 
SQL> 
SQL> select first_name,substr(first_name,1,3) from employees;

FIRST_NAME           SUB                                                        
-------------------- ---                                                        
Ellen                Ell                                                        
Sundar               Sun                                                        
Mozhe                Moz                                                        
David                Dav                                                        
Hermann              Her                                                        
Shelli               She                                                        
Amit                 Ami                                                        
Elizabeth            Eli                                                        
Sarah                Sar                                                        
David                Dav                                                        
Laura                Lau                                                        

FIRST_NAME           SUB                                                        
-------------------- ---                                                        
Harrison             Har                                                        
Alexis               Ale                                                        
Anthony              Ant                                                        
Gerald               Ger                                                        
Nanette              Nan                                                        
John                 Joh                                                        
Kelly                Kel                                                        
Karen                Kar                                                        
Curtis               Cur                                                        
Lex                  Lex                                                        
Julia                Jul                                                        

FIRST_NAME           SUB                                                        
-------------------- ---                                                        
Jennifer             Jen                                                        
Louise               Lou                                                        
Bruce                Bru                                                        
Alberto              Alb                                                        
Britney              Bri                                                        
Daniel               Dan                                                        
Pat                  Pat                                                        
Kevin                Kev                                                        
Jean                 Jea                                                        
Tayler               Tay                                                        
Adam                 Ada                                                        

FIRST_NAME           SUB                                                        
-------------------- ---                                                        
Timothy              Tim                                                        
Ki                   Ki                                                         
Girard               Gir                                                        
William              Wil                                                        
Douglas              Dou                                                        
Kimberely            Kim                                                        
Nancy                Nan                                                        
Danielle             Dan                                                        
Peter                Pet                                                        
Michael              Mic                                                        
Shelley              She                                                        

FIRST_NAME           SUB                                                        
-------------------- ---                                                        
Guy                  Guy                                                        
Alexander            Ale                                                        
Alyssa               Aly                                                        
Charles              Cha                                                        
Vance                Van                                                        
Payam                Pay                                                        
Alexander            Ale                                                        
Janette              Jan                                                        
Steven               Ste                                                        
Neena                Nee                                                        
Sundita              Sun                                                        

FIRST_NAME           SUB                                                        
-------------------- ---                                                        
Renske               Ren                                                        
James                Jam                                                        
David                Dav                                                        
Jack                 Jac                                                        
Diana                Dia                                                        
Jason                Jas                                                        
Steven               Ste                                                        
James                Jam                                                        
Mattea               Mat                                                        
Randall              Ran                                                        
Susan                Sus                                                        

FIRST_NAME           SUB                                                        
-------------------- ---                                                        
Samuel               Sam                                                        
Allan                All                                                        
Irene                Ire                                                        
Kevin                Kev                                                        
Julia                Jul                                                        
Donald               Don                                                        
Christopher          Chr                                                        
TJ                   TJ                                                         
Lisa                 Lis                                                        
Karen                Kar                                                        
Valli                Val                                                        

FIRST_NAME           SUB                                                        
-------------------- ---                                                        
Joshua               Jos                                                        
Randall              Ran                                                        
Hazel                Haz                                                        
Luis                 Lui                                                        
Trenna               Tre                                                        
Den                  Den                                                        
Michael              Mic                                                        
John                 Joh                                                        
Nandita              Nan                                                        
Ismael               Ism                                                        
John                 Joh                                                        

FIRST_NAME           SUB                                                        
-------------------- ---                                                        
Sarath               Sar                                                        
Lindsey              Lin                                                        
William              Wil                                                        
Stephen              Ste                                                        
Martha               Mar                                                        
Patrick              Pat                                                        
Jonathon             Jon                                                        
Winston              Win                                                        
Sigal                Sig                                                        
Peter                Pet                                                        
Oliver               Oli                                                        

FIRST_NAME           SUB                                                        
-------------------- ---                                                        
Jose Manuel          Jos                                                        
Peter                Pet                                                        
Clara                Cla                                                        
Shanta               Sha                                                        
Alana                Ala                                                        
Matthew              Mat                                                        
Jennifer             Jen                                                        
Eleni                Ele                                                        

107 rows selected.

SQL> select first_name,substr(first_name,-1,3) from employees;

FIRST_NAME           S                                                          
-------------------- -                                                          
Ellen                n                                                          
Sundar               r                                                          
Mozhe                e                                                          
David                d                                                          
Hermann              n                                                          
Shelli               i                                                          
Amit                 t                                                          
Elizabeth            h                                                          
Sarah                h                                                          
David                d                                                          
Laura                a                                                          

FIRST_NAME           S                                                          
-------------------- -                                                          
Harrison             n                                                          
Alexis               s                                                          
Anthony              y                                                          
Gerald               d                                                          
Nanette              e                                                          
John                 n                                                          
Kelly                y                                                          
Karen                n                                                          
Curtis               s                                                          
Lex                  x                                                          
Julia                a                                                          

FIRST_NAME           S                                                          
-------------------- -                                                          
Jennifer             r                                                          
Louise               e                                                          
Bruce                e                                                          
Alberto              o                                                          
Britney              y                                                          
Daniel               l                                                          
Pat                  t                                                          
Kevin                n                                                          
Jean                 n                                                          
Tayler               r                                                          
Adam                 m                                                          

FIRST_NAME           S                                                          
-------------------- -                                                          
Timothy              y                                                          
Ki                   i                                                          
Girard               d                                                          
William              m                                                          
Douglas              s                                                          
Kimberely            y                                                          
Nancy                y                                                          
Danielle             e                                                          
Peter                r                                                          
Michael              l                                                          
Shelley              y                                                          

FIRST_NAME           S                                                          
-------------------- -                                                          
Guy                  y                                                          
Alexander            r                                                          
Alyssa               a                                                          
Charles              s                                                          
Vance                e                                                          
Payam                m                                                          
Alexander            r                                                          
Janette              e                                                          
Steven               n                                                          
Neena                a                                                          
Sundita              a                                                          

FIRST_NAME           S                                                          
-------------------- -                                                          
Renske               e                                                          
James                s                                                          
David                d                                                          
Jack                 k                                                          
Diana                a                                                          
Jason                n                                                          
Steven               n                                                          
James                s                                                          
Mattea               a                                                          
Randall              l                                                          
Susan                n                                                          

FIRST_NAME           S                                                          
-------------------- -                                                          
Samuel               l                                                          
Allan                n                                                          
Irene                e                                                          
Kevin                n                                                          
Julia                a                                                          
Donald               d                                                          
Christopher          r                                                          
TJ                   J                                                          
Lisa                 a                                                          
Karen                n                                                          
Valli                i                                                          

FIRST_NAME           S                                                          
-------------------- -                                                          
Joshua               a                                                          
Randall              l                                                          
Hazel                l                                                          
Luis                 s                                                          
Trenna               a                                                          
Den                  n                                                          
Michael              l                                                          
John                 n                                                          
Nandita              a                                                          
Ismael               l                                                          
John                 n                                                          

FIRST_NAME           S                                                          
-------------------- -                                                          
Sarath               h                                                          
Lindsey              y                                                          
William              m                                                          
Stephen              n                                                          
Martha               a                                                          
Patrick              k                                                          
Jonathon             n                                                          
Winston              n                                                          
Sigal                l                                                          
Peter                r                                                          
Oliver               r                                                          

FIRST_NAME           S                                                          
-------------------- -                                                          
Jose Manuel          l                                                          
Peter                r                                                          
Clara                a                                                          
Shanta               a                                                          
Alana                a                                                          
Matthew              w                                                          
Jennifer             r                                                          
Eleni                i                                                          

107 rows selected.

SQL> 
SQL> 
SQL> 
SQL> 
SQL> rem gives only last as pointing to last moves thrre on right
SQL> 
SQL> 
SQL> 
SQL> 
SQL> 
SQL> select first_name where substr(first_name,-1,1)='i' from employees;
select first_name where substr(first_name,-1,1)='i' from employees
                  *
ERROR at line 1:
ORA-00923: FROM keyword not found where expected 


SQL> select first_nam from employees where substr(first_name,-1,1)='i';
select first_nam from employees where substr(first_name,-1,1)='i'
       *
ERROR at line 1:
ORA-00904: "FIRST_NAM": invalid identifier 


SQL> select first_name from employees where substr(first_name,-1,1)='i';

FIRST_NAME                                                                      
--------------------                                                            
Shelli                                                                          
Ki                                                                              
Valli                                                                           
Eleni                                                                           

SQL> select first_nam from employees where substr(first_name,-2,1)='n';
select first_nam from employees where substr(first_name,-2,1)='n'
       *
ERROR at line 1:
ORA-00904: "FIRST_NAM": invalid identifier 


SQL> select first_name from employees where substr(first_name,-2,1)='n';

FIRST_NAME                                                                      
--------------------                                                            
Hermann                                                                         
Anthony                                                                         
Neena                                                                           
Diana                                                                           
Irene                                                                           
Trenna                                                                          
Alana                                                                           
Eleni                                                                           

8 rows selected.

SQL> select first_name from employees where substr(first_name,-2,2)='nn';

FIRST_NAME                                                                      
--------------------                                                            
Hermann                                                                         

SQL> select first_name from employees where substr(first_name,-2,2)='n';

no rows selected

SQL> select first_name from employees where substr(first_name,-2,2)='na';

FIRST_NAME                                                                      
--------------------                                                            
Neena                                                                           
Diana                                                                           
Trenna                                                                          
Alana                                                                           

SQL> select instr('royal','r') from dual;

INSTR('ROYAL','R')                                                              
------------------                                                              
                 1                                                              

SQL> select instr('royal','o') from dual;

INSTR('ROYAL','O')                                                              
------------------                                                              
                 2                                                              

SQL> select instr('rroryal','o') from dual;

INSTR('RRORYAL','O')                                                            
--------------------                                                            
                   3                                                            

SQL> select instr('rroryal','r') from dual;

INSTR('RRORYAL','R')                                                            
--------------------                                                            
                   1                                                            

SQL> select first_name,length(first_name) from employees;

FIRST_NAME           LENGTH(FIRST_NAME)                                         
-------------------- ------------------                                         
Ellen                                 5                                         
Sundar                                6                                         
Mozhe                                 5                                         
David                                 5                                         
Hermann                               7                                         
Shelli                                6                                         
Amit                                  4                                         
Elizabeth                             9                                         
Sarah                                 5                                         
David                                 5                                         
Laura                                 5                                         

FIRST_NAME           LENGTH(FIRST_NAME)                                         
-------------------- ------------------                                         
Harrison                              8                                         
Alexis                                6                                         
Anthony                               7                                         
Gerald                                6                                         
Nanette                               7                                         
John                                  4                                         
Kelly                                 5                                         
Karen                                 5                                         
Curtis                                6                                         
Lex                                   3                                         
Julia                                 5                                         

FIRST_NAME           LENGTH(FIRST_NAME)                                         
-------------------- ------------------                                         
Jennifer                              8                                         
Louise                                6                                         
Bruce                                 5                                         
Alberto                               7                                         
Britney                               7                                         
Daniel                                6                                         
Pat                                   3                                         
Kevin                                 5                                         
Jean                                  4                                         
Tayler                                6                                         
Adam                                  4                                         

FIRST_NAME           LENGTH(FIRST_NAME)                                         
-------------------- ------------------                                         
Timothy                               7                                         
Ki                                    2                                         
Girard                                6                                         
William                               7                                         
Douglas                               7                                         
Kimberely                             9                                         
Nancy                                 5                                         
Danielle                              8                                         
Peter                                 5                                         
Michael                               7                                         
Shelley                               7                                         

FIRST_NAME           LENGTH(FIRST_NAME)                                         
-------------------- ------------------                                         
Guy                                   3                                         
Alexander                             9                                         
Alyssa                                6                                         
Charles                               7                                         
Vance                                 5                                         
Payam                                 5                                         
Alexander                             9                                         
Janette                               7                                         
Steven                                6                                         
Neena                                 5                                         
Sundita                               7                                         

FIRST_NAME           LENGTH(FIRST_NAME)                                         
-------------------- ------------------                                         
Renske                                6                                         
James                                 5                                         
David                                 5                                         
Jack                                  4                                         
Diana                                 5                                         
Jason                                 5                                         
Steven                                6                                         
James                                 5                                         
Mattea                                6                                         
Randall                               7                                         
Susan                                 5                                         

FIRST_NAME           LENGTH(FIRST_NAME)                                         
-------------------- ------------------                                         
Samuel                                6                                         
Allan                                 5                                         
Irene                                 5                                         
Kevin                                 5                                         
Julia                                 5                                         
Donald                                6                                         
Christopher                          11                                         
TJ                                    2                                         
Lisa                                  4                                         
Karen                                 5                                         
Valli                                 5                                         

FIRST_NAME           LENGTH(FIRST_NAME)                                         
-------------------- ------------------                                         
Joshua                                6                                         
Randall                               7                                         
Hazel                                 5                                         
Luis                                  4                                         
Trenna                                6                                         
Den                                   3                                         
Michael                               7                                         
John                                  4                                         
Nandita                               7                                         
Ismael                                6                                         
John                                  4                                         

FIRST_NAME           LENGTH(FIRST_NAME)                                         
-------------------- ------------------                                         
Sarath                                6                                         
Lindsey                               7                                         
William                               7                                         
Stephen                               7                                         
Martha                                6                                         
Patrick                               7                                         
Jonathon                              8                                         
Winston                               7                                         
Sigal                                 5                                         
Peter                                 5                                         
Oliver                                6                                         

FIRST_NAME           LENGTH(FIRST_NAME)                                         
-------------------- ------------------                                         
Jose Manuel                          11                                         
Peter                                 5                                         
Clara                                 5                                         
Shanta                                6                                         
Alana                                 5                                         
Matthew                               7                                         
Jennifer                              8                                         
Eleni                                 5                                         

107 rows selected.

SQL> 
SQL> 
SQL> 
SQL> 
SQL> select first_name,salary from employees where length(salary)=4 ;

FIRST_NAME               SALARY                                                 
-------------------- ----------                                                 
Donald                     2600                                                 
Douglas                    2600                                                 
Jennifer                   4400                                                 
Pat                        6000                                                 
Susan                      6500                                                 
William                    8300                                                 
Alexander                  9000                                                 
Bruce                      6000                                                 
David                      4800                                                 
Valli                      4800                                                 
Diana                      4200                                                 

FIRST_NAME               SALARY                                                 
-------------------- ----------                                                 
Daniel                     9000                                                 
John                       8200                                                 
Ismael                     7700                                                 
Jose Manuel                7800                                                 
Luis                       6900                                                 
Alexander                  3100                                                 
Shelli                     2900                                                 
Sigal                      2800                                                 
Guy                        2600                                                 
Karen                      2500                                                 
Matthew                    8000                                                 

FIRST_NAME               SALARY                                                 
-------------------- ----------                                                 
Adam                       8200                                                 
Payam                      7900                                                 
Shanta                     6500                                                 
Kevin                      5800                                                 
Julia                      3200                                                 
Irene                      2700                                                 
James                      2400                                                 
Steven                     2200                                                 
Laura                      3300                                                 
Mozhe                      2800                                                 
James                      2500                                                 

FIRST_NAME               SALARY                                                 
-------------------- ----------                                                 
TJ                         2100                                                 
Jason                      3300                                                 
Michael                    2900                                                 
Ki                         2400                                                 
Hazel                      2200                                                 
Renske                     3600                                                 
Stephen                    3200                                                 
John                       2700                                                 
Joshua                     2500                                                 
Trenna                     3500                                                 
Curtis                     3100                                                 

FIRST_NAME               SALARY                                                 
-------------------- ----------                                                 
Randall                    2600                                                 
Peter                      2500                                                 
David                      9500                                                 
Peter                      9000                                                 
Christopher                8000                                                 
Nanette                    7500                                                 
Oliver                     7000                                                 
Patrick                    9500                                                 
Allan                      9000                                                 
Lindsey                    8000                                                 
Louise                     7500                                                 

FIRST_NAME               SALARY                                                 
-------------------- ----------                                                 
Sarath                     7000                                                 
Danielle                   9500                                                 
Mattea                     7200                                                 
David                      6800                                                 
Sundar                     6400                                                 
Amit                       6200                                                 
Tayler                     9600                                                 
William                    7400                                                 
Elizabeth                  7300                                                 
Sundita                    6100                                                 
Alyssa                     8800                                                 

FIRST_NAME               SALARY                                                 
-------------------- ----------                                                 
Jonathon                   8600                                                 
Jack                       8400                                                 
Kimberely                  7000                                                 
Charles                    6200                                                 
Winston                    3200                                                 
Jean                       3100                                                 
Martha                     2500                                                 
Girard                     2800                                                 
Nandita                    4200                                                 
Alexis                     4100                                                 
Julia                      3400                                                 

FIRST_NAME               SALARY                                                 
-------------------- ----------                                                 
Anthony                    3000                                                 
Kelly                      3800                                                 
Jennifer                   3600                                                 
Timothy                    2900                                                 
Randall                    2500                                                 
Sarah                      4000                                                 
Britney                    3900                                                 
Samuel                     3200                                                 
Vance                      2800                                                 
Alana                      3100                                                 
Kevin                      3000                                                 

88 rows selected.

SQL> 
SQL> 
SQL> 
SQL> 
SQL> rem compare using where length(salary)=4
SQL> 
SQL> 
SQL> 
SQL> 
SQL> select first_name,last_name,concat(first_name,last_name) from employees;

FIRST_NAME           LAST_NAME                                                  
-------------------- -------------------------                                  
CONCAT(FIRST_NAME,LAST_NAME)                                                    
---------------------------------------------                                   
Ellen                Abel                                                       
EllenAbel                                                                       
                                                                                
Sundar               Ande                                                       
SundarAnde                                                                      
                                                                                
Mozhe                Atkinson                                                   
MozheAtkinson                                                                   
                                                                                

FIRST_NAME           LAST_NAME                                                  
-------------------- -------------------------                                  
CONCAT(FIRST_NAME,LAST_NAME)                                                    
---------------------------------------------                                   
David                Austin                                                     
DavidAustin                                                                     
                                                                                
Hermann              Baer                                                       
HermannBaer                                                                     
                                                                                
Shelli               Baida                                                      
ShelliBaida                                                                     
                                                                                

FIRST_NAME           LAST_NAME                                                  
-------------------- -------------------------                                  
CONCAT(FIRST_NAME,LAST_NAME)                                                    
---------------------------------------------                                   
Amit                 Banda                                                      
AmitBanda                                                                       
                                                                                
Elizabeth            Bates                                                      
ElizabethBates                                                                  
                                                                                
Sarah                Bell                                                       
SarahBell                                                                       
                                                                                

FIRST_NAME           LAST_NAME                                                  
-------------------- -------------------------                                  
CONCAT(FIRST_NAME,LAST_NAME)                                                    
---------------------------------------------                                   
David                Bernstein                                                  
DavidBernstein                                                                  
                                                                                
Laura                Bissot                                                     
LauraBissot                                                                     
                                                                                
Harrison             Bloom                                                      
HarrisonBloom                                                                   
                                                                                

FIRST_NAME           LAST_NAME                                                  
-------------------- -------------------------                                  
CONCAT(FIRST_NAME,LAST_NAME)                                                    
---------------------------------------------                                   
Alexis               Bull                                                       
AlexisBull                                                                      
                                                                                
Anthony              Cabrio                                                     
AnthonyCabrio                                                                   
                                                                                
Gerald               Cambrault                                                  
GeraldCambrault                                                                 
                                                                                

FIRST_NAME           LAST_NAME                                                  
-------------------- -------------------------                                  
CONCAT(FIRST_NAME,LAST_NAME)                                                    
---------------------------------------------                                   
Nanette              Cambrault                                                  
NanetteCambrault                                                                
                                                                                
John                 Chen                                                       
JohnChen                                                                        
                                                                                
Kelly                Chung                                                      
KellyChung                                                                      
                                                                                

FIRST_NAME           LAST_NAME                                                  
-------------------- -------------------------                                  
CONCAT(FIRST_NAME,LAST_NAME)                                                    
---------------------------------------------                                   
Karen                Colmenares                                                 
KarenColmenares                                                                 
                                                                                
Curtis               Davies                                                     
CurtisDavies                                                                    
                                                                                
Lex                  De Haan                                                    
LexDe Haan                                                                      
                                                                                

FIRST_NAME           LAST_NAME                                                  
-------------------- -------------------------                                  
CONCAT(FIRST_NAME,LAST_NAME)                                                    
---------------------------------------------                                   
Julia                Dellinger                                                  
JuliaDellinger                                                                  
                                                                                
Jennifer             Dilly                                                      
JenniferDilly                                                                   
                                                                                
Louise               Doran                                                      
LouiseDoran                                                                     
                                                                                

FIRST_NAME           LAST_NAME                                                  
-------------------- -------------------------                                  
CONCAT(FIRST_NAME,LAST_NAME)                                                    
---------------------------------------------                                   
Bruce                Ernst                                                      
BruceErnst                                                                      
                                                                                
Alberto              Errazuriz                                                  
AlbertoErrazuriz                                                                
                                                                                
Britney              Everett                                                    
BritneyEverett                                                                  
                                                                                

FIRST_NAME           LAST_NAME                                                  
-------------------- -------------------------                                  
CONCAT(FIRST_NAME,LAST_NAME)                                                    
---------------------------------------------                                   
Daniel               Faviet                                                     
DanielFaviet                                                                    
                                                                                
Pat                  Fay                                                        
PatFay                                                                          
                                                                                
Kevin                Feeney                                                     
KevinFeeney                                                                     
                                                                                

FIRST_NAME           LAST_NAME                                                  
-------------------- -------------------------                                  
CONCAT(FIRST_NAME,LAST_NAME)                                                    
---------------------------------------------                                   
Jean                 Fleaur                                                     
JeanFleaur                                                                      
                                                                                
Tayler               Fox                                                        
TaylerFox                                                                       
                                                                                
Adam                 Fripp                                                      
AdamFripp                                                                       
                                                                                

FIRST_NAME           LAST_NAME                                                  
-------------------- -------------------------                                  
CONCAT(FIRST_NAME,LAST_NAME)                                                    
---------------------------------------------                                   
Timothy              Gates                                                      
TimothyGates                                                                    
                                                                                
Ki                   Gee                                                        
KiGee                                                                           
                                                                                
Girard               Geoni                                                      
GirardGeoni                                                                     
                                                                                

FIRST_NAME           LAST_NAME                                                  
-------------------- -------------------------                                  
CONCAT(FIRST_NAME,LAST_NAME)                                                    
---------------------------------------------                                   
William              Gietz                                                      
WilliamGietz                                                                    
                                                                                
Douglas              Grant                                                      
DouglasGrant                                                                    
                                                                                
Kimberely            Grant                                                      
KimberelyGrant                                                                  
                                                                                

FIRST_NAME           LAST_NAME                                                  
-------------------- -------------------------                                  
CONCAT(FIRST_NAME,LAST_NAME)                                                    
---------------------------------------------                                   
Nancy                Greenberg                                                  
NancyGreenberg                                                                  
                                                                                
Danielle             Greene                                                     
DanielleGreene                                                                  
                                                                                
Peter                Hall                                                       
PeterHall                                                                       
                                                                                

FIRST_NAME           LAST_NAME                                                  
-------------------- -------------------------                                  
CONCAT(FIRST_NAME,LAST_NAME)                                                    
---------------------------------------------                                   
Michael              Hartstein                                                  
MichaelHartstein                                                                
                                                                                
Shelley              Higgins                                                    
ShelleyHiggins                                                                  
                                                                                
Guy                  Himuro                                                     
GuyHimuro                                                                       
                                                                                

FIRST_NAME           LAST_NAME                                                  
-------------------- -------------------------                                  
CONCAT(FIRST_NAME,LAST_NAME)                                                    
---------------------------------------------                                   
Alexander            Hunold                                                     
AlexanderHunold                                                                 
                                                                                
Alyssa               Hutton                                                     
AlyssaHutton                                                                    
                                                                                
Charles              Johnson                                                    
CharlesJohnson                                                                  
                                                                                

FIRST_NAME           LAST_NAME                                                  
-------------------- -------------------------                                  
CONCAT(FIRST_NAME,LAST_NAME)                                                    
---------------------------------------------                                   
Vance                Jones                                                      
VanceJones                                                                      
                                                                                
Payam                Kaufling                                                   
PayamKaufling                                                                   
                                                                                
Alexander            Khoo                                                       
AlexanderKhoo                                                                   
                                                                                

FIRST_NAME           LAST_NAME                                                  
-------------------- -------------------------                                  
CONCAT(FIRST_NAME,LAST_NAME)                                                    
---------------------------------------------                                   
Janette              King                                                       
JanetteKing                                                                     
                                                                                
Steven               King                                                       
StevenKing                                                                      
                                                                                
Neena                Kochhar                                                    
NeenaKochhar                                                                    
                                                                                

FIRST_NAME           LAST_NAME                                                  
-------------------- -------------------------                                  
CONCAT(FIRST_NAME,LAST_NAME)                                                    
---------------------------------------------                                   
Sundita              Kumar                                                      
SunditaKumar                                                                    
                                                                                
Renske               Ladwig                                                     
RenskeLadwig                                                                    
                                                                                
James                Landry                                                     
JamesLandry                                                                     
                                                                                

FIRST_NAME           LAST_NAME                                                  
-------------------- -------------------------                                  
CONCAT(FIRST_NAME,LAST_NAME)                                                    
---------------------------------------------                                   
David                Lee                                                        
DavidLee                                                                        
                                                                                
Jack                 Livingston                                                 
JackLivingston                                                                  
                                                                                
Diana                Lorentz                                                    
DianaLorentz                                                                    
                                                                                

FIRST_NAME           LAST_NAME                                                  
-------------------- -------------------------                                  
CONCAT(FIRST_NAME,LAST_NAME)                                                    
---------------------------------------------                                   
Jason                Mallin                                                     
JasonMallin                                                                     
                                                                                
Steven               Markle                                                     
StevenMarkle                                                                    
                                                                                
James                Marlow                                                     
JamesMarlow                                                                     
                                                                                

FIRST_NAME           LAST_NAME                                                  
-------------------- -------------------------                                  
CONCAT(FIRST_NAME,LAST_NAME)                                                    
---------------------------------------------                                   
Mattea               Marvins                                                    
MatteaMarvins                                                                   
                                                                                
Randall              Matos                                                      
RandallMatos                                                                    
                                                                                
Susan                Mavris                                                     
SusanMavris                                                                     
                                                                                

FIRST_NAME           LAST_NAME                                                  
-------------------- -------------------------                                  
CONCAT(FIRST_NAME,LAST_NAME)                                                    
---------------------------------------------                                   
Samuel               McCain                                                     
SamuelMcCain                                                                    
                                                                                
Allan                McEwen                                                     
AllanMcEwen                                                                     
                                                                                
Irene                Mikkilineni                                                
IreneMikkilineni                                                                
                                                                                

FIRST_NAME           LAST_NAME                                                  
-------------------- -------------------------                                  
CONCAT(FIRST_NAME,LAST_NAME)                                                    
---------------------------------------------                                   
Kevin                Mourgos                                                    
KevinMourgos                                                                    
                                                                                
Julia                Nayer                                                      
JuliaNayer                                                                      
                                                                                
Donald               OConnell                                                   
DonaldOConnell                                                                  
                                                                                

FIRST_NAME           LAST_NAME                                                  
-------------------- -------------------------                                  
CONCAT(FIRST_NAME,LAST_NAME)                                                    
---------------------------------------------                                   
Christopher          Olsen                                                      
ChristopherOlsen                                                                
                                                                                
TJ                   Olson                                                      
TJOlson                                                                         
                                                                                
Lisa                 Ozer                                                       
LisaOzer                                                                        
                                                                                

FIRST_NAME           LAST_NAME                                                  
-------------------- -------------------------                                  
CONCAT(FIRST_NAME,LAST_NAME)                                                    
---------------------------------------------                                   
Karen                Partners                                                   
KarenPartners                                                                   
                                                                                
Valli                Pataballa                                                  
ValliPataballa                                                                  
                                                                                
Joshua               Patel                                                      
JoshuaPatel                                                                     
                                                                                

FIRST_NAME           LAST_NAME                                                  
-------------------- -------------------------                                  
CONCAT(FIRST_NAME,LAST_NAME)                                                    
---------------------------------------------                                   
Randall              Perkins                                                    
RandallPerkins                                                                  
                                                                                
Hazel                Philtanker                                                 
HazelPhiltanker                                                                 
                                                                                
Luis                 Popp                                                       
LuisPopp                                                                        
                                                                                

FIRST_NAME           LAST_NAME                                                  
-------------------- -------------------------                                  
CONCAT(FIRST_NAME,LAST_NAME)                                                    
---------------------------------------------                                   
Trenna               Rajs                                                       
TrennaRajs                                                                      
                                                                                
Den                  Raphaely                                                   
DenRaphaely                                                                     
                                                                                
Michael              Rogers                                                     
MichaelRogers                                                                   
                                                                                

FIRST_NAME           LAST_NAME                                                  
-------------------- -------------------------                                  
CONCAT(FIRST_NAME,LAST_NAME)                                                    
---------------------------------------------                                   
John                 Russell                                                    
JohnRussell                                                                     
                                                                                
Nandita              Sarchand                                                   
NanditaSarchand                                                                 
                                                                                
Ismael               Sciarra                                                    
IsmaelSciarra                                                                   
                                                                                

FIRST_NAME           LAST_NAME                                                  
-------------------- -------------------------                                  
CONCAT(FIRST_NAME,LAST_NAME)                                                    
---------------------------------------------                                   
John                 Seo                                                        
JohnSeo                                                                         
                                                                                
Sarath               Sewall                                                     
SarathSewall                                                                    
                                                                                
Lindsey              Smith                                                      
LindseySmith                                                                    
                                                                                

FIRST_NAME           LAST_NAME                                                  
-------------------- -------------------------                                  
CONCAT(FIRST_NAME,LAST_NAME)                                                    
---------------------------------------------                                   
William              Smith                                                      
WilliamSmith                                                                    
                                                                                
Stephen              Stiles                                                     
StephenStiles                                                                   
                                                                                
Martha               Sullivan                                                   
MarthaSullivan                                                                  
                                                                                

FIRST_NAME           LAST_NAME                                                  
-------------------- -------------------------                                  
CONCAT(FIRST_NAME,LAST_NAME)                                                    
---------------------------------------------                                   
Patrick              Sully                                                      
PatrickSully                                                                    
                                                                                
Jonathon             Taylor                                                     
JonathonTaylor                                                                  
                                                                                
Winston              Taylor                                                     
WinstonTaylor                                                                   
                                                                                

FIRST_NAME           LAST_NAME                                                  
-------------------- -------------------------                                  
CONCAT(FIRST_NAME,LAST_NAME)                                                    
---------------------------------------------                                   
Sigal                Tobias                                                     
SigalTobias                                                                     
                                                                                
Peter                Tucker                                                     
PeterTucker                                                                     
                                                                                
Oliver               Tuvault                                                    
OliverTuvault                                                                   
                                                                                

FIRST_NAME           LAST_NAME                                                  
-------------------- -------------------------                                  
CONCAT(FIRST_NAME,LAST_NAME)                                                    
---------------------------------------------                                   
Jose Manuel          Urman                                                      
Jose ManuelUrman                                                                
                                                                                
Peter                Vargas                                                     
PeterVargas                                                                     
                                                                                
Clara                Vishney                                                    
ClaraVishney                                                                    
                                                                                

FIRST_NAME           LAST_NAME                                                  
-------------------- -------------------------                                  
CONCAT(FIRST_NAME,LAST_NAME)                                                    
---------------------------------------------                                   
Shanta               Vollman                                                    
ShantaVollman                                                                   
                                                                                
Alana                Walsh                                                      
AlanaWalsh                                                                      
                                                                                
Matthew              Weiss                                                      
MatthewWeiss                                                                    
                                                                                

FIRST_NAME           LAST_NAME                                                  
-------------------- -------------------------                                  
CONCAT(FIRST_NAME,LAST_NAME)                                                    
---------------------------------------------                                   
Jennifer             Whalen                                                     
JenniferWhalen                                                                  
                                                                                
Eleni                Zlotkey                                                    
EleniZlotkey                                                                    
                                                                                

107 rows selected.

SQL> set lines 180
SQL> select first_name,last_name,concat(first_name,last_name) from employees;

FIRST_NAME           LAST_NAME                 CONCAT(FIRST_NAME,LAST_NAME)                                                                                                         
-------------------- ------------------------- ---------------------------------------------                                                                                        
Ellen                Abel                      EllenAbel                                                                                                                            
Sundar               Ande                      SundarAnde                                                                                                                           
Mozhe                Atkinson                  MozheAtkinson                                                                                                                        
David                Austin                    DavidAustin                                                                                                                          
Hermann              Baer                      HermannBaer                                                                                                                          
Shelli               Baida                     ShelliBaida                                                                                                                          
Amit                 Banda                     AmitBanda                                                                                                                            
Elizabeth            Bates                     ElizabethBates                                                                                                                       
Sarah                Bell                      SarahBell                                                                                                                            
David                Bernstein                 DavidBernstein                                                                                                                       
Laura                Bissot                    LauraBissot                                                                                                                          

FIRST_NAME           LAST_NAME                 CONCAT(FIRST_NAME,LAST_NAME)                                                                                                         
-------------------- ------------------------- ---------------------------------------------                                                                                        
Harrison             Bloom                     HarrisonBloom                                                                                                                        
Alexis               Bull                      AlexisBull                                                                                                                           
Anthony              Cabrio                    AnthonyCabrio                                                                                                                        
Gerald               Cambrault                 GeraldCambrault                                                                                                                      
Nanette              Cambrault                 NanetteCambrault                                                                                                                     
John                 Chen                      JohnChen                                                                                                                             
Kelly                Chung                     KellyChung                                                                                                                           
Karen                Colmenares                KarenColmenares                                                                                                                      
Curtis               Davies                    CurtisDavies                                                                                                                         
Lex                  De Haan                   LexDe Haan                                                                                                                           
Julia                Dellinger                 JuliaDellinger                                                                                                                       

FIRST_NAME           LAST_NAME                 CONCAT(FIRST_NAME,LAST_NAME)                                                                                                         
-------------------- ------------------------- ---------------------------------------------                                                                                        
Jennifer             Dilly                     JenniferDilly                                                                                                                        
Louise               Doran                     LouiseDoran                                                                                                                          
Bruce                Ernst                     BruceErnst                                                                                                                           
Alberto              Errazuriz                 AlbertoErrazuriz                                                                                                                     
Britney              Everett                   BritneyEverett                                                                                                                       
Daniel               Faviet                    DanielFaviet                                                                                                                         
Pat                  Fay                       PatFay                                                                                                                               
Kevin                Feeney                    KevinFeeney                                                                                                                          
Jean                 Fleaur                    JeanFleaur                                                                                                                           
Tayler               Fox                       TaylerFox                                                                                                                            
Adam                 Fripp                     AdamFripp                                                                                                                            

FIRST_NAME           LAST_NAME                 CONCAT(FIRST_NAME,LAST_NAME)                                                                                                         
-------------------- ------------------------- ---------------------------------------------                                                                                        
Timothy              Gates                     TimothyGates                                                                                                                         
Ki                   Gee                       KiGee                                                                                                                                
Girard               Geoni                     GirardGeoni                                                                                                                          
William              Gietz                     WilliamGietz                                                                                                                         
Douglas              Grant                     DouglasGrant                                                                                                                         
Kimberely            Grant                     KimberelyGrant                                                                                                                       
Nancy                Greenberg                 NancyGreenberg                                                                                                                       
Danielle             Greene                    DanielleGreene                                                                                                                       
Peter                Hall                      PeterHall                                                                                                                            
Michael              Hartstein                 MichaelHartstein                                                                                                                     
Shelley              Higgins                   ShelleyHiggins                                                                                                                       

FIRST_NAME           LAST_NAME                 CONCAT(FIRST_NAME,LAST_NAME)                                                                                                         
-------------------- ------------------------- ---------------------------------------------                                                                                        
Guy                  Himuro                    GuyHimuro                                                                                                                            
Alexander            Hunold                    AlexanderHunold                                                                                                                      
Alyssa               Hutton                    AlyssaHutton                                                                                                                         
Charles              Johnson                   CharlesJohnson                                                                                                                       
Vance                Jones                     VanceJones                                                                                                                           
Payam                Kaufling                  PayamKaufling                                                                                                                        
Alexander            Khoo                      AlexanderKhoo                                                                                                                        
Janette              King                      JanetteKing                                                                                                                          
Steven               King                      StevenKing                                                                                                                           
Neena                Kochhar                   NeenaKochhar                                                                                                                         
Sundita              Kumar                     SunditaKumar                                                                                                                         

FIRST_NAME           LAST_NAME                 CONCAT(FIRST_NAME,LAST_NAME)                                                                                                         
-------------------- ------------------------- ---------------------------------------------                                                                                        
Renske               Ladwig                    RenskeLadwig                                                                                                                         
James                Landry                    JamesLandry                                                                                                                          
David                Lee                       DavidLee                                                                                                                             
Jack                 Livingston                JackLivingston                                                                                                                       
Diana                Lorentz                   DianaLorentz                                                                                                                         
Jason                Mallin                    JasonMallin                                                                                                                          
Steven               Markle                    StevenMarkle                                                                                                                         
James                Marlow                    JamesMarlow                                                                                                                          
Mattea               Marvins                   MatteaMarvins                                                                                                                        
Randall              Matos                     RandallMatos                                                                                                                         
Susan                Mavris                    SusanMavris                                                                                                                          

FIRST_NAME           LAST_NAME                 CONCAT(FIRST_NAME,LAST_NAME)                                                                                                         
-------------------- ------------------------- ---------------------------------------------                                                                                        
Samuel               McCain                    SamuelMcCain                                                                                                                         
Allan                McEwen                    AllanMcEwen                                                                                                                          
Irene                Mikkilineni               IreneMikkilineni                                                                                                                     
Kevin                Mourgos                   KevinMourgos                                                                                                                         
Julia                Nayer                     JuliaNayer                                                                                                                           
Donald               OConnell                  DonaldOConnell                                                                                                                       
Christopher          Olsen                     ChristopherOlsen                                                                                                                     
TJ                   Olson                     TJOlson                                                                                                                              
Lisa                 Ozer                      LisaOzer                                                                                                                             
Karen                Partners                  KarenPartners                                                                                                                        
Valli                Pataballa                 ValliPataballa                                                                                                                       

FIRST_NAME           LAST_NAME                 CONCAT(FIRST_NAME,LAST_NAME)                                                                                                         
-------------------- ------------------------- ---------------------------------------------                                                                                        
Joshua               Patel                     JoshuaPatel                                                                                                                          
Randall              Perkins                   RandallPerkins                                                                                                                       
Hazel                Philtanker                HazelPhiltanker                                                                                                                      
Luis                 Popp                      LuisPopp                                                                                                                             
Trenna               Rajs                      TrennaRajs                                                                                                                           
Den                  Raphaely                  DenRaphaely                                                                                                                          
Michael              Rogers                    MichaelRogers                                                                                                                        
John                 Russell                   JohnRussell                                                                                                                          
Nandita              Sarchand                  NanditaSarchand                                                                                                                      
Ismael               Sciarra                   IsmaelSciarra                                                                                                                        
John                 Seo                       JohnSeo                                                                                                                              

FIRST_NAME           LAST_NAME                 CONCAT(FIRST_NAME,LAST_NAME)                                                                                                         
-------------------- ------------------------- ---------------------------------------------                                                                                        
Sarath               Sewall                    SarathSewall                                                                                                                         
Lindsey              Smith                     LindseySmith                                                                                                                         
William              Smith                     WilliamSmith                                                                                                                         
Stephen              Stiles                    StephenStiles                                                                                                                        
Martha               Sullivan                  MarthaSullivan                                                                                                                       
Patrick              Sully                     PatrickSully                                                                                                                         
Jonathon             Taylor                    JonathonTaylor                                                                                                                       
Winston              Taylor                    WinstonTaylor                                                                                                                        
Sigal                Tobias                    SigalTobias                                                                                                                          
Peter                Tucker                    PeterTucker                                                                                                                          
Oliver               Tuvault                   OliverTuvault                                                                                                                        

FIRST_NAME           LAST_NAME                 CONCAT(FIRST_NAME,LAST_NAME)                                                                                                         
-------------------- ------------------------- ---------------------------------------------                                                                                        
Jose Manuel          Urman                     Jose ManuelUrman                                                                                                                     
Peter                Vargas                    PeterVargas                                                                                                                          
Clara                Vishney                   ClaraVishney                                                                                                                         
Shanta               Vollman                   ShantaVollman                                                                                                                        
Alana                Walsh                     AlanaWalsh                                                                                                                           
Matthew              Weiss                     MatthewWeiss                                                                                                                         
Jennifer             Whalen                    JenniferWhalen                                                                                                                       
Eleni                Zlotkey                   EleniZlotkey                                                                                                                         

107 rows selected.

SQL> select first_name,last_name,concat(first_name' ',last_name) from employees;
select first_name,last_name,concat(first_name' ',last_name) from employees
                            *
ERROR at line 1:
ORA-00909: invalid number of arguments 


SQL> select first_name,last_name,concat(first_name ,last_name) from employees;

FIRST_NAME           LAST_NAME                 CONCAT(FIRST_NAME,LAST_NAME)                                                                                                         
-------------------- ------------------------- ---------------------------------------------                                                                                        
Ellen                Abel                      EllenAbel                                                                                                                            
Sundar               Ande                      SundarAnde                                                                                                                           
Mozhe                Atkinson                  MozheAtkinson                                                                                                                        
David                Austin                    DavidAustin                                                                                                                          
Hermann              Baer                      HermannBaer                                                                                                                          
Shelli               Baida                     ShelliBaida                                                                                                                          
Amit                 Banda                     AmitBanda                                                                                                                            
Elizabeth            Bates                     ElizabethBates                                                                                                                       
Sarah                Bell                      SarahBell                                                                                                                            
David                Bernstein                 DavidBernstein                                                                                                                       
Laura                Bissot                    LauraBissot                                                                                                                          

FIRST_NAME           LAST_NAME                 CONCAT(FIRST_NAME,LAST_NAME)                                                                                                         
-------------------- ------------------------- ---------------------------------------------                                                                                        
Harrison             Bloom                     HarrisonBloom                                                                                                                        
Alexis               Bull                      AlexisBull                                                                                                                           
Anthony              Cabrio                    AnthonyCabrio                                                                                                                        
Gerald               Cambrault                 GeraldCambrault                                                                                                                      
Nanette              Cambrault                 NanetteCambrault                                                                                                                     
John                 Chen                      JohnChen                                                                                                                             
Kelly                Chung                     KellyChung                                                                                                                           
Karen                Colmenares                KarenColmenares                                                                                                                      
Curtis               Davies                    CurtisDavies                                                                                                                         
Lex                  De Haan                   LexDe Haan                                                                                                                           
Julia                Dellinger                 JuliaDellinger                                                                                                                       

FIRST_NAME           LAST_NAME                 CONCAT(FIRST_NAME,LAST_NAME)                                                                                                         
-------------------- ------------------------- ---------------------------------------------                                                                                        
Jennifer             Dilly                     JenniferDilly                                                                                                                        
Louise               Doran                     LouiseDoran                                                                                                                          
Bruce                Ernst                     BruceErnst                                                                                                                           
Alberto              Errazuriz                 AlbertoErrazuriz                                                                                                                     
Britney              Everett                   BritneyEverett                                                                                                                       
Daniel               Faviet                    DanielFaviet                                                                                                                         
Pat                  Fay                       PatFay                                                                                                                               
Kevin                Feeney                    KevinFeeney                                                                                                                          
Jean                 Fleaur                    JeanFleaur                                                                                                                           
Tayler               Fox                       TaylerFox                                                                                                                            
Adam                 Fripp                     AdamFripp                                                                                                                            

FIRST_NAME           LAST_NAME                 CONCAT(FIRST_NAME,LAST_NAME)                                                                                                         
-------------------- ------------------------- ---------------------------------------------                                                                                        
Timothy              Gates                     TimothyGates                                                                                                                         
Ki                   Gee                       KiGee                                                                                                                                
Girard               Geoni                     GirardGeoni                                                                                                                          
William              Gietz                     WilliamGietz                                                                                                                         
Douglas              Grant                     DouglasGrant                                                                                                                         
Kimberely            Grant                     KimberelyGrant                                                                                                                       
Nancy                Greenberg                 NancyGreenberg                                                                                                                       
Danielle             Greene                    DanielleGreene                                                                                                                       
Peter                Hall                      PeterHall                                                                                                                            
Michael              Hartstein                 MichaelHartstein                                                                                                                     
Shelley              Higgins                   ShelleyHiggins                                                                                                                       

FIRST_NAME           LAST_NAME                 CONCAT(FIRST_NAME,LAST_NAME)                                                                                                         
-------------------- ------------------------- ---------------------------------------------                                                                                        
Guy                  Himuro                    GuyHimuro                                                                                                                            
Alexander            Hunold                    AlexanderHunold                                                                                                                      
Alyssa               Hutton                    AlyssaHutton                                                                                                                         
Charles              Johnson                   CharlesJohnson                                                                                                                       
Vance                Jones                     VanceJones                                                                                                                           
Payam                Kaufling                  PayamKaufling                                                                                                                        
Alexander            Khoo                      AlexanderKhoo                                                                                                                        
Janette              King                      JanetteKing                                                                                                                          
Steven               King                      StevenKing                                                                                                                           
Neena                Kochhar                   NeenaKochhar                                                                                                                         
Sundita              Kumar                     SunditaKumar                                                                                                                         

FIRST_NAME           LAST_NAME                 CONCAT(FIRST_NAME,LAST_NAME)                                                                                                         
-------------------- ------------------------- ---------------------------------------------                                                                                        
Renske               Ladwig                    RenskeLadwig                                                                                                                         
James                Landry                    JamesLandry                                                                                                                          
David                Lee                       DavidLee                                                                                                                             
Jack                 Livingston                JackLivingston                                                                                                                       
Diana                Lorentz                   DianaLorentz                                                                                                                         
Jason                Mallin                    JasonMallin                                                                                                                          
Steven               Markle                    StevenMarkle                                                                                                                         
James                Marlow                    JamesMarlow                                                                                                                          
Mattea               Marvins                   MatteaMarvins                                                                                                                        
Randall              Matos                     RandallMatos                                                                                                                         
Susan                Mavris                    SusanMavris                                                                                                                          

FIRST_NAME           LAST_NAME                 CONCAT(FIRST_NAME,LAST_NAME)                                                                                                         
-------------------- ------------------------- ---------------------------------------------                                                                                        
Samuel               McCain                    SamuelMcCain                                                                                                                         
Allan                McEwen                    AllanMcEwen                                                                                                                          
Irene                Mikkilineni               IreneMikkilineni                                                                                                                     
Kevin                Mourgos                   KevinMourgos                                                                                                                         
Julia                Nayer                     JuliaNayer                                                                                                                           
Donald               OConnell                  DonaldOConnell                                                                                                                       
Christopher          Olsen                     ChristopherOlsen                                                                                                                     
TJ                   Olson                     TJOlson                                                                                                                              
Lisa                 Ozer                      LisaOzer                                                                                                                             
Karen                Partners                  KarenPartners                                                                                                                        
Valli                Pataballa                 ValliPataballa                                                                                                                       

FIRST_NAME           LAST_NAME                 CONCAT(FIRST_NAME,LAST_NAME)                                                                                                         
-------------------- ------------------------- ---------------------------------------------                                                                                        
Joshua               Patel                     JoshuaPatel                                                                                                                          
Randall              Perkins                   RandallPerkins                                                                                                                       
Hazel                Philtanker                HazelPhiltanker                                                                                                                      
Luis                 Popp                      LuisPopp                                                                                                                             
Trenna               Rajs                      TrennaRajs                                                                                                                           
Den                  Raphaely                  DenRaphaely                                                                                                                          
Michael              Rogers                    MichaelRogers                                                                                                                        
John                 Russell                   JohnRussell                                                                                                                          
Nandita              Sarchand                  NanditaSarchand                                                                                                                      
Ismael               Sciarra                   IsmaelSciarra                                                                                                                        
John                 Seo                       JohnSeo                                                                                                                              

FIRST_NAME           LAST_NAME                 CONCAT(FIRST_NAME,LAST_NAME)                                                                                                         
-------------------- ------------------------- ---------------------------------------------                                                                                        
Sarath               Sewall                    SarathSewall                                                                                                                         
Lindsey              Smith                     LindseySmith                                                                                                                         
William              Smith                     WilliamSmith                                                                                                                         
Stephen              Stiles                    StephenStiles                                                                                                                        
Martha               Sullivan                  MarthaSullivan                                                                                                                       
Patrick              Sully                     PatrickSully                                                                                                                         
Jonathon             Taylor                    JonathonTaylor                                                                                                                       
Winston              Taylor                    WinstonTaylor                                                                                                                        
Sigal                Tobias                    SigalTobias                                                                                                                          
Peter                Tucker                    PeterTucker                                                                                                                          
Oliver               Tuvault                   OliverTuvault                                                                                                                        

FIRST_NAME           LAST_NAME                 CONCAT(FIRST_NAME,LAST_NAME)                                                                                                         
-------------------- ------------------------- ---------------------------------------------                                                                                        
Jose Manuel          Urman                     Jose ManuelUrman                                                                                                                     
Peter                Vargas                    PeterVargas                                                                                                                          
Clara                Vishney                   ClaraVishney                                                                                                                         
Shanta               Vollman                   ShantaVollman                                                                                                                        
Alana                Walsh                     AlanaWalsh                                                                                                                           
Matthew              Weiss                     MatthewWeiss                                                                                                                         
Jennifer             Whalen                    JenniferWhalen                                                                                                                       
Eleni                Zlotkey                   EleniZlotkey                                                                                                                         

107 rows selected.

SQL> select first_name,last_name,concat(first_name, concat(' ',last_name)) from employees;

FIRST_NAME           LAST_NAME                 CONCAT(FIRST_NAME,CONCAT('',LAST_NAME))                                                                                              
-------------------- ------------------------- ----------------------------------------------                                                                                       
Ellen                Abel                      Ellen Abel                                                                                                                           
Sundar               Ande                      Sundar Ande                                                                                                                          
Mozhe                Atkinson                  Mozhe Atkinson                                                                                                                       
David                Austin                    David Austin                                                                                                                         
Hermann              Baer                      Hermann Baer                                                                                                                         
Shelli               Baida                     Shelli Baida                                                                                                                         
Amit                 Banda                     Amit Banda                                                                                                                           
Elizabeth            Bates                     Elizabeth Bates                                                                                                                      
Sarah                Bell                      Sarah Bell                                                                                                                           
David                Bernstein                 David Bernstein                                                                                                                      
Laura                Bissot                    Laura Bissot                                                                                                                         

FIRST_NAME           LAST_NAME                 CONCAT(FIRST_NAME,CONCAT('',LAST_NAME))                                                                                              
-------------------- ------------------------- ----------------------------------------------                                                                                       
Harrison             Bloom                     Harrison Bloom                                                                                                                       
Alexis               Bull                      Alexis Bull                                                                                                                          
Anthony              Cabrio                    Anthony Cabrio                                                                                                                       
Gerald               Cambrault                 Gerald Cambrault                                                                                                                     
Nanette              Cambrault                 Nanette Cambrault                                                                                                                    
John                 Chen                      John Chen                                                                                                                            
Kelly                Chung                     Kelly Chung                                                                                                                          
Karen                Colmenares                Karen Colmenares                                                                                                                     
Curtis               Davies                    Curtis Davies                                                                                                                        
Lex                  De Haan                   Lex De Haan                                                                                                                          
Julia                Dellinger                 Julia Dellinger                                                                                                                      

FIRST_NAME           LAST_NAME                 CONCAT(FIRST_NAME,CONCAT('',LAST_NAME))                                                                                              
-------------------- ------------------------- ----------------------------------------------                                                                                       
Jennifer             Dilly                     Jennifer Dilly                                                                                                                       
Louise               Doran                     Louise Doran                                                                                                                         
Bruce                Ernst                     Bruce Ernst                                                                                                                          
Alberto              Errazuriz                 Alberto Errazuriz                                                                                                                    
Britney              Everett                   Britney Everett                                                                                                                      
Daniel               Faviet                    Daniel Faviet                                                                                                                        
Pat                  Fay                       Pat Fay                                                                                                                              
Kevin                Feeney                    Kevin Feeney                                                                                                                         
Jean                 Fleaur                    Jean Fleaur                                                                                                                          
Tayler               Fox                       Tayler Fox                                                                                                                           
Adam                 Fripp                     Adam Fripp                                                                                                                           

FIRST_NAME           LAST_NAME                 CONCAT(FIRST_NAME,CONCAT('',LAST_NAME))                                                                                              
-------------------- ------------------------- ----------------------------------------------                                                                                       
Timothy              Gates                     Timothy Gates                                                                                                                        
Ki                   Gee                       Ki Gee                                                                                                                               
Girard               Geoni                     Girard Geoni                                                                                                                         
William              Gietz                     William Gietz                                                                                                                        
Douglas              Grant                     Douglas Grant                                                                                                                        
Kimberely            Grant                     Kimberely Grant                                                                                                                      
Nancy                Greenberg                 Nancy Greenberg                                                                                                                      
Danielle             Greene                    Danielle Greene                                                                                                                      
Peter                Hall                      Peter Hall                                                                                                                           
Michael              Hartstein                 Michael Hartstein                                                                                                                    
Shelley              Higgins                   Shelley Higgins                                                                                                                      

FIRST_NAME           LAST_NAME                 CONCAT(FIRST_NAME,CONCAT('',LAST_NAME))                                                                                              
-------------------- ------------------------- ----------------------------------------------                                                                                       
Guy                  Himuro                    Guy Himuro                                                                                                                           
Alexander            Hunold                    Alexander Hunold                                                                                                                     
Alyssa               Hutton                    Alyssa Hutton                                                                                                                        
Charles              Johnson                   Charles Johnson                                                                                                                      
Vance                Jones                     Vance Jones                                                                                                                          
Payam                Kaufling                  Payam Kaufling                                                                                                                       
Alexander            Khoo                      Alexander Khoo                                                                                                                       
Janette              King                      Janette King                                                                                                                         
Steven               King                      Steven King                                                                                                                          
Neena                Kochhar                   Neena Kochhar                                                                                                                        
Sundita              Kumar                     Sundita Kumar                                                                                                                        

FIRST_NAME           LAST_NAME                 CONCAT(FIRST_NAME,CONCAT('',LAST_NAME))                                                                                              
-------------------- ------------------------- ----------------------------------------------                                                                                       
Renske               Ladwig                    Renske Ladwig                                                                                                                        
James                Landry                    James Landry                                                                                                                         
David                Lee                       David Lee                                                                                                                            
Jack                 Livingston                Jack Livingston                                                                                                                      
Diana                Lorentz                   Diana Lorentz                                                                                                                        
Jason                Mallin                    Jason Mallin                                                                                                                         
Steven               Markle                    Steven Markle                                                                                                                        
James                Marlow                    James Marlow                                                                                                                         
Mattea               Marvins                   Mattea Marvins                                                                                                                       
Randall              Matos                     Randall Matos                                                                                                                        
Susan                Mavris                    Susan Mavris                                                                                                                         

FIRST_NAME           LAST_NAME                 CONCAT(FIRST_NAME,CONCAT('',LAST_NAME))                                                                                              
-------------------- ------------------------- ----------------------------------------------                                                                                       
Samuel               McCain                    Samuel McCain                                                                                                                        
Allan                McEwen                    Allan McEwen                                                                                                                         
Irene                Mikkilineni               Irene Mikkilineni                                                                                                                    
Kevin                Mourgos                   Kevin Mourgos                                                                                                                        
Julia                Nayer                     Julia Nayer                                                                                                                          
Donald               OConnell                  Donald OConnell                                                                                                                      
Christopher          Olsen                     Christopher Olsen                                                                                                                    
TJ                   Olson                     TJ Olson                                                                                                                             
Lisa                 Ozer                      Lisa Ozer                                                                                                                            
Karen                Partners                  Karen Partners                                                                                                                       
Valli                Pataballa                 Valli Pataballa                                                                                                                      

FIRST_NAME           LAST_NAME                 CONCAT(FIRST_NAME,CONCAT('',LAST_NAME))                                                                                              
-------------------- ------------------------- ----------------------------------------------                                                                                       
Joshua               Patel                     Joshua Patel                                                                                                                         
Randall              Perkins                   Randall Perkins                                                                                                                      
Hazel                Philtanker                Hazel Philtanker                                                                                                                     
Luis                 Popp                      Luis Popp                                                                                                                            
Trenna               Rajs                      Trenna Rajs                                                                                                                          
Den                  Raphaely                  Den Raphaely                                                                                                                         
Michael              Rogers                    Michael Rogers                                                                                                                       
John                 Russell                   John Russell                                                                                                                         
Nandita              Sarchand                  Nandita Sarchand                                                                                                                     
Ismael               Sciarra                   Ismael Sciarra                                                                                                                       
John                 Seo                       John Seo                                                                                                                             

FIRST_NAME           LAST_NAME                 CONCAT(FIRST_NAME,CONCAT('',LAST_NAME))                                                                                              
-------------------- ------------------------- ----------------------------------------------                                                                                       
Sarath               Sewall                    Sarath Sewall                                                                                                                        
Lindsey              Smith                     Lindsey Smith                                                                                                                        
William              Smith                     William Smith                                                                                                                        
Stephen              Stiles                    Stephen Stiles                                                                                                                       
Martha               Sullivan                  Martha Sullivan                                                                                                                      
Patrick              Sully                     Patrick Sully                                                                                                                        
Jonathon             Taylor                    Jonathon Taylor                                                                                                                      
Winston              Taylor                    Winston Taylor                                                                                                                       
Sigal                Tobias                    Sigal Tobias                                                                                                                         
Peter                Tucker                    Peter Tucker                                                                                                                         
Oliver               Tuvault                   Oliver Tuvault                                                                                                                       

FIRST_NAME           LAST_NAME                 CONCAT(FIRST_NAME,CONCAT('',LAST_NAME))                                                                                              
-------------------- ------------------------- ----------------------------------------------                                                                                       
Jose Manuel          Urman                     Jose Manuel Urman                                                                                                                    
Peter                Vargas                    Peter Vargas                                                                                                                         
Clara                Vishney                   Clara Vishney                                                                                                                        
Shanta               Vollman                   Shanta Vollman                                                                                                                       
Alana                Walsh                     Alana Walsh                                                                                                                          
Matthew              Weiss                     Matthew Weiss                                                                                                                        
Jennifer             Whalen                    Jennifer Whalen                                                                                                                      
Eleni                Zlotkey                   Eleni Zlotkey                                                                                                                        

107 rows selected.

SQL> select first_name,replace(first_name,'a','A') from employees;

FIRST_NAME           REPLACE(FIRST_NAME,'                                                                                                                                           
-------------------- --------------------                                                                                                                                           
Ellen                Ellen                                                                                                                                                          
Sundar               SundAr                                                                                                                                                         
Mozhe                Mozhe                                                                                                                                                          
David                DAvid                                                                                                                                                          
Hermann              HermAnn                                                                                                                                                        
Shelli               Shelli                                                                                                                                                         
Amit                 Amit                                                                                                                                                           
Elizabeth            ElizAbeth                                                                                                                                                      
Sarah                SArAh                                                                                                                                                          
David                DAvid                                                                                                                                                          
Laura                LAurA                                                                                                                                                          

FIRST_NAME           REPLACE(FIRST_NAME,'                                                                                                                                           
-------------------- --------------------                                                                                                                                           
Harrison             HArrison                                                                                                                                                       
Alexis               Alexis                                                                                                                                                         
Anthony              Anthony                                                                                                                                                        
Gerald               GerAld                                                                                                                                                         
Nanette              NAnette                                                                                                                                                        
John                 John                                                                                                                                                           
Kelly                Kelly                                                                                                                                                          
Karen                KAren                                                                                                                                                          
Curtis               Curtis                                                                                                                                                         
Lex                  Lex                                                                                                                                                            
Julia                JuliA                                                                                                                                                          

FIRST_NAME           REPLACE(FIRST_NAME,'                                                                                                                                           
-------------------- --------------------                                                                                                                                           
Jennifer             Jennifer                                                                                                                                                       
Louise               Louise                                                                                                                                                         
Bruce                Bruce                                                                                                                                                          
Alberto              Alberto                                                                                                                                                        
Britney              Britney                                                                                                                                                        
Daniel               DAniel                                                                                                                                                         
Pat                  PAt                                                                                                                                                            
Kevin                Kevin                                                                                                                                                          
Jean                 JeAn                                                                                                                                                           
Tayler               TAyler                                                                                                                                                         
Adam                 AdAm                                                                                                                                                           

FIRST_NAME           REPLACE(FIRST_NAME,'                                                                                                                                           
-------------------- --------------------                                                                                                                                           
Timothy              Timothy                                                                                                                                                        
Ki                   Ki                                                                                                                                                             
Girard               GirArd                                                                                                                                                         
William              WilliAm                                                                                                                                                        
Douglas              DouglAs                                                                                                                                                        
Kimberely            Kimberely                                                                                                                                                      
Nancy                NAncy                                                                                                                                                          
Danielle             DAnielle                                                                                                                                                       
Peter                Peter                                                                                                                                                          
Michael              MichAel                                                                                                                                                        
Shelley              Shelley                                                                                                                                                        

FIRST_NAME           REPLACE(FIRST_NAME,'                                                                                                                                           
-------------------- --------------------                                                                                                                                           
Guy                  Guy                                                                                                                                                            
Alexander            AlexAnder                                                                                                                                                      
Alyssa               AlyssA                                                                                                                                                         
Charles              ChArles                                                                                                                                                        
Vance                VAnce                                                                                                                                                          
Payam                PAyAm                                                                                                                                                          
Alexander            AlexAnder                                                                                                                                                      
Janette              JAnette                                                                                                                                                        
Steven               Steven                                                                                                                                                         
Neena                NeenA                                                                                                                                                          
Sundita              SunditA                                                                                                                                                        

FIRST_NAME           REPLACE(FIRST_NAME,'                                                                                                                                           
-------------------- --------------------                                                                                                                                           
Renske               Renske                                                                                                                                                         
James                JAmes                                                                                                                                                          
David                DAvid                                                                                                                                                          
Jack                 JAck                                                                                                                                                           
Diana                DiAnA                                                                                                                                                          
Jason                JAson                                                                                                                                                          
Steven               Steven                                                                                                                                                         
James                JAmes                                                                                                                                                          
Mattea               MAtteA                                                                                                                                                         
Randall              RAndAll                                                                                                                                                        
Susan                SusAn                                                                                                                                                          

FIRST_NAME           REPLACE(FIRST_NAME,'                                                                                                                                           
-------------------- --------------------                                                                                                                                           
Samuel               SAmuel                                                                                                                                                         
Allan                AllAn                                                                                                                                                          
Irene                Irene                                                                                                                                                          
Kevin                Kevin                                                                                                                                                          
Julia                JuliA                                                                                                                                                          
Donald               DonAld                                                                                                                                                         
Christopher          Christopher                                                                                                                                                    
TJ                   TJ                                                                                                                                                             
Lisa                 LisA                                                                                                                                                           
Karen                KAren                                                                                                                                                          
Valli                VAlli                                                                                                                                                          

FIRST_NAME           REPLACE(FIRST_NAME,'                                                                                                                                           
-------------------- --------------------                                                                                                                                           
Joshua               JoshuA                                                                                                                                                         
Randall              RAndAll                                                                                                                                                        
Hazel                HAzel                                                                                                                                                          
Luis                 Luis                                                                                                                                                           
Trenna               TrennA                                                                                                                                                         
Den                  Den                                                                                                                                                            
Michael              MichAel                                                                                                                                                        
John                 John                                                                                                                                                           
Nandita              NAnditA                                                                                                                                                        
Ismael               IsmAel                                                                                                                                                         
John                 John                                                                                                                                                           

FIRST_NAME           REPLACE(FIRST_NAME,'                                                                                                                                           
-------------------- --------------------                                                                                                                                           
Sarath               SArAth                                                                                                                                                         
Lindsey              Lindsey                                                                                                                                                        
William              WilliAm                                                                                                                                                        
Stephen              Stephen                                                                                                                                                        
Martha               MArthA                                                                                                                                                         
Patrick              PAtrick                                                                                                                                                        
Jonathon             JonAthon                                                                                                                                                       
Winston              Winston                                                                                                                                                        
Sigal                SigAl                                                                                                                                                          
Peter                Peter                                                                                                                                                          
Oliver               Oliver                                                                                                                                                         

FIRST_NAME           REPLACE(FIRST_NAME,'                                                                                                                                           
-------------------- --------------------                                                                                                                                           
Jose Manuel          Jose MAnuel                                                                                                                                                    
Peter                Peter                                                                                                                                                          
Clara                ClArA                                                                                                                                                          
Shanta               ShAntA                                                                                                                                                         
Alana                AlAnA                                                                                                                                                          
Matthew              MAtthew                                                                                                                                                        
Jennifer             Jennifer                                                                                                                                                       
Eleni                Eleni                                                                                                                                                          

107 rows selected.

SQL> select replace('oracle','o','Mi') from dual;

REPLACE                                                                                                                                                                             
-------                                                                                                                                                                             
Miracle                                                                                                                                                                             

SQL> 
SQL> 
SQL> 
SQL> 
SQL> 
SQL> 
SQL> rem select replace('oracle','o','Mi') from dual;
SQL> 
SQL> 
SQL> 
SQL> 
SQL> 
SQL> 
SQL> rem upper,lower,initcap,trim,ltrim,rtrim,lpad,rpad,length,substr,instr,concat,replace
SQL> 
SQL> 
SQL> 
SQL> 
SQL> 
SQL> spool off
