SQL> 
SQL> 
SQL> rem ddl statement
SQL> 
SQL> 
SQL> rem create alter drop truncate rename
SQL> 
SQL> rem ddl - data definition language
SQL> 
SQL> set lines 80
SQL> 
SQL> create table Royal(no number(10),name varchar2(10),hiredate date);

Table created.

SQL> desc Royal
 Name                                      Null?    Type
 ----------------------------------------- -------- ----------------------------
 NO                                                 NUMBER(10)
 NAME                                               VARCHAR2(10)
 HIREDATE                                           DATE

SQL> select * from  tab;

TNAME                          TABTYPE  CLUSTERID                               
------------------------------ ------- ----------                               
COUNTRIES                      TABLE                                            
DEPARTMENTS                    TABLE                                            
EMPLOYEES                      TABLE                                            
EMP_DETAILS_VIEW               VIEW                                             
JOBS                           TABLE                                            
JOB_HISTORY                    TABLE                                            
LOCATIONS                      TABLE                                            
REGIONS                        TABLE                                            
ROYAL                          TABLE                                            

9 rows selected.

SQL> insert into royal values(1,'Viraj',syssdate-3);
insert into royal values(1,'Viraj',syssdate-3)
                                   *
ERROR at line 1:
ORA-00984: column not allowed here 


SQL> insert into royal values(1,'Viraj',sysdate-3);

1 row created.

SQL> select * from royal;

        NO NAME       HIREDATE                                                  
---------- ---------- ---------                                                 
         1 Viraj      20-MAR-19                                                 

SQL> insert into royal values(2,'abc',sysdate-6);

1 row created.

SQL> insert into royal values(3,'def',sysdate-10);

1 row created.

SQL> insert into royal values(4,'Patel',sysdate+5);

1 row created.

SQL> insert into royal values(5,'qwerty',sysdate+7);

1 row created.

SQL> select * from royal;

        NO NAME       HIREDATE                                                  
---------- ---------- ---------                                                 
         1 Viraj      20-MAR-19                                                 
         2 abc        17-MAR-19                                                 
         3 def        13-MAR-19                                                 
         4 Patel      28-MAR-19                                                 
         5 qwerty     30-MAR-19                                                 

SQL> commit;

Commit complete.

SQL> rem dml - data manupulation
SQL> rem ddl - data definition
SQL> rem dcl - data control
SQL> rem tcl - transaction control
SQL> rem these four types of statements are there
SQL> 
SQL> 
SQL> rem dml statements need commit but for ddl there is auto commit
SQL> 
SQL> 
SQL> insert into royal values(5,'qwerty',sysdate+7);

1 row created.

SQL> select * from royal;

        NO NAME       HIREDATE                                                  
---------- ---------- ---------                                                 
         1 Viraj      20-MAR-19                                                 
         2 abc        17-MAR-19                                                 
         3 def        13-MAR-19                                                 
         4 Patel      28-MAR-19                                                 
         5 qwerty     30-MAR-19                                                 
         5 qwerty     30-MAR-19                                                 

6 rows selected.

SQL> rollback;

Rollback complete.

SQL> select * from royal;

        NO NAME       HIREDATE                                                  
---------- ---------- ---------                                                 
         1 Viraj      20-MAR-19                                                 
         2 abc        17-MAR-19                                                 
         3 def        13-MAR-19                                                 
         4 Patel      28-MAR-19                                                 
         5 qwerty     30-MAR-19                                                 

SQL> rem before statements can be rollback and all insert update delete after last commit are deleted
SQL> 
SQL> 
SQL> 
SQL> 
SQL> update royal set name='Raj' where no = 2;

1 row updated.

SQL> select * from royal;

        NO NAME       HIREDATE                                                  
---------- ---------- ---------                                                 
         1 Viraj      20-MAR-19                                                 
         2 Raj        17-MAR-19                                                 
         3 def        13-MAR-19                                                 
         4 Patel      28-MAR-19                                                 
         5 qwerty     30-MAR-19                                                 

SQL> delete from royal where no = 3;

1 row deleted.

SQL> select * from royal;

        NO NAME       HIREDATE                                                  
---------- ---------- ---------                                                 
         1 Viraj      20-MAR-19                                                 
         2 Raj        17-MAR-19                                                 
         4 Patel      28-MAR-19                                                 
         5 qwerty     30-MAR-19                                                 

SQL> rollback;

Rollback complete.

SQL> select * from royal;

        NO NAME       HIREDATE                                                  
---------- ---------- ---------                                                 
         1 Viraj      20-MAR-19                                                 
         2 abc        17-MAR-19                                                 
         3 def        13-MAR-19                                                 
         4 Patel      28-MAR-19                                                 
         5 qwerty     30-MAR-19                                                 

SQL> update royal set name = 'Viraj';

5 rows updated.

SQL> select * from royal;

        NO NAME       HIREDATE                                                  
---------- ---------- ---------                                                 
         1 Viraj      20-MAR-19                                                 
         2 Viraj      17-MAR-19                                                 
         3 Viraj      13-MAR-19                                                 
         4 Viraj      28-MAR-19                                                 
         5 Viraj      30-MAR-19                                                 

SQL> delete from royal;

5 rows deleted.

SQL> select * from royal;

no rows selected

SQL> rollback;

Rollback complete.

SQL> select * from royal;

        NO NAME       HIREDATE                                                  
---------- ---------- ---------                                                 
         1 Viraj      20-MAR-19                                                 
         2 abc        17-MAR-19                                                 
         3 def        13-MAR-19                                                 
         4 Patel      28-MAR-19                                                 
         5 qwerty     30-MAR-19                                                 

SQL> update royal set name='Raj' where no=2;

1 row updated.

SQL> select * from royal;

        NO NAME       HIREDATE                                                  
---------- ---------- ---------                                                 
         1 Viraj      20-MAR-19                                                 
         2 Raj        17-MAR-19                                                 
         3 def        13-MAR-19                                                 
         4 Patel      28-MAR-19                                                 
         5 qwerty     30-MAR-19                                                 

SQL> commit;

Commit complete.

SQL> select * from royal;

        NO NAME       HIREDATE                                                  
---------- ---------- ---------                                                 
         1 Viraj      20-MAR-19                                                 
         2 Raj        17-MAR-19                                                 
         3 def        13-MAR-19                                                 
         4 Patel      28-MAR-19                                                 
         5 qwerty     30-MAR-19                                                 

SQL> delete from royal;

5 rows deleted.

SQL> select * from royal;

no rows selected

SQL> rollback;

Rollback complete.

SQL> select * from royal;

        NO NAME       HIREDATE                                                  
---------- ---------- ---------                                                 
         1 Viraj      20-MAR-19                                                 
         2 Raj        17-MAR-19                                                 
         3 def        13-MAR-19                                                 
         4 Patel      28-MAR-19                                                 
         5 qwerty     30-MAR-19                                                 

SQL> truncate table royal;

Table truncated.

SQL> select * from royal;

no rows selected

SQL> rollback;

Rollback complete.

SQL> select * from royal;

no rows selected

SQL> rem data is not retrieved because truncate is ddl(auto commit) statement
SQL> 
SQL> 
SQL> 
SQL> 
SQL> desc royal
 Name                                      Null?    Type
 ----------------------------------------- -------- ----------------------------
 NO                                                 NUMBER(10)
 NAME                                               VARCHAR2(10)
 HIREDATE                                           DATE

SQL> select * from royal;

no rows selected

SQL> insert into royal select employee_id,first_name ||' ' ||last_name,hire_date from employees where employee_id<100;

0 rows created.

SQL> insert into royal select employee_id,first_name ||' ' ||last_name,hire_date from employees where employee_id>100;
insert into royal select employee_id,first_name ||' ' ||last_name,hire_date from employees where employee_id>100
                                                       *
ERROR at line 1:
ORA-12899: value too large for column "HR"."ROYAL"."NAME" (actual: 15, maximum: 
10) 


SQL> insert into royal select employee_id,first_name ||' '|| last_name,hire_date from employees where employee_id>100;
insert into royal select employee_id,first_name ||' '|| last_name,hire_date from employees where employee_id>100
                                                      *
ERROR at line 1:
ORA-12899: value too large for column "HR"."ROYAL"."NAME" (actual: 15, maximum: 
10) 


SQL> insert into royal select employee_id,first_name,hire_date from employees where employee_id>100;
insert into royal select employee_id,first_name,hire_date from employees where employee_id>100
                                     *
ERROR at line 1:
ORA-12899: value too large for column "HR"."ROYAL"."NAME" (actual: 11, maximum: 
10) 


SQL> insert into royal select employee_id,first_name,hire_date from employees where employee_id>100;
insert into royal select employee_id,first_name,hire_date from employees where employee_id>100
                                     *
ERROR at line 1:
ORA-12899: value too large for column "HR"."ROYAL"."NAME" (actual: 11, maximum: 
10) 


SQL> alter table royal modify(name varchar2(20));

Table altered.

SQL> rem for increasin the size of data mmembers
SQL> 
SQL> 
SQL> 
SQL> 
SQL> insert into royal select employee_id,first_name,hire_date from employees where employee_id>100;

106 rows created.

SQL> insert into royal select employee_id,first_name,hire_date from employees where employee_id>150;

56 rows created.

SQL> insert into royal select employee_id,first_name,hire_date from employees where employee_id>150;

56 rows created.

SQL> select count(*) from royal;

  COUNT(*)                                                                      
----------                                                                      
       218                                                                      

SQL> select * from royal;

        NO NAME                 HIREDATE                                        
---------- -------------------- ---------                                       
       198 Donald               21-JUN-07                                       
       199 Douglas              13-JAN-08                                       
       200 Jennifer             17-SEP-03                                       
       201 Michael              17-FEB-04                                       
       202 Pat                  17-AUG-05                                       
       203 Susan                07-JUN-02                                       
       204 Hermann              07-JUN-02                                       
       205 Shelley              07-JUN-02                                       
       206 William              07-JUN-02                                       
       101 Neena                21-SEP-05                                       
       102 Lex                  13-JAN-01                                       

        NO NAME                 HIREDATE                                        
---------- -------------------- ---------                                       
       103 Alexander            03-JAN-06                                       
       104 Bruce                21-MAY-07                                       
       105 David                25-JUN-05                                       
       106 Valli                05-FEB-06                                       
       107 Diana                07-FEB-07                                       
       108 Nancy                17-AUG-02                                       
       109 Daniel               16-AUG-02                                       
       110 John                 28-SEP-05                                       
       111 Ismael               30-SEP-05                                       
       112 Jose Manuel          07-MAR-06                                       
       113 Luis                 07-DEC-07                                       

        NO NAME                 HIREDATE                                        
---------- -------------------- ---------                                       
       114 Den                  07-DEC-02                                       
       115 Alexander            18-MAY-03                                       
       116 Shelli               24-DEC-05                                       
       117 Sigal                24-JUL-05                                       
       118 Guy                  15-NOV-06                                       
       119 Karen                10-AUG-07                                       
       120 Matthew              18-JUL-04                                       
       121 Adam                 10-APR-05                                       
       122 Payam                01-MAY-03                                       
       123 Shanta               10-OCT-05                                       
       124 Kevin                16-NOV-07                                       

        NO NAME                 HIREDATE                                        
---------- -------------------- ---------                                       
       125 Julia                16-JUL-05                                       
       126 Irene                28-SEP-06                                       
       127 James                14-JAN-07                                       
       128 Steven               08-MAR-08                                       
       129 Laura                20-AUG-05                                       
       130 Mozhe                30-OCT-05                                       
       131 James                16-FEB-05                                       
       132 TJ                   10-APR-07                                       
       133 Jason                14-JUN-04                                       
       134 Michael              26-AUG-06                                       
       135 Ki                   12-DEC-07                                       

        NO NAME                 HIREDATE                                        
---------- -------------------- ---------                                       
       136 Hazel                06-FEB-08                                       
       137 Renske               14-JUL-03                                       
       138 Stephen              26-OCT-05                                       
       139 John                 12-FEB-06                                       
       140 Joshua               06-APR-06                                       
       141 Trenna               17-OCT-03                                       
       142 Curtis               29-JAN-05                                       
       143 Randall              15-MAR-06                                       
       144 Peter                09-JUL-06                                       
       145 John                 01-OCT-04                                       
       146 Karen                05-JAN-05                                       

        NO NAME                 HIREDATE                                        
---------- -------------------- ---------                                       
       147 Alberto              10-MAR-05                                       
       148 Gerald               15-OCT-07                                       
       149 Eleni                29-JAN-08                                       
       150 Peter                30-JAN-05                                       
       151 David                24-MAR-05                                       
       152 Peter                20-AUG-05                                       
       153 Christopher          30-MAR-06                                       
       154 Nanette              09-DEC-06                                       
       155 Oliver               23-NOV-07                                       
       156 Janette              30-JAN-04                                       
       157 Patrick              04-MAR-04                                       

        NO NAME                 HIREDATE                                        
---------- -------------------- ---------                                       
       158 Allan                01-AUG-04                                       
       159 Lindsey              10-MAR-05                                       
       160 Louise               15-DEC-05                                       
       161 Sarath               03-NOV-06                                       
       162 Clara                11-NOV-05                                       
       163 Danielle             19-MAR-07                                       
       164 Mattea               24-JAN-08                                       
       165 David                23-FEB-08                                       
       166 Sundar               24-MAR-08                                       
       167 Amit                 21-APR-08                                       
       168 Lisa                 11-MAR-05                                       

        NO NAME                 HIREDATE                                        
---------- -------------------- ---------                                       
       169 Harrison             23-MAR-06                                       
       170 Tayler               24-JAN-06                                       
       171 William              23-FEB-07                                       
       172 Elizabeth            24-MAR-07                                       
       173 Sundita              21-APR-08                                       
       174 Ellen                11-MAY-04                                       
       175 Alyssa               19-MAR-05                                       
       176 Jonathon             24-MAR-06                                       
       177 Jack                 23-APR-06                                       
       178 Kimberely            24-MAY-07                                       
       179 Charles              04-JAN-08                                       

        NO NAME                 HIREDATE                                        
---------- -------------------- ---------                                       
       180 Winston              24-JAN-06                                       
       181 Jean                 23-FEB-06                                       
       182 Martha               21-JUN-07                                       
       183 Girard               03-FEB-08                                       
       184 Nandita              27-JAN-04                                       
       185 Alexis               20-FEB-05                                       
       186 Julia                24-JUN-06                                       
       187 Anthony              07-FEB-07                                       
       188 Kelly                14-JUN-05                                       
       189 Jennifer             13-AUG-05                                       
       190 Timothy              11-JUL-06                                       

        NO NAME                 HIREDATE                                        
---------- -------------------- ---------                                       
       191 Randall              19-DEC-07                                       
       192 Sarah                04-FEB-04                                       
       193 Britney              03-MAR-05                                       
       194 Samuel               01-JUL-06                                       
       195 Vance                17-MAR-07                                       
       196 Alana                24-APR-06                                       
       197 Kevin                23-MAY-06                                       
       151 David                24-MAR-05                                       
       152 Peter                20-AUG-05                                       
       153 Christopher          30-MAR-06                                       
       154 Nanette              09-DEC-06                                       

        NO NAME                 HIREDATE                                        
---------- -------------------- ---------                                       
       155 Oliver               23-NOV-07                                       
       156 Janette              30-JAN-04                                       
       157 Patrick              04-MAR-04                                       
       158 Allan                01-AUG-04                                       
       159 Lindsey              10-MAR-05                                       
       160 Louise               15-DEC-05                                       
       161 Sarath               03-NOV-06                                       
       162 Clara                11-NOV-05                                       
       163 Danielle             19-MAR-07                                       
       164 Mattea               24-JAN-08                                       
       165 David                23-FEB-08                                       

        NO NAME                 HIREDATE                                        
---------- -------------------- ---------                                       
       166 Sundar               24-MAR-08                                       
       167 Amit                 21-APR-08                                       
       168 Lisa                 11-MAR-05                                       
       169 Harrison             23-MAR-06                                       
       170 Tayler               24-JAN-06                                       
       171 William              23-FEB-07                                       
       172 Elizabeth            24-MAR-07                                       
       173 Sundita              21-APR-08                                       
       174 Ellen                11-MAY-04                                       
       175 Alyssa               19-MAR-05                                       
       176 Jonathon             24-MAR-06                                       

        NO NAME                 HIREDATE                                        
---------- -------------------- ---------                                       
       177 Jack                 23-APR-06                                       
       178 Kimberely            24-MAY-07                                       
       179 Charles              04-JAN-08                                       
       180 Winston              24-JAN-06                                       
       181 Jean                 23-FEB-06                                       
       182 Martha               21-JUN-07                                       
       183 Girard               03-FEB-08                                       
       184 Nandita              27-JAN-04                                       
       185 Alexis               20-FEB-05                                       
       186 Julia                24-JUN-06                                       
       187 Anthony              07-FEB-07                                       

        NO NAME                 HIREDATE                                        
---------- -------------------- ---------                                       
       188 Kelly                14-JUN-05                                       
       189 Jennifer             13-AUG-05                                       
       190 Timothy              11-JUL-06                                       
       191 Randall              19-DEC-07                                       
       192 Sarah                04-FEB-04                                       
       193 Britney              03-MAR-05                                       
       194 Samuel               01-JUL-06                                       
       195 Vance                17-MAR-07                                       
       196 Alana                24-APR-06                                       
       197 Kevin                23-MAY-06                                       
       198 Donald               21-JUN-07                                       

        NO NAME                 HIREDATE                                        
---------- -------------------- ---------                                       
       199 Douglas              13-JAN-08                                       
       200 Jennifer             17-SEP-03                                       
       201 Michael              17-FEB-04                                       
       202 Pat                  17-AUG-05                                       
       203 Susan                07-JUN-02                                       
       204 Hermann              07-JUN-02                                       
       205 Shelley              07-JUN-02                                       
       206 William              07-JUN-02                                       
       151 David                24-MAR-05                                       
       152 Peter                20-AUG-05                                       
       153 Christopher          30-MAR-06                                       

        NO NAME                 HIREDATE                                        
---------- -------------------- ---------                                       
       154 Nanette              09-DEC-06                                       
       155 Oliver               23-NOV-07                                       
       156 Janette              30-JAN-04                                       
       157 Patrick              04-MAR-04                                       
       158 Allan                01-AUG-04                                       
       159 Lindsey              10-MAR-05                                       
       160 Louise               15-DEC-05                                       
       161 Sarath               03-NOV-06                                       
       162 Clara                11-NOV-05                                       
       163 Danielle             19-MAR-07                                       
       164 Mattea               24-JAN-08                                       

        NO NAME                 HIREDATE                                        
---------- -------------------- ---------                                       
       165 David                23-FEB-08                                       
       166 Sundar               24-MAR-08                                       
       167 Amit                 21-APR-08                                       
       168 Lisa                 11-MAR-05                                       
       169 Harrison             23-MAR-06                                       
       170 Tayler               24-JAN-06                                       
       171 William              23-FEB-07                                       
       172 Elizabeth            24-MAR-07                                       
       173 Sundita              21-APR-08                                       
       174 Ellen                11-MAY-04                                       
       175 Alyssa               19-MAR-05                                       

        NO NAME                 HIREDATE                                        
---------- -------------------- ---------                                       
       176 Jonathon             24-MAR-06                                       
       177 Jack                 23-APR-06                                       
       178 Kimberely            24-MAY-07                                       
       179 Charles              04-JAN-08                                       
       180 Winston              24-JAN-06                                       
       181 Jean                 23-FEB-06                                       
       182 Martha               21-JUN-07                                       
       183 Girard               03-FEB-08                                       
       184 Nandita              27-JAN-04                                       
       185 Alexis               20-FEB-05                                       
       186 Julia                24-JUN-06                                       

        NO NAME                 HIREDATE                                        
---------- -------------------- ---------                                       
       187 Anthony              07-FEB-07                                       
       188 Kelly                14-JUN-05                                       
       189 Jennifer             13-AUG-05                                       
       190 Timothy              11-JUL-06                                       
       191 Randall              19-DEC-07                                       
       192 Sarah                04-FEB-04                                       
       193 Britney              03-MAR-05                                       
       194 Samuel               01-JUL-06                                       
       195 Vance                17-MAR-07                                       
       196 Alana                24-APR-06                                       
       197 Kevin                23-MAY-06                                       

        NO NAME                 HIREDATE                                        
---------- -------------------- ---------                                       
       198 Donald               21-JUN-07                                       
       199 Douglas              13-JAN-08                                       
       200 Jennifer             17-SEP-03                                       
       201 Michael              17-FEB-04                                       
       202 Pat                  17-AUG-05                                       
       203 Susan                07-JUN-02                                       
       204 Hermann              07-JUN-02                                       
       205 Shelley              07-JUN-02                                       
       206 William              07-JUN-02                                       

218 rows selected.

SQL> rollback;

Rollback complete.

SQL> select * from royal;

no rows selected

SQL> insert into royal select employee_id,first_name,hire_date from employees where employee_id>125;

81 rows created.

SQL> 
SQL> 
SQL> 
SQL> 
SQL> 
SQL> 
SQL> rem using subquery data from other table can be inserted
SQL> 
SQL> 
SQL> 
SQL> rem values clause is not written statement as subquery is used
SQL> 
SQL> 
SQL> 
SQL> 
SQL> 
SQL> select * from royal;

        NO NAME                 HIREDATE                                        
---------- -------------------- ---------                                       
       126 Irene                28-SEP-06                                       
       127 James                14-JAN-07                                       
       128 Steven               08-MAR-08                                       
       129 Laura                20-AUG-05                                       
       130 Mozhe                30-OCT-05                                       
       131 James                16-FEB-05                                       
       132 TJ                   10-APR-07                                       
       133 Jason                14-JUN-04                                       
       134 Michael              26-AUG-06                                       
       135 Ki                   12-DEC-07                                       
       136 Hazel                06-FEB-08                                       

        NO NAME                 HIREDATE                                        
---------- -------------------- ---------                                       
       137 Renske               14-JUL-03                                       
       138 Stephen              26-OCT-05                                       
       139 John                 12-FEB-06                                       
       140 Joshua               06-APR-06                                       
       141 Trenna               17-OCT-03                                       
       142 Curtis               29-JAN-05                                       
       143 Randall              15-MAR-06                                       
       144 Peter                09-JUL-06                                       
       145 John                 01-OCT-04                                       
       146 Karen                05-JAN-05                                       
       147 Alberto              10-MAR-05                                       

        NO NAME                 HIREDATE                                        
---------- -------------------- ---------                                       
       148 Gerald               15-OCT-07                                       
       149 Eleni                29-JAN-08                                       
       150 Peter                30-JAN-05                                       
       151 David                24-MAR-05                                       
       152 Peter                20-AUG-05                                       
       153 Christopher          30-MAR-06                                       
       154 Nanette              09-DEC-06                                       
       155 Oliver               23-NOV-07                                       
       156 Janette              30-JAN-04                                       
       157 Patrick              04-MAR-04                                       
       158 Allan                01-AUG-04                                       

        NO NAME                 HIREDATE                                        
---------- -------------------- ---------                                       
       159 Lindsey              10-MAR-05                                       
       160 Louise               15-DEC-05                                       
       161 Sarath               03-NOV-06                                       
       162 Clara                11-NOV-05                                       
       163 Danielle             19-MAR-07                                       
       164 Mattea               24-JAN-08                                       
       165 David                23-FEB-08                                       
       166 Sundar               24-MAR-08                                       
       167 Amit                 21-APR-08                                       
       168 Lisa                 11-MAR-05                                       
       169 Harrison             23-MAR-06                                       

        NO NAME                 HIREDATE                                        
---------- -------------------- ---------                                       
       170 Tayler               24-JAN-06                                       
       171 William              23-FEB-07                                       
       172 Elizabeth            24-MAR-07                                       
       173 Sundita              21-APR-08                                       
       174 Ellen                11-MAY-04                                       
       175 Alyssa               19-MAR-05                                       
       176 Jonathon             24-MAR-06                                       
       177 Jack                 23-APR-06                                       
       178 Kimberely            24-MAY-07                                       
       179 Charles              04-JAN-08                                       
       180 Winston              24-JAN-06                                       

        NO NAME                 HIREDATE                                        
---------- -------------------- ---------                                       
       181 Jean                 23-FEB-06                                       
       182 Martha               21-JUN-07                                       
       183 Girard               03-FEB-08                                       
       184 Nandita              27-JAN-04                                       
       185 Alexis               20-FEB-05                                       
       186 Julia                24-JUN-06                                       
       187 Anthony              07-FEB-07                                       
       188 Kelly                14-JUN-05                                       
       189 Jennifer             13-AUG-05                                       
       190 Timothy              11-JUL-06                                       
       191 Randall              19-DEC-07                                       

        NO NAME                 HIREDATE                                        
---------- -------------------- ---------                                       
       192 Sarah                04-FEB-04                                       
       193 Britney              03-MAR-05                                       
       194 Samuel               01-JUL-06                                       
       195 Vance                17-MAR-07                                       
       196 Alana                24-APR-06                                       
       197 Kevin                23-MAY-06                                       
       198 Donald               21-JUN-07                                       
       199 Douglas              13-JAN-08                                       
       200 Jennifer             17-SEP-03                                       
       201 Michael              17-FEB-04                                       
       202 Pat                  17-AUG-05                                       

        NO NAME                 HIREDATE                                        
---------- -------------------- ---------                                       
       203 Susan                07-JUN-02                                       
       204 Hermann              07-JUN-02                                       
       205 Shelley              07-JUN-02                                       
       206 William              07-JUN-02                                       

81 rows selected.

SQL> 
SQL> 
SQL> 
SQL> 
SQL> rem ddl statement used after any insert update delete they are allso commited if we haven't written commit
SQL> 
SQL> 
SQL> 
SQL> 
SQL> 
SQL> alter table royal modify (name varchar2(32));

Table altered.

SQL> rollback;

Rollback complete.

SQL> select * from royal;

        NO NAME                             HIREDATE                            
---------- -------------------------------- ---------                           
       126 Irene                            28-SEP-06                           
       127 James                            14-JAN-07                           
       128 Steven                           08-MAR-08                           
       129 Laura                            20-AUG-05                           
       130 Mozhe                            30-OCT-05                           
       131 James                            16-FEB-05                           
       132 TJ                               10-APR-07                           
       133 Jason                            14-JUN-04                           
       134 Michael                          26-AUG-06                           
       135 Ki                               12-DEC-07                           
       136 Hazel                            06-FEB-08                           

        NO NAME                             HIREDATE                            
---------- -------------------------------- ---------                           
       137 Renske                           14-JUL-03                           
       138 Stephen                          26-OCT-05                           
       139 John                             12-FEB-06                           
       140 Joshua                           06-APR-06                           
       141 Trenna                           17-OCT-03                           
       142 Curtis                           29-JAN-05                           
       143 Randall                          15-MAR-06                           
       144 Peter                            09-JUL-06                           
       145 John                             01-OCT-04                           
       146 Karen                            05-JAN-05                           
       147 Alberto                          10-MAR-05                           

        NO NAME                             HIREDATE                            
---------- -------------------------------- ---------                           
       148 Gerald                           15-OCT-07                           
       149 Eleni                            29-JAN-08                           
       150 Peter                            30-JAN-05                           
       151 David                            24-MAR-05                           
       152 Peter                            20-AUG-05                           
       153 Christopher                      30-MAR-06                           
       154 Nanette                          09-DEC-06                           
       155 Oliver                           23-NOV-07                           
       156 Janette                          30-JAN-04                           
       157 Patrick                          04-MAR-04                           
       158 Allan                            01-AUG-04                           

        NO NAME                             HIREDATE                            
---------- -------------------------------- ---------                           
       159 Lindsey                          10-MAR-05                           
       160 Louise                           15-DEC-05                           
       161 Sarath                           03-NOV-06                           
       162 Clara                            11-NOV-05                           
       163 Danielle                         19-MAR-07                           
       164 Mattea                           24-JAN-08                           
       165 David                            23-FEB-08                           
       166 Sundar                           24-MAR-08                           
       167 Amit                             21-APR-08                           
       168 Lisa                             11-MAR-05                           
       169 Harrison                         23-MAR-06                           

        NO NAME                             HIREDATE                            
---------- -------------------------------- ---------                           
       170 Tayler                           24-JAN-06                           
       171 William                          23-FEB-07                           
       172 Elizabeth                        24-MAR-07                           
       173 Sundita                          21-APR-08                           
       174 Ellen                            11-MAY-04                           
       175 Alyssa                           19-MAR-05                           
       176 Jonathon                         24-MAR-06                           
       177 Jack                             23-APR-06                           
       178 Kimberely                        24-MAY-07                           
       179 Charles                          04-JAN-08                           
       180 Winston                          24-JAN-06                           

        NO NAME                             HIREDATE                            
---------- -------------------------------- ---------                           
       181 Jean                             23-FEB-06                           
       182 Martha                           21-JUN-07                           
       183 Girard                           03-FEB-08                           
       184 Nandita                          27-JAN-04                           
       185 Alexis                           20-FEB-05                           
       186 Julia                            24-JUN-06                           
       187 Anthony                          07-FEB-07                           
       188 Kelly                            14-JUN-05                           
       189 Jennifer                         13-AUG-05                           
       190 Timothy                          11-JUL-06                           
       191 Randall                          19-DEC-07                           

        NO NAME                             HIREDATE                            
---------- -------------------------------- ---------                           
       192 Sarah                            04-FEB-04                           
       193 Britney                          03-MAR-05                           
       194 Samuel                           01-JUL-06                           
       195 Vance                            17-MAR-07                           
       196 Alana                            24-APR-06                           
       197 Kevin                            23-MAY-06                           
       198 Donald                           21-JUN-07                           
       199 Douglas                          13-JAN-08                           
       200 Jennifer                         17-SEP-03                           
       201 Michael                          17-FEB-04                           
       202 Pat                              17-AUG-05                           

        NO NAME                             HIREDATE                            
---------- -------------------------------- ---------                           
       203 Susan                            07-JUN-02                           
       204 Hermann                          07-JUN-02                           
       205 Shelley                          07-JUN-02                           
       206 William                          07-JUN-02                           

81 rows selected.

SQL> truncate table royal;

Table truncated.

SQL> select * from royal;

no rows selected

SQL> insert into royal select employee_id,first_name || ' ' || last_name,hire_date from employees where salary>10000;

15 rows created.

SQL> select * from royal;

        NO NAME                             HIREDATE                            
---------- -------------------------------- ---------                           
       201 Michael Hartstein                17-FEB-04                           
       205 Shelley Higgins                  07-JUN-02                           
       100 Steven King                      17-JUN-03                           
       101 Neena Kochhar                    21-SEP-05                           
       102 Lex De Haan                      13-JAN-01                           
       108 Nancy Greenberg                  17-AUG-02                           
       114 Den Raphaely                     07-DEC-02                           
       145 John Russell                     01-OCT-04                           
       146 Karen Partners                   05-JAN-05                           
       147 Alberto Errazuriz                10-MAR-05                           
       148 Gerald Cambrault                 15-OCT-07                           

        NO NAME                             HIREDATE                            
---------- -------------------------------- ---------                           
       149 Eleni Zlotkey                    29-JAN-08                           
       162 Clara Vishney                    11-NOV-05                           
       168 Lisa Ozer                        11-MAR-05                           
       174 Ellen Abel                       11-MAY-04                           

15 rows selected.

SQL> create table salary_details as select first_name Fn,last_name LN from employees where salary>10000;

Table created.

SQL> 
SQL> desc salary_details
 Name                                      Null?    Type
 ----------------------------------------- -------- ----------------------------
 FN                                                 VARCHAR2(20)
 LN                                        NOT NULL VARCHAR2(25)

SQL> select * from salary_details;

FN                   LN                                                         
-------------------- -------------------------                                  
Michael              Hartstein                                                  
Shelley              Higgins                                                    
Steven               King                                                       
Neena                Kochhar                                                    
Lex                  De Haan                                                    
Nancy                Greenberg                                                  
Den                  Raphaely                                                   
John                 Russell                                                    
Karen                Partners                                                   
Alberto              Errazuriz                                                  
Gerald               Cambrault                                                  

FN                   LN                                                         
-------------------- -------------------------                                  
Eleni                Zlotkey                                                    
Clara                Vishney                                                    
Lisa                 Ozer                                                       
Ellen                Abel                                                       

15 rows selected.

SQL> create employee_details as select first_name || ' ' || last_name Full_Name,salary monthly,salary*6 half_year,salary*12 annual from employees;
create employee_details as select first_name || ' ' || last_name Full_Name,salary monthly,salary*6 half_year,salary*12 annual from employees
       *
ERROR at line 1:
ORA-00901: invalid CREATE command 


SQL> create table employee_details as select first_name || ' ' || last_name Full_Name,salary monthly,salary*6 half_year,salary*12 annual from employees;

Table created.

SQL> desc employee_details
 Name                                      Null?    Type
 ----------------------------------------- -------- ----------------------------
 FULL_NAME                                          VARCHAR2(46)
 MONTHLY                                            NUMBER(8,2)
 HALF_YEAR                                          NUMBER
 ANNUAL                                             NUMBER

SQL> select * from employee_details;

FULL_NAME                                         MONTHLY  HALF_YEAR     ANNUAL 
---------------------------------------------- ---------- ---------- ---------- 
Donald OConnell                                      2600      15600      31200 
Douglas Grant                                        2600      15600      31200 
Jennifer Whalen                                      4400      26400      52800 
Michael Hartstein                                   13000      78000     156000 
Pat Fay                                              6000      36000      72000 
Susan Mavris                                         6500      39000      78000 
Hermann Baer                                        10000      60000     120000 
Shelley Higgins                                     12008      72048     144096 
William Gietz                                        8300      49800      99600 
Steven King                                         24000     144000     288000 
Neena Kochhar                                       17000     102000     204000 

FULL_NAME                                         MONTHLY  HALF_YEAR     ANNUAL 
---------------------------------------------- ---------- ---------- ---------- 
Lex De Haan                                         17000     102000     204000 
Alexander Hunold                                     9000      54000     108000 
Bruce Ernst                                          6000      36000      72000 
David Austin                                         4800      28800      57600 
Valli Pataballa                                      4800      28800      57600 
Diana Lorentz                                        4200      25200      50400 
Nancy Greenberg                                     12008      72048     144096 
Daniel Faviet                                        9000      54000     108000 
John Chen                                            8200      49200      98400 
Ismael Sciarra                                       7700      46200      92400 
Jose Manuel Urman                                    7800      46800      93600 

FULL_NAME                                         MONTHLY  HALF_YEAR     ANNUAL 
---------------------------------------------- ---------- ---------- ---------- 
Luis Popp                                            6900      41400      82800 
Den Raphaely                                        11000      66000     132000 
Alexander Khoo                                       3100      18600      37200 
Shelli Baida                                         2900      17400      34800 
Sigal Tobias                                         2800      16800      33600 
Guy Himuro                                           2600      15600      31200 
Karen Colmenares                                     2500      15000      30000 
Matthew Weiss                                        8000      48000      96000 
Adam Fripp                                           8200      49200      98400 
Payam Kaufling                                       7900      47400      94800 
Shanta Vollman                                       6500      39000      78000 

FULL_NAME                                         MONTHLY  HALF_YEAR     ANNUAL 
---------------------------------------------- ---------- ---------- ---------- 
Kevin Mourgos                                        5800      34800      69600 
Julia Nayer                                          3200      19200      38400 
Irene Mikkilineni                                    2700      16200      32400 
James Landry                                         2400      14400      28800 
Steven Markle                                        2200      13200      26400 
Laura Bissot                                         3300      19800      39600 
Mozhe Atkinson                                       2800      16800      33600 
James Marlow                                         2500      15000      30000 
TJ Olson                                             2100      12600      25200 
Jason Mallin                                         3300      19800      39600 
Michael Rogers                                       2900      17400      34800 

FULL_NAME                                         MONTHLY  HALF_YEAR     ANNUAL 
---------------------------------------------- ---------- ---------- ---------- 
Ki Gee                                               2400      14400      28800 
Hazel Philtanker                                     2200      13200      26400 
Renske Ladwig                                        3600      21600      43200 
Stephen Stiles                                       3200      19200      38400 
John Seo                                             2700      16200      32400 
Joshua Patel                                         2500      15000      30000 
Trenna Rajs                                          3500      21000      42000 
Curtis Davies                                        3100      18600      37200 
Randall Matos                                        2600      15600      31200 
Peter Vargas                                         2500      15000      30000 
John Russell                                        14000      84000     168000 

FULL_NAME                                         MONTHLY  HALF_YEAR     ANNUAL 
---------------------------------------------- ---------- ---------- ---------- 
Karen Partners                                      13500      81000     162000 
Alberto Errazuriz                                   12000      72000     144000 
Gerald Cambrault                                    11000      66000     132000 
Eleni Zlotkey                                       10500      63000     126000 
Peter Tucker                                        10000      60000     120000 
David Bernstein                                      9500      57000     114000 
Peter Hall                                           9000      54000     108000 
Christopher Olsen                                    8000      48000      96000 
Nanette Cambrault                                    7500      45000      90000 
Oliver Tuvault                                       7000      42000      84000 
Janette King                                        10000      60000     120000 

FULL_NAME                                         MONTHLY  HALF_YEAR     ANNUAL 
---------------------------------------------- ---------- ---------- ---------- 
Patrick Sully                                        9500      57000     114000 
Allan McEwen                                         9000      54000     108000 
Lindsey Smith                                        8000      48000      96000 
Louise Doran                                         7500      45000      90000 
Sarath Sewall                                        7000      42000      84000 
Clara Vishney                                       10500      63000     126000 
Danielle Greene                                      9500      57000     114000 
Mattea Marvins                                       7200      43200      86400 
David Lee                                            6800      40800      81600 
Sundar Ande                                          6400      38400      76800 
Amit Banda                                           6200      37200      74400 

FULL_NAME                                         MONTHLY  HALF_YEAR     ANNUAL 
---------------------------------------------- ---------- ---------- ---------- 
Lisa Ozer                                           11500      69000     138000 
Harrison Bloom                                      10000      60000     120000 
Tayler Fox                                           9600      57600     115200 
William Smith                                        7400      44400      88800 
Elizabeth Bates                                      7300      43800      87600 
Sundita Kumar                                        6100      36600      73200 
Ellen Abel                                          11000      66000     132000 
Alyssa Hutton                                        8800      52800     105600 
Jonathon Taylor                                      8600      51600     103200 
Jack Livingston                                      8400      50400     100800 
Kimberely Grant                                      7000      42000      84000 

FULL_NAME                                         MONTHLY  HALF_YEAR     ANNUAL 
---------------------------------------------- ---------- ---------- ---------- 
Charles Johnson                                      6200      37200      74400 
Winston Taylor                                       3200      19200      38400 
Jean Fleaur                                          3100      18600      37200 
Martha Sullivan                                      2500      15000      30000 
Girard Geoni                                         2800      16800      33600 
Nandita Sarchand                                     4200      25200      50400 
Alexis Bull                                          4100      24600      49200 
Julia Dellinger                                      3400      20400      40800 
Anthony Cabrio                                       3000      18000      36000 
Kelly Chung                                          3800      22800      45600 
Jennifer Dilly                                       3600      21600      43200 

FULL_NAME                                         MONTHLY  HALF_YEAR     ANNUAL 
---------------------------------------------- ---------- ---------- ---------- 
Timothy Gates                                        2900      17400      34800 
Randall Perkins                                      2500      15000      30000 
Sarah Bell                                           4000      24000      48000 
Britney Everett                                      3900      23400      46800 
Samuel McCain                                        3200      19200      38400 
Vance Jones                                          2800      16800      33600 
Alana Walsh                                          3100      18600      37200 
Kevin Feeney                                         3000      18000      36000 

107 rows selected.

SQL> rollback;

Rollback complete.

SQL> select * from employee_details;

FULL_NAME                                         MONTHLY  HALF_YEAR     ANNUAL 
---------------------------------------------- ---------- ---------- ---------- 
Donald OConnell                                      2600      15600      31200 
Douglas Grant                                        2600      15600      31200 
Jennifer Whalen                                      4400      26400      52800 
Michael Hartstein                                   13000      78000     156000 
Pat Fay                                              6000      36000      72000 
Susan Mavris                                         6500      39000      78000 
Hermann Baer                                        10000      60000     120000 
Shelley Higgins                                     12008      72048     144096 
William Gietz                                        8300      49800      99600 
Steven King                                         24000     144000     288000 
Neena Kochhar                                       17000     102000     204000 

FULL_NAME                                         MONTHLY  HALF_YEAR     ANNUAL 
---------------------------------------------- ---------- ---------- ---------- 
Lex De Haan                                         17000     102000     204000 
Alexander Hunold                                     9000      54000     108000 
Bruce Ernst                                          6000      36000      72000 
David Austin                                         4800      28800      57600 
Valli Pataballa                                      4800      28800      57600 
Diana Lorentz                                        4200      25200      50400 
Nancy Greenberg                                     12008      72048     144096 
Daniel Faviet                                        9000      54000     108000 
John Chen                                            8200      49200      98400 
Ismael Sciarra                                       7700      46200      92400 
Jose Manuel Urman                                    7800      46800      93600 

FULL_NAME                                         MONTHLY  HALF_YEAR     ANNUAL 
---------------------------------------------- ---------- ---------- ---------- 
Luis Popp                                            6900      41400      82800 
Den Raphaely                                        11000      66000     132000 
Alexander Khoo                                       3100      18600      37200 
Shelli Baida                                         2900      17400      34800 
Sigal Tobias                                         2800      16800      33600 
Guy Himuro                                           2600      15600      31200 
Karen Colmenares                                     2500      15000      30000 
Matthew Weiss                                        8000      48000      96000 
Adam Fripp                                           8200      49200      98400 
Payam Kaufling                                       7900      47400      94800 
Shanta Vollman                                       6500      39000      78000 

FULL_NAME                                         MONTHLY  HALF_YEAR     ANNUAL 
---------------------------------------------- ---------- ---------- ---------- 
Kevin Mourgos                                        5800      34800      69600 
Julia Nayer                                          3200      19200      38400 
Irene Mikkilineni                                    2700      16200      32400 
James Landry                                         2400      14400      28800 
Steven Markle                                        2200      13200      26400 
Laura Bissot                                         3300      19800      39600 
Mozhe Atkinson                                       2800      16800      33600 
James Marlow                                         2500      15000      30000 
TJ Olson                                             2100      12600      25200 
Jason Mallin                                         3300      19800      39600 
Michael Rogers                                       2900      17400      34800 

FULL_NAME                                         MONTHLY  HALF_YEAR     ANNUAL 
---------------------------------------------- ---------- ---------- ---------- 
Ki Gee                                               2400      14400      28800 
Hazel Philtanker                                     2200      13200      26400 
Renske Ladwig                                        3600      21600      43200 
Stephen Stiles                                       3200      19200      38400 
John Seo                                             2700      16200      32400 
Joshua Patel                                         2500      15000      30000 
Trenna Rajs                                          3500      21000      42000 
Curtis Davies                                        3100      18600      37200 
Randall Matos                                        2600      15600      31200 
Peter Vargas                                         2500      15000      30000 
John Russell                                        14000      84000     168000 

FULL_NAME                                         MONTHLY  HALF_YEAR     ANNUAL 
---------------------------------------------- ---------- ---------- ---------- 
Karen Partners                                      13500      81000     162000 
Alberto Errazuriz                                   12000      72000     144000 
Gerald Cambrault                                    11000      66000     132000 
Eleni Zlotkey                                       10500      63000     126000 
Peter Tucker                                        10000      60000     120000 
David Bernstein                                      9500      57000     114000 
Peter Hall                                           9000      54000     108000 
Christopher Olsen                                    8000      48000      96000 
Nanette Cambrault                                    7500      45000      90000 
Oliver Tuvault                                       7000      42000      84000 
Janette King                                        10000      60000     120000 

FULL_NAME                                         MONTHLY  HALF_YEAR     ANNUAL 
---------------------------------------------- ---------- ---------- ---------- 
Patrick Sully                                        9500      57000     114000 
Allan McEwen                                         9000      54000     108000 
Lindsey Smith                                        8000      48000      96000 
Louise Doran                                         7500      45000      90000 
Sarath Sewall                                        7000      42000      84000 
Clara Vishney                                       10500      63000     126000 
Danielle Greene                                      9500      57000     114000 
Mattea Marvins                                       7200      43200      86400 
David Lee                                            6800      40800      81600 
Sundar Ande                                          6400      38400      76800 
Amit Banda                                           6200      37200      74400 

FULL_NAME                                         MONTHLY  HALF_YEAR     ANNUAL 
---------------------------------------------- ---------- ---------- ---------- 
Lisa Ozer                                           11500      69000     138000 
Harrison Bloom                                      10000      60000     120000 
Tayler Fox                                           9600      57600     115200 
William Smith                                        7400      44400      88800 
Elizabeth Bates                                      7300      43800      87600 
Sundita Kumar                                        6100      36600      73200 
Ellen Abel                                          11000      66000     132000 
Alyssa Hutton                                        8800      52800     105600 
Jonathon Taylor                                      8600      51600     103200 
Jack Livingston                                      8400      50400     100800 
Kimberely Grant                                      7000      42000      84000 

FULL_NAME                                         MONTHLY  HALF_YEAR     ANNUAL 
---------------------------------------------- ---------- ---------- ---------- 
Charles Johnson                                      6200      37200      74400 
Winston Taylor                                       3200      19200      38400 
Jean Fleaur                                          3100      18600      37200 
Martha Sullivan                                      2500      15000      30000 
Girard Geoni                                         2800      16800      33600 
Nandita Sarchand                                     4200      25200      50400 
Alexis Bull                                          4100      24600      49200 
Julia Dellinger                                      3400      20400      40800 
Anthony Cabrio                                       3000      18000      36000 
Kelly Chung                                          3800      22800      45600 
Jennifer Dilly                                       3600      21600      43200 

FULL_NAME                                         MONTHLY  HALF_YEAR     ANNUAL 
---------------------------------------------- ---------- ---------- ---------- 
Timothy Gates                                        2900      17400      34800 
Randall Perkins                                      2500      15000      30000 
Sarah Bell                                           4000      24000      48000 
Britney Everett                                      3900      23400      46800 
Samuel McCain                                        3200      19200      38400 
Vance Jones                                          2800      16800      33600 
Alana Walsh                                          3100      18600      37200 
Kevin Feeney                                         3000      18000      36000 

107 rows selected.

SQL> 
SQL> 
SQL> 
SQL> 
SQL> 
SQL> 
SQL> 
SQL> rem create is also a ddl statement
SQL> 
SQL> 
SQL> 
SQL> 
SQL> 
SQL> create copy_emp as select * from employees;
create copy_emp as select * from employees
       *
ERROR at line 1:
ORA-00901: invalid CREATE command 


SQL> create table copy_emp as select * from employees;

Table created.

SQL> select * from tab;

TNAME                          TABTYPE  CLUSTERID                               
------------------------------ ------- ----------                               
COPY_EMP                       TABLE                                            
COUNTRIES                      TABLE                                            
DEPARTMENTS                    TABLE                                            
EMPLOYEES                      TABLE                                            
EMPLOYEE_DETAILS               TABLE                                            
EMP_DETAILS_VIEW               VIEW                                             
JOBS                           TABLE                                            
JOB_HISTORY                    TABLE                                            
LOCATIONS                      TABLE                                            
REGIONS                        TABLE                                            
ROYAL                          TABLE                                            

TNAME                          TABTYPE  CLUSTERID                               
------------------------------ ------- ----------                               
SALARY_DETAILS                 TABLE                                            

12 rows selected.

SQL> desc copy-emp;
SP2-0565: Illegal identifier.
SQL> desc copy_emp;
 Name                                      Null?    Type
 ----------------------------------------- -------- ----------------------------
 EMPLOYEE_ID                                        NUMBER(6)
 FIRST_NAME                                         VARCHAR2(20)
 LAST_NAME                                 NOT NULL VARCHAR2(25)
 EMAIL                                     NOT NULL VARCHAR2(25)
 PHONE_NUMBER                                       VARCHAR2(20)
 HIRE_DATE                                 NOT NULL DATE
 JOB_ID                                    NOT NULL VARCHAR2(10)
 SALARY                                             NUMBER(8,2)
 COMMISSION_PCT                                     NUMBER(2,2)
 MANAGER_ID                                         NUMBER(6)
 DEPARTMENT_ID                                      NUMBER(4)

SQL> select * from copy_emp;

EMPLOYEE_ID FIRST_NAME           LAST_NAME                                      
----------- -------------------- -------------------------                      
EMAIL                     PHONE_NUMBER         HIRE_DATE JOB_ID         SALARY  
------------------------- -------------------- --------- ---------- ----------  
COMMISSION_PCT MANAGER_ID DEPARTMENT_ID                                         
-------------- ---------- -------------                                         
        198 Donald               OConnell                                       
DOCONNEL                  650.507.9833         21-JUN-07 SH_CLERK         2600  
                      124            50                                         
                                                                                
        199 Douglas              Grant                                          
DGRANT                    650.507.9844         13-JAN-08 SH_CLERK         2600  
                      124            50                                         

EMPLOYEE_ID FIRST_NAME           LAST_NAME                                      
----------- -------------------- -------------------------                      
EMAIL                     PHONE_NUMBER         HIRE_DATE JOB_ID         SALARY  
------------------------- -------------------- --------- ---------- ----------  
COMMISSION_PCT MANAGER_ID DEPARTMENT_ID                                         
-------------- ---------- -------------                                         
                                                                                
        200 Jennifer             Whalen                                         
JWHALEN                   515.123.4444         17-SEP-03 AD_ASST          4400  
                      101            10                                         
                                                                                
        201 Michael              Hartstein                                      
MHARTSTE                  515.123.5555         17-FEB-04 MK_MAN          13000  

EMPLOYEE_ID FIRST_NAME           LAST_NAME                                      
----------- -------------------- -------------------------                      
EMAIL                     PHONE_NUMBER         HIRE_DATE JOB_ID         SALARY  
------------------------- -------------------- --------- ---------- ----------  
COMMISSION_PCT MANAGER_ID DEPARTMENT_ID                                         
-------------- ---------- -------------                                         
                      100            20                                         
                                                                                
        202 Pat                  Fay                                            
PFAY                      603.123.6666         17-AUG-05 MK_REP           6000  
                      201            20                                         
                                                                                
        203 Susan                Mavris                                         

EMPLOYEE_ID FIRST_NAME           LAST_NAME                                      
----------- -------------------- -------------------------                      
EMAIL                     PHONE_NUMBER         HIRE_DATE JOB_ID         SALARY  
------------------------- -------------------- --------- ---------- ----------  
COMMISSION_PCT MANAGER_ID DEPARTMENT_ID                                         
-------------- ---------- -------------                                         
SMAVRIS                   515.123.7777         07-JUN-02 HR_REP           6500  
                      101            40                                         
                                                                                
        204 Hermann              Baer                                           
HBAER                     515.123.8888         07-JUN-02 PR_REP          10000  
                      101            70                                         
                                                                                

EMPLOYEE_ID FIRST_NAME           LAST_NAME                                      
----------- -------------------- -------------------------                      
EMAIL                     PHONE_NUMBER         HIRE_DATE JOB_ID         SALARY  
------------------------- -------------------- --------- ---------- ----------  
COMMISSION_PCT MANAGER_ID DEPARTMENT_ID                                         
-------------- ---------- -------------                                         
        205 Shelley              Higgins                                        
SHIGGINS                  515.123.8080         07-JUN-02 AC_MGR          12008  
                      101           110                                         
                                                                                
        206 William              Gietz                                          
WGIETZ                    515.123.8181         07-JUN-02 AC_ACCOUNT       8300  
                      205           110                                         

EMPLOYEE_ID FIRST_NAME           LAST_NAME                                      
----------- -------------------- -------------------------                      
EMAIL                     PHONE_NUMBER         HIRE_DATE JOB_ID         SALARY  
------------------------- -------------------- --------- ---------- ----------  
COMMISSION_PCT MANAGER_ID DEPARTMENT_ID                                         
-------------- ---------- -------------                                         
                                                                                
        100 Steven               King                                           
SKING                     515.123.4567         17-JUN-03 AD_PRES         24000  
                                     90                                         
                                                                                
        101 Neena                Kochhar                                        
NKOCHHAR                  515.123.4568         21-SEP-05 AD_VP           17000  

EMPLOYEE_ID FIRST_NAME           LAST_NAME                                      
----------- -------------------- -------------------------                      
EMAIL                     PHONE_NUMBER         HIRE_DATE JOB_ID         SALARY  
------------------------- -------------------- --------- ---------- ----------  
COMMISSION_PCT MANAGER_ID DEPARTMENT_ID                                         
-------------- ---------- -------------                                         
                      100            90                                         
                                                                                
        102 Lex                  De Haan                                        
LDEHAAN                   515.123.4569         13-JAN-01 AD_VP           17000  
                      100            90                                         
                                                                                
        103 Alexander            Hunold                                         

EMPLOYEE_ID FIRST_NAME           LAST_NAME                                      
----------- -------------------- -------------------------                      
EMAIL                     PHONE_NUMBER         HIRE_DATE JOB_ID         SALARY  
------------------------- -------------------- --------- ---------- ----------  
COMMISSION_PCT MANAGER_ID DEPARTMENT_ID                                         
-------------- ---------- -------------                                         
AHUNOLD                   590.423.4567         03-JAN-06 IT_PROG          9000  
                      102            60                                         
                                                                                
        104 Bruce                Ernst                                          
BERNST                    590.423.4568         21-MAY-07 IT_PROG          6000  
                      103            60                                         
                                                                                

EMPLOYEE_ID FIRST_NAME           LAST_NAME                                      
----------- -------------------- -------------------------                      
EMAIL                     PHONE_NUMBER         HIRE_DATE JOB_ID         SALARY  
------------------------- -------------------- --------- ---------- ----------  
COMMISSION_PCT MANAGER_ID DEPARTMENT_ID                                         
-------------- ---------- -------------                                         
        105 David                Austin                                         
DAUSTIN                   590.423.4569         25-JUN-05 IT_PROG          4800  
                      103            60                                         
                                                                                
        106 Valli                Pataballa                                      
VPATABAL                  590.423.4560         05-FEB-06 IT_PROG          4800  
                      103            60                                         

EMPLOYEE_ID FIRST_NAME           LAST_NAME                                      
----------- -------------------- -------------------------                      
EMAIL                     PHONE_NUMBER         HIRE_DATE JOB_ID         SALARY  
------------------------- -------------------- --------- ---------- ----------  
COMMISSION_PCT MANAGER_ID DEPARTMENT_ID                                         
-------------- ---------- -------------                                         
                                                                                
        107 Diana                Lorentz                                        
DLORENTZ                  590.423.5567         07-FEB-07 IT_PROG          4200  
                      103            60                                         
                                                                                
        108 Nancy                Greenberg                                      
NGREENBE                  515.124.4569         17-AUG-02 FI_MGR          12008  

EMPLOYEE_ID FIRST_NAME           LAST_NAME                                      
----------- -------------------- -------------------------                      
EMAIL                     PHONE_NUMBER         HIRE_DATE JOB_ID         SALARY  
------------------------- -------------------- --------- ---------- ----------  
COMMISSION_PCT MANAGER_ID DEPARTMENT_ID                                         
-------------- ---------- -------------                                         
                      101           100                                         
                                                                                
        109 Daniel               Faviet                                         
DFAVIET                   515.124.4169         16-AUG-02 FI_ACCOUNT       9000  
                      108           100                                         
                                                                                
        110 John                 Chen                                           

EMPLOYEE_ID FIRST_NAME           LAST_NAME                                      
----------- -------------------- -------------------------                      
EMAIL                     PHONE_NUMBER         HIRE_DATE JOB_ID         SALARY  
------------------------- -------------------- --------- ---------- ----------  
COMMISSION_PCT MANAGER_ID DEPARTMENT_ID                                         
-------------- ---------- -------------                                         
JCHEN                     515.124.4269         28-SEP-05 FI_ACCOUNT       8200  
                      108           100                                         
                                                                                
        111 Ismael               Sciarra                                        
ISCIARRA                  515.124.4369         30-SEP-05 FI_ACCOUNT       7700  
                      108           100                                         
                                                                                

EMPLOYEE_ID FIRST_NAME           LAST_NAME                                      
----------- -------------------- -------------------------                      
EMAIL                     PHONE_NUMBER         HIRE_DATE JOB_ID         SALARY  
------------------------- -------------------- --------- ---------- ----------  
COMMISSION_PCT MANAGER_ID DEPARTMENT_ID                                         
-------------- ---------- -------------                                         
        112 Jose Manuel          Urman                                          
JMURMAN                   515.124.4469         07-MAR-06 FI_ACCOUNT       7800  
                      108           100                                         
                                                                                
        113 Luis                 Popp                                           
LPOPP                     515.124.4567         07-DEC-07 FI_ACCOUNT       6900  
                      108           100                                         

EMPLOYEE_ID FIRST_NAME           LAST_NAME                                      
----------- -------------------- -------------------------                      
EMAIL                     PHONE_NUMBER         HIRE_DATE JOB_ID         SALARY  
------------------------- -------------------- --------- ---------- ----------  
COMMISSION_PCT MANAGER_ID DEPARTMENT_ID                                         
-------------- ---------- -------------                                         
                                                                                
        114 Den                  Raphaely                                       
DRAPHEAL                  515.127.4561         07-DEC-02 PU_MAN          11000  
                      100            30                                         
                                                                                
        115 Alexander            Khoo                                           
AKHOO                     515.127.4562         18-MAY-03 PU_CLERK         3100  

EMPLOYEE_ID FIRST_NAME           LAST_NAME                                      
----------- -------------------- -------------------------                      
EMAIL                     PHONE_NUMBER         HIRE_DATE JOB_ID         SALARY  
------------------------- -------------------- --------- ---------- ----------  
COMMISSION_PCT MANAGER_ID DEPARTMENT_ID                                         
-------------- ---------- -------------                                         
                      114            30                                         
                                                                                
        116 Shelli               Baida                                          
SBAIDA                    515.127.4563         24-DEC-05 PU_CLERK         2900  
                      114            30                                         
                                                                                
        117 Sigal                Tobias                                         

EMPLOYEE_ID FIRST_NAME           LAST_NAME                                      
----------- -------------------- -------------------------                      
EMAIL                     PHONE_NUMBER         HIRE_DATE JOB_ID         SALARY  
------------------------- -------------------- --------- ---------- ----------  
COMMISSION_PCT MANAGER_ID DEPARTMENT_ID                                         
-------------- ---------- -------------                                         
STOBIAS                   515.127.4564         24-JUL-05 PU_CLERK         2800  
                      114            30                                         
                                                                                
        118 Guy                  Himuro                                         
GHIMURO                   515.127.4565         15-NOV-06 PU_CLERK         2600  
                      114            30                                         
                                                                                

EMPLOYEE_ID FIRST_NAME           LAST_NAME                                      
----------- -------------------- -------------------------                      
EMAIL                     PHONE_NUMBER         HIRE_DATE JOB_ID         SALARY  
------------------------- -------------------- --------- ---------- ----------  
COMMISSION_PCT MANAGER_ID DEPARTMENT_ID                                         
-------------- ---------- -------------                                         
        119 Karen                Colmenares                                     
KCOLMENA                  515.127.4566         10-AUG-07 PU_CLERK         2500  
                      114            30                                         
                                                                                
        120 Matthew              Weiss                                          
MWEISS                    650.123.1234         18-JUL-04 ST_MAN           8000  
                      100            50                                         

EMPLOYEE_ID FIRST_NAME           LAST_NAME                                      
----------- -------------------- -------------------------                      
EMAIL                     PHONE_NUMBER         HIRE_DATE JOB_ID         SALARY  
------------------------- -------------------- --------- ---------- ----------  
COMMISSION_PCT MANAGER_ID DEPARTMENT_ID                                         
-------------- ---------- -------------                                         
                                                                                
        121 Adam                 Fripp                                          
AFRIPP                    650.123.2234         10-APR-05 ST_MAN           8200  
                      100            50                                         
                                                                                
        122 Payam                Kaufling                                       
PKAUFLIN                  650.123.3234         01-MAY-03 ST_MAN           7900  

EMPLOYEE_ID FIRST_NAME           LAST_NAME                                      
----------- -------------------- -------------------------                      
EMAIL                     PHONE_NUMBER         HIRE_DATE JOB_ID         SALARY  
------------------------- -------------------- --------- ---------- ----------  
COMMISSION_PCT MANAGER_ID DEPARTMENT_ID                                         
-------------- ---------- -------------                                         
                      100            50                                         
                                                                                
        123 Shanta               Vollman                                        
SVOLLMAN                  650.123.4234         10-OCT-05 ST_MAN           6500  
                      100            50                                         
                                                                                
        124 Kevin                Mourgos                                        

EMPLOYEE_ID FIRST_NAME           LAST_NAME                                      
----------- -------------------- -------------------------                      
EMAIL                     PHONE_NUMBER         HIRE_DATE JOB_ID         SALARY  
------------------------- -------------------- --------- ---------- ----------  
COMMISSION_PCT MANAGER_ID DEPARTMENT_ID                                         
-------------- ---------- -------------                                         
KMOURGOS                  650.123.5234         16-NOV-07 ST_MAN           5800  
                      100            50                                         
                                                                                
        125 Julia                Nayer                                          
JNAYER                    650.124.1214         16-JUL-05 ST_CLERK         3200  
                      120            50                                         
                                                                                

EMPLOYEE_ID FIRST_NAME           LAST_NAME                                      
----------- -------------------- -------------------------                      
EMAIL                     PHONE_NUMBER         HIRE_DATE JOB_ID         SALARY  
------------------------- -------------------- --------- ---------- ----------  
COMMISSION_PCT MANAGER_ID DEPARTMENT_ID                                         
-------------- ---------- -------------                                         
        126 Irene                Mikkilineni                                    
IMIKKILI                  650.124.1224         28-SEP-06 ST_CLERK         2700  
                      120            50                                         
                                                                                
        127 James                Landry                                         
JLANDRY                   650.124.1334         14-JAN-07 ST_CLERK         2400  
                      120            50                                         

EMPLOYEE_ID FIRST_NAME           LAST_NAME                                      
----------- -------------------- -------------------------                      
EMAIL                     PHONE_NUMBER         HIRE_DATE JOB_ID         SALARY  
------------------------- -------------------- --------- ---------- ----------  
COMMISSION_PCT MANAGER_ID DEPARTMENT_ID                                         
-------------- ---------- -------------                                         
                                                                                
        128 Steven               Markle                                         
SMARKLE                   650.124.1434         08-MAR-08 ST_CLERK         2200  
                      120            50                                         
                                                                                
        129 Laura                Bissot                                         
LBISSOT                   650.124.5234         20-AUG-05 ST_CLERK         3300  

EMPLOYEE_ID FIRST_NAME           LAST_NAME                                      
----------- -------------------- -------------------------                      
EMAIL                     PHONE_NUMBER         HIRE_DATE JOB_ID         SALARY  
------------------------- -------------------- --------- ---------- ----------  
COMMISSION_PCT MANAGER_ID DEPARTMENT_ID                                         
-------------- ---------- -------------                                         
                      121            50                                         
                                                                                
        130 Mozhe                Atkinson                                       
MATKINSO                  650.124.6234         30-OCT-05 ST_CLERK         2800  
                      121            50                                         
                                                                                
        131 James                Marlow                                         

EMPLOYEE_ID FIRST_NAME           LAST_NAME                                      
----------- -------------------- -------------------------                      
EMAIL                     PHONE_NUMBER         HIRE_DATE JOB_ID         SALARY  
------------------------- -------------------- --------- ---------- ----------  
COMMISSION_PCT MANAGER_ID DEPARTMENT_ID                                         
-------------- ---------- -------------                                         
JAMRLOW                   650.124.7234         16-FEB-05 ST_CLERK         2500  
                      121            50                                         
                                                                                
        132 TJ                   Olson                                          
TJOLSON                   650.124.8234         10-APR-07 ST_CLERK         2100  
                      121            50                                         
                                                                                

EMPLOYEE_ID FIRST_NAME           LAST_NAME                                      
----------- -------------------- -------------------------                      
EMAIL                     PHONE_NUMBER         HIRE_DATE JOB_ID         SALARY  
------------------------- -------------------- --------- ---------- ----------  
COMMISSION_PCT MANAGER_ID DEPARTMENT_ID                                         
-------------- ---------- -------------                                         
        133 Jason                Mallin                                         
JMALLIN                   650.127.1934         14-JUN-04 ST_CLERK         3300  
                      122            50                                         
                                                                                
        134 Michael              Rogers                                         
MROGERS                   650.127.1834         26-AUG-06 ST_CLERK         2900  
                      122            50                                         

EMPLOYEE_ID FIRST_NAME           LAST_NAME                                      
----------- -------------------- -------------------------                      
EMAIL                     PHONE_NUMBER         HIRE_DATE JOB_ID         SALARY  
------------------------- -------------------- --------- ---------- ----------  
COMMISSION_PCT MANAGER_ID DEPARTMENT_ID                                         
-------------- ---------- -------------                                         
                                                                                
        135 Ki                   Gee                                            
KGEE                      650.127.1734         12-DEC-07 ST_CLERK         2400  
                      122            50                                         
                                                                                
        136 Hazel                Philtanker                                     
HPHILTAN                  650.127.1634         06-FEB-08 ST_CLERK         2200  

EMPLOYEE_ID FIRST_NAME           LAST_NAME                                      
----------- -------------------- -------------------------                      
EMAIL                     PHONE_NUMBER         HIRE_DATE JOB_ID         SALARY  
------------------------- -------------------- --------- ---------- ----------  
COMMISSION_PCT MANAGER_ID DEPARTMENT_ID                                         
-------------- ---------- -------------                                         
                      122            50                                         
                                                                                
        137 Renske               Ladwig                                         
RLADWIG                   650.121.1234         14-JUL-03 ST_CLERK         3600  
                      123            50                                         
                                                                                
        138 Stephen              Stiles                                         

EMPLOYEE_ID FIRST_NAME           LAST_NAME                                      
----------- -------------------- -------------------------                      
EMAIL                     PHONE_NUMBER         HIRE_DATE JOB_ID         SALARY  
------------------------- -------------------- --------- ---------- ----------  
COMMISSION_PCT MANAGER_ID DEPARTMENT_ID                                         
-------------- ---------- -------------                                         
SSTILES                   650.121.2034         26-OCT-05 ST_CLERK         3200  
                      123            50                                         
                                                                                
        139 John                 Seo                                            
JSEO                      650.121.2019         12-FEB-06 ST_CLERK         2700  
                      123            50                                         
                                                                                

EMPLOYEE_ID FIRST_NAME           LAST_NAME                                      
----------- -------------------- -------------------------                      
EMAIL                     PHONE_NUMBER         HIRE_DATE JOB_ID         SALARY  
------------------------- -------------------- --------- ---------- ----------  
COMMISSION_PCT MANAGER_ID DEPARTMENT_ID                                         
-------------- ---------- -------------                                         
        140 Joshua               Patel                                          
JPATEL                    650.121.1834         06-APR-06 ST_CLERK         2500  
                      123            50                                         
                                                                                
        141 Trenna               Rajs                                           
TRAJS                     650.121.8009         17-OCT-03 ST_CLERK         3500  
                      124            50                                         

EMPLOYEE_ID FIRST_NAME           LAST_NAME                                      
----------- -------------------- -------------------------                      
EMAIL                     PHONE_NUMBER         HIRE_DATE JOB_ID         SALARY  
------------------------- -------------------- --------- ---------- ----------  
COMMISSION_PCT MANAGER_ID DEPARTMENT_ID                                         
-------------- ---------- -------------                                         
                                                                                
        142 Curtis               Davies                                         
CDAVIES                   650.121.2994         29-JAN-05 ST_CLERK         3100  
                      124            50                                         
                                                                                
        143 Randall              Matos                                          
RMATOS                    650.121.2874         15-MAR-06 ST_CLERK         2600  

EMPLOYEE_ID FIRST_NAME           LAST_NAME                                      
----------- -------------------- -------------------------                      
EMAIL                     PHONE_NUMBER         HIRE_DATE JOB_ID         SALARY  
------------------------- -------------------- --------- ---------- ----------  
COMMISSION_PCT MANAGER_ID DEPARTMENT_ID                                         
-------------- ---------- -------------                                         
                      124            50                                         
                                                                                
        144 Peter                Vargas                                         
PVARGAS                   650.121.2004         09-JUL-06 ST_CLERK         2500  
                      124            50                                         
                                                                                
        145 John                 Russell                                        

EMPLOYEE_ID FIRST_NAME           LAST_NAME                                      
----------- -------------------- -------------------------                      
EMAIL                     PHONE_NUMBER         HIRE_DATE JOB_ID         SALARY  
------------------------- -------------------- --------- ---------- ----------  
COMMISSION_PCT MANAGER_ID DEPARTMENT_ID                                         
-------------- ---------- -------------                                         
JRUSSEL                   011.44.1344.429268   01-OCT-04 SA_MAN          14000  
            .4        100            80                                         
                                                                                
        146 Karen                Partners                                       
KPARTNER                  011.44.1344.467268   05-JAN-05 SA_MAN          13500  
            .3        100            80                                         
                                                                                

EMPLOYEE_ID FIRST_NAME           LAST_NAME                                      
----------- -------------------- -------------------------                      
EMAIL                     PHONE_NUMBER         HIRE_DATE JOB_ID         SALARY  
------------------------- -------------------- --------- ---------- ----------  
COMMISSION_PCT MANAGER_ID DEPARTMENT_ID                                         
-------------- ---------- -------------                                         
        147 Alberto              Errazuriz                                      
AERRAZUR                  011.44.1344.429278   10-MAR-05 SA_MAN          12000  
            .3        100            80                                         
                                                                                
        148 Gerald               Cambrault                                      
GCAMBRAU                  011.44.1344.619268   15-OCT-07 SA_MAN          11000  
            .3        100            80                                         

EMPLOYEE_ID FIRST_NAME           LAST_NAME                                      
----------- -------------------- -------------------------                      
EMAIL                     PHONE_NUMBER         HIRE_DATE JOB_ID         SALARY  
------------------------- -------------------- --------- ---------- ----------  
COMMISSION_PCT MANAGER_ID DEPARTMENT_ID                                         
-------------- ---------- -------------                                         
                                                                                
        149 Eleni                Zlotkey                                        
EZLOTKEY                  011.44.1344.429018   29-JAN-08 SA_MAN          10500  
            .2        100            80                                         
                                                                                
        150 Peter                Tucker                                         
PTUCKER                   011.44.1344.129268   30-JAN-05 SA_REP          10000  

EMPLOYEE_ID FIRST_NAME           LAST_NAME                                      
----------- -------------------- -------------------------                      
EMAIL                     PHONE_NUMBER         HIRE_DATE JOB_ID         SALARY  
------------------------- -------------------- --------- ---------- ----------  
COMMISSION_PCT MANAGER_ID DEPARTMENT_ID                                         
-------------- ---------- -------------                                         
            .3        145            80                                         
                                                                                
        151 David                Bernstein                                      
DBERNSTE                  011.44.1344.345268   24-MAR-05 SA_REP           9500  
           .25        145            80                                         
                                                                                
        152 Peter                Hall                                           

EMPLOYEE_ID FIRST_NAME           LAST_NAME                                      
----------- -------------------- -------------------------                      
EMAIL                     PHONE_NUMBER         HIRE_DATE JOB_ID         SALARY  
------------------------- -------------------- --------- ---------- ----------  
COMMISSION_PCT MANAGER_ID DEPARTMENT_ID                                         
-------------- ---------- -------------                                         
PHALL                     011.44.1344.478968   20-AUG-05 SA_REP           9000  
           .25        145            80                                         
                                                                                
        153 Christopher          Olsen                                          
COLSEN                    011.44.1344.498718   30-MAR-06 SA_REP           8000  
            .2        145            80                                         
                                                                                

EMPLOYEE_ID FIRST_NAME           LAST_NAME                                      
----------- -------------------- -------------------------                      
EMAIL                     PHONE_NUMBER         HIRE_DATE JOB_ID         SALARY  
------------------------- -------------------- --------- ---------- ----------  
COMMISSION_PCT MANAGER_ID DEPARTMENT_ID                                         
-------------- ---------- -------------                                         
        154 Nanette              Cambrault                                      
NCAMBRAU                  011.44.1344.987668   09-DEC-06 SA_REP           7500  
            .2        145            80                                         
                                                                                
        155 Oliver               Tuvault                                        
OTUVAULT                  011.44.1344.486508   23-NOV-07 SA_REP           7000  
           .15        145            80                                         

EMPLOYEE_ID FIRST_NAME           LAST_NAME                                      
----------- -------------------- -------------------------                      
EMAIL                     PHONE_NUMBER         HIRE_DATE JOB_ID         SALARY  
------------------------- -------------------- --------- ---------- ----------  
COMMISSION_PCT MANAGER_ID DEPARTMENT_ID                                         
-------------- ---------- -------------                                         
                                                                                
        156 Janette              King                                           
JKING                     011.44.1345.429268   30-JAN-04 SA_REP          10000  
           .35        146            80                                         
                                                                                
        157 Patrick              Sully                                          
PSULLY                    011.44.1345.929268   04-MAR-04 SA_REP           9500  

EMPLOYEE_ID FIRST_NAME           LAST_NAME                                      
----------- -------------------- -------------------------                      
EMAIL                     PHONE_NUMBER         HIRE_DATE JOB_ID         SALARY  
------------------------- -------------------- --------- ---------- ----------  
COMMISSION_PCT MANAGER_ID DEPARTMENT_ID                                         
-------------- ---------- -------------                                         
           .35        146            80                                         
                                                                                
        158 Allan                McEwen                                         
AMCEWEN                   011.44.1345.829268   01-AUG-04 SA_REP           9000  
           .35        146            80                                         
                                                                                
        159 Lindsey              Smith                                          

EMPLOYEE_ID FIRST_NAME           LAST_NAME                                      
----------- -------------------- -------------------------                      
EMAIL                     PHONE_NUMBER         HIRE_DATE JOB_ID         SALARY  
------------------------- -------------------- --------- ---------- ----------  
COMMISSION_PCT MANAGER_ID DEPARTMENT_ID                                         
-------------- ---------- -------------                                         
LSMITH                    011.44.1345.729268   10-MAR-05 SA_REP           8000  
            .3        146            80                                         
                                                                                
        160 Louise               Doran                                          
LDORAN                    011.44.1345.629268   15-DEC-05 SA_REP           7500  
            .3        146            80                                         
                                                                                

EMPLOYEE_ID FIRST_NAME           LAST_NAME                                      
----------- -------------------- -------------------------                      
EMAIL                     PHONE_NUMBER         HIRE_DATE JOB_ID         SALARY  
------------------------- -------------------- --------- ---------- ----------  
COMMISSION_PCT MANAGER_ID DEPARTMENT_ID                                         
-------------- ---------- -------------                                         
        161 Sarath               Sewall                                         
SSEWALL                   011.44.1345.529268   03-NOV-06 SA_REP           7000  
           .25        146            80                                         
                                                                                
        162 Clara                Vishney                                        
CVISHNEY                  011.44.1346.129268   11-NOV-05 SA_REP          10500  
           .25        147            80                                         

EMPLOYEE_ID FIRST_NAME           LAST_NAME                                      
----------- -------------------- -------------------------                      
EMAIL                     PHONE_NUMBER         HIRE_DATE JOB_ID         SALARY  
------------------------- -------------------- --------- ---------- ----------  
COMMISSION_PCT MANAGER_ID DEPARTMENT_ID                                         
-------------- ---------- -------------                                         
                                                                                
        163 Danielle             Greene                                         
DGREENE                   011.44.1346.229268   19-MAR-07 SA_REP           9500  
           .15        147            80                                         
                                                                                
        164 Mattea               Marvins                                        
MMARVINS                  011.44.1346.329268   24-JAN-08 SA_REP           7200  

EMPLOYEE_ID FIRST_NAME           LAST_NAME                                      
----------- -------------------- -------------------------                      
EMAIL                     PHONE_NUMBER         HIRE_DATE JOB_ID         SALARY  
------------------------- -------------------- --------- ---------- ----------  
COMMISSION_PCT MANAGER_ID DEPARTMENT_ID                                         
-------------- ---------- -------------                                         
            .1        147            80                                         
                                                                                
        165 David                Lee                                            
DLEE                      011.44.1346.529268   23-FEB-08 SA_REP           6800  
            .1        147            80                                         
                                                                                
        166 Sundar               Ande                                           

EMPLOYEE_ID FIRST_NAME           LAST_NAME                                      
----------- -------------------- -------------------------                      
EMAIL                     PHONE_NUMBER         HIRE_DATE JOB_ID         SALARY  
------------------------- -------------------- --------- ---------- ----------  
COMMISSION_PCT MANAGER_ID DEPARTMENT_ID                                         
-------------- ---------- -------------                                         
SANDE                     011.44.1346.629268   24-MAR-08 SA_REP           6400  
            .1        147            80                                         
                                                                                
        167 Amit                 Banda                                          
ABANDA                    011.44.1346.729268   21-APR-08 SA_REP           6200  
            .1        147            80                                         
                                                                                

EMPLOYEE_ID FIRST_NAME           LAST_NAME                                      
----------- -------------------- -------------------------                      
EMAIL                     PHONE_NUMBER         HIRE_DATE JOB_ID         SALARY  
------------------------- -------------------- --------- ---------- ----------  
COMMISSION_PCT MANAGER_ID DEPARTMENT_ID                                         
-------------- ---------- -------------                                         
        168 Lisa                 Ozer                                           
LOZER                     011.44.1343.929268   11-MAR-05 SA_REP          11500  
           .25        148            80                                         
                                                                                
        169 Harrison             Bloom                                          
HBLOOM                    011.44.1343.829268   23-MAR-06 SA_REP          10000  
            .2        148            80                                         

EMPLOYEE_ID FIRST_NAME           LAST_NAME                                      
----------- -------------------- -------------------------                      
EMAIL                     PHONE_NUMBER         HIRE_DATE JOB_ID         SALARY  
------------------------- -------------------- --------- ---------- ----------  
COMMISSION_PCT MANAGER_ID DEPARTMENT_ID                                         
-------------- ---------- -------------                                         
                                                                                
        170 Tayler               Fox                                            
TFOX                      011.44.1343.729268   24-JAN-06 SA_REP           9600  
            .2        148            80                                         
                                                                                
        171 William              Smith                                          
WSMITH                    011.44.1343.629268   23-FEB-07 SA_REP           7400  

EMPLOYEE_ID FIRST_NAME           LAST_NAME                                      
----------- -------------------- -------------------------                      
EMAIL                     PHONE_NUMBER         HIRE_DATE JOB_ID         SALARY  
------------------------- -------------------- --------- ---------- ----------  
COMMISSION_PCT MANAGER_ID DEPARTMENT_ID                                         
-------------- ---------- -------------                                         
           .15        148            80                                         
                                                                                
        172 Elizabeth            Bates                                          
EBATES                    011.44.1343.529268   24-MAR-07 SA_REP           7300  
           .15        148            80                                         
                                                                                
        173 Sundita              Kumar                                          

EMPLOYEE_ID FIRST_NAME           LAST_NAME                                      
----------- -------------------- -------------------------                      
EMAIL                     PHONE_NUMBER         HIRE_DATE JOB_ID         SALARY  
------------------------- -------------------- --------- ---------- ----------  
COMMISSION_PCT MANAGER_ID DEPARTMENT_ID                                         
-------------- ---------- -------------                                         
SKUMAR                    011.44.1343.329268   21-APR-08 SA_REP           6100  
            .1        148            80                                         
                                                                                
        174 Ellen                Abel                                           
EABEL                     011.44.1644.429267   11-MAY-04 SA_REP          11000  
            .3        149            80                                         
                                                                                

EMPLOYEE_ID FIRST_NAME           LAST_NAME                                      
----------- -------------------- -------------------------                      
EMAIL                     PHONE_NUMBER         HIRE_DATE JOB_ID         SALARY  
------------------------- -------------------- --------- ---------- ----------  
COMMISSION_PCT MANAGER_ID DEPARTMENT_ID                                         
-------------- ---------- -------------                                         
        175 Alyssa               Hutton                                         
AHUTTON                   011.44.1644.429266   19-MAR-05 SA_REP           8800  
           .25        149            80                                         
                                                                                
        176 Jonathon             Taylor                                         
JTAYLOR                   011.44.1644.429265   24-MAR-06 SA_REP           8600  
            .2        149            80                                         

EMPLOYEE_ID FIRST_NAME           LAST_NAME                                      
----------- -------------------- -------------------------                      
EMAIL                     PHONE_NUMBER         HIRE_DATE JOB_ID         SALARY  
------------------------- -------------------- --------- ---------- ----------  
COMMISSION_PCT MANAGER_ID DEPARTMENT_ID                                         
-------------- ---------- -------------                                         
                                                                                
        177 Jack                 Livingston                                     
JLIVINGS                  011.44.1644.429264   23-APR-06 SA_REP           8400  
            .2        149            80                                         
                                                                                
        178 Kimberely            Grant                                          
KGRANT                    011.44.1644.429263   24-MAY-07 SA_REP           7000  

EMPLOYEE_ID FIRST_NAME           LAST_NAME                                      
----------- -------------------- -------------------------                      
EMAIL                     PHONE_NUMBER         HIRE_DATE JOB_ID         SALARY  
------------------------- -------------------- --------- ---------- ----------  
COMMISSION_PCT MANAGER_ID DEPARTMENT_ID                                         
-------------- ---------- -------------                                         
           .15        149                                                       
                                                                                
        179 Charles              Johnson                                        
CJOHNSON                  011.44.1644.429262   04-JAN-08 SA_REP           6200  
            .1        149            80                                         
                                                                                
        180 Winston              Taylor                                         

EMPLOYEE_ID FIRST_NAME           LAST_NAME                                      
----------- -------------------- -------------------------                      
EMAIL                     PHONE_NUMBER         HIRE_DATE JOB_ID         SALARY  
------------------------- -------------------- --------- ---------- ----------  
COMMISSION_PCT MANAGER_ID DEPARTMENT_ID                                         
-------------- ---------- -------------                                         
WTAYLOR                   650.507.9876         24-JAN-06 SH_CLERK         3200  
                      120            50                                         
                                                                                
        181 Jean                 Fleaur                                         
JFLEAUR                   650.507.9877         23-FEB-06 SH_CLERK         3100  
                      120            50                                         
                                                                                

EMPLOYEE_ID FIRST_NAME           LAST_NAME                                      
----------- -------------------- -------------------------                      
EMAIL                     PHONE_NUMBER         HIRE_DATE JOB_ID         SALARY  
------------------------- -------------------- --------- ---------- ----------  
COMMISSION_PCT MANAGER_ID DEPARTMENT_ID                                         
-------------- ---------- -------------                                         
        182 Martha               Sullivan                                       
MSULLIVA                  650.507.9878         21-JUN-07 SH_CLERK         2500  
                      120            50                                         
                                                                                
        183 Girard               Geoni                                          
GGEONI                    650.507.9879         03-FEB-08 SH_CLERK         2800  
                      120            50                                         

EMPLOYEE_ID FIRST_NAME           LAST_NAME                                      
----------- -------------------- -------------------------                      
EMAIL                     PHONE_NUMBER         HIRE_DATE JOB_ID         SALARY  
------------------------- -------------------- --------- ---------- ----------  
COMMISSION_PCT MANAGER_ID DEPARTMENT_ID                                         
-------------- ---------- -------------                                         
                                                                                
        184 Nandita              Sarchand                                       
NSARCHAN                  650.509.1876         27-JAN-04 SH_CLERK         4200  
                      121            50                                         
                                                                                
        185 Alexis               Bull                                           
ABULL                     650.509.2876         20-FEB-05 SH_CLERK         4100  

EMPLOYEE_ID FIRST_NAME           LAST_NAME                                      
----------- -------------------- -------------------------                      
EMAIL                     PHONE_NUMBER         HIRE_DATE JOB_ID         SALARY  
------------------------- -------------------- --------- ---------- ----------  
COMMISSION_PCT MANAGER_ID DEPARTMENT_ID                                         
-------------- ---------- -------------                                         
                      121            50                                         
                                                                                
        186 Julia                Dellinger                                      
JDELLING                  650.509.3876         24-JUN-06 SH_CLERK         3400  
                      121            50                                         
                                                                                
        187 Anthony              Cabrio                                         

EMPLOYEE_ID FIRST_NAME           LAST_NAME                                      
----------- -------------------- -------------------------                      
EMAIL                     PHONE_NUMBER         HIRE_DATE JOB_ID         SALARY  
------------------------- -------------------- --------- ---------- ----------  
COMMISSION_PCT MANAGER_ID DEPARTMENT_ID                                         
-------------- ---------- -------------                                         
ACABRIO                   650.509.4876         07-FEB-07 SH_CLERK         3000  
                      121            50                                         
                                                                                
        188 Kelly                Chung                                          
KCHUNG                    650.505.1876         14-JUN-05 SH_CLERK         3800  
                      122            50                                         
                                                                                

EMPLOYEE_ID FIRST_NAME           LAST_NAME                                      
----------- -------------------- -------------------------                      
EMAIL                     PHONE_NUMBER         HIRE_DATE JOB_ID         SALARY  
------------------------- -------------------- --------- ---------- ----------  
COMMISSION_PCT MANAGER_ID DEPARTMENT_ID                                         
-------------- ---------- -------------                                         
        189 Jennifer             Dilly                                          
JDILLY                    650.505.2876         13-AUG-05 SH_CLERK         3600  
                      122            50                                         
                                                                                
        190 Timothy              Gates                                          
TGATES                    650.505.3876         11-JUL-06 SH_CLERK         2900  
                      122            50                                         

EMPLOYEE_ID FIRST_NAME           LAST_NAME                                      
----------- -------------------- -------------------------                      
EMAIL                     PHONE_NUMBER         HIRE_DATE JOB_ID         SALARY  
------------------------- -------------------- --------- ---------- ----------  
COMMISSION_PCT MANAGER_ID DEPARTMENT_ID                                         
-------------- ---------- -------------                                         
                                                                                
        191 Randall              Perkins                                        
RPERKINS                  650.505.4876         19-DEC-07 SH_CLERK         2500  
                      122            50                                         
                                                                                
        192 Sarah                Bell                                           
SBELL                     650.501.1876         04-FEB-04 SH_CLERK         4000  

EMPLOYEE_ID FIRST_NAME           LAST_NAME                                      
----------- -------------------- -------------------------                      
EMAIL                     PHONE_NUMBER         HIRE_DATE JOB_ID         SALARY  
------------------------- -------------------- --------- ---------- ----------  
COMMISSION_PCT MANAGER_ID DEPARTMENT_ID                                         
-------------- ---------- -------------                                         
                      123            50                                         
                                                                                
        193 Britney              Everett                                        
BEVERETT                  650.501.2876         03-MAR-05 SH_CLERK         3900  
                      123            50                                         
                                                                                
        194 Samuel               McCain                                         

EMPLOYEE_ID FIRST_NAME           LAST_NAME                                      
----------- -------------------- -------------------------                      
EMAIL                     PHONE_NUMBER         HIRE_DATE JOB_ID         SALARY  
------------------------- -------------------- --------- ---------- ----------  
COMMISSION_PCT MANAGER_ID DEPARTMENT_ID                                         
-------------- ---------- -------------                                         
SMCCAIN                   650.501.3876         01-JUL-06 SH_CLERK         3200  
                      123            50                                         
                                                                                
        195 Vance                Jones                                          
VJONES                    650.501.4876         17-MAR-07 SH_CLERK         2800  
                      123            50                                         
                                                                                

EMPLOYEE_ID FIRST_NAME           LAST_NAME                                      
----------- -------------------- -------------------------                      
EMAIL                     PHONE_NUMBER         HIRE_DATE JOB_ID         SALARY  
------------------------- -------------------- --------- ---------- ----------  
COMMISSION_PCT MANAGER_ID DEPARTMENT_ID                                         
-------------- ---------- -------------                                         
        196 Alana                Walsh                                          
AWALSH                    650.507.9811         24-APR-06 SH_CLERK         3100  
                      124            50                                         
                                                                                
        197 Kevin                Feeney                                         
KFEENEY                   650.507.9822         23-MAY-06 SH_CLERK         3000  
                      124            50                                         

EMPLOYEE_ID FIRST_NAME           LAST_NAME                                      
----------- -------------------- -------------------------                      
EMAIL                     PHONE_NUMBER         HIRE_DATE JOB_ID         SALARY  
------------------------- -------------------- --------- ---------- ----------  
COMMISSION_PCT MANAGER_ID DEPARTMENT_ID                                         
-------------- ---------- -------------                                         
                                                                                

107 rows selected.

SQL> drop tablee copy_emp;
drop tablee copy_emp
     *
ERROR at line 1:
ORA-00950: invalid DROP option 


SQL> drop table copy_emp;

Table dropped.

SQL> select * from tab;

TNAME                          TABTYPE  CLUSTERID                               
------------------------------ ------- ----------                               
BIN$heK29wJxRRKZytSE9sMsMA==$0 TABLE                                            
COUNTRIES                      TABLE                                            
DEPARTMENTS                    TABLE                                            
EMPLOYEES                      TABLE                                            
EMPLOYEE_DETAILS               TABLE                                            
EMP_DETAILS_VIEW               VIEW                                             
JOBS                           TABLE                                            
JOB_HISTORY                    TABLE                                            
LOCATIONS                      TABLE                                            
REGIONS                        TABLE                                            
ROYAL                          TABLE                                            

TNAME                          TABTYPE  CLUSTERID                               
------------------------------ ------- ----------                               
SALARY_DETAILS                 TABLE                                            

12 rows selected.

SQL> 
SQL> show recyclebin
ORIGINAL NAME    RECYCLEBIN NAME                OBJECT TYPE  DROP TIME          
---------------- ------------------------------ ------------ -------------------
COPY_EMP         BIN$heK29wJxRRKZytSE9sMsMA==$0 TABLE        2019-03-23:12:46:58
SQL> purge recyclebin;

Recyclebin purged.

SQL> select * from tab;

TNAME                          TABTYPE  CLUSTERID                               
------------------------------ ------- ----------                               
COUNTRIES                      TABLE                                            
DEPARTMENTS                    TABLE                                            
EMPLOYEES                      TABLE                                            
EMPLOYEE_DETAILS               TABLE                                            
EMP_DETAILS_VIEW               VIEW                                             
JOBS                           TABLE                                            
JOB_HISTORY                    TABLE                                            
LOCATIONS                      TABLE                                            
REGIONS                        TABLE                                            
ROYAL                          TABLE                                            
SALARY_DETAILS                 TABLE                                            

11 rows selected.

SQL> show recyclebin
SQL> drop salary_details;
drop salary_details
     *
ERROR at line 1:
ORA-00950: invalid DROP option 


SQL> drop tabel salary_details;
drop tabel salary_details
     *
ERROR at line 1:
ORA-00950: invalid DROP option 


SQL> drop table salary_details purge;

Table dropped.

SQL> select * from tab;

TNAME                          TABTYPE  CLUSTERID                               
------------------------------ ------- ----------                               
COUNTRIES                      TABLE                                            
DEPARTMENTS                    TABLE                                            
EMPLOYEES                      TABLE                                            
EMPLOYEE_DETAILS               TABLE                                            
EMP_DETAILS_VIEW               VIEW                                             
JOBS                           TABLE                                            
JOB_HISTORY                    TABLE                                            
LOCATIONS                      TABLE                                            
REGIONS                        TABLE                                            
ROYAL                          TABLE                                            

10 rows selected.

SQL> spool off
