SQL> 
SQL> 
SQL> cl scr

SQL> select * from tab;

TNAME                          TABTYPE  CLUSTERID                               
------------------------------ ------- ----------                               
COUNTRIES                      TABLE                                            
DEPARTMENTS                    TABLE                                            
EMPLOYEES                      TABLE                                            
EMP_DETAILS_VIEW               VIEW                                             
JOBS                           TABLE                                            
JOB_HISTORY                    TABLE                                            
LOCATIONS                      TABLE                                            
REGIONS                        TABLE                                            

8 rows selected.

SQL> select * from countries;

CO COUNTRY_NAME                              REGION_ID                          
-- ---------------------------------------- ----------                          
AR Argentina                                         2                          
AU Australia                                         3                          
BE Belgium                                           1                          
BR Brazil                                            2                          
CA Canada                                            2                          
CH Switzerland                                       1                          
CN China                                             3                          
DE Germany                                           1                          
DK Denmark                                           1                          
EG Egypt                                             4                          
FR France                                            1                          

CO COUNTRY_NAME                              REGION_ID                          
-- ---------------------------------------- ----------                          
IL Israel                                            4                          
IN India                                             3                          
IT Italy                                             1                          
JP Japan                                             3                          
KW Kuwait                                            4                          
ML Malaysia                                          3                          
MX Mexico                                            2                          
NG Nigeria                                           4                          
NL Netherlands                                       1                          
SG Singapore                                         3                          
UK United Kingdom                                    1                          

CO COUNTRY_NAME                              REGION_ID                          
-- ---------------------------------------- ----------                          
US United States of America                          2                          
ZM Zambia                                            4                          
ZW Zimbabwe                                          4                          

25 rows selected.

SQL> select * from departments;

DEPARTMENT_ID DEPARTMENT_NAME                MANAGER_ID LOCATION_ID             
------------- ------------------------------ ---------- -----------             
           10 Administration                        200        1700             
           20 Marketing                             201        1800             
           30 Purchasing                            114        1700             
           40 Human Resources                       203        2400             
           50 Shipping                              121        1500             
           60 IT                                    103        1400             
           70 Public Relations                      204        2700             
           80 Sales                                 145        2500             
           90 Executive                             100        1700             
          100 Finance                               108        1700             
          110 Accounting                            205        1700             

DEPARTMENT_ID DEPARTMENT_NAME                MANAGER_ID LOCATION_ID             
------------- ------------------------------ ---------- -----------             
          120 Treasury                                         1700             
          130 Corporate Tax                                    1700             
          140 Control And Credit                               1700             
          150 Shareholder Services                             1700             
          160 Benefits                                         1700             
          170 Manufacturing                                    1700             
          180 Construction                                     1700             
          190 Contracting                                      1700             
          200 Operations                                       1700             
          210 IT Support                                       1700             
          220 NOC                                              1700             

DEPARTMENT_ID DEPARTMENT_NAME                MANAGER_ID LOCATION_ID             
------------- ------------------------------ ---------- -----------             
          230 IT Helpdesk                                      1700             
          240 Government Sales                                 1700             
          250 Retail Sales                                     1700             
          260 Recruiting                                       1700             
          270 Payroll                                          1700             

27 rows selected.

SQL> select * from employees;

EMPLOYEE_ID FIRST_NAME           LAST_NAME                                      
----------- -------------------- -------------------------                      
EMAIL                     PHONE_NUMBER         HIRE_DATE JOB_ID         SALARY  
------------------------- -------------------- --------- ---------- ----------  
COMMISSION_PCT MANAGER_ID DEPARTMENT_ID                                         
-------------- ---------- -------------                                         
        198 Donald               OConnell                                       
DOCONNEL                  650.507.9833         21-JUN-07 SH_CLERK         2600  
                      124            50                                         
                                                                                
        199 Douglas              Grant                                          
DGRANT                    650.507.9844         13-JAN-08 SH_CLERK         2600  
                      124            50                                         

EMPLOYEE_ID FIRST_NAME           LAST_NAME                                      
----------- -------------------- -------------------------                      
EMAIL                     PHONE_NUMBER         HIRE_DATE JOB_ID         SALARY  
------------------------- -------------------- --------- ---------- ----------  
COMMISSION_PCT MANAGER_ID DEPARTMENT_ID                                         
-------------- ---------- -------------                                         
                                                                                
        200 Jennifer             Whalen                                         
JWHALEN                   515.123.4444         17-SEP-03 AD_ASST          4400  
                      101            10                                         
                                                                                
        201 Michael              Hartstein                                      
MHARTSTE                  515.123.5555         17-FEB-04 MK_MAN          13000  

EMPLOYEE_ID FIRST_NAME           LAST_NAME                                      
----------- -------------------- -------------------------                      
EMAIL                     PHONE_NUMBER         HIRE_DATE JOB_ID         SALARY  
------------------------- -------------------- --------- ---------- ----------  
COMMISSION_PCT MANAGER_ID DEPARTMENT_ID                                         
-------------- ---------- -------------                                         
                      100            20                                         
                                                                                
        202 Pat                  Fay                                            
PFAY                      603.123.6666         17-AUG-05 MK_REP           6000  
                      201            20                                         
                                                                                
        203 Susan                Mavris                                         

EMPLOYEE_ID FIRST_NAME           LAST_NAME                                      
----------- -------------------- -------------------------                      
EMAIL                     PHONE_NUMBER         HIRE_DATE JOB_ID         SALARY  
------------------------- -------------------- --------- ---------- ----------  
COMMISSION_PCT MANAGER_ID DEPARTMENT_ID                                         
-------------- ---------- -------------                                         
SMAVRIS                   515.123.7777         07-JUN-02 HR_REP           6500  
                      101            40                                         
                                                                                
        204 Hermann              Baer                                           
HBAER                     515.123.8888         07-JUN-02 PR_REP          10000  
                      101            70                                         
                                                                                

EMPLOYEE_ID FIRST_NAME           LAST_NAME                                      
----------- -------------------- -------------------------                      
EMAIL                     PHONE_NUMBER         HIRE_DATE JOB_ID         SALARY  
------------------------- -------------------- --------- ---------- ----------  
COMMISSION_PCT MANAGER_ID DEPARTMENT_ID                                         
-------------- ---------- -------------                                         
        205 Shelley              Higgins                                        
SHIGGINS                  515.123.8080         07-JUN-02 AC_MGR          12008  
                      101           110                                         
                                                                                
        206 William              Gietz                                          
WGIETZ                    515.123.8181         07-JUN-02 AC_ACCOUNT       8300  
                      205           110                                         

EMPLOYEE_ID FIRST_NAME           LAST_NAME                                      
----------- -------------------- -------------------------                      
EMAIL                     PHONE_NUMBER         HIRE_DATE JOB_ID         SALARY  
------------------------- -------------------- --------- ---------- ----------  
COMMISSION_PCT MANAGER_ID DEPARTMENT_ID                                         
-------------- ---------- -------------                                         
                                                                                
        100 Steven               King                                           
SKING                     515.123.4567         17-JUN-03 AD_PRES         24000  
                                     90                                         
                                                                                
        101 Neena                Kochhar                                        
NKOCHHAR                  515.123.4568         21-SEP-05 AD_VP           17000  

EMPLOYEE_ID FIRST_NAME           LAST_NAME                                      
----------- -------------------- -------------------------                      
EMAIL                     PHONE_NUMBER         HIRE_DATE JOB_ID         SALARY  
------------------------- -------------------- --------- ---------- ----------  
COMMISSION_PCT MANAGER_ID DEPARTMENT_ID                                         
-------------- ---------- -------------                                         
                      100            90                                         
                                                                                
        102 Lex                  De Haan                                        
LDEHAAN                   515.123.4569         13-JAN-01 AD_VP           17000  
                      100            90                                         
                                                                                
        103 Alexander            Hunold                                         

EMPLOYEE_ID FIRST_NAME           LAST_NAME                                      
----------- -------------------- -------------------------                      
EMAIL                     PHONE_NUMBER         HIRE_DATE JOB_ID         SALARY  
------------------------- -------------------- --------- ---------- ----------  
COMMISSION_PCT MANAGER_ID DEPARTMENT_ID                                         
-------------- ---------- -------------                                         
AHUNOLD                   590.423.4567         03-JAN-06 IT_PROG          9000  
                      102            60                                         
                                                                                
        104 Bruce                Ernst                                          
BERNST                    590.423.4568         21-MAY-07 IT_PROG          6000  
                      103            60                                         
                                                                                

EMPLOYEE_ID FIRST_NAME           LAST_NAME                                      
----------- -------------------- -------------------------                      
EMAIL                     PHONE_NUMBER         HIRE_DATE JOB_ID         SALARY  
------------------------- -------------------- --------- ---------- ----------  
COMMISSION_PCT MANAGER_ID DEPARTMENT_ID                                         
-------------- ---------- -------------                                         
        105 David                Austin                                         
DAUSTIN                   590.423.4569         25-JUN-05 IT_PROG          4800  
                      103            60                                         
                                                                                
        106 Valli                Pataballa                                      
VPATABAL                  590.423.4560         05-FEB-06 IT_PROG          4800  
                      103            60                                         

EMPLOYEE_ID FIRST_NAME           LAST_NAME                                      
----------- -------------------- -------------------------                      
EMAIL                     PHONE_NUMBER         HIRE_DATE JOB_ID         SALARY  
------------------------- -------------------- --------- ---------- ----------  
COMMISSION_PCT MANAGER_ID DEPARTMENT_ID                                         
-------------- ---------- -------------                                         
                                                                                
        107 Diana                Lorentz                                        
DLORENTZ                  590.423.5567         07-FEB-07 IT_PROG          4200  
                      103            60                                         
                                                                                
        108 Nancy                Greenberg                                      
NGREENBE                  515.124.4569         17-AUG-02 FI_MGR          12008  

EMPLOYEE_ID FIRST_NAME           LAST_NAME                                      
----------- -------------------- -------------------------                      
EMAIL                     PHONE_NUMBER         HIRE_DATE JOB_ID         SALARY  
------------------------- -------------------- --------- ---------- ----------  
COMMISSION_PCT MANAGER_ID DEPARTMENT_ID                                         
-------------- ---------- -------------                                         
                      101           100                                         
                                                                                
        109 Daniel               Faviet                                         
DFAVIET                   515.124.4169         16-AUG-02 FI_ACCOUNT       9000  
                      108           100                                         
                                                                                
        110 John                 Chen                                           

EMPLOYEE_ID FIRST_NAME           LAST_NAME                                      
----------- -------------------- -------------------------                      
EMAIL                     PHONE_NUMBER         HIRE_DATE JOB_ID         SALARY  
------------------------- -------------------- --------- ---------- ----------  
COMMISSION_PCT MANAGER_ID DEPARTMENT_ID                                         
-------------- ---------- -------------                                         
JCHEN                     515.124.4269         28-SEP-05 FI_ACCOUNT       8200  
                      108           100                                         
                                                                                
        111 Ismael               Sciarra                                        
ISCIARRA                  515.124.4369         30-SEP-05 FI_ACCOUNT       7700  
                      108           100                                         
                                                                                

EMPLOYEE_ID FIRST_NAME           LAST_NAME                                      
----------- -------------------- -------------------------                      
EMAIL                     PHONE_NUMBER         HIRE_DATE JOB_ID         SALARY  
------------------------- -------------------- --------- ---------- ----------  
COMMISSION_PCT MANAGER_ID DEPARTMENT_ID                                         
-------------- ---------- -------------                                         
        112 Jose Manuel          Urman                                          
JMURMAN                   515.124.4469         07-MAR-06 FI_ACCOUNT       7800  
                      108           100                                         
                                                                                
        113 Luis                 Popp                                           
LPOPP                     515.124.4567         07-DEC-07 FI_ACCOUNT       6900  
                      108           100                                         

EMPLOYEE_ID FIRST_NAME           LAST_NAME                                      
----------- -------------------- -------------------------                      
EMAIL                     PHONE_NUMBER         HIRE_DATE JOB_ID         SALARY  
------------------------- -------------------- --------- ---------- ----------  
COMMISSION_PCT MANAGER_ID DEPARTMENT_ID                                         
-------------- ---------- -------------                                         
                                                                                
        114 Den                  Raphaely                                       
DRAPHEAL                  515.127.4561         07-DEC-02 PU_MAN          11000  
                      100            30                                         
                                                                                
        115 Alexander            Khoo                                           
AKHOO                     515.127.4562         18-MAY-03 PU_CLERK         3100  

EMPLOYEE_ID FIRST_NAME           LAST_NAME                                      
----------- -------------------- -------------------------                      
EMAIL                     PHONE_NUMBER         HIRE_DATE JOB_ID         SALARY  
------------------------- -------------------- --------- ---------- ----------  
COMMISSION_PCT MANAGER_ID DEPARTMENT_ID                                         
-------------- ---------- -------------                                         
                      114            30                                         
                                                                                
        116 Shelli               Baida                                          
SBAIDA                    515.127.4563         24-DEC-05 PU_CLERK         2900  
                      114            30                                         
                                                                                
        117 Sigal                Tobias                                         

EMPLOYEE_ID FIRST_NAME           LAST_NAME                                      
----------- -------------------- -------------------------                      
EMAIL                     PHONE_NUMBER         HIRE_DATE JOB_ID         SALARY  
------------------------- -------------------- --------- ---------- ----------  
COMMISSION_PCT MANAGER_ID DEPARTMENT_ID                                         
-------------- ---------- -------------                                         
STOBIAS                   515.127.4564         24-JUL-05 PU_CLERK         2800  
                      114            30                                         
                                                                                
        118 Guy                  Himuro                                         
GHIMURO                   515.127.4565         15-NOV-06 PU_CLERK         2600  
                      114            30                                         
                                                                                

EMPLOYEE_ID FIRST_NAME           LAST_NAME                                      
----------- -------------------- -------------------------                      
EMAIL                     PHONE_NUMBER         HIRE_DATE JOB_ID         SALARY  
------------------------- -------------------- --------- ---------- ----------  
COMMISSION_PCT MANAGER_ID DEPARTMENT_ID                                         
-------------- ---------- -------------                                         
        119 Karen                Colmenares                                     
KCOLMENA                  515.127.4566         10-AUG-07 PU_CLERK         2500  
                      114            30                                         
                                                                                
        120 Matthew              Weiss                                          
MWEISS                    650.123.1234         18-JUL-04 ST_MAN           8000  
                      100            50                                         

EMPLOYEE_ID FIRST_NAME           LAST_NAME                                      
----------- -------------------- -------------------------                      
EMAIL                     PHONE_NUMBER         HIRE_DATE JOB_ID         SALARY  
------------------------- -------------------- --------- ---------- ----------  
COMMISSION_PCT MANAGER_ID DEPARTMENT_ID                                         
-------------- ---------- -------------                                         
                                                                                
        121 Adam                 Fripp                                          
AFRIPP                    650.123.2234         10-APR-05 ST_MAN           8200  
                      100            50                                         
                                                                                
        122 Payam                Kaufling                                       
PKAUFLIN                  650.123.3234         01-MAY-03 ST_MAN           7900  

EMPLOYEE_ID FIRST_NAME           LAST_NAME                                      
----------- -------------------- -------------------------                      
EMAIL                     PHONE_NUMBER         HIRE_DATE JOB_ID         SALARY  
------------------------- -------------------- --------- ---------- ----------  
COMMISSION_PCT MANAGER_ID DEPARTMENT_ID                                         
-------------- ---------- -------------                                         
                      100            50                                         
                                                                                
        123 Shanta               Vollman                                        
SVOLLMAN                  650.123.4234         10-OCT-05 ST_MAN           6500  
                      100            50                                         
                                                                                
        124 Kevin                Mourgos                                        

EMPLOYEE_ID FIRST_NAME           LAST_NAME                                      
----------- -------------------- -------------------------                      
EMAIL                     PHONE_NUMBER         HIRE_DATE JOB_ID         SALARY  
------------------------- -------------------- --------- ---------- ----------  
COMMISSION_PCT MANAGER_ID DEPARTMENT_ID                                         
-------------- ---------- -------------                                         
KMOURGOS                  650.123.5234         16-NOV-07 ST_MAN           5800  
                      100            50                                         
                                                                                
        125 Julia                Nayer                                          
JNAYER                    650.124.1214         16-JUL-05 ST_CLERK         3200  
                      120            50                                         
                                                                                

EMPLOYEE_ID FIRST_NAME           LAST_NAME                                      
----------- -------------------- -------------------------                      
EMAIL                     PHONE_NUMBER         HIRE_DATE JOB_ID         SALARY  
------------------------- -------------------- --------- ---------- ----------  
COMMISSION_PCT MANAGER_ID DEPARTMENT_ID                                         
-------------- ---------- -------------                                         
        126 Irene                Mikkilineni                                    
IMIKKILI                  650.124.1224         28-SEP-06 ST_CLERK         2700  
                      120            50                                         
                                                                                
        127 James                Landry                                         
JLANDRY                   650.124.1334         14-JAN-07 ST_CLERK         2400  
                      120            50                                         

EMPLOYEE_ID FIRST_NAME           LAST_NAME                                      
----------- -------------------- -------------------------                      
EMAIL                     PHONE_NUMBER         HIRE_DATE JOB_ID         SALARY  
------------------------- -------------------- --------- ---------- ----------  
COMMISSION_PCT MANAGER_ID DEPARTMENT_ID                                         
-------------- ---------- -------------                                         
                                                                                
        128 Steven               Markle                                         
SMARKLE                   650.124.1434         08-MAR-08 ST_CLERK         2200  
                      120            50                                         
                                                                                
        129 Laura                Bissot                                         
LBISSOT                   650.124.5234         20-AUG-05 ST_CLERK         3300  

EMPLOYEE_ID FIRST_NAME           LAST_NAME                                      
----------- -------------------- -------------------------                      
EMAIL                     PHONE_NUMBER         HIRE_DATE JOB_ID         SALARY  
------------------------- -------------------- --------- ---------- ----------  
COMMISSION_PCT MANAGER_ID DEPARTMENT_ID                                         
-------------- ---------- -------------                                         
                      121            50                                         
                                                                                
        130 Mozhe                Atkinson                                       
MATKINSO                  650.124.6234         30-OCT-05 ST_CLERK         2800  
                      121            50                                         
                                                                                
        131 James                Marlow                                         

EMPLOYEE_ID FIRST_NAME           LAST_NAME                                      
----------- -------------------- -------------------------                      
EMAIL                     PHONE_NUMBER         HIRE_DATE JOB_ID         SALARY  
------------------------- -------------------- --------- ---------- ----------  
COMMISSION_PCT MANAGER_ID DEPARTMENT_ID                                         
-------------- ---------- -------------                                         
JAMRLOW                   650.124.7234         16-FEB-05 ST_CLERK         2500  
                      121            50                                         
                                                                                
        132 TJ                   Olson                                          
TJOLSON                   650.124.8234         10-APR-07 ST_CLERK         2100  
                      121            50                                         
                                                                                

EMPLOYEE_ID FIRST_NAME           LAST_NAME                                      
----------- -------------------- -------------------------                      
EMAIL                     PHONE_NUMBER         HIRE_DATE JOB_ID         SALARY  
------------------------- -------------------- --------- ---------- ----------  
COMMISSION_PCT MANAGER_ID DEPARTMENT_ID                                         
-------------- ---------- -------------                                         
        133 Jason                Mallin                                         
JMALLIN                   650.127.1934         14-JUN-04 ST_CLERK         3300  
                      122            50                                         
                                                                                
        134 Michael              Rogers                                         
MROGERS                   650.127.1834         26-AUG-06 ST_CLERK         2900  
                      122            50                                         

EMPLOYEE_ID FIRST_NAME           LAST_NAME                                      
----------- -------------------- -------------------------                      
EMAIL                     PHONE_NUMBER         HIRE_DATE JOB_ID         SALARY  
------------------------- -------------------- --------- ---------- ----------  
COMMISSION_PCT MANAGER_ID DEPARTMENT_ID                                         
-------------- ---------- -------------                                         
                                                                                
        135 Ki                   Gee                                            
KGEE                      650.127.1734         12-DEC-07 ST_CLERK         2400  
                      122            50                                         
                                                                                
        136 Hazel                Philtanker                                     
HPHILTAN                  650.127.1634         06-FEB-08 ST_CLERK         2200  

EMPLOYEE_ID FIRST_NAME           LAST_NAME                                      
----------- -------------------- -------------------------                      
EMAIL                     PHONE_NUMBER         HIRE_DATE JOB_ID         SALARY  
------------------------- -------------------- --------- ---------- ----------  
COMMISSION_PCT MANAGER_ID DEPARTMENT_ID                                         
-------------- ---------- -------------                                         
                      122            50                                         
                                                                                
        137 Renske               Ladwig                                         
RLADWIG                   650.121.1234         14-JUL-03 ST_CLERK         3600  
                      123            50                                         
                                                                                
        138 Stephen              Stiles                                         

EMPLOYEE_ID FIRST_NAME           LAST_NAME                                      
----------- -------------------- -------------------------                      
EMAIL                     PHONE_NUMBER         HIRE_DATE JOB_ID         SALARY  
------------------------- -------------------- --------- ---------- ----------  
COMMISSION_PCT MANAGER_ID DEPARTMENT_ID                                         
-------------- ---------- -------------                                         
SSTILES                   650.121.2034         26-OCT-05 ST_CLERK         3200  
                      123            50                                         
                                                                                
        139 John                 Seo                                            
JSEO                      650.121.2019         12-FEB-06 ST_CLERK         2700  
                      123            50                                         
                                                                                

EMPLOYEE_ID FIRST_NAME           LAST_NAME                                      
----------- -------------------- -------------------------                      
EMAIL                     PHONE_NUMBER         HIRE_DATE JOB_ID         SALARY  
------------------------- -------------------- --------- ---------- ----------  
COMMISSION_PCT MANAGER_ID DEPARTMENT_ID                                         
-------------- ---------- -------------                                         
        140 Joshua               Patel                                          
JPATEL                    650.121.1834         06-APR-06 ST_CLERK         2500  
                      123            50                                         
                                                                                
        141 Trenna               Rajs                                           
TRAJS                     650.121.8009         17-OCT-03 ST_CLERK         3500  
                      124            50                                         

EMPLOYEE_ID FIRST_NAME           LAST_NAME                                      
----------- -------------------- -------------------------                      
EMAIL                     PHONE_NUMBER         HIRE_DATE JOB_ID         SALARY  
------------------------- -------------------- --------- ---------- ----------  
COMMISSION_PCT MANAGER_ID DEPARTMENT_ID                                         
-------------- ---------- -------------                                         
                                                                                
        142 Curtis               Davies                                         
CDAVIES                   650.121.2994         29-JAN-05 ST_CLERK         3100  
                      124            50                                         
                                                                                
        143 Randall              Matos                                          
RMATOS                    650.121.2874         15-MAR-06 ST_CLERK         2600  

EMPLOYEE_ID FIRST_NAME           LAST_NAME                                      
----------- -------------------- -------------------------                      
EMAIL                     PHONE_NUMBER         HIRE_DATE JOB_ID         SALARY  
------------------------- -------------------- --------- ---------- ----------  
COMMISSION_PCT MANAGER_ID DEPARTMENT_ID                                         
-------------- ---------- -------------                                         
                      124            50                                         
                                                                                
        144 Peter                Vargas                                         
PVARGAS                   650.121.2004         09-JUL-06 ST_CLERK         2500  
                      124            50                                         
                                                                                
        145 John                 Russell                                        

EMPLOYEE_ID FIRST_NAME           LAST_NAME                                      
----------- -------------------- -------------------------                      
EMAIL                     PHONE_NUMBER         HIRE_DATE JOB_ID         SALARY  
------------------------- -------------------- --------- ---------- ----------  
COMMISSION_PCT MANAGER_ID DEPARTMENT_ID                                         
-------------- ---------- -------------                                         
JRUSSEL                   011.44.1344.429268   01-OCT-04 SA_MAN          14000  
            .4        100            80                                         
                                                                                
        146 Karen                Partners                                       
KPARTNER                  011.44.1344.467268   05-JAN-05 SA_MAN          13500  
            .3        100            80                                         
                                                                                

EMPLOYEE_ID FIRST_NAME           LAST_NAME                                      
----------- -------------------- -------------------------                      
EMAIL                     PHONE_NUMBER         HIRE_DATE JOB_ID         SALARY  
------------------------- -------------------- --------- ---------- ----------  
COMMISSION_PCT MANAGER_ID DEPARTMENT_ID                                         
-------------- ---------- -------------                                         
        147 Alberto              Errazuriz                                      
AERRAZUR                  011.44.1344.429278   10-MAR-05 SA_MAN          12000  
            .3        100            80                                         
                                                                                
        148 Gerald               Cambrault                                      
GCAMBRAU                  011.44.1344.619268   15-OCT-07 SA_MAN          11000  
            .3        100            80                                         

EMPLOYEE_ID FIRST_NAME           LAST_NAME                                      
----------- -------------------- -------------------------                      
EMAIL                     PHONE_NUMBER         HIRE_DATE JOB_ID         SALARY  
------------------------- -------------------- --------- ---------- ----------  
COMMISSION_PCT MANAGER_ID DEPARTMENT_ID                                         
-------------- ---------- -------------                                         
                                                                                
        149 Eleni                Zlotkey                                        
EZLOTKEY                  011.44.1344.429018   29-JAN-08 SA_MAN          10500  
            .2        100            80                                         
                                                                                
        150 Peter                Tucker                                         
PTUCKER                   011.44.1344.129268   30-JAN-05 SA_REP          10000  

EMPLOYEE_ID FIRST_NAME           LAST_NAME                                      
----------- -------------------- -------------------------                      
EMAIL                     PHONE_NUMBER         HIRE_DATE JOB_ID         SALARY  
------------------------- -------------------- --------- ---------- ----------  
COMMISSION_PCT MANAGER_ID DEPARTMENT_ID                                         
-------------- ---------- -------------                                         
            .3        145            80                                         
                                                                                
        151 David                Bernstein                                      
DBERNSTE                  011.44.1344.345268   24-MAR-05 SA_REP           9500  
           .25        145            80                                         
                                                                                
        152 Peter                Hall                                           

EMPLOYEE_ID FIRST_NAME           LAST_NAME                                      
----------- -------------------- -------------------------                      
EMAIL                     PHONE_NUMBER         HIRE_DATE JOB_ID         SALARY  
------------------------- -------------------- --------- ---------- ----------  
COMMISSION_PCT MANAGER_ID DEPARTMENT_ID                                         
-------------- ---------- -------------                                         
PHALL                     011.44.1344.478968   20-AUG-05 SA_REP           9000  
           .25        145            80                                         
                                                                                
        153 Christopher          Olsen                                          
COLSEN                    011.44.1344.498718   30-MAR-06 SA_REP           8000  
            .2        145            80                                         
                                                                                

EMPLOYEE_ID FIRST_NAME           LAST_NAME                                      
----------- -------------------- -------------------------                      
EMAIL                     PHONE_NUMBER         HIRE_DATE JOB_ID         SALARY  
------------------------- -------------------- --------- ---------- ----------  
COMMISSION_PCT MANAGER_ID DEPARTMENT_ID                                         
-------------- ---------- -------------                                         
        154 Nanette              Cambrault                                      
NCAMBRAU                  011.44.1344.987668   09-DEC-06 SA_REP           7500  
            .2        145            80                                         
                                                                                
        155 Oliver               Tuvault                                        
OTUVAULT                  011.44.1344.486508   23-NOV-07 SA_REP           7000  
           .15        145            80                                         

EMPLOYEE_ID FIRST_NAME           LAST_NAME                                      
----------- -------------------- -------------------------                      
EMAIL                     PHONE_NUMBER         HIRE_DATE JOB_ID         SALARY  
------------------------- -------------------- --------- ---------- ----------  
COMMISSION_PCT MANAGER_ID DEPARTMENT_ID                                         
-------------- ---------- -------------                                         
                                                                                
        156 Janette              King                                           
JKING                     011.44.1345.429268   30-JAN-04 SA_REP          10000  
           .35        146            80                                         
                                                                                
        157 Patrick              Sully                                          
PSULLY                    011.44.1345.929268   04-MAR-04 SA_REP           9500  

EMPLOYEE_ID FIRST_NAME           LAST_NAME                                      
----------- -------------------- -------------------------                      
EMAIL                     PHONE_NUMBER         HIRE_DATE JOB_ID         SALARY  
------------------------- -------------------- --------- ---------- ----------  
COMMISSION_PCT MANAGER_ID DEPARTMENT_ID                                         
-------------- ---------- -------------                                         
           .35        146            80                                         
                                                                                
        158 Allan                McEwen                                         
AMCEWEN                   011.44.1345.829268   01-AUG-04 SA_REP           9000  
           .35        146            80                                         
                                                                                
        159 Lindsey              Smith                                          

EMPLOYEE_ID FIRST_NAME           LAST_NAME                                      
----------- -------------------- -------------------------                      
EMAIL                     PHONE_NUMBER         HIRE_DATE JOB_ID         SALARY  
------------------------- -------------------- --------- ---------- ----------  
COMMISSION_PCT MANAGER_ID DEPARTMENT_ID                                         
-------------- ---------- -------------                                         
LSMITH                    011.44.1345.729268   10-MAR-05 SA_REP           8000  
            .3        146            80                                         
                                                                                
        160 Louise               Doran                                          
LDORAN                    011.44.1345.629268   15-DEC-05 SA_REP           7500  
            .3        146            80                                         
                                                                                

EMPLOYEE_ID FIRST_NAME           LAST_NAME                                      
----------- -------------------- -------------------------                      
EMAIL                     PHONE_NUMBER         HIRE_DATE JOB_ID         SALARY  
------------------------- -------------------- --------- ---------- ----------  
COMMISSION_PCT MANAGER_ID DEPARTMENT_ID                                         
-------------- ---------- -------------                                         
        161 Sarath               Sewall                                         
SSEWALL                   011.44.1345.529268   03-NOV-06 SA_REP           7000  
           .25        146            80                                         
                                                                                
        162 Clara                Vishney                                        
CVISHNEY                  011.44.1346.129268   11-NOV-05 SA_REP          10500  
           .25        147            80                                         

EMPLOYEE_ID FIRST_NAME           LAST_NAME                                      
----------- -------------------- -------------------------                      
EMAIL                     PHONE_NUMBER         HIRE_DATE JOB_ID         SALARY  
------------------------- -------------------- --------- ---------- ----------  
COMMISSION_PCT MANAGER_ID DEPARTMENT_ID                                         
-------------- ---------- -------------                                         
                                                                                
        163 Danielle             Greene                                         
DGREENE                   011.44.1346.229268   19-MAR-07 SA_REP           9500  
           .15        147            80                                         
                                                                                
        164 Mattea               Marvins                                        
MMARVINS                  011.44.1346.329268   24-JAN-08 SA_REP           7200  

EMPLOYEE_ID FIRST_NAME           LAST_NAME                                      
----------- -------------------- -------------------------                      
EMAIL                     PHONE_NUMBER         HIRE_DATE JOB_ID         SALARY  
------------------------- -------------------- --------- ---------- ----------  
COMMISSION_PCT MANAGER_ID DEPARTMENT_ID                                         
-------------- ---------- -------------                                         
            .1        147            80                                         
                                                                                
        165 David                Lee                                            
DLEE                      011.44.1346.529268   23-FEB-08 SA_REP           6800  
            .1        147            80                                         
                                                                                
        166 Sundar               Ande                                           

EMPLOYEE_ID FIRST_NAME           LAST_NAME                                      
----------- -------------------- -------------------------                      
EMAIL                     PHONE_NUMBER         HIRE_DATE JOB_ID         SALARY  
------------------------- -------------------- --------- ---------- ----------  
COMMISSION_PCT MANAGER_ID DEPARTMENT_ID                                         
-------------- ---------- -------------                                         
SANDE                     011.44.1346.629268   24-MAR-08 SA_REP           6400  
            .1        147            80                                         
                                                                                
        167 Amit                 Banda                                          
ABANDA                    011.44.1346.729268   21-APR-08 SA_REP           6200  
            .1        147            80                                         
                                                                                

EMPLOYEE_ID FIRST_NAME           LAST_NAME                                      
----------- -------------------- -------------------------                      
EMAIL                     PHONE_NUMBER         HIRE_DATE JOB_ID         SALARY  
------------------------- -------------------- --------- ---------- ----------  
COMMISSION_PCT MANAGER_ID DEPARTMENT_ID                                         
-------------- ---------- -------------                                         
        168 Lisa                 Ozer                                           
LOZER                     011.44.1343.929268   11-MAR-05 SA_REP          11500  
           .25        148            80                                         
                                                                                
        169 Harrison             Bloom                                          
HBLOOM                    011.44.1343.829268   23-MAR-06 SA_REP          10000  
            .2        148            80                                         

EMPLOYEE_ID FIRST_NAME           LAST_NAME                                      
----------- -------------------- -------------------------                      
EMAIL                     PHONE_NUMBER         HIRE_DATE JOB_ID         SALARY  
------------------------- -------------------- --------- ---------- ----------  
COMMISSION_PCT MANAGER_ID DEPARTMENT_ID                                         
-------------- ---------- -------------                                         
                                                                                
        170 Tayler               Fox                                            
TFOX                      011.44.1343.729268   24-JAN-06 SA_REP           9600  
            .2        148            80                                         
                                                                                
        171 William              Smith                                          
WSMITH                    011.44.1343.629268   23-FEB-07 SA_REP           7400  

EMPLOYEE_ID FIRST_NAME           LAST_NAME                                      
----------- -------------------- -------------------------                      
EMAIL                     PHONE_NUMBER         HIRE_DATE JOB_ID         SALARY  
------------------------- -------------------- --------- ---------- ----------  
COMMISSION_PCT MANAGER_ID DEPARTMENT_ID                                         
-------------- ---------- -------------                                         
           .15        148            80                                         
                                                                                
        172 Elizabeth            Bates                                          
EBATES                    011.44.1343.529268   24-MAR-07 SA_REP           7300  
           .15        148            80                                         
                                                                                
        173 Sundita              Kumar                                          

EMPLOYEE_ID FIRST_NAME           LAST_NAME                                      
----------- -------------------- -------------------------                      
EMAIL                     PHONE_NUMBER         HIRE_DATE JOB_ID         SALARY  
------------------------- -------------------- --------- ---------- ----------  
COMMISSION_PCT MANAGER_ID DEPARTMENT_ID                                         
-------------- ---------- -------------                                         
SKUMAR                    011.44.1343.329268   21-APR-08 SA_REP           6100  
            .1        148            80                                         
                                                                                
        174 Ellen                Abel                                           
EABEL                     011.44.1644.429267   11-MAY-04 SA_REP          11000  
            .3        149            80                                         
                                                                                

EMPLOYEE_ID FIRST_NAME           LAST_NAME                                      
----------- -------------------- -------------------------                      
EMAIL                     PHONE_NUMBER         HIRE_DATE JOB_ID         SALARY  
------------------------- -------------------- --------- ---------- ----------  
COMMISSION_PCT MANAGER_ID DEPARTMENT_ID                                         
-------------- ---------- -------------                                         
        175 Alyssa               Hutton                                         
AHUTTON                   011.44.1644.429266   19-MAR-05 SA_REP           8800  
           .25        149            80                                         
                                                                                
        176 Jonathon             Taylor                                         
JTAYLOR                   011.44.1644.429265   24-MAR-06 SA_REP           8600  
            .2        149            80                                         

EMPLOYEE_ID FIRST_NAME           LAST_NAME                                      
----------- -------------------- -------------------------                      
EMAIL                     PHONE_NUMBER         HIRE_DATE JOB_ID         SALARY  
------------------------- -------------------- --------- ---------- ----------  
COMMISSION_PCT MANAGER_ID DEPARTMENT_ID                                         
-------------- ---------- -------------                                         
                                                                                
        177 Jack                 Livingston                                     
JLIVINGS                  011.44.1644.429264   23-APR-06 SA_REP           8400  
            .2        149            80                                         
                                                                                
        178 Kimberely            Grant                                          
KGRANT                    011.44.1644.429263   24-MAY-07 SA_REP           7000  

EMPLOYEE_ID FIRST_NAME           LAST_NAME                                      
----------- -------------------- -------------------------                      
EMAIL                     PHONE_NUMBER         HIRE_DATE JOB_ID         SALARY  
------------------------- -------------------- --------- ---------- ----------  
COMMISSION_PCT MANAGER_ID DEPARTMENT_ID                                         
-------------- ---------- -------------                                         
           .15        149                                                       
                                                                                
        179 Charles              Johnson                                        
CJOHNSON                  011.44.1644.429262   04-JAN-08 SA_REP           6200  
            .1        149            80                                         
                                                                                
        180 Winston              Taylor                                         

EMPLOYEE_ID FIRST_NAME           LAST_NAME                                      
----------- -------------------- -------------------------                      
EMAIL                     PHONE_NUMBER         HIRE_DATE JOB_ID         SALARY  
------------------------- -------------------- --------- ---------- ----------  
COMMISSION_PCT MANAGER_ID DEPARTMENT_ID                                         
-------------- ---------- -------------                                         
WTAYLOR                   650.507.9876         24-JAN-06 SH_CLERK         3200  
                      120            50                                         
                                                                                
        181 Jean                 Fleaur                                         
JFLEAUR                   650.507.9877         23-FEB-06 SH_CLERK         3100  
                      120            50                                         
                                                                                

EMPLOYEE_ID FIRST_NAME           LAST_NAME                                      
----------- -------------------- -------------------------                      
EMAIL                     PHONE_NUMBER         HIRE_DATE JOB_ID         SALARY  
------------------------- -------------------- --------- ---------- ----------  
COMMISSION_PCT MANAGER_ID DEPARTMENT_ID                                         
-------------- ---------- -------------                                         
        182 Martha               Sullivan                                       
MSULLIVA                  650.507.9878         21-JUN-07 SH_CLERK         2500  
                      120            50                                         
                                                                                
        183 Girard               Geoni                                          
GGEONI                    650.507.9879         03-FEB-08 SH_CLERK         2800  
                      120            50                                         

EMPLOYEE_ID FIRST_NAME           LAST_NAME                                      
----------- -------------------- -------------------------                      
EMAIL                     PHONE_NUMBER         HIRE_DATE JOB_ID         SALARY  
------------------------- -------------------- --------- ---------- ----------  
COMMISSION_PCT MANAGER_ID DEPARTMENT_ID                                         
-------------- ---------- -------------                                         
                                                                                
        184 Nandita              Sarchand                                       
NSARCHAN                  650.509.1876         27-JAN-04 SH_CLERK         4200  
                      121            50                                         
                                                                                
        185 Alexis               Bull                                           
ABULL                     650.509.2876         20-FEB-05 SH_CLERK         4100  

EMPLOYEE_ID FIRST_NAME           LAST_NAME                                      
----------- -------------------- -------------------------                      
EMAIL                     PHONE_NUMBER         HIRE_DATE JOB_ID         SALARY  
------------------------- -------------------- --------- ---------- ----------  
COMMISSION_PCT MANAGER_ID DEPARTMENT_ID                                         
-------------- ---------- -------------                                         
                      121            50                                         
                                                                                
        186 Julia                Dellinger                                      
JDELLING                  650.509.3876         24-JUN-06 SH_CLERK         3400  
                      121            50                                         
                                                                                
        187 Anthony              Cabrio                                         

EMPLOYEE_ID FIRST_NAME           LAST_NAME                                      
----------- -------------------- -------------------------                      
EMAIL                     PHONE_NUMBER         HIRE_DATE JOB_ID         SALARY  
------------------------- -------------------- --------- ---------- ----------  
COMMISSION_PCT MANAGER_ID DEPARTMENT_ID                                         
-------------- ---------- -------------                                         
ACABRIO                   650.509.4876         07-FEB-07 SH_CLERK         3000  
                      121            50                                         
                                                                                
        188 Kelly                Chung                                          
KCHUNG                    650.505.1876         14-JUN-05 SH_CLERK         3800  
                      122            50                                         
                                                                                

EMPLOYEE_ID FIRST_NAME           LAST_NAME                                      
----------- -------------------- -------------------------                      
EMAIL                     PHONE_NUMBER         HIRE_DATE JOB_ID         SALARY  
------------------------- -------------------- --------- ---------- ----------  
COMMISSION_PCT MANAGER_ID DEPARTMENT_ID                                         
-------------- ---------- -------------                                         
        189 Jennifer             Dilly                                          
JDILLY                    650.505.2876         13-AUG-05 SH_CLERK         3600  
                      122            50                                         
                                                                                
        190 Timothy              Gates                                          
TGATES                    650.505.3876         11-JUL-06 SH_CLERK         2900  
                      122            50                                         

EMPLOYEE_ID FIRST_NAME           LAST_NAME                                      
----------- -------------------- -------------------------                      
EMAIL                     PHONE_NUMBER         HIRE_DATE JOB_ID         SALARY  
------------------------- -------------------- --------- ---------- ----------  
COMMISSION_PCT MANAGER_ID DEPARTMENT_ID                                         
-------------- ---------- -------------                                         
                                                                                
        191 Randall              Perkins                                        
RPERKINS                  650.505.4876         19-DEC-07 SH_CLERK         2500  
                      122            50                                         
                                                                                
        192 Sarah                Bell                                           
SBELL                     650.501.1876         04-FEB-04 SH_CLERK         4000  

EMPLOYEE_ID FIRST_NAME           LAST_NAME                                      
----------- -------------------- -------------------------                      
EMAIL                     PHONE_NUMBER         HIRE_DATE JOB_ID         SALARY  
------------------------- -------------------- --------- ---------- ----------  
COMMISSION_PCT MANAGER_ID DEPARTMENT_ID                                         
-------------- ---------- -------------                                         
                      123            50                                         
                                                                                
        193 Britney              Everett                                        
BEVERETT                  650.501.2876         03-MAR-05 SH_CLERK         3900  
                      123            50                                         
                                                                                
        194 Samuel               McCain                                         

EMPLOYEE_ID FIRST_NAME           LAST_NAME                                      
----------- -------------------- -------------------------                      
EMAIL                     PHONE_NUMBER         HIRE_DATE JOB_ID         SALARY  
------------------------- -------------------- --------- ---------- ----------  
COMMISSION_PCT MANAGER_ID DEPARTMENT_ID                                         
-------------- ---------- -------------                                         
SMCCAIN                   650.501.3876         01-JUL-06 SH_CLERK         3200  
                      123            50                                         
                                                                                
        195 Vance                Jones                                          
VJONES                    650.501.4876         17-MAR-07 SH_CLERK         2800  
                      123            50                                         
                                                                                

EMPLOYEE_ID FIRST_NAME           LAST_NAME                                      
----------- -------------------- -------------------------                      
EMAIL                     PHONE_NUMBER         HIRE_DATE JOB_ID         SALARY  
------------------------- -------------------- --------- ---------- ----------  
COMMISSION_PCT MANAGER_ID DEPARTMENT_ID                                         
-------------- ---------- -------------                                         
        196 Alana                Walsh                                          
AWALSH                    650.507.9811         24-APR-06 SH_CLERK         3100  
                      124            50                                         
                                                                                
        197 Kevin                Feeney                                         
KFEENEY                   650.507.9822         23-MAY-06 SH_CLERK         3000  
                      124            50                                         

EMPLOYEE_ID FIRST_NAME           LAST_NAME                                      
----------- -------------------- -------------------------                      
EMAIL                     PHONE_NUMBER         HIRE_DATE JOB_ID         SALARY  
------------------------- -------------------- --------- ---------- ----------  
COMMISSION_PCT MANAGER_ID DEPARTMENT_ID                                         
-------------- ---------- -------------                                         
                                                                                

107 rows selected.

SQL> set lines 180
SQL> select * from locations;

LOCATION_ID STREET_ADDRESS                           POSTAL_CODE  CITY                           STATE_PROVINCE            CO                                                       
----------- ---------------------------------------- ------------ ------------------------------ ------------------------- --                                                       
       1000 1297 Via Cola di Rie                     00989        Roma                                                     IT                                                       
       1100 93091 Calle della Testa                  10934        Venice                                                   IT                                                       
       1200 2017 Shinjuku-ku                         1689         Tokyo                          Tokyo Prefecture          JP                                                       
       1300 9450 Kamiya-cho                          6823         Hiroshima                                                JP                                                       
       1400 2014 Jabberwocky Rd                      26192        Southlake                      Texas                     US                                                       
       1500 2011 Interiors Blvd                      99236        South San Francisco            California                US                                                       
       1600 2007 Zagora St                           50090        South Brunswick                New Jersey                US                                                       
       1700 2004 Charade Rd                          98199        Seattle                        Washington                US                                                       
       1800 147 Spadina Ave                          M5V 2L7      Toronto                        Ontario                   CA                                                       
       1900 6092 Boxwood St                          YSW 9T2      Whitehorse                     Yukon                     CA                                                       
       2000 40-5-12 Laogianggen                      190518       Beijing                                                  CN                                                       

LOCATION_ID STREET_ADDRESS                           POSTAL_CODE  CITY                           STATE_PROVINCE            CO                                                       
----------- ---------------------------------------- ------------ ------------------------------ ------------------------- --                                                       
       2100 1298 Vileparle (E)                       490231       Bombay                         Maharashtra               IN                                                       
       2200 12-98 Victoria Street                    2901         Sydney                         New South Wales           AU                                                       
       2300 198 Clementi North                       540198       Singapore                                                SG                                                       
       2400 8204 Arthur St                                        London                                                   UK                                                       
       2500 Magdalen Centre, The Oxford Science Park OX9 9ZB      Oxford                         Oxford                    UK                                                       
       2600 9702 Chester Road                        09629850293  Stretford                      Manchester                UK                                                       
       2700 Schwanthalerstr. 7031                    80925        Munich                         Bavaria                   DE                                                       
       2800 Rua Frei Caneca 1360                     01307-002    Sao Paulo                      Sao Paulo                 BR                                                       
       2900 20 Rue des Corps-Saints                  1730         Geneva                         Geneve                    CH                                                       
       3000 Murtenstrasse 921                        3095         Bern                           BE                        CH                                                       
       3100 Pieter Breughelstraat 837                3029SK       Utrecht                        Utrecht                   NL                                                       

LOCATION_ID STREET_ADDRESS                           POSTAL_CODE  CITY                           STATE_PROVINCE            CO                                                       
----------- ---------------------------------------- ------------ ------------------------------ ------------------------- --                                                       
       3200 Mariano Escobedo 9991                    11932        Mexico City                    Distrito Federal,         MX                                                       

23 rows selected.

SQL> select * from regions;

 REGION_ID REGION_NAME                                                                                                                                                              
---------- -------------------------                                                                                                                                                
         1 Europe                                                                                                                                                                   
         2 Americas                                                                                                                                                                 
         3 Asia                                                                                                                                                                     
         4 Middle East and Africa                                                                                                                                                   

SQL> select * from jobs;

JOB_ID     JOB_TITLE                           MIN_SALARY MAX_SALARY                                                                                                                
---------- ----------------------------------- ---------- ----------                                                                                                                
AD_PRES    President                                20080      40000                                                                                                                
AD_VP      Administration Vice President            15000      30000                                                                                                                
AD_ASST    Administration Assistant                  3000       6000                                                                                                                
FI_MGR     Finance Manager                           8200      16000                                                                                                                
FI_ACCOUNT Accountant                                4200       9000                                                                                                                
AC_MGR     Accounting Manager                        8200      16000                                                                                                                
AC_ACCOUNT Public Accountant                         4200       9000                                                                                                                
SA_MAN     Sales Manager                            10000      20080                                                                                                                
SA_REP     Sales Representative                      6000      12008                                                                                                                
PU_MAN     Purchasing Manager                        8000      15000                                                                                                                
PU_CLERK   Purchasing Clerk                          2500       5500                                                                                                                

JOB_ID     JOB_TITLE                           MIN_SALARY MAX_SALARY                                                                                                                
---------- ----------------------------------- ---------- ----------                                                                                                                
ST_MAN     Stock Manager                             5500       8500                                                                                                                
ST_CLERK   Stock Clerk                               2008       5000                                                                                                                
SH_CLERK   Shipping Clerk                            2500       5500                                                                                                                
IT_PROG    Programmer                                4000      10000                                                                                                                
MK_MAN     Marketing Manager                         9000      15000                                                                                                                
MK_REP     Marketing Representative                  4000       9000                                                                                                                
HR_REP     Human Resources Representative            4000       9000                                                                                                                
PR_REP     Public Relations Representative           4500      10500                                                                                                                

19 rows selected.

SQL> select * from job_history;

EMPLOYEE_ID START_DAT END_DATE  JOB_ID     DEPARTMENT_ID                                                                                                                            
----------- --------- --------- ---------- -------------                                                                                                                            
        102 13-JAN-01 24-JUL-06 IT_PROG               60                                                                                                                            
        101 21-SEP-97 27-OCT-01 AC_ACCOUNT           110                                                                                                                            
        101 28-OCT-01 15-MAR-05 AC_MGR               110                                                                                                                            
        201 17-FEB-04 19-DEC-07 MK_REP                20                                                                                                                            
        114 24-MAR-06 31-DEC-07 ST_CLERK              50                                                                                                                            
        122 01-JAN-07 31-DEC-07 ST_CLERK              50                                                                                                                            
        200 17-SEP-95 17-JUN-01 AD_ASST               90                                                                                                                            
        176 24-MAR-06 31-DEC-06 SA_REP                80                                                                                                                            
        176 01-JAN-07 31-DEC-07 SA_MAN                80                                                                                                                            
        200 01-JUL-02 31-DEC-06 AC_ACCOUNT            90                                                                                                                            

10 rows selected.

SQL> select * from tab;

TNAME                          TABTYPE  CLUSTERID                                                                                                                                   
------------------------------ ------- ----------                                                                                                                                   
COUNTRIES                      TABLE                                                                                                                                                
DEPARTMENTS                    TABLE                                                                                                                                                
EMPLOYEES                      TABLE                                                                                                                                                
EMP_DETAILS_VIEW               VIEW                                                                                                                                                 
JOBS                           TABLE                                                                                                                                                
JOB_HISTORY                    TABLE                                                                                                                                                
LOCATIONS                      TABLE                                                                                                                                                
REGIONS                        TABLE                                                                                                                                                

8 rows selected.

SQL> select * from emp_details_view;

EMPLOYEE_ID JOB_ID     MANAGER_ID DEPARTMENT_ID LOCATION_ID CO FIRST_NAME           LAST_NAME                     SALARY COMMISSION_PCT DEPARTMENT_NAME                             
----------- ---------- ---------- ------------- ----------- -- -------------------- ------------------------- ---------- -------------- ------------------------------              
JOB_TITLE                           CITY                           STATE_PROVINCE            COUNTRY_NAME                             REGION_NAME                                   
----------------------------------- ------------------------------ ------------------------- ---------------------------------------- -------------------------                     
        198 SH_CLERK          124            50        1500 US Donald               OConnell                        2600                Shipping                                    
Shipping Clerk                      South San Francisco            California                United States of America                 Americas                                      
                                                                                                                                                                                    
        199 SH_CLERK          124            50        1500 US Douglas              Grant                           2600                Shipping                                    
Shipping Clerk                      South San Francisco            California                United States of America                 Americas                                      
                                                                                                                                                                                    
        200 AD_ASST           101            10        1700 US Jennifer             Whalen                          4400                Administration                              
Administration Assistant            Seattle                        Washington                United States of America                 Americas                                      
                                                                                                                                                                                    

EMPLOYEE_ID JOB_ID     MANAGER_ID DEPARTMENT_ID LOCATION_ID CO FIRST_NAME           LAST_NAME                     SALARY COMMISSION_PCT DEPARTMENT_NAME                             
----------- ---------- ---------- ------------- ----------- -- -------------------- ------------------------- ---------- -------------- ------------------------------              
JOB_TITLE                           CITY                           STATE_PROVINCE            COUNTRY_NAME                             REGION_NAME                                   
----------------------------------- ------------------------------ ------------------------- ---------------------------------------- -------------------------                     
        201 MK_MAN            100            20        1800 CA Michael              Hartstein                      13000                Marketing                                   
Marketing Manager                   Toronto                        Ontario                   Canada                                   Americas                                      
                                                                                                                                                                                    
        202 MK_REP            201            20        1800 CA Pat                  Fay                             6000                Marketing                                   
Marketing Representative            Toronto                        Ontario                   Canada                                   Americas                                      
                                                                                                                                                                                    
        203 HR_REP            101            40        2400 UK Susan                Mavris                          6500                Human Resources                             
Human Resources Representative      London                                                   United Kingdom                           Europe                                        
                                                                                                                                                                                    

EMPLOYEE_ID JOB_ID     MANAGER_ID DEPARTMENT_ID LOCATION_ID CO FIRST_NAME           LAST_NAME                     SALARY COMMISSION_PCT DEPARTMENT_NAME                             
----------- ---------- ---------- ------------- ----------- -- -------------------- ------------------------- ---------- -------------- ------------------------------              
JOB_TITLE                           CITY                           STATE_PROVINCE            COUNTRY_NAME                             REGION_NAME                                   
----------------------------------- ------------------------------ ------------------------- ---------------------------------------- -------------------------                     
        204 PR_REP            101            70        2700 DE Hermann              Baer                           10000                Public Relations                            
Public Relations Representative     Munich                         Bavaria                   Germany                                  Europe                                        
                                                                                                                                                                                    
        205 AC_MGR            101           110        1700 US Shelley              Higgins                        12008                Accounting                                  
Accounting Manager                  Seattle                        Washington                United States of America                 Americas                                      
                                                                                                                                                                                    
        206 AC_ACCOUNT        205           110        1700 US William              Gietz                           8300                Accounting                                  
Public Accountant                   Seattle                        Washington                United States of America                 Americas                                      
                                                                                                                                                                                    

EMPLOYEE_ID JOB_ID     MANAGER_ID DEPARTMENT_ID LOCATION_ID CO FIRST_NAME           LAST_NAME                     SALARY COMMISSION_PCT DEPARTMENT_NAME                             
----------- ---------- ---------- ------------- ----------- -- -------------------- ------------------------- ---------- -------------- ------------------------------              
JOB_TITLE                           CITY                           STATE_PROVINCE            COUNTRY_NAME                             REGION_NAME                                   
----------------------------------- ------------------------------ ------------------------- ---------------------------------------- -------------------------                     
        100 AD_PRES                          90        1700 US Steven               King                           24000                Executive                                   
President                           Seattle                        Washington                United States of America                 Americas                                      
                                                                                                                                                                                    
        101 AD_VP             100            90        1700 US Neena                Kochhar                        17000                Executive                                   
Administration Vice President       Seattle                        Washington                United States of America                 Americas                                      
                                                                                                                                                                                    
        102 AD_VP             100            90        1700 US Lex                  De Haan                        17000                Executive                                   
Administration Vice President       Seattle                        Washington                United States of America                 Americas                                      
                                                                                                                                                                                    

EMPLOYEE_ID JOB_ID     MANAGER_ID DEPARTMENT_ID LOCATION_ID CO FIRST_NAME           LAST_NAME                     SALARY COMMISSION_PCT DEPARTMENT_NAME                             
----------- ---------- ---------- ------------- ----------- -- -------------------- ------------------------- ---------- -------------- ------------------------------              
JOB_TITLE                           CITY                           STATE_PROVINCE            COUNTRY_NAME                             REGION_NAME                                   
----------------------------------- ------------------------------ ------------------------- ---------------------------------------- -------------------------                     
        103 IT_PROG           102            60        1400 US Alexander            Hunold                          9000                IT                                          
Programmer                          Southlake                      Texas                     United States of America                 Americas                                      
                                                                                                                                                                                    
        104 IT_PROG           103            60        1400 US Bruce                Ernst                           6000                IT                                          
Programmer                          Southlake                      Texas                     United States of America                 Americas                                      
                                                                                                                                                                                    
        105 IT_PROG           103            60        1400 US David                Austin                          4800                IT                                          
Programmer                          Southlake                      Texas                     United States of America                 Americas                                      
                                                                                                                                                                                    

EMPLOYEE_ID JOB_ID     MANAGER_ID DEPARTMENT_ID LOCATION_ID CO FIRST_NAME           LAST_NAME                     SALARY COMMISSION_PCT DEPARTMENT_NAME                             
----------- ---------- ---------- ------------- ----------- -- -------------------- ------------------------- ---------- -------------- ------------------------------              
JOB_TITLE                           CITY                           STATE_PROVINCE            COUNTRY_NAME                             REGION_NAME                                   
----------------------------------- ------------------------------ ------------------------- ---------------------------------------- -------------------------                     
        106 IT_PROG           103            60        1400 US Valli                Pataballa                       4800                IT                                          
Programmer                          Southlake                      Texas                     United States of America                 Americas                                      
                                                                                                                                                                                    
        107 IT_PROG           103            60        1400 US Diana                Lorentz                         4200                IT                                          
Programmer                          Southlake                      Texas                     United States of America                 Americas                                      
                                                                                                                                                                                    
        108 FI_MGR            101           100        1700 US Nancy                Greenberg                      12008                Finance                                     
Finance Manager                     Seattle                        Washington                United States of America                 Americas                                      
                                                                                                                                                                                    

EMPLOYEE_ID JOB_ID     MANAGER_ID DEPARTMENT_ID LOCATION_ID CO FIRST_NAME           LAST_NAME                     SALARY COMMISSION_PCT DEPARTMENT_NAME                             
----------- ---------- ---------- ------------- ----------- -- -------------------- ------------------------- ---------- -------------- ------------------------------              
JOB_TITLE                           CITY                           STATE_PROVINCE            COUNTRY_NAME                             REGION_NAME                                   
----------------------------------- ------------------------------ ------------------------- ---------------------------------------- -------------------------                     
        109 FI_ACCOUNT        108           100        1700 US Daniel               Faviet                          9000                Finance                                     
Accountant                          Seattle                        Washington                United States of America                 Americas                                      
                                                                                                                                                                                    
        110 FI_ACCOUNT        108           100        1700 US John                 Chen                            8200                Finance                                     
Accountant                          Seattle                        Washington                United States of America                 Americas                                      
                                                                                                                                                                                    
        111 FI_ACCOUNT        108           100        1700 US Ismael               Sciarra                         7700                Finance                                     
Accountant                          Seattle                        Washington                United States of America                 Americas                                      
                                                                                                                                                                                    

EMPLOYEE_ID JOB_ID     MANAGER_ID DEPARTMENT_ID LOCATION_ID CO FIRST_NAME           LAST_NAME                     SALARY COMMISSION_PCT DEPARTMENT_NAME                             
----------- ---------- ---------- ------------- ----------- -- -------------------- ------------------------- ---------- -------------- ------------------------------              
JOB_TITLE                           CITY                           STATE_PROVINCE            COUNTRY_NAME                             REGION_NAME                                   
----------------------------------- ------------------------------ ------------------------- ---------------------------------------- -------------------------                     
        112 FI_ACCOUNT        108           100        1700 US Jose Manuel          Urman                           7800                Finance                                     
Accountant                          Seattle                        Washington                United States of America                 Americas                                      
                                                                                                                                                                                    
        113 FI_ACCOUNT        108           100        1700 US Luis                 Popp                            6900                Finance                                     
Accountant                          Seattle                        Washington                United States of America                 Americas                                      
                                                                                                                                                                                    
        114 PU_MAN            100            30        1700 US Den                  Raphaely                       11000                Purchasing                                  
Purchasing Manager                  Seattle                        Washington                United States of America                 Americas                                      
                                                                                                                                                                                    

EMPLOYEE_ID JOB_ID     MANAGER_ID DEPARTMENT_ID LOCATION_ID CO FIRST_NAME           LAST_NAME                     SALARY COMMISSION_PCT DEPARTMENT_NAME                             
----------- ---------- ---------- ------------- ----------- -- -------------------- ------------------------- ---------- -------------- ------------------------------              
JOB_TITLE                           CITY                           STATE_PROVINCE            COUNTRY_NAME                             REGION_NAME                                   
----------------------------------- ------------------------------ ------------------------- ---------------------------------------- -------------------------                     
        115 PU_CLERK          114            30        1700 US Alexander            Khoo                            3100                Purchasing                                  
Purchasing Clerk                    Seattle                        Washington                United States of America                 Americas                                      
                                                                                                                                                                                    
        116 PU_CLERK          114            30        1700 US Shelli               Baida                           2900                Purchasing                                  
Purchasing Clerk                    Seattle                        Washington                United States of America                 Americas                                      
                                                                                                                                                                                    
        117 PU_CLERK          114            30        1700 US Sigal                Tobias                          2800                Purchasing                                  
Purchasing Clerk                    Seattle                        Washington                United States of America                 Americas                                      
                                                                                                                                                                                    

EMPLOYEE_ID JOB_ID     MANAGER_ID DEPARTMENT_ID LOCATION_ID CO FIRST_NAME           LAST_NAME                     SALARY COMMISSION_PCT DEPARTMENT_NAME                             
----------- ---------- ---------- ------------- ----------- -- -------------------- ------------------------- ---------- -------------- ------------------------------              
JOB_TITLE                           CITY                           STATE_PROVINCE            COUNTRY_NAME                             REGION_NAME                                   
----------------------------------- ------------------------------ ------------------------- ---------------------------------------- -------------------------                     
        118 PU_CLERK          114            30        1700 US Guy                  Himuro                          2600                Purchasing                                  
Purchasing Clerk                    Seattle                        Washington                United States of America                 Americas                                      
                                                                                                                                                                                    
        119 PU_CLERK          114            30        1700 US Karen                Colmenares                      2500                Purchasing                                  
Purchasing Clerk                    Seattle                        Washington                United States of America                 Americas                                      
                                                                                                                                                                                    
        120 ST_MAN            100            50        1500 US Matthew              Weiss                           8000                Shipping                                    
Stock Manager                       South San Francisco            California                United States of America                 Americas                                      
                                                                                                                                                                                    

EMPLOYEE_ID JOB_ID     MANAGER_ID DEPARTMENT_ID LOCATION_ID CO FIRST_NAME           LAST_NAME                     SALARY COMMISSION_PCT DEPARTMENT_NAME                             
----------- ---------- ---------- ------------- ----------- -- -------------------- ------------------------- ---------- -------------- ------------------------------              
JOB_TITLE                           CITY                           STATE_PROVINCE            COUNTRY_NAME                             REGION_NAME                                   
----------------------------------- ------------------------------ ------------------------- ---------------------------------------- -------------------------                     
        121 ST_MAN            100            50        1500 US Adam                 Fripp                           8200                Shipping                                    
Stock Manager                       South San Francisco            California                United States of America                 Americas                                      
                                                                                                                                                                                    
        122 ST_MAN            100            50        1500 US Payam                Kaufling                        7900                Shipping                                    
Stock Manager                       South San Francisco            California                United States of America                 Americas                                      
                                                                                                                                                                                    
        123 ST_MAN            100            50        1500 US Shanta               Vollman                         6500                Shipping                                    
Stock Manager                       South San Francisco            California                United States of America                 Americas                                      
                                                                                                                                                                                    

EMPLOYEE_ID JOB_ID     MANAGER_ID DEPARTMENT_ID LOCATION_ID CO FIRST_NAME           LAST_NAME                     SALARY COMMISSION_PCT DEPARTMENT_NAME                             
----------- ---------- ---------- ------------- ----------- -- -------------------- ------------------------- ---------- -------------- ------------------------------              
JOB_TITLE                           CITY                           STATE_PROVINCE            COUNTRY_NAME                             REGION_NAME                                   
----------------------------------- ------------------------------ ------------------------- ---------------------------------------- -------------------------                     
        124 ST_MAN            100            50        1500 US Kevin                Mourgos                         5800                Shipping                                    
Stock Manager                       South San Francisco            California                United States of America                 Americas                                      
                                                                                                                                                                                    
        125 ST_CLERK          120            50        1500 US Julia                Nayer                           3200                Shipping                                    
Stock Clerk                         South San Francisco            California                United States of America                 Americas                                      
                                                                                                                                                                                    
        126 ST_CLERK          120            50        1500 US Irene                Mikkilineni                     2700                Shipping                                    
Stock Clerk                         South San Francisco            California                United States of America                 Americas                                      
                                                                                                                                                                                    

EMPLOYEE_ID JOB_ID     MANAGER_ID DEPARTMENT_ID LOCATION_ID CO FIRST_NAME           LAST_NAME                     SALARY COMMISSION_PCT DEPARTMENT_NAME                             
----------- ---------- ---------- ------------- ----------- -- -------------------- ------------------------- ---------- -------------- ------------------------------              
JOB_TITLE                           CITY                           STATE_PROVINCE            COUNTRY_NAME                             REGION_NAME                                   
----------------------------------- ------------------------------ ------------------------- ---------------------------------------- -------------------------                     
        127 ST_CLERK          120            50        1500 US James                Landry                          2400                Shipping                                    
Stock Clerk                         South San Francisco            California                United States of America                 Americas                                      
                                                                                                                                                                                    
        128 ST_CLERK          120            50        1500 US Steven               Markle                          2200                Shipping                                    
Stock Clerk                         South San Francisco            California                United States of America                 Americas                                      
                                                                                                                                                                                    
        129 ST_CLERK          121            50        1500 US Laura                Bissot                          3300                Shipping                                    
Stock Clerk                         South San Francisco            California                United States of America                 Americas                                      
                                                                                                                                                                                    

EMPLOYEE_ID JOB_ID     MANAGER_ID DEPARTMENT_ID LOCATION_ID CO FIRST_NAME           LAST_NAME                     SALARY COMMISSION_PCT DEPARTMENT_NAME                             
----------- ---------- ---------- ------------- ----------- -- -------------------- ------------------------- ---------- -------------- ------------------------------              
JOB_TITLE                           CITY                           STATE_PROVINCE            COUNTRY_NAME                             REGION_NAME                                   
----------------------------------- ------------------------------ ------------------------- ---------------------------------------- -------------------------                     
        130 ST_CLERK          121            50        1500 US Mozhe                Atkinson                        2800                Shipping                                    
Stock Clerk                         South San Francisco            California                United States of America                 Americas                                      
                                                                                                                                                                                    
        131 ST_CLERK          121            50        1500 US James                Marlow                          2500                Shipping                                    
Stock Clerk                         South San Francisco            California                United States of America                 Americas                                      
                                                                                                                                                                                    
        132 ST_CLERK          121            50        1500 US TJ                   Olson                           2100                Shipping                                    
Stock Clerk                         South San Francisco            California                United States of America                 Americas                                      
                                                                                                                                                                                    

EMPLOYEE_ID JOB_ID     MANAGER_ID DEPARTMENT_ID LOCATION_ID CO FIRST_NAME           LAST_NAME                     SALARY COMMISSION_PCT DEPARTMENT_NAME                             
----------- ---------- ---------- ------------- ----------- -- -------------------- ------------------------- ---------- -------------- ------------------------------              
JOB_TITLE                           CITY                           STATE_PROVINCE            COUNTRY_NAME                             REGION_NAME                                   
----------------------------------- ------------------------------ ------------------------- ---------------------------------------- -------------------------                     
        133 ST_CLERK          122            50        1500 US Jason                Mallin                          3300                Shipping                                    
Stock Clerk                         South San Francisco            California                United States of America                 Americas                                      
                                                                                                                                                                                    
        134 ST_CLERK          122            50        1500 US Michael              Rogers                          2900                Shipping                                    
Stock Clerk                         South San Francisco            California                United States of America                 Americas                                      
                                                                                                                                                                                    
        135 ST_CLERK          122            50        1500 US Ki                   Gee                             2400                Shipping                                    
Stock Clerk                         South San Francisco            California                United States of America                 Americas                                      
                                                                                                                                                                                    

EMPLOYEE_ID JOB_ID     MANAGER_ID DEPARTMENT_ID LOCATION_ID CO FIRST_NAME           LAST_NAME                     SALARY COMMISSION_PCT DEPARTMENT_NAME                             
----------- ---------- ---------- ------------- ----------- -- -------------------- ------------------------- ---------- -------------- ------------------------------              
JOB_TITLE                           CITY                           STATE_PROVINCE            COUNTRY_NAME                             REGION_NAME                                   
----------------------------------- ------------------------------ ------------------------- ---------------------------------------- -------------------------                     
        136 ST_CLERK          122            50        1500 US Hazel                Philtanker                      2200                Shipping                                    
Stock Clerk                         South San Francisco            California                United States of America                 Americas                                      
                                                                                                                                                                                    
        137 ST_CLERK          123            50        1500 US Renske               Ladwig                          3600                Shipping                                    
Stock Clerk                         South San Francisco            California                United States of America                 Americas                                      
                                                                                                                                                                                    
        138 ST_CLERK          123            50        1500 US Stephen              Stiles                          3200                Shipping                                    
Stock Clerk                         South San Francisco            California                United States of America                 Americas                                      
                                                                                                                                                                                    

EMPLOYEE_ID JOB_ID     MANAGER_ID DEPARTMENT_ID LOCATION_ID CO FIRST_NAME           LAST_NAME                     SALARY COMMISSION_PCT DEPARTMENT_NAME                             
----------- ---------- ---------- ------------- ----------- -- -------------------- ------------------------- ---------- -------------- ------------------------------              
JOB_TITLE                           CITY                           STATE_PROVINCE            COUNTRY_NAME                             REGION_NAME                                   
----------------------------------- ------------------------------ ------------------------- ---------------------------------------- -------------------------                     
        139 ST_CLERK          123            50        1500 US John                 Seo                             2700                Shipping                                    
Stock Clerk                         South San Francisco            California                United States of America                 Americas                                      
                                                                                                                                                                                    
        140 ST_CLERK          123            50        1500 US Joshua               Patel                           2500                Shipping                                    
Stock Clerk                         South San Francisco            California                United States of America                 Americas                                      
                                                                                                                                                                                    
        141 ST_CLERK          124            50        1500 US Trenna               Rajs                            3500                Shipping                                    
Stock Clerk                         South San Francisco            California                United States of America                 Americas                                      
                                                                                                                                                                                    

EMPLOYEE_ID JOB_ID     MANAGER_ID DEPARTMENT_ID LOCATION_ID CO FIRST_NAME           LAST_NAME                     SALARY COMMISSION_PCT DEPARTMENT_NAME                             
----------- ---------- ---------- ------------- ----------- -- -------------------- ------------------------- ---------- -------------- ------------------------------              
JOB_TITLE                           CITY                           STATE_PROVINCE            COUNTRY_NAME                             REGION_NAME                                   
----------------------------------- ------------------------------ ------------------------- ---------------------------------------- -------------------------                     
        142 ST_CLERK          124            50        1500 US Curtis               Davies                          3100                Shipping                                    
Stock Clerk                         South San Francisco            California                United States of America                 Americas                                      
                                                                                                                                                                                    
        143 ST_CLERK          124            50        1500 US Randall              Matos                           2600                Shipping                                    
Stock Clerk                         South San Francisco            California                United States of America                 Americas                                      
                                                                                                                                                                                    
        144 ST_CLERK          124            50        1500 US Peter                Vargas                          2500                Shipping                                    
Stock Clerk                         South San Francisco            California                United States of America                 Americas                                      
                                                                                                                                                                                    

EMPLOYEE_ID JOB_ID     MANAGER_ID DEPARTMENT_ID LOCATION_ID CO FIRST_NAME           LAST_NAME                     SALARY COMMISSION_PCT DEPARTMENT_NAME                             
----------- ---------- ---------- ------------- ----------- -- -------------------- ------------------------- ---------- -------------- ------------------------------              
JOB_TITLE                           CITY                           STATE_PROVINCE            COUNTRY_NAME                             REGION_NAME                                   
----------------------------------- ------------------------------ ------------------------- ---------------------------------------- -------------------------                     
        145 SA_MAN            100            80        2500 UK John                 Russell                        14000             .4 Sales                                       
Sales Manager                       Oxford                         Oxford                    United Kingdom                           Europe                                        
                                                                                                                                                                                    
        146 SA_MAN            100            80        2500 UK Karen                Partners                       13500             .3 Sales                                       
Sales Manager                       Oxford                         Oxford                    United Kingdom                           Europe                                        
                                                                                                                                                                                    
        147 SA_MAN            100            80        2500 UK Alberto              Errazuriz                      12000             .3 Sales                                       
Sales Manager                       Oxford                         Oxford                    United Kingdom                           Europe                                        
                                                                                                                                                                                    

EMPLOYEE_ID JOB_ID     MANAGER_ID DEPARTMENT_ID LOCATION_ID CO FIRST_NAME           LAST_NAME                     SALARY COMMISSION_PCT DEPARTMENT_NAME                             
----------- ---------- ---------- ------------- ----------- -- -------------------- ------------------------- ---------- -------------- ------------------------------              
JOB_TITLE                           CITY                           STATE_PROVINCE            COUNTRY_NAME                             REGION_NAME                                   
----------------------------------- ------------------------------ ------------------------- ---------------------------------------- -------------------------                     
        148 SA_MAN            100            80        2500 UK Gerald               Cambrault                      11000             .3 Sales                                       
Sales Manager                       Oxford                         Oxford                    United Kingdom                           Europe                                        
                                                                                                                                                                                    
        149 SA_MAN            100            80        2500 UK Eleni                Zlotkey                        10500             .2 Sales                                       
Sales Manager                       Oxford                         Oxford                    United Kingdom                           Europe                                        
                                                                                                                                                                                    
        150 SA_REP            145            80        2500 UK Peter                Tucker                         10000             .3 Sales                                       
Sales Representative                Oxford                         Oxford                    United Kingdom                           Europe                                        
                                                                                                                                                                                    

EMPLOYEE_ID JOB_ID     MANAGER_ID DEPARTMENT_ID LOCATION_ID CO FIRST_NAME           LAST_NAME                     SALARY COMMISSION_PCT DEPARTMENT_NAME                             
----------- ---------- ---------- ------------- ----------- -- -------------------- ------------------------- ---------- -------------- ------------------------------              
JOB_TITLE                           CITY                           STATE_PROVINCE            COUNTRY_NAME                             REGION_NAME                                   
----------------------------------- ------------------------------ ------------------------- ---------------------------------------- -------------------------                     
        151 SA_REP            145            80        2500 UK David                Bernstein                       9500            .25 Sales                                       
Sales Representative                Oxford                         Oxford                    United Kingdom                           Europe                                        
                                                                                                                                                                                    
        152 SA_REP            145            80        2500 UK Peter                Hall                            9000            .25 Sales                                       
Sales Representative                Oxford                         Oxford                    United Kingdom                           Europe                                        
                                                                                                                                                                                    
        153 SA_REP            145            80        2500 UK Christopher          Olsen                           8000             .2 Sales                                       
Sales Representative                Oxford                         Oxford                    United Kingdom                           Europe                                        
                                                                                                                                                                                    

EMPLOYEE_ID JOB_ID     MANAGER_ID DEPARTMENT_ID LOCATION_ID CO FIRST_NAME           LAST_NAME                     SALARY COMMISSION_PCT DEPARTMENT_NAME                             
----------- ---------- ---------- ------------- ----------- -- -------------------- ------------------------- ---------- -------------- ------------------------------              
JOB_TITLE                           CITY                           STATE_PROVINCE            COUNTRY_NAME                             REGION_NAME                                   
----------------------------------- ------------------------------ ------------------------- ---------------------------------------- -------------------------                     
        154 SA_REP            145            80        2500 UK Nanette              Cambrault                       7500             .2 Sales                                       
Sales Representative                Oxford                         Oxford                    United Kingdom                           Europe                                        
                                                                                                                                                                                    
        155 SA_REP            145            80        2500 UK Oliver               Tuvault                         7000            .15 Sales                                       
Sales Representative                Oxford                         Oxford                    United Kingdom                           Europe                                        
                                                                                                                                                                                    
        156 SA_REP            146            80        2500 UK Janette              King                           10000            .35 Sales                                       
Sales Representative                Oxford                         Oxford                    United Kingdom                           Europe                                        
                                                                                                                                                                                    

EMPLOYEE_ID JOB_ID     MANAGER_ID DEPARTMENT_ID LOCATION_ID CO FIRST_NAME           LAST_NAME                     SALARY COMMISSION_PCT DEPARTMENT_NAME                             
----------- ---------- ---------- ------------- ----------- -- -------------------- ------------------------- ---------- -------------- ------------------------------              
JOB_TITLE                           CITY                           STATE_PROVINCE            COUNTRY_NAME                             REGION_NAME                                   
----------------------------------- ------------------------------ ------------------------- ---------------------------------------- -------------------------                     
        157 SA_REP            146            80        2500 UK Patrick              Sully                           9500            .35 Sales                                       
Sales Representative                Oxford                         Oxford                    United Kingdom                           Europe                                        
                                                                                                                                                                                    
        158 SA_REP            146            80        2500 UK Allan                McEwen                          9000            .35 Sales                                       
Sales Representative                Oxford                         Oxford                    United Kingdom                           Europe                                        
                                                                                                                                                                                    
        159 SA_REP            146            80        2500 UK Lindsey              Smith                           8000             .3 Sales                                       
Sales Representative                Oxford                         Oxford                    United Kingdom                           Europe                                        
                                                                                                                                                                                    

EMPLOYEE_ID JOB_ID     MANAGER_ID DEPARTMENT_ID LOCATION_ID CO FIRST_NAME           LAST_NAME                     SALARY COMMISSION_PCT DEPARTMENT_NAME                             
----------- ---------- ---------- ------------- ----------- -- -------------------- ------------------------- ---------- -------------- ------------------------------              
JOB_TITLE                           CITY                           STATE_PROVINCE            COUNTRY_NAME                             REGION_NAME                                   
----------------------------------- ------------------------------ ------------------------- ---------------------------------------- -------------------------                     
        160 SA_REP            146            80        2500 UK Louise               Doran                           7500             .3 Sales                                       
Sales Representative                Oxford                         Oxford                    United Kingdom                           Europe                                        
                                                                                                                                                                                    
        161 SA_REP            146            80        2500 UK Sarath               Sewall                          7000            .25 Sales                                       
Sales Representative                Oxford                         Oxford                    United Kingdom                           Europe                                        
                                                                                                                                                                                    
        162 SA_REP            147            80        2500 UK Clara                Vishney                        10500            .25 Sales                                       
Sales Representative                Oxford                         Oxford                    United Kingdom                           Europe                                        
                                                                                                                                                                                    

EMPLOYEE_ID JOB_ID     MANAGER_ID DEPARTMENT_ID LOCATION_ID CO FIRST_NAME           LAST_NAME                     SALARY COMMISSION_PCT DEPARTMENT_NAME                             
----------- ---------- ---------- ------------- ----------- -- -------------------- ------------------------- ---------- -------------- ------------------------------              
JOB_TITLE                           CITY                           STATE_PROVINCE            COUNTRY_NAME                             REGION_NAME                                   
----------------------------------- ------------------------------ ------------------------- ---------------------------------------- -------------------------                     
        163 SA_REP            147            80        2500 UK Danielle             Greene                          9500            .15 Sales                                       
Sales Representative                Oxford                         Oxford                    United Kingdom                           Europe                                        
                                                                                                                                                                                    
        164 SA_REP            147            80        2500 UK Mattea               Marvins                         7200             .1 Sales                                       
Sales Representative                Oxford                         Oxford                    United Kingdom                           Europe                                        
                                                                                                                                                                                    
        165 SA_REP            147            80        2500 UK David                Lee                             6800             .1 Sales                                       
Sales Representative                Oxford                         Oxford                    United Kingdom                           Europe                                        
                                                                                                                                                                                    

EMPLOYEE_ID JOB_ID     MANAGER_ID DEPARTMENT_ID LOCATION_ID CO FIRST_NAME           LAST_NAME                     SALARY COMMISSION_PCT DEPARTMENT_NAME                             
----------- ---------- ---------- ------------- ----------- -- -------------------- ------------------------- ---------- -------------- ------------------------------              
JOB_TITLE                           CITY                           STATE_PROVINCE            COUNTRY_NAME                             REGION_NAME                                   
----------------------------------- ------------------------------ ------------------------- ---------------------------------------- -------------------------                     
        166 SA_REP            147            80        2500 UK Sundar               Ande                            6400             .1 Sales                                       
Sales Representative                Oxford                         Oxford                    United Kingdom                           Europe                                        
                                                                                                                                                                                    
        167 SA_REP            147            80        2500 UK Amit                 Banda                           6200             .1 Sales                                       
Sales Representative                Oxford                         Oxford                    United Kingdom                           Europe                                        
                                                                                                                                                                                    
        168 SA_REP            148            80        2500 UK Lisa                 Ozer                           11500            .25 Sales                                       
Sales Representative                Oxford                         Oxford                    United Kingdom                           Europe                                        
                                                                                                                                                                                    

EMPLOYEE_ID JOB_ID     MANAGER_ID DEPARTMENT_ID LOCATION_ID CO FIRST_NAME           LAST_NAME                     SALARY COMMISSION_PCT DEPARTMENT_NAME                             
----------- ---------- ---------- ------------- ----------- -- -------------------- ------------------------- ---------- -------------- ------------------------------              
JOB_TITLE                           CITY                           STATE_PROVINCE            COUNTRY_NAME                             REGION_NAME                                   
----------------------------------- ------------------------------ ------------------------- ---------------------------------------- -------------------------                     
        169 SA_REP            148            80        2500 UK Harrison             Bloom                          10000             .2 Sales                                       
Sales Representative                Oxford                         Oxford                    United Kingdom                           Europe                                        
                                                                                                                                                                                    
        170 SA_REP            148            80        2500 UK Tayler               Fox                             9600             .2 Sales                                       
Sales Representative                Oxford                         Oxford                    United Kingdom                           Europe                                        
                                                                                                                                                                                    
        171 SA_REP            148            80        2500 UK William              Smith                           7400            .15 Sales                                       
Sales Representative                Oxford                         Oxford                    United Kingdom                           Europe                                        
                                                                                                                                                                                    

EMPLOYEE_ID JOB_ID     MANAGER_ID DEPARTMENT_ID LOCATION_ID CO FIRST_NAME           LAST_NAME                     SALARY COMMISSION_PCT DEPARTMENT_NAME                             
----------- ---------- ---------- ------------- ----------- -- -------------------- ------------------------- ---------- -------------- ------------------------------              
JOB_TITLE                           CITY                           STATE_PROVINCE            COUNTRY_NAME                             REGION_NAME                                   
----------------------------------- ------------------------------ ------------------------- ---------------------------------------- -------------------------                     
        172 SA_REP            148            80        2500 UK Elizabeth            Bates                           7300            .15 Sales                                       
Sales Representative                Oxford                         Oxford                    United Kingdom                           Europe                                        
                                                                                                                                                                                    
        173 SA_REP            148            80        2500 UK Sundita              Kumar                           6100             .1 Sales                                       
Sales Representative                Oxford                         Oxford                    United Kingdom                           Europe                                        
                                                                                                                                                                                    
        174 SA_REP            149            80        2500 UK Ellen                Abel                           11000             .3 Sales                                       
Sales Representative                Oxford                         Oxford                    United Kingdom                           Europe                                        
                                                                                                                                                                                    

EMPLOYEE_ID JOB_ID     MANAGER_ID DEPARTMENT_ID LOCATION_ID CO FIRST_NAME           LAST_NAME                     SALARY COMMISSION_PCT DEPARTMENT_NAME                             
----------- ---------- ---------- ------------- ----------- -- -------------------- ------------------------- ---------- -------------- ------------------------------              
JOB_TITLE                           CITY                           STATE_PROVINCE            COUNTRY_NAME                             REGION_NAME                                   
----------------------------------- ------------------------------ ------------------------- ---------------------------------------- -------------------------                     
        175 SA_REP            149            80        2500 UK Alyssa               Hutton                          8800            .25 Sales                                       
Sales Representative                Oxford                         Oxford                    United Kingdom                           Europe                                        
                                                                                                                                                                                    
        176 SA_REP            149            80        2500 UK Jonathon             Taylor                          8600             .2 Sales                                       
Sales Representative                Oxford                         Oxford                    United Kingdom                           Europe                                        
                                                                                                                                                                                    
        177 SA_REP            149            80        2500 UK Jack                 Livingston                      8400             .2 Sales                                       
Sales Representative                Oxford                         Oxford                    United Kingdom                           Europe                                        
                                                                                                                                                                                    

EMPLOYEE_ID JOB_ID     MANAGER_ID DEPARTMENT_ID LOCATION_ID CO FIRST_NAME           LAST_NAME                     SALARY COMMISSION_PCT DEPARTMENT_NAME                             
----------- ---------- ---------- ------------- ----------- -- -------------------- ------------------------- ---------- -------------- ------------------------------              
JOB_TITLE                           CITY                           STATE_PROVINCE            COUNTRY_NAME                             REGION_NAME                                   
----------------------------------- ------------------------------ ------------------------- ---------------------------------------- -------------------------                     
        179 SA_REP            149            80        2500 UK Charles              Johnson                         6200             .1 Sales                                       
Sales Representative                Oxford                         Oxford                    United Kingdom                           Europe                                        
                                                                                                                                                                                    
        180 SH_CLERK          120            50        1500 US Winston              Taylor                          3200                Shipping                                    
Shipping Clerk                      South San Francisco            California                United States of America                 Americas                                      
                                                                                                                                                                                    
        181 SH_CLERK          120            50        1500 US Jean                 Fleaur                          3100                Shipping                                    
Shipping Clerk                      South San Francisco            California                United States of America                 Americas                                      
                                                                                                                                                                                    

EMPLOYEE_ID JOB_ID     MANAGER_ID DEPARTMENT_ID LOCATION_ID CO FIRST_NAME           LAST_NAME                     SALARY COMMISSION_PCT DEPARTMENT_NAME                             
----------- ---------- ---------- ------------- ----------- -- -------------------- ------------------------- ---------- -------------- ------------------------------              
JOB_TITLE                           CITY                           STATE_PROVINCE            COUNTRY_NAME                             REGION_NAME                                   
----------------------------------- ------------------------------ ------------------------- ---------------------------------------- -------------------------                     
        182 SH_CLERK          120            50        1500 US Martha               Sullivan                        2500                Shipping                                    
Shipping Clerk                      South San Francisco            California                United States of America                 Americas                                      
                                                                                                                                                                                    
        183 SH_CLERK          120            50        1500 US Girard               Geoni                           2800                Shipping                                    
Shipping Clerk                      South San Francisco            California                United States of America                 Americas                                      
                                                                                                                                                                                    
        184 SH_CLERK          121            50        1500 US Nandita              Sarchand                        4200                Shipping                                    
Shipping Clerk                      South San Francisco            California                United States of America                 Americas                                      
                                                                                                                                                                                    

EMPLOYEE_ID JOB_ID     MANAGER_ID DEPARTMENT_ID LOCATION_ID CO FIRST_NAME           LAST_NAME                     SALARY COMMISSION_PCT DEPARTMENT_NAME                             
----------- ---------- ---------- ------------- ----------- -- -------------------- ------------------------- ---------- -------------- ------------------------------              
JOB_TITLE                           CITY                           STATE_PROVINCE            COUNTRY_NAME                             REGION_NAME                                   
----------------------------------- ------------------------------ ------------------------- ---------------------------------------- -------------------------                     
        185 SH_CLERK          121            50        1500 US Alexis               Bull                            4100                Shipping                                    
Shipping Clerk                      South San Francisco            California                United States of America                 Americas                                      
                                                                                                                                                                                    
        186 SH_CLERK          121            50        1500 US Julia                Dellinger                       3400                Shipping                                    
Shipping Clerk                      South San Francisco            California                United States of America                 Americas                                      
                                                                                                                                                                                    
        187 SH_CLERK          121            50        1500 US Anthony              Cabrio                          3000                Shipping                                    
Shipping Clerk                      South San Francisco            California                United States of America                 Americas                                      
                                                                                                                                                                                    

EMPLOYEE_ID JOB_ID     MANAGER_ID DEPARTMENT_ID LOCATION_ID CO FIRST_NAME           LAST_NAME                     SALARY COMMISSION_PCT DEPARTMENT_NAME                             
----------- ---------- ---------- ------------- ----------- -- -------------------- ------------------------- ---------- -------------- ------------------------------              
JOB_TITLE                           CITY                           STATE_PROVINCE            COUNTRY_NAME                             REGION_NAME                                   
----------------------------------- ------------------------------ ------------------------- ---------------------------------------- -------------------------                     
        188 SH_CLERK          122            50        1500 US Kelly                Chung                           3800                Shipping                                    
Shipping Clerk                      South San Francisco            California                United States of America                 Americas                                      
                                                                                                                                                                                    
        189 SH_CLERK          122            50        1500 US Jennifer             Dilly                           3600                Shipping                                    
Shipping Clerk                      South San Francisco            California                United States of America                 Americas                                      
                                                                                                                                                                                    
        190 SH_CLERK          122            50        1500 US Timothy              Gates                           2900                Shipping                                    
Shipping Clerk                      South San Francisco            California                United States of America                 Americas                                      
                                                                                                                                                                                    

EMPLOYEE_ID JOB_ID     MANAGER_ID DEPARTMENT_ID LOCATION_ID CO FIRST_NAME           LAST_NAME                     SALARY COMMISSION_PCT DEPARTMENT_NAME                             
----------- ---------- ---------- ------------- ----------- -- -------------------- ------------------------- ---------- -------------- ------------------------------              
JOB_TITLE                           CITY                           STATE_PROVINCE            COUNTRY_NAME                             REGION_NAME                                   
----------------------------------- ------------------------------ ------------------------- ---------------------------------------- -------------------------                     
        191 SH_CLERK          122            50        1500 US Randall              Perkins                         2500                Shipping                                    
Shipping Clerk                      South San Francisco            California                United States of America                 Americas                                      
                                                                                                                                                                                    
        192 SH_CLERK          123            50        1500 US Sarah                Bell                            4000                Shipping                                    
Shipping Clerk                      South San Francisco            California                United States of America                 Americas                                      
                                                                                                                                                                                    
        193 SH_CLERK          123            50        1500 US Britney              Everett                         3900                Shipping                                    
Shipping Clerk                      South San Francisco            California                United States of America                 Americas                                      
                                                                                                                                                                                    

EMPLOYEE_ID JOB_ID     MANAGER_ID DEPARTMENT_ID LOCATION_ID CO FIRST_NAME           LAST_NAME                     SALARY COMMISSION_PCT DEPARTMENT_NAME                             
----------- ---------- ---------- ------------- ----------- -- -------------------- ------------------------- ---------- -------------- ------------------------------              
JOB_TITLE                           CITY                           STATE_PROVINCE            COUNTRY_NAME                             REGION_NAME                                   
----------------------------------- ------------------------------ ------------------------- ---------------------------------------- -------------------------                     
        194 SH_CLERK          123            50        1500 US Samuel               McCain                          3200                Shipping                                    
Shipping Clerk                      South San Francisco            California                United States of America                 Americas                                      
                                                                                                                                                                                    
        195 SH_CLERK          123            50        1500 US Vance                Jones                           2800                Shipping                                    
Shipping Clerk                      South San Francisco            California                United States of America                 Americas                                      
                                                                                                                                                                                    
        196 SH_CLERK          124            50        1500 US Alana                Walsh                           3100                Shipping                                    
Shipping Clerk                      South San Francisco            California                United States of America                 Americas                                      
                                                                                                                                                                                    

EMPLOYEE_ID JOB_ID     MANAGER_ID DEPARTMENT_ID LOCATION_ID CO FIRST_NAME           LAST_NAME                     SALARY COMMISSION_PCT DEPARTMENT_NAME                             
----------- ---------- ---------- ------------- ----------- -- -------------------- ------------------------- ---------- -------------- ------------------------------              
JOB_TITLE                           CITY                           STATE_PROVINCE            COUNTRY_NAME                             REGION_NAME                                   
----------------------------------- ------------------------------ ------------------------- ---------------------------------------- -------------------------                     
        197 SH_CLERK          124            50        1500 US Kevin                Feeney                          3000                Shipping                                    
Shipping Clerk                      South San Francisco            California                United States of America                 Americas                                      
                                                                                                                                                                                    

106 rows selected.

SQL> select * from tab;

TNAME                          TABTYPE  CLUSTERID                                                                                                                                   
------------------------------ ------- ----------                                                                                                                                   
COUNTRIES                      TABLE                                                                                                                                                
DEPARTMENTS                    TABLE                                                                                                                                                
EMPLOYEES                      TABLE                                                                                                                                                
EMP_DETAILS_VIEW               VIEW                                                                                                                                                 
JOBS                           TABLE                                                                                                                                                
JOB_HISTORY                    TABLE                                                                                                                                                
LOCATIONS                      TABLE                                                                                                                                                
REGIONS                        TABLE                                                                                                                                                

8 rows selected.

SQL> select * from employees;

EMPLOYEE_ID FIRST_NAME           LAST_NAME                 EMAIL                     PHONE_NUMBER         HIRE_DATE JOB_ID         SALARY COMMISSION_PCT MANAGER_ID DEPARTMENT_ID   
----------- -------------------- ------------------------- ------------------------- -------------------- --------- ---------- ---------- -------------- ---------- -------------   
        198 Donald               OConnell                  DOCONNEL                  650.507.9833         21-JUN-07 SH_CLERK         2600                       124            50   
        199 Douglas              Grant                     DGRANT                    650.507.9844         13-JAN-08 SH_CLERK         2600                       124            50   
        200 Jennifer             Whalen                    JWHALEN                   515.123.4444         17-SEP-03 AD_ASST          4400                       101            10   
        201 Michael              Hartstein                 MHARTSTE                  515.123.5555         17-FEB-04 MK_MAN          13000                       100            20   
        202 Pat                  Fay                       PFAY                      603.123.6666         17-AUG-05 MK_REP           6000                       201            20   
        203 Susan                Mavris                    SMAVRIS                   515.123.7777         07-JUN-02 HR_REP           6500                       101            40   
        204 Hermann              Baer                      HBAER                     515.123.8888         07-JUN-02 PR_REP          10000                       101            70   
        205 Shelley              Higgins                   SHIGGINS                  515.123.8080         07-JUN-02 AC_MGR          12008                       101           110   
        206 William              Gietz                     WGIETZ                    515.123.8181         07-JUN-02 AC_ACCOUNT       8300                       205           110   
        100 Steven               King                      SKING                     515.123.4567         17-JUN-03 AD_PRES         24000                                      90   
        101 Neena                Kochhar                   NKOCHHAR                  515.123.4568         21-SEP-05 AD_VP           17000                       100            90   

EMPLOYEE_ID FIRST_NAME           LAST_NAME                 EMAIL                     PHONE_NUMBER         HIRE_DATE JOB_ID         SALARY COMMISSION_PCT MANAGER_ID DEPARTMENT_ID   
----------- -------------------- ------------------------- ------------------------- -------------------- --------- ---------- ---------- -------------- ---------- -------------   
        102 Lex                  De Haan                   LDEHAAN                   515.123.4569         13-JAN-01 AD_VP           17000                       100            90   
        103 Alexander            Hunold                    AHUNOLD                   590.423.4567         03-JAN-06 IT_PROG          9000                       102            60   
        104 Bruce                Ernst                     BERNST                    590.423.4568         21-MAY-07 IT_PROG          6000                       103            60   
        105 David                Austin                    DAUSTIN                   590.423.4569         25-JUN-05 IT_PROG          4800                       103            60   
        106 Valli                Pataballa                 VPATABAL                  590.423.4560         05-FEB-06 IT_PROG          4800                       103            60   
        107 Diana                Lorentz                   DLORENTZ                  590.423.5567         07-FEB-07 IT_PROG          4200                       103            60   
        108 Nancy                Greenberg                 NGREENBE                  515.124.4569         17-AUG-02 FI_MGR          12008                       101           100   
        109 Daniel               Faviet                    DFAVIET                   515.124.4169         16-AUG-02 FI_ACCOUNT       9000                       108           100   
        110 John                 Chen                      JCHEN                     515.124.4269         28-SEP-05 FI_ACCOUNT       8200                       108           100   
        111 Ismael               Sciarra                   ISCIARRA                  515.124.4369         30-SEP-05 FI_ACCOUNT       7700                       108           100   
        112 Jose Manuel          Urman                     JMURMAN                   515.124.4469         07-MAR-06 FI_ACCOUNT       7800                       108           100   

EMPLOYEE_ID FIRST_NAME           LAST_NAME                 EMAIL                     PHONE_NUMBER         HIRE_DATE JOB_ID         SALARY COMMISSION_PCT MANAGER_ID DEPARTMENT_ID   
----------- -------------------- ------------------------- ------------------------- -------------------- --------- ---------- ---------- -------------- ---------- -------------   
        113 Luis                 Popp                      LPOPP                     515.124.4567         07-DEC-07 FI_ACCOUNT       6900                       108           100   
        114 Den                  Raphaely                  DRAPHEAL                  515.127.4561         07-DEC-02 PU_MAN          11000                       100            30   
        115 Alexander            Khoo                      AKHOO                     515.127.4562         18-MAY-03 PU_CLERK         3100                       114            30   
        116 Shelli               Baida                     SBAIDA                    515.127.4563         24-DEC-05 PU_CLERK         2900                       114            30   
        117 Sigal                Tobias                    STOBIAS                   515.127.4564         24-JUL-05 PU_CLERK         2800                       114            30   
        118 Guy                  Himuro                    GHIMURO                   515.127.4565         15-NOV-06 PU_CLERK         2600                       114            30   
        119 Karen                Colmenares                KCOLMENA                  515.127.4566         10-AUG-07 PU_CLERK         2500                       114            30   
        120 Matthew              Weiss                     MWEISS                    650.123.1234         18-JUL-04 ST_MAN           8000                       100            50   
        121 Adam                 Fripp                     AFRIPP                    650.123.2234         10-APR-05 ST_MAN           8200                       100            50   
        122 Payam                Kaufling                  PKAUFLIN                  650.123.3234         01-MAY-03 ST_MAN           7900                       100            50   
        123 Shanta               Vollman                   SVOLLMAN                  650.123.4234         10-OCT-05 ST_MAN           6500                       100            50   

EMPLOYEE_ID FIRST_NAME           LAST_NAME                 EMAIL                     PHONE_NUMBER         HIRE_DATE JOB_ID         SALARY COMMISSION_PCT MANAGER_ID DEPARTMENT_ID   
----------- -------------------- ------------------------- ------------------------- -------------------- --------- ---------- ---------- -------------- ---------- -------------   
        124 Kevin                Mourgos                   KMOURGOS                  650.123.5234         16-NOV-07 ST_MAN           5800                       100            50   
        125 Julia                Nayer                     JNAYER                    650.124.1214         16-JUL-05 ST_CLERK         3200                       120            50   
        126 Irene                Mikkilineni               IMIKKILI                  650.124.1224         28-SEP-06 ST_CLERK         2700                       120            50   
        127 James                Landry                    JLANDRY                   650.124.1334         14-JAN-07 ST_CLERK         2400                       120            50   
        128 Steven               Markle                    SMARKLE                   650.124.1434         08-MAR-08 ST_CLERK         2200                       120            50   
        129 Laura                Bissot                    LBISSOT                   650.124.5234         20-AUG-05 ST_CLERK         3300                       121            50   
        130 Mozhe                Atkinson                  MATKINSO                  650.124.6234         30-OCT-05 ST_CLERK         2800                       121            50   
        131 James                Marlow                    JAMRLOW                   650.124.7234         16-FEB-05 ST_CLERK         2500                       121            50   
        132 TJ                   Olson                     TJOLSON                   650.124.8234         10-APR-07 ST_CLERK         2100                       121            50   
        133 Jason                Mallin                    JMALLIN                   650.127.1934         14-JUN-04 ST_CLERK         3300                       122            50   
        134 Michael              Rogers                    MROGERS                   650.127.1834         26-AUG-06 ST_CLERK         2900                       122            50   

EMPLOYEE_ID FIRST_NAME           LAST_NAME                 EMAIL                     PHONE_NUMBER         HIRE_DATE JOB_ID         SALARY COMMISSION_PCT MANAGER_ID DEPARTMENT_ID   
----------- -------------------- ------------------------- ------------------------- -------------------- --------- ---------- ---------- -------------- ---------- -------------   
        135 Ki                   Gee                       KGEE                      650.127.1734         12-DEC-07 ST_CLERK         2400                       122            50   
        136 Hazel                Philtanker                HPHILTAN                  650.127.1634         06-FEB-08 ST_CLERK         2200                       122            50   
        137 Renske               Ladwig                    RLADWIG                   650.121.1234         14-JUL-03 ST_CLERK         3600                       123            50   
        138 Stephen              Stiles                    SSTILES                   650.121.2034         26-OCT-05 ST_CLERK         3200                       123            50   
        139 John                 Seo                       JSEO                      650.121.2019         12-FEB-06 ST_CLERK         2700                       123            50   
        140 Joshua               Patel                     JPATEL                    650.121.1834         06-APR-06 ST_CLERK         2500                       123            50   
        141 Trenna               Rajs                      TRAJS                     650.121.8009         17-OCT-03 ST_CLERK         3500                       124            50   
        142 Curtis               Davies                    CDAVIES                   650.121.2994         29-JAN-05 ST_CLERK         3100                       124            50   
        143 Randall              Matos                     RMATOS                    650.121.2874         15-MAR-06 ST_CLERK         2600                       124            50   
        144 Peter                Vargas                    PVARGAS                   650.121.2004         09-JUL-06 ST_CLERK         2500                       124            50   
        145 John                 Russell                   JRUSSEL                   011.44.1344.429268   01-OCT-04 SA_MAN          14000             .4        100            80   

EMPLOYEE_ID FIRST_NAME           LAST_NAME                 EMAIL                     PHONE_NUMBER         HIRE_DATE JOB_ID         SALARY COMMISSION_PCT MANAGER_ID DEPARTMENT_ID   
----------- -------------------- ------------------------- ------------------------- -------------------- --------- ---------- ---------- -------------- ---------- -------------   
        146 Karen                Partners                  KPARTNER                  011.44.1344.467268   05-JAN-05 SA_MAN          13500             .3        100            80   
        147 Alberto              Errazuriz                 AERRAZUR                  011.44.1344.429278   10-MAR-05 SA_MAN          12000             .3        100            80   
        148 Gerald               Cambrault                 GCAMBRAU                  011.44.1344.619268   15-OCT-07 SA_MAN          11000             .3        100            80   
        149 Eleni                Zlotkey                   EZLOTKEY                  011.44.1344.429018   29-JAN-08 SA_MAN          10500             .2        100            80   
        150 Peter                Tucker                    PTUCKER                   011.44.1344.129268   30-JAN-05 SA_REP          10000             .3        145            80   
        151 David                Bernstein                 DBERNSTE                  011.44.1344.345268   24-MAR-05 SA_REP           9500            .25        145            80   
        152 Peter                Hall                      PHALL                     011.44.1344.478968   20-AUG-05 SA_REP           9000            .25        145            80   
        153 Christopher          Olsen                     COLSEN                    011.44.1344.498718   30-MAR-06 SA_REP           8000             .2        145            80   
        154 Nanette              Cambrault                 NCAMBRAU                  011.44.1344.987668   09-DEC-06 SA_REP           7500             .2        145            80   
        155 Oliver               Tuvault                   OTUVAULT                  011.44.1344.486508   23-NOV-07 SA_REP           7000            .15        145            80   
        156 Janette              King                      JKING                     011.44.1345.429268   30-JAN-04 SA_REP          10000            .35        146            80   

EMPLOYEE_ID FIRST_NAME           LAST_NAME                 EMAIL                     PHONE_NUMBER         HIRE_DATE JOB_ID         SALARY COMMISSION_PCT MANAGER_ID DEPARTMENT_ID   
----------- -------------------- ------------------------- ------------------------- -------------------- --------- ---------- ---------- -------------- ---------- -------------   
        157 Patrick              Sully                     PSULLY                    011.44.1345.929268   04-MAR-04 SA_REP           9500            .35        146            80   
        158 Allan                McEwen                    AMCEWEN                   011.44.1345.829268   01-AUG-04 SA_REP           9000            .35        146            80   
        159 Lindsey              Smith                     LSMITH                    011.44.1345.729268   10-MAR-05 SA_REP           8000             .3        146            80   
        160 Louise               Doran                     LDORAN                    011.44.1345.629268   15-DEC-05 SA_REP           7500             .3        146            80   
        161 Sarath               Sewall                    SSEWALL                   011.44.1345.529268   03-NOV-06 SA_REP           7000            .25        146            80   
        162 Clara                Vishney                   CVISHNEY                  011.44.1346.129268   11-NOV-05 SA_REP          10500            .25        147            80   
        163 Danielle             Greene                    DGREENE                   011.44.1346.229268   19-MAR-07 SA_REP           9500            .15        147            80   
        164 Mattea               Marvins                   MMARVINS                  011.44.1346.329268   24-JAN-08 SA_REP           7200             .1        147            80   
        165 David                Lee                       DLEE                      011.44.1346.529268   23-FEB-08 SA_REP           6800             .1        147            80   
        166 Sundar               Ande                      SANDE                     011.44.1346.629268   24-MAR-08 SA_REP           6400             .1        147            80   
        167 Amit                 Banda                     ABANDA                    011.44.1346.729268   21-APR-08 SA_REP           6200             .1        147            80   

EMPLOYEE_ID FIRST_NAME           LAST_NAME                 EMAIL                     PHONE_NUMBER         HIRE_DATE JOB_ID         SALARY COMMISSION_PCT MANAGER_ID DEPARTMENT_ID   
----------- -------------------- ------------------------- ------------------------- -------------------- --------- ---------- ---------- -------------- ---------- -------------   
        168 Lisa                 Ozer                      LOZER                     011.44.1343.929268   11-MAR-05 SA_REP          11500            .25        148            80   
        169 Harrison             Bloom                     HBLOOM                    011.44.1343.829268   23-MAR-06 SA_REP          10000             .2        148            80   
        170 Tayler               Fox                       TFOX                      011.44.1343.729268   24-JAN-06 SA_REP           9600             .2        148            80   
        171 William              Smith                     WSMITH                    011.44.1343.629268   23-FEB-07 SA_REP           7400            .15        148            80   
        172 Elizabeth            Bates                     EBATES                    011.44.1343.529268   24-MAR-07 SA_REP           7300            .15        148            80   
        173 Sundita              Kumar                     SKUMAR                    011.44.1343.329268   21-APR-08 SA_REP           6100             .1        148            80   
        174 Ellen                Abel                      EABEL                     011.44.1644.429267   11-MAY-04 SA_REP          11000             .3        149            80   
        175 Alyssa               Hutton                    AHUTTON                   011.44.1644.429266   19-MAR-05 SA_REP           8800            .25        149            80   
        176 Jonathon             Taylor                    JTAYLOR                   011.44.1644.429265   24-MAR-06 SA_REP           8600             .2        149            80   
        177 Jack                 Livingston                JLIVINGS                  011.44.1644.429264   23-APR-06 SA_REP           8400             .2        149            80   
        178 Kimberely            Grant                     KGRANT                    011.44.1644.429263   24-MAY-07 SA_REP           7000            .15        149                 

EMPLOYEE_ID FIRST_NAME           LAST_NAME                 EMAIL                     PHONE_NUMBER         HIRE_DATE JOB_ID         SALARY COMMISSION_PCT MANAGER_ID DEPARTMENT_ID   
----------- -------------------- ------------------------- ------------------------- -------------------- --------- ---------- ---------- -------------- ---------- -------------   
        179 Charles              Johnson                   CJOHNSON                  011.44.1644.429262   04-JAN-08 SA_REP           6200             .1        149            80   
        180 Winston              Taylor                    WTAYLOR                   650.507.9876         24-JAN-06 SH_CLERK         3200                       120            50   
        181 Jean                 Fleaur                    JFLEAUR                   650.507.9877         23-FEB-06 SH_CLERK         3100                       120            50   
        182 Martha               Sullivan                  MSULLIVA                  650.507.9878         21-JUN-07 SH_CLERK         2500                       120            50   
        183 Girard               Geoni                     GGEONI                    650.507.9879         03-FEB-08 SH_CLERK         2800                       120            50   
        184 Nandita              Sarchand                  NSARCHAN                  650.509.1876         27-JAN-04 SH_CLERK         4200                       121            50   
        185 Alexis               Bull                      ABULL                     650.509.2876         20-FEB-05 SH_CLERK         4100                       121            50   
        186 Julia                Dellinger                 JDELLING                  650.509.3876         24-JUN-06 SH_CLERK         3400                       121            50   
        187 Anthony              Cabrio                    ACABRIO                   650.509.4876         07-FEB-07 SH_CLERK         3000                       121            50   
        188 Kelly                Chung                     KCHUNG                    650.505.1876         14-JUN-05 SH_CLERK         3800                       122            50   
        189 Jennifer             Dilly                     JDILLY                    650.505.2876         13-AUG-05 SH_CLERK         3600                       122            50   

EMPLOYEE_ID FIRST_NAME           LAST_NAME                 EMAIL                     PHONE_NUMBER         HIRE_DATE JOB_ID         SALARY COMMISSION_PCT MANAGER_ID DEPARTMENT_ID   
----------- -------------------- ------------------------- ------------------------- -------------------- --------- ---------- ---------- -------------- ---------- -------------   
        190 Timothy              Gates                     TGATES                    650.505.3876         11-JUL-06 SH_CLERK         2900                       122            50   
        191 Randall              Perkins                   RPERKINS                  650.505.4876         19-DEC-07 SH_CLERK         2500                       122            50   
        192 Sarah                Bell                      SBELL                     650.501.1876         04-FEB-04 SH_CLERK         4000                       123            50   
        193 Britney              Everett                   BEVERETT                  650.501.2876         03-MAR-05 SH_CLERK         3900                       123            50   
        194 Samuel               McCain                    SMCCAIN                   650.501.3876         01-JUL-06 SH_CLERK         3200                       123            50   
        195 Vance                Jones                     VJONES                    650.501.4876         17-MAR-07 SH_CLERK         2800                       123            50   
        196 Alana                Walsh                     AWALSH                    650.507.9811         24-APR-06 SH_CLERK         3100                       124            50   
        197 Kevin                Feeney                    KFEENEY                   650.507.9822         23-MAY-06 SH_CLERK         3000                       124            50   

107 rows selected.

SQL> select first_name "First Name",last_name "Last Name" from employees;

First Name           Last Name                                                                                                                                                      
-------------------- -------------------------                                                                                                                                      
Ellen                Abel                                                                                                                                                           
Sundar               Ande                                                                                                                                                           
Mozhe                Atkinson                                                                                                                                                       
David                Austin                                                                                                                                                         
Hermann              Baer                                                                                                                                                           
Shelli               Baida                                                                                                                                                          
Amit                 Banda                                                                                                                                                          
Elizabeth            Bates                                                                                                                                                          
Sarah                Bell                                                                                                                                                           
David                Bernstein                                                                                                                                                      
Laura                Bissot                                                                                                                                                         

First Name           Last Name                                                                                                                                                      
-------------------- -------------------------                                                                                                                                      
Harrison             Bloom                                                                                                                                                          
Alexis               Bull                                                                                                                                                           
Anthony              Cabrio                                                                                                                                                         
Gerald               Cambrault                                                                                                                                                      
Nanette              Cambrault                                                                                                                                                      
John                 Chen                                                                                                                                                           
Kelly                Chung                                                                                                                                                          
Karen                Colmenares                                                                                                                                                     
Curtis               Davies                                                                                                                                                         
Lex                  De Haan                                                                                                                                                        
Julia                Dellinger                                                                                                                                                      

First Name           Last Name                                                                                                                                                      
-------------------- -------------------------                                                                                                                                      
Jennifer             Dilly                                                                                                                                                          
Louise               Doran                                                                                                                                                          
Bruce                Ernst                                                                                                                                                          
Alberto              Errazuriz                                                                                                                                                      
Britney              Everett                                                                                                                                                        
Daniel               Faviet                                                                                                                                                         
Pat                  Fay                                                                                                                                                            
Kevin                Feeney                                                                                                                                                         
Jean                 Fleaur                                                                                                                                                         
Tayler               Fox                                                                                                                                                            
Adam                 Fripp                                                                                                                                                          

First Name           Last Name                                                                                                                                                      
-------------------- -------------------------                                                                                                                                      
Timothy              Gates                                                                                                                                                          
Ki                   Gee                                                                                                                                                            
Girard               Geoni                                                                                                                                                          
William              Gietz                                                                                                                                                          
Douglas              Grant                                                                                                                                                          
Kimberely            Grant                                                                                                                                                          
Nancy                Greenberg                                                                                                                                                      
Danielle             Greene                                                                                                                                                         
Peter                Hall                                                                                                                                                           
Michael              Hartstein                                                                                                                                                      
Shelley              Higgins                                                                                                                                                        

First Name           Last Name                                                                                                                                                      
-------------------- -------------------------                                                                                                                                      
Guy                  Himuro                                                                                                                                                         
Alexander            Hunold                                                                                                                                                         
Alyssa               Hutton                                                                                                                                                         
Charles              Johnson                                                                                                                                                        
Vance                Jones                                                                                                                                                          
Payam                Kaufling                                                                                                                                                       
Alexander            Khoo                                                                                                                                                           
Janette              King                                                                                                                                                           
Steven               King                                                                                                                                                           
Neena                Kochhar                                                                                                                                                        
Sundita              Kumar                                                                                                                                                          

First Name           Last Name                                                                                                                                                      
-------------------- -------------------------                                                                                                                                      
Renske               Ladwig                                                                                                                                                         
James                Landry                                                                                                                                                         
David                Lee                                                                                                                                                            
Jack                 Livingston                                                                                                                                                     
Diana                Lorentz                                                                                                                                                        
Jason                Mallin                                                                                                                                                         
Steven               Markle                                                                                                                                                         
James                Marlow                                                                                                                                                         
Mattea               Marvins                                                                                                                                                        
Randall              Matos                                                                                                                                                          
Susan                Mavris                                                                                                                                                         

First Name           Last Name                                                                                                                                                      
-------------------- -------------------------                                                                                                                                      
Samuel               McCain                                                                                                                                                         
Allan                McEwen                                                                                                                                                         
Irene                Mikkilineni                                                                                                                                                    
Kevin                Mourgos                                                                                                                                                        
Julia                Nayer                                                                                                                                                          
Donald               OConnell                                                                                                                                                       
Christopher          Olsen                                                                                                                                                          
TJ                   Olson                                                                                                                                                          
Lisa                 Ozer                                                                                                                                                           
Karen                Partners                                                                                                                                                       
Valli                Pataballa                                                                                                                                                      

First Name           Last Name                                                                                                                                                      
-------------------- -------------------------                                                                                                                                      
Joshua               Patel                                                                                                                                                          
Randall              Perkins                                                                                                                                                        
Hazel                Philtanker                                                                                                                                                     
Luis                 Popp                                                                                                                                                           
Trenna               Rajs                                                                                                                                                           
Den                  Raphaely                                                                                                                                                       
Michael              Rogers                                                                                                                                                         
John                 Russell                                                                                                                                                        
Nandita              Sarchand                                                                                                                                                       
Ismael               Sciarra                                                                                                                                                        
John                 Seo                                                                                                                                                            

First Name           Last Name                                                                                                                                                      
-------------------- -------------------------                                                                                                                                      
Sarath               Sewall                                                                                                                                                         
Lindsey              Smith                                                                                                                                                          
William              Smith                                                                                                                                                          
Stephen              Stiles                                                                                                                                                         
Martha               Sullivan                                                                                                                                                       
Patrick              Sully                                                                                                                                                          
Jonathon             Taylor                                                                                                                                                         
Winston              Taylor                                                                                                                                                         
Sigal                Tobias                                                                                                                                                         
Peter                Tucker                                                                                                                                                         
Oliver               Tuvault                                                                                                                                                        

First Name           Last Name                                                                                                                                                      
-------------------- -------------------------                                                                                                                                      
Jose Manuel          Urman                                                                                                                                                          
Peter                Vargas                                                                                                                                                         
Clara                Vishney                                                                                                                                                        
Shanta               Vollman                                                                                                                                                        
Alana                Walsh                                                                                                                                                          
Matthew              Weiss                                                                                                                                                          
Jennifer             Whalen                                                                                                                                                         
Eleni                Zlotkey                                                                                                                                                        

107 rows selected.

SQL> select first_name "@FN",last_name "@LN",salary from employees where salary>10000;

@FN                  @LN                           SALARY                                                                                                                           
-------------------- ------------------------- ----------                                                                                                                           
Michael              Hartstein                      13000                                                                                                                           
Shelley              Higgins                        12008                                                                                                                           
Steven               King                           24000                                                                                                                           
Neena                Kochhar                        17000                                                                                                                           
Lex                  De Haan                        17000                                                                                                                           
Nancy                Greenberg                      12008                                                                                                                           
Den                  Raphaely                       11000                                                                                                                           
John                 Russell                        14000                                                                                                                           
Karen                Partners                       13500                                                                                                                           
Alberto              Errazuriz                      12000                                                                                                                           
Gerald               Cambrault                      11000                                                                                                                           

@FN                  @LN                           SALARY                                                                                                                           
-------------------- ------------------------- ----------                                                                                                                           
Eleni                Zlotkey                        10500                                                                                                                           
Clara                Vishney                        10500                                                                                                                           
Lisa                 Ozer                           11500                                                                                                                           
Ellen                Abel                           11000                                                                                                                           

15 rows selected.

SQL> select first_name,last_name,salary from employees where salary>10000 order by 3;

FIRST_NAME           LAST_NAME                     SALARY                                                                                                                           
-------------------- ------------------------- ----------                                                                                                                           
Clara                Vishney                        10500                                                                                                                           
Eleni                Zlotkey                        10500                                                                                                                           
Ellen                Abel                           11000                                                                                                                           
Gerald               Cambrault                      11000                                                                                                                           
Den                  Raphaely                       11000                                                                                                                           
Lisa                 Ozer                           11500                                                                                                                           
Alberto              Errazuriz                      12000                                                                                                                           
Nancy                Greenberg                      12008                                                                                                                           
Shelley              Higgins                        12008                                                                                                                           
Michael              Hartstein                      13000                                                                                                                           
Karen                Partners                       13500                                                                                                                           

FIRST_NAME           LAST_NAME                     SALARY                                                                                                                           
-------------------- ------------------------- ----------                                                                                                                           
John                 Russell                        14000                                                                                                                           
Lex                  De Haan                        17000                                                                                                                           
Neena                Kochhar                        17000                                                                                                                           
Steven               King                           24000                                                                                                                           

15 rows selected.

SQL> select first_name,last_name,salary monthly,salary*12 annual from employees where salary>10000 order by 3;

FIRST_NAME           LAST_NAME                    MONTHLY     ANNUAL                                                                                                                
-------------------- ------------------------- ---------- ----------                                                                                                                
Clara                Vishney                        10500     126000                                                                                                                
Eleni                Zlotkey                        10500     126000                                                                                                                
Ellen                Abel                           11000     132000                                                                                                                
Gerald               Cambrault                      11000     132000                                                                                                                
Den                  Raphaely                       11000     132000                                                                                                                
Lisa                 Ozer                           11500     138000                                                                                                                
Alberto              Errazuriz                      12000     144000                                                                                                                
Nancy                Greenberg                      12008     144096                                                                                                                
Shelley              Higgins                        12008     144096                                                                                                                
Michael              Hartstein                      13000     156000                                                                                                                
Karen                Partners                       13500     162000                                                                                                                

FIRST_NAME           LAST_NAME                    MONTHLY     ANNUAL                                                                                                                
-------------------- ------------------------- ---------- ----------                                                                                                                
John                 Russell                        14000     168000                                                                                                                
Lex                  De Haan                        17000     204000                                                                                                                
Neena                Kochhar                        17000     204000                                                                                                                
Steven               King                           24000     288000                                                                                                                

15 rows selected.

SQL> select 10*21 from dual;

     10*21                                                                                                                                                                          
----------                                                                                                                                                                          
       210                                                                                                                                                                          

SQL> select 10000000000000000000000000*5464794974444749997994669446649449*46464944649 from dual;

10000000000000000000000000*5464794974444749997994669446649449*46464944649                                                                                                           
-------------------------------------------------------------------------                                                                                                           
                                                               2.5392E+69                                                                                                           

SQL> select first_name,salary from employees where first_name = 'Lex';

FIRST_NAME               SALARY                                                                                                                                                     
-------------------- ----------                                                                                                                                                     
Lex                       17000                                                                                                                                                     

SQL> select first_name,salary from employees where first_name = 'Kevin';

FIRST_NAME               SALARY                                                                                                                                                     
-------------------- ----------                                                                                                                                                     
Kevin                      5800                                                                                                                                                     
Kevin                      3000                                                                                                                                                     

SQL> select sysdate from dual;

SYSDATE                                                                                                                                                                             
---------                                                                                                                                                                           
21-MAR-19                                                                                                                                                                           

SQL> select * from departments;

DEPARTMENT_ID DEPARTMENT_NAME                MANAGER_ID LOCATION_ID                                                                                                                 
------------- ------------------------------ ---------- -----------                                                                                                                 
           10 Administration                        200        1700                                                                                                                 
           20 Marketing                             201        1800                                                                                                                 
           30 Purchasing                            114        1700                                                                                                                 
           40 Human Resources                       203        2400                                                                                                                 
           50 Shipping                              121        1500                                                                                                                 
           60 IT                                    103        1400                                                                                                                 
           70 Public Relations                      204        2700                                                                                                                 
           80 Sales                                 145        2500                                                                                                                 
           90 Executive                             100        1700                                                                                                                 
          100 Finance                               108        1700                                                                                                                 
          110 Accounting                            205        1700                                                                                                                 

DEPARTMENT_ID DEPARTMENT_NAME                MANAGER_ID LOCATION_ID                                                                                                                 
------------- ------------------------------ ---------- -----------                                                                                                                 
          120 Treasury                                         1700                                                                                                                 
          130 Corporate Tax                                    1700                                                                                                                 
          140 Control And Credit                               1700                                                                                                                 
          150 Shareholder Services                             1700                                                                                                                 
          160 Benefits                                         1700                                                                                                                 
          170 Manufacturing                                    1700                                                                                                                 
          180 Construction                                     1700                                                                                                                 
          190 Contracting                                      1700                                                                                                                 
          200 Operations                                       1700                                                                                                                 
          210 IT Support                                       1700                                                                                                                 
          220 NOC                                              1700                                                                                                                 

DEPARTMENT_ID DEPARTMENT_NAME                MANAGER_ID LOCATION_ID                                                                                                                 
------------- ------------------------------ ---------- -----------                                                                                                                 
          230 IT Helpdesk                                      1700                                                                                                                 
          240 Government Sales                                 1700                                                                                                                 
          250 Retail Sales                                     1700                                                                                                                 
          260 Recruiting                                       1700                                                                                                                 
          270 Payroll                                          1700                                                                                                                 

27 rows selected.

SQL> select first_name,last_name,salary from employees where salary in (5000,6000,7000);

FIRST_NAME           LAST_NAME                     SALARY                                                                                                                           
-------------------- ------------------------- ----------                                                                                                                           
Pat                  Fay                             6000                                                                                                                           
Bruce                Ernst                           6000                                                                                                                           
Oliver               Tuvault                         7000                                                                                                                           
Sarath               Sewall                          7000                                                                                                                           
Kimberely            Grant                           7000                                                                                                                           

SQL> select first_name,last_name,salary from employees where salary  <any(5000,6000,7000);

FIRST_NAME           LAST_NAME                     SALARY                                                                                                                           
-------------------- ------------------------- ----------                                                                                                                           
Donald               OConnell                        2600                                                                                                                           
Douglas              Grant                           2600                                                                                                                           
Jennifer             Whalen                          4400                                                                                                                           
Pat                  Fay                             6000                                                                                                                           
Susan                Mavris                          6500                                                                                                                           
Bruce                Ernst                           6000                                                                                                                           
David                Austin                          4800                                                                                                                           
Valli                Pataballa                       4800                                                                                                                           
Diana                Lorentz                         4200                                                                                                                           
Luis                 Popp                            6900                                                                                                                           
Alexander            Khoo                            3100                                                                                                                           

FIRST_NAME           LAST_NAME                     SALARY                                                                                                                           
-------------------- ------------------------- ----------                                                                                                                           
Shelli               Baida                           2900                                                                                                                           
Sigal                Tobias                          2800                                                                                                                           
Guy                  Himuro                          2600                                                                                                                           
Karen                Colmenares                      2500                                                                                                                           
Shanta               Vollman                         6500                                                                                                                           
Kevin                Mourgos                         5800                                                                                                                           
Julia                Nayer                           3200                                                                                                                           
Irene                Mikkilineni                     2700                                                                                                                           
James                Landry                          2400                                                                                                                           
Steven               Markle                          2200                                                                                                                           
Laura                Bissot                          3300                                                                                                                           

FIRST_NAME           LAST_NAME                     SALARY                                                                                                                           
-------------------- ------------------------- ----------                                                                                                                           
Mozhe                Atkinson                        2800                                                                                                                           
James                Marlow                          2500                                                                                                                           
TJ                   Olson                           2100                                                                                                                           
Jason                Mallin                          3300                                                                                                                           
Michael              Rogers                          2900                                                                                                                           
Ki                   Gee                             2400                                                                                                                           
Hazel                Philtanker                      2200                                                                                                                           
Renske               Ladwig                          3600                                                                                                                           
Stephen              Stiles                          3200                                                                                                                           
John                 Seo                             2700                                                                                                                           
Joshua               Patel                           2500                                                                                                                           

FIRST_NAME           LAST_NAME                     SALARY                                                                                                                           
-------------------- ------------------------- ----------                                                                                                                           
Trenna               Rajs                            3500                                                                                                                           
Curtis               Davies                          3100                                                                                                                           
Randall              Matos                           2600                                                                                                                           
Peter                Vargas                          2500                                                                                                                           
David                Lee                             6800                                                                                                                           
Sundar               Ande                            6400                                                                                                                           
Amit                 Banda                           6200                                                                                                                           
Sundita              Kumar                           6100                                                                                                                           
Charles              Johnson                         6200                                                                                                                           
Winston              Taylor                          3200                                                                                                                           
Jean                 Fleaur                          3100                                                                                                                           

FIRST_NAME           LAST_NAME                     SALARY                                                                                                                           
-------------------- ------------------------- ----------                                                                                                                           
Martha               Sullivan                        2500                                                                                                                           
Girard               Geoni                           2800                                                                                                                           
Nandita              Sarchand                        4200                                                                                                                           
Alexis               Bull                            4100                                                                                                                           
Julia                Dellinger                       3400                                                                                                                           
Anthony              Cabrio                          3000                                                                                                                           
Kelly                Chung                           3800                                                                                                                           
Jennifer             Dilly                           3600                                                                                                                           
Timothy              Gates                           2900                                                                                                                           
Randall              Perkins                         2500                                                                                                                           
Sarah                Bell                            4000                                                                                                                           

FIRST_NAME           LAST_NAME                     SALARY                                                                                                                           
-------------------- ------------------------- ----------                                                                                                                           
Britney              Everett                         3900                                                                                                                           
Samuel               McCain                          3200                                                                                                                           
Vance                Jones                           2800                                                                                                                           
Alana                Walsh                           3100                                                                                                                           
Kevin                Feeney                          3000                                                                                                                           

60 rows selected.

SQL> select first_name,last_name,salary from employees where salary  <all(5000,6000,7000);

FIRST_NAME           LAST_NAME                     SALARY                                                                                                                           
-------------------- ------------------------- ----------                                                                                                                           
Donald               OConnell                        2600                                                                                                                           
Douglas              Grant                           2600                                                                                                                           
Jennifer             Whalen                          4400                                                                                                                           
David                Austin                          4800                                                                                                                           
Valli                Pataballa                       4800                                                                                                                           
Diana                Lorentz                         4200                                                                                                                           
Alexander            Khoo                            3100                                                                                                                           
Shelli               Baida                           2900                                                                                                                           
Sigal                Tobias                          2800                                                                                                                           
Guy                  Himuro                          2600                                                                                                                           
Karen                Colmenares                      2500                                                                                                                           

FIRST_NAME           LAST_NAME                     SALARY                                                                                                                           
-------------------- ------------------------- ----------                                                                                                                           
Julia                Nayer                           3200                                                                                                                           
Irene                Mikkilineni                     2700                                                                                                                           
James                Landry                          2400                                                                                                                           
Steven               Markle                          2200                                                                                                                           
Laura                Bissot                          3300                                                                                                                           
Mozhe                Atkinson                        2800                                                                                                                           
James                Marlow                          2500                                                                                                                           
TJ                   Olson                           2100                                                                                                                           
Jason                Mallin                          3300                                                                                                                           
Michael              Rogers                          2900                                                                                                                           
Ki                   Gee                             2400                                                                                                                           

FIRST_NAME           LAST_NAME                     SALARY                                                                                                                           
-------------------- ------------------------- ----------                                                                                                                           
Hazel                Philtanker                      2200                                                                                                                           
Renske               Ladwig                          3600                                                                                                                           
Stephen              Stiles                          3200                                                                                                                           
John                 Seo                             2700                                                                                                                           
Joshua               Patel                           2500                                                                                                                           
Trenna               Rajs                            3500                                                                                                                           
Curtis               Davies                          3100                                                                                                                           
Randall              Matos                           2600                                                                                                                           
Peter                Vargas                          2500                                                                                                                           
Winston              Taylor                          3200                                                                                                                           
Jean                 Fleaur                          3100                                                                                                                           

FIRST_NAME           LAST_NAME                     SALARY                                                                                                                           
-------------------- ------------------------- ----------                                                                                                                           
Martha               Sullivan                        2500                                                                                                                           
Girard               Geoni                           2800                                                                                                                           
Nandita              Sarchand                        4200                                                                                                                           
Alexis               Bull                            4100                                                                                                                           
Julia                Dellinger                       3400                                                                                                                           
Anthony              Cabrio                          3000                                                                                                                           
Kelly                Chung                           3800                                                                                                                           
Jennifer             Dilly                           3600                                                                                                                           
Timothy              Gates                           2900                                                                                                                           
Randall              Perkins                         2500                                                                                                                           
Sarah                Bell                            4000                                                                                                                           

FIRST_NAME           LAST_NAME                     SALARY                                                                                                                           
-------------------- ------------------------- ----------                                                                                                                           
Britney              Everett                         3900                                                                                                                           
Samuel               McCain                          3200                                                                                                                           
Vance                Jones                           2800                                                                                                                           
Alana                Walsh                           3100                                                                                                                           
Kevin                Feeney                          3000                                                                                                                           

49 rows selected.

SQL> select first_name,last_name,salary from employees where salary  <all(5000,6000,7000) order by 3;

FIRST_NAME           LAST_NAME                     SALARY                                                                                                                           
-------------------- ------------------------- ----------                                                                                                                           
TJ                   Olson                           2100                                                                                                                           
Hazel                Philtanker                      2200                                                                                                                           
Steven               Markle                          2200                                                                                                                           
James                Landry                          2400                                                                                                                           
Ki                   Gee                             2400                                                                                                                           
Peter                Vargas                          2500                                                                                                                           
James                Marlow                          2500                                                                                                                           
Joshua               Patel                           2500                                                                                                                           
Karen                Colmenares                      2500                                                                                                                           
Randall              Perkins                         2500                                                                                                                           
Martha               Sullivan                        2500                                                                                                                           

FIRST_NAME           LAST_NAME                     SALARY                                                                                                                           
-------------------- ------------------------- ----------                                                                                                                           
Guy                  Himuro                          2600                                                                                                                           
Donald               OConnell                        2600                                                                                                                           
Douglas              Grant                           2600                                                                                                                           
Randall              Matos                           2600                                                                                                                           
John                 Seo                             2700                                                                                                                           
Irene                Mikkilineni                     2700                                                                                                                           
Vance                Jones                           2800                                                                                                                           
Sigal                Tobias                          2800                                                                                                                           
Girard               Geoni                           2800                                                                                                                           
Mozhe                Atkinson                        2800                                                                                                                           
Timothy              Gates                           2900                                                                                                                           

FIRST_NAME           LAST_NAME                     SALARY                                                                                                                           
-------------------- ------------------------- ----------                                                                                                                           
Shelli               Baida                           2900                                                                                                                           
Michael              Rogers                          2900                                                                                                                           
Anthony              Cabrio                          3000                                                                                                                           
Kevin                Feeney                          3000                                                                                                                           
Alexander            Khoo                            3100                                                                                                                           
Alana                Walsh                           3100                                                                                                                           
Jean                 Fleaur                          3100                                                                                                                           
Curtis               Davies                          3100                                                                                                                           
Samuel               McCain                          3200                                                                                                                           
Winston              Taylor                          3200                                                                                                                           
Stephen              Stiles                          3200                                                                                                                           

FIRST_NAME           LAST_NAME                     SALARY                                                                                                                           
-------------------- ------------------------- ----------                                                                                                                           
Julia                Nayer                           3200                                                                                                                           
Jason                Mallin                          3300                                                                                                                           
Laura                Bissot                          3300                                                                                                                           
Julia                Dellinger                       3400                                                                                                                           
Trenna               Rajs                            3500                                                                                                                           
Jennifer             Dilly                           3600                                                                                                                           
Renske               Ladwig                          3600                                                                                                                           
Kelly                Chung                           3800                                                                                                                           
Britney              Everett                         3900                                                                                                                           
Sarah                Bell                            4000                                                                                                                           
Alexis               Bull                            4100                                                                                                                           

FIRST_NAME           LAST_NAME                     SALARY                                                                                                                           
-------------------- ------------------------- ----------                                                                                                                           
Diana                Lorentz                         4200                                                                                                                           
Nandita              Sarchand                        4200                                                                                                                           
Jennifer             Whalen                          4400                                                                                                                           
Valli                Pataballa                       4800                                                                                                                           
David                Austin                          4800                                                                                                                           

49 rows selected.

SQL> select first_name,last_name,salary from employees where salary between 5000 and 6000 order by 3;

FIRST_NAME           LAST_NAME                     SALARY                                                                                                                           
-------------------- ------------------------- ----------                                                                                                                           
Kevin                Mourgos                         5800                                                                                                                           
Pat                  Fay                             6000                                                                                                                           
Bruce                Ernst                           6000                                                                                                                           

SQL> select first_name,last_name,salary from employees where first_name like '%n';

FIRST_NAME           LAST_NAME                     SALARY                                                                                                                           
-------------------- ------------------------- ----------                                                                                                                           
Susan                Mavris                          6500                                                                                                                           
Hermann              Baer                           10000                                                                                                                           
Steven               King                           24000                                                                                                                           
John                 Chen                            8200                                                                                                                           
Den                  Raphaely                       11000                                                                                                                           
Karen                Colmenares                      2500                                                                                                                           
Kevin                Mourgos                         5800                                                                                                                           
Steven               Markle                          2200                                                                                                                           
Jason                Mallin                          3300                                                                                                                           
Stephen              Stiles                          3200                                                                                                                           
John                 Seo                             2700                                                                                                                           

FIRST_NAME           LAST_NAME                     SALARY                                                                                                                           
-------------------- ------------------------- ----------                                                                                                                           
John                 Russell                        14000                                                                                                                           
Karen                Partners                       13500                                                                                                                           
Allan                McEwen                          9000                                                                                                                           
Harrison             Bloom                          10000                                                                                                                           
Ellen                Abel                           11000                                                                                                                           
Jonathon             Taylor                          8600                                                                                                                           
Winston              Taylor                          3200                                                                                                                           
Jean                 Fleaur                          3100                                                                                                                           
Kevin                Feeney                          3000                                                                                                                           

20 rows selected.

SQL> select first_name,last_name,salary from employees where first_name like '_o';

no rows selected

SQL> select first_name,last_name,salary from employees where first_name like '_o%';

FIRST_NAME           LAST_NAME                     SALARY                                                                                                                           
-------------------- ------------------------- ----------                                                                                                                           
Donald               OConnell                        2600                                                                                                                           
Douglas              Grant                           2600                                                                                                                           
John                 Chen                            8200                                                                                                                           
Jose Manuel          Urman                           7800                                                                                                                           
Mozhe                Atkinson                        2800                                                                                                                           
John                 Seo                             2700                                                                                                                           
Joshua               Patel                           2500                                                                                                                           
John                 Russell                        14000                                                                                                                           
Louise               Doran                           7500                                                                                                                           
Jonathon             Taylor                          8600                                                                                                                           

10 rows selected.

SQL> select * from employees;

EMPLOYEE_ID FIRST_NAME           LAST_NAME                 EMAIL                     PHONE_NUMBER         HIRE_DATE JOB_ID         SALARY COMMISSION_PCT MANAGER_ID DEPARTMENT_ID   
----------- -------------------- ------------------------- ------------------------- -------------------- --------- ---------- ---------- -------------- ---------- -------------   
        198 Donald               OConnell                  DOCONNEL                  650.507.9833         21-JUN-07 SH_CLERK         2600                       124            50   
        199 Douglas              Grant                     DGRANT                    650.507.9844         13-JAN-08 SH_CLERK         2600                       124            50   
        200 Jennifer             Whalen                    JWHALEN                   515.123.4444         17-SEP-03 AD_ASST          4400                       101            10   
        201 Michael              Hartstein                 MHARTSTE                  515.123.5555         17-FEB-04 MK_MAN          13000                       100            20   
        202 Pat                  Fay                       PFAY                      603.123.6666         17-AUG-05 MK_REP           6000                       201            20   
        203 Susan                Mavris                    SMAVRIS                   515.123.7777         07-JUN-02 HR_REP           6500                       101            40   
        204 Hermann              Baer                      HBAER                     515.123.8888         07-JUN-02 PR_REP          10000                       101            70   
        205 Shelley              Higgins                   SHIGGINS                  515.123.8080         07-JUN-02 AC_MGR          12008                       101           110   
        206 William              Gietz                     WGIETZ                    515.123.8181         07-JUN-02 AC_ACCOUNT       8300                       205           110   
        100 Steven               King                      SKING                     515.123.4567         17-JUN-03 AD_PRES         24000                                      90   
        101 Neena                Kochhar                   NKOCHHAR                  515.123.4568         21-SEP-05 AD_VP           17000                       100            90   

EMPLOYEE_ID FIRST_NAME           LAST_NAME                 EMAIL                     PHONE_NUMBER         HIRE_DATE JOB_ID         SALARY COMMISSION_PCT MANAGER_ID DEPARTMENT_ID   
----------- -------------------- ------------------------- ------------------------- -------------------- --------- ---------- ---------- -------------- ---------- -------------   
        102 Lex                  De Haan                   LDEHAAN                   515.123.4569         13-JAN-01 AD_VP           17000                       100            90   
        103 Alexander            Hunold                    AHUNOLD                   590.423.4567         03-JAN-06 IT_PROG          9000                       102            60   
        104 Bruce                Ernst                     BERNST                    590.423.4568         21-MAY-07 IT_PROG          6000                       103            60   
        105 David                Austin                    DAUSTIN                   590.423.4569         25-JUN-05 IT_PROG          4800                       103            60   
        106 Valli                Pataballa                 VPATABAL                  590.423.4560         05-FEB-06 IT_PROG          4800                       103            60   
        107 Diana                Lorentz                   DLORENTZ                  590.423.5567         07-FEB-07 IT_PROG          4200                       103            60   
        108 Nancy                Greenberg                 NGREENBE                  515.124.4569         17-AUG-02 FI_MGR          12008                       101           100   
        109 Daniel               Faviet                    DFAVIET                   515.124.4169         16-AUG-02 FI_ACCOUNT       9000                       108           100   
        110 John                 Chen                      JCHEN                     515.124.4269         28-SEP-05 FI_ACCOUNT       8200                       108           100   
        111 Ismael               Sciarra                   ISCIARRA                  515.124.4369         30-SEP-05 FI_ACCOUNT       7700                       108           100   
        112 Jose Manuel          Urman                     JMURMAN                   515.124.4469         07-MAR-06 FI_ACCOUNT       7800                       108           100   

EMPLOYEE_ID FIRST_NAME           LAST_NAME                 EMAIL                     PHONE_NUMBER         HIRE_DATE JOB_ID         SALARY COMMISSION_PCT MANAGER_ID DEPARTMENT_ID   
----------- -------------------- ------------------------- ------------------------- -------------------- --------- ---------- ---------- -------------- ---------- -------------   
        113 Luis                 Popp                      LPOPP                     515.124.4567         07-DEC-07 FI_ACCOUNT       6900                       108           100   
        114 Den                  Raphaely                  DRAPHEAL                  515.127.4561         07-DEC-02 PU_MAN          11000                       100            30   
        115 Alexander            Khoo                      AKHOO                     515.127.4562         18-MAY-03 PU_CLERK         3100                       114            30   
        116 Shelli               Baida                     SBAIDA                    515.127.4563         24-DEC-05 PU_CLERK         2900                       114            30   
        117 Sigal                Tobias                    STOBIAS                   515.127.4564         24-JUL-05 PU_CLERK         2800                       114            30   
        118 Guy                  Himuro                    GHIMURO                   515.127.4565         15-NOV-06 PU_CLERK         2600                       114            30   
        119 Karen                Colmenares                KCOLMENA                  515.127.4566         10-AUG-07 PU_CLERK         2500                       114            30   
        120 Matthew              Weiss                     MWEISS                    650.123.1234         18-JUL-04 ST_MAN           8000                       100            50   
        121 Adam                 Fripp                     AFRIPP                    650.123.2234         10-APR-05 ST_MAN           8200                       100            50   
        122 Payam                Kaufling                  PKAUFLIN                  650.123.3234         01-MAY-03 ST_MAN           7900                       100            50   
        123 Shanta               Vollman                   SVOLLMAN                  650.123.4234         10-OCT-05 ST_MAN           6500                       100            50   

EMPLOYEE_ID FIRST_NAME           LAST_NAME                 EMAIL                     PHONE_NUMBER         HIRE_DATE JOB_ID         SALARY COMMISSION_PCT MANAGER_ID DEPARTMENT_ID   
----------- -------------------- ------------------------- ------------------------- -------------------- --------- ---------- ---------- -------------- ---------- -------------   
        124 Kevin                Mourgos                   KMOURGOS                  650.123.5234         16-NOV-07 ST_MAN           5800                       100            50   
        125 Julia                Nayer                     JNAYER                    650.124.1214         16-JUL-05 ST_CLERK         3200                       120            50   
        126 Irene                Mikkilineni               IMIKKILI                  650.124.1224         28-SEP-06 ST_CLERK         2700                       120            50   
        127 James                Landry                    JLANDRY                   650.124.1334         14-JAN-07 ST_CLERK         2400                       120            50   
        128 Steven               Markle                    SMARKLE                   650.124.1434         08-MAR-08 ST_CLERK         2200                       120            50   
        129 Laura                Bissot                    LBISSOT                   650.124.5234         20-AUG-05 ST_CLERK         3300                       121            50   
        130 Mozhe                Atkinson                  MATKINSO                  650.124.6234         30-OCT-05 ST_CLERK         2800                       121            50   
        131 James                Marlow                    JAMRLOW                   650.124.7234         16-FEB-05 ST_CLERK         2500                       121            50   
        132 TJ                   Olson                     TJOLSON                   650.124.8234         10-APR-07 ST_CLERK         2100                       121            50   
        133 Jason                Mallin                    JMALLIN                   650.127.1934         14-JUN-04 ST_CLERK         3300                       122            50   
        134 Michael              Rogers                    MROGERS                   650.127.1834         26-AUG-06 ST_CLERK         2900                       122            50   

EMPLOYEE_ID FIRST_NAME           LAST_NAME                 EMAIL                     PHONE_NUMBER         HIRE_DATE JOB_ID         SALARY COMMISSION_PCT MANAGER_ID DEPARTMENT_ID   
----------- -------------------- ------------------------- ------------------------- -------------------- --------- ---------- ---------- -------------- ---------- -------------   
        135 Ki                   Gee                       KGEE                      650.127.1734         12-DEC-07 ST_CLERK         2400                       122            50   
        136 Hazel                Philtanker                HPHILTAN                  650.127.1634         06-FEB-08 ST_CLERK         2200                       122            50   
        137 Renske               Ladwig                    RLADWIG                   650.121.1234         14-JUL-03 ST_CLERK         3600                       123            50   
        138 Stephen              Stiles                    SSTILES                   650.121.2034         26-OCT-05 ST_CLERK         3200                       123            50   
        139 John                 Seo                       JSEO                      650.121.2019         12-FEB-06 ST_CLERK         2700                       123            50   
        140 Joshua               Patel                     JPATEL                    650.121.1834         06-APR-06 ST_CLERK         2500                       123            50   
        141 Trenna               Rajs                      TRAJS                     650.121.8009         17-OCT-03 ST_CLERK         3500                       124            50   
        142 Curtis               Davies                    CDAVIES                   650.121.2994         29-JAN-05 ST_CLERK         3100                       124            50   
        143 Randall              Matos                     RMATOS                    650.121.2874         15-MAR-06 ST_CLERK         2600                       124            50   
        144 Peter                Vargas                    PVARGAS                   650.121.2004         09-JUL-06 ST_CLERK         2500                       124            50   
        145 John                 Russell                   JRUSSEL                   011.44.1344.429268   01-OCT-04 SA_MAN          14000             .4        100            80   

EMPLOYEE_ID FIRST_NAME           LAST_NAME                 EMAIL                     PHONE_NUMBER         HIRE_DATE JOB_ID         SALARY COMMISSION_PCT MANAGER_ID DEPARTMENT_ID   
----------- -------------------- ------------------------- ------------------------- -------------------- --------- ---------- ---------- -------------- ---------- -------------   
        146 Karen                Partners                  KPARTNER                  011.44.1344.467268   05-JAN-05 SA_MAN          13500             .3        100            80   
        147 Alberto              Errazuriz                 AERRAZUR                  011.44.1344.429278   10-MAR-05 SA_MAN          12000             .3        100            80   
        148 Gerald               Cambrault                 GCAMBRAU                  011.44.1344.619268   15-OCT-07 SA_MAN          11000             .3        100            80   
        149 Eleni                Zlotkey                   EZLOTKEY                  011.44.1344.429018   29-JAN-08 SA_MAN          10500             .2        100            80   
        150 Peter                Tucker                    PTUCKER                   011.44.1344.129268   30-JAN-05 SA_REP          10000             .3        145            80   
        151 David                Bernstein                 DBERNSTE                  011.44.1344.345268   24-MAR-05 SA_REP           9500            .25        145            80   
        152 Peter                Hall                      PHALL                     011.44.1344.478968   20-AUG-05 SA_REP           9000            .25        145            80   
        153 Christopher          Olsen                     COLSEN                    011.44.1344.498718   30-MAR-06 SA_REP           8000             .2        145            80   
        154 Nanette              Cambrault                 NCAMBRAU                  011.44.1344.987668   09-DEC-06 SA_REP           7500             .2        145            80   
        155 Oliver               Tuvault                   OTUVAULT                  011.44.1344.486508   23-NOV-07 SA_REP           7000            .15        145            80   
        156 Janette              King                      JKING                     011.44.1345.429268   30-JAN-04 SA_REP          10000            .35        146            80   

EMPLOYEE_ID FIRST_NAME           LAST_NAME                 EMAIL                     PHONE_NUMBER         HIRE_DATE JOB_ID         SALARY COMMISSION_PCT MANAGER_ID DEPARTMENT_ID   
----------- -------------------- ------------------------- ------------------------- -------------------- --------- ---------- ---------- -------------- ---------- -------------   
        157 Patrick              Sully                     PSULLY                    011.44.1345.929268   04-MAR-04 SA_REP           9500            .35        146            80   
        158 Allan                McEwen                    AMCEWEN                   011.44.1345.829268   01-AUG-04 SA_REP           9000            .35        146            80   
        159 Lindsey              Smith                     LSMITH                    011.44.1345.729268   10-MAR-05 SA_REP           8000             .3        146            80   
        160 Louise               Doran                     LDORAN                    011.44.1345.629268   15-DEC-05 SA_REP           7500             .3        146            80   
        161 Sarath               Sewall                    SSEWALL                   011.44.1345.529268   03-NOV-06 SA_REP           7000            .25        146            80   
        162 Clara                Vishney                   CVISHNEY                  011.44.1346.129268   11-NOV-05 SA_REP          10500            .25        147            80   
        163 Danielle             Greene                    DGREENE                   011.44.1346.229268   19-MAR-07 SA_REP           9500            .15        147            80   
        164 Mattea               Marvins                   MMARVINS                  011.44.1346.329268   24-JAN-08 SA_REP           7200             .1        147            80   
        165 David                Lee                       DLEE                      011.44.1346.529268   23-FEB-08 SA_REP           6800             .1        147            80   
        166 Sundar               Ande                      SANDE                     011.44.1346.629268   24-MAR-08 SA_REP           6400             .1        147            80   
        167 Amit                 Banda                     ABANDA                    011.44.1346.729268   21-APR-08 SA_REP           6200             .1        147            80   

EMPLOYEE_ID FIRST_NAME           LAST_NAME                 EMAIL                     PHONE_NUMBER         HIRE_DATE JOB_ID         SALARY COMMISSION_PCT MANAGER_ID DEPARTMENT_ID   
----------- -------------------- ------------------------- ------------------------- -------------------- --------- ---------- ---------- -------------- ---------- -------------   
        168 Lisa                 Ozer                      LOZER                     011.44.1343.929268   11-MAR-05 SA_REP          11500            .25        148            80   
        169 Harrison             Bloom                     HBLOOM                    011.44.1343.829268   23-MAR-06 SA_REP          10000             .2        148            80   
        170 Tayler               Fox                       TFOX                      011.44.1343.729268   24-JAN-06 SA_REP           9600             .2        148            80   
        171 William              Smith                     WSMITH                    011.44.1343.629268   23-FEB-07 SA_REP           7400            .15        148            80   
        172 Elizabeth            Bates                     EBATES                    011.44.1343.529268   24-MAR-07 SA_REP           7300            .15        148            80   
        173 Sundita              Kumar                     SKUMAR                    011.44.1343.329268   21-APR-08 SA_REP           6100             .1        148            80   
        174 Ellen                Abel                      EABEL                     011.44.1644.429267   11-MAY-04 SA_REP          11000             .3        149            80   
        175 Alyssa               Hutton                    AHUTTON                   011.44.1644.429266   19-MAR-05 SA_REP           8800            .25        149            80   
        176 Jonathon             Taylor                    JTAYLOR                   011.44.1644.429265   24-MAR-06 SA_REP           8600             .2        149            80   
        177 Jack                 Livingston                JLIVINGS                  011.44.1644.429264   23-APR-06 SA_REP           8400             .2        149            80   
        178 Kimberely            Grant                     KGRANT                    011.44.1644.429263   24-MAY-07 SA_REP           7000            .15        149                 

EMPLOYEE_ID FIRST_NAME           LAST_NAME                 EMAIL                     PHONE_NUMBER         HIRE_DATE JOB_ID         SALARY COMMISSION_PCT MANAGER_ID DEPARTMENT_ID   
----------- -------------------- ------------------------- ------------------------- -------------------- --------- ---------- ---------- -------------- ---------- -------------   
        179 Charles              Johnson                   CJOHNSON                  011.44.1644.429262   04-JAN-08 SA_REP           6200             .1        149            80   
        180 Winston              Taylor                    WTAYLOR                   650.507.9876         24-JAN-06 SH_CLERK         3200                       120            50   
        181 Jean                 Fleaur                    JFLEAUR                   650.507.9877         23-FEB-06 SH_CLERK         3100                       120            50   
        182 Martha               Sullivan                  MSULLIVA                  650.507.9878         21-JUN-07 SH_CLERK         2500                       120            50   
        183 Girard               Geoni                     GGEONI                    650.507.9879         03-FEB-08 SH_CLERK         2800                       120            50   
        184 Nandita              Sarchand                  NSARCHAN                  650.509.1876         27-JAN-04 SH_CLERK         4200                       121            50   
        185 Alexis               Bull                      ABULL                     650.509.2876         20-FEB-05 SH_CLERK         4100                       121            50   
        186 Julia                Dellinger                 JDELLING                  650.509.3876         24-JUN-06 SH_CLERK         3400                       121            50   
        187 Anthony              Cabrio                    ACABRIO                   650.509.4876         07-FEB-07 SH_CLERK         3000                       121            50   
        188 Kelly                Chung                     KCHUNG                    650.505.1876         14-JUN-05 SH_CLERK         3800                       122            50   
        189 Jennifer             Dilly                     JDILLY                    650.505.2876         13-AUG-05 SH_CLERK         3600                       122            50   

EMPLOYEE_ID FIRST_NAME           LAST_NAME                 EMAIL                     PHONE_NUMBER         HIRE_DATE JOB_ID         SALARY COMMISSION_PCT MANAGER_ID DEPARTMENT_ID   
----------- -------------------- ------------------------- ------------------------- -------------------- --------- ---------- ---------- -------------- ---------- -------------   
        190 Timothy              Gates                     TGATES                    650.505.3876         11-JUL-06 SH_CLERK         2900                       122            50   
        191 Randall              Perkins                   RPERKINS                  650.505.4876         19-DEC-07 SH_CLERK         2500                       122            50   
        192 Sarah                Bell                      SBELL                     650.501.1876         04-FEB-04 SH_CLERK         4000                       123            50   
        193 Britney              Everett                   BEVERETT                  650.501.2876         03-MAR-05 SH_CLERK         3900                       123            50   
        194 Samuel               McCain                    SMCCAIN                   650.501.3876         01-JUL-06 SH_CLERK         3200                       123            50   
        195 Vance                Jones                     VJONES                    650.501.4876         17-MAR-07 SH_CLERK         2800                       123            50   
        196 Alana                Walsh                     AWALSH                    650.507.9811         24-APR-06 SH_CLERK         3100                       124            50   
        197 Kevin                Feeney                    KFEENEY                   650.507.9822         23-MAY-06 SH_CLERK         3000                       124            50   

107 rows selected.

SQL> select first_name,commission_pct from employees where commission_pct is null;

FIRST_NAME           COMMISSION_PCT                                                                                                                                                 
-------------------- --------------                                                                                                                                                 
Donald                                                                                                                                                                              
Douglas                                                                                                                                                                             
Jennifer                                                                                                                                                                            
Michael                                                                                                                                                                             
Pat                                                                                                                                                                                 
Susan                                                                                                                                                                               
Hermann                                                                                                                                                                             
Shelley                                                                                                                                                                             
William                                                                                                                                                                             
Steven                                                                                                                                                                              
Neena                                                                                                                                                                               

FIRST_NAME           COMMISSION_PCT                                                                                                                                                 
-------------------- --------------                                                                                                                                                 
Lex                                                                                                                                                                                 
Alexander                                                                                                                                                                           
Bruce                                                                                                                                                                               
David                                                                                                                                                                               
Valli                                                                                                                                                                               
Diana                                                                                                                                                                               
Nancy                                                                                                                                                                               
Daniel                                                                                                                                                                              
John                                                                                                                                                                                
Ismael                                                                                                                                                                              
Jose Manuel                                                                                                                                                                         

FIRST_NAME           COMMISSION_PCT                                                                                                                                                 
-------------------- --------------                                                                                                                                                 
Luis                                                                                                                                                                                
Den                                                                                                                                                                                 
Alexander                                                                                                                                                                           
Shelli                                                                                                                                                                              
Sigal                                                                                                                                                                               
Guy                                                                                                                                                                                 
Karen                                                                                                                                                                               
Matthew                                                                                                                                                                             
Adam                                                                                                                                                                                
Payam                                                                                                                                                                               
Shanta                                                                                                                                                                              

FIRST_NAME           COMMISSION_PCT                                                                                                                                                 
-------------------- --------------                                                                                                                                                 
Kevin                                                                                                                                                                               
Julia                                                                                                                                                                               
Irene                                                                                                                                                                               
James                                                                                                                                                                               
Steven                                                                                                                                                                              
Laura                                                                                                                                                                               
Mozhe                                                                                                                                                                               
James                                                                                                                                                                               
TJ                                                                                                                                                                                  
Jason                                                                                                                                                                               
Michael                                                                                                                                                                             

FIRST_NAME           COMMISSION_PCT                                                                                                                                                 
-------------------- --------------                                                                                                                                                 
Ki                                                                                                                                                                                  
Hazel                                                                                                                                                                               
Renske                                                                                                                                                                              
Stephen                                                                                                                                                                             
John                                                                                                                                                                                
Joshua                                                                                                                                                                              
Trenna                                                                                                                                                                              
Curtis                                                                                                                                                                              
Randall                                                                                                                                                                             
Peter                                                                                                                                                                               
Winston                                                                                                                                                                             

FIRST_NAME           COMMISSION_PCT                                                                                                                                                 
-------------------- --------------                                                                                                                                                 
Jean                                                                                                                                                                                
Martha                                                                                                                                                                              
Girard                                                                                                                                                                              
Nandita                                                                                                                                                                             
Alexis                                                                                                                                                                              
Julia                                                                                                                                                                               
Anthony                                                                                                                                                                             
Kelly                                                                                                                                                                               
Jennifer                                                                                                                                                                            
Timothy                                                                                                                                                                             
Randall                                                                                                                                                                             

FIRST_NAME           COMMISSION_PCT                                                                                                                                                 
-------------------- --------------                                                                                                                                                 
Sarah                                                                                                                                                                               
Britney                                                                                                                                                                             
Samuel                                                                                                                                                                              
Vance                                                                                                                                                                               
Alana                                                                                                                                                                               
Kevin                                                                                                                                                                               

72 rows selected.

SQL> select first_name,commission_pct from employees where commission_pct is not null;

FIRST_NAME           COMMISSION_PCT                                                                                                                                                 
-------------------- --------------                                                                                                                                                 
John                             .4                                                                                                                                                 
Karen                            .3                                                                                                                                                 
Alberto                          .3                                                                                                                                                 
Gerald                           .3                                                                                                                                                 
Eleni                            .2                                                                                                                                                 
Peter                            .3                                                                                                                                                 
David                           .25                                                                                                                                                 
Peter                           .25                                                                                                                                                 
Christopher                      .2                                                                                                                                                 
Nanette                          .2                                                                                                                                                 
Oliver                          .15                                                                                                                                                 

FIRST_NAME           COMMISSION_PCT                                                                                                                                                 
-------------------- --------------                                                                                                                                                 
Janette                         .35                                                                                                                                                 
Patrick                         .35                                                                                                                                                 
Allan                           .35                                                                                                                                                 
Lindsey                          .3                                                                                                                                                 
Louise                           .3                                                                                                                                                 
Sarath                          .25                                                                                                                                                 
Clara                           .25                                                                                                                                                 
Danielle                        .15                                                                                                                                                 
Mattea                           .1                                                                                                                                                 
David                            .1                                                                                                                                                 
Sundar                           .1                                                                                                                                                 

FIRST_NAME           COMMISSION_PCT                                                                                                                                                 
-------------------- --------------                                                                                                                                                 
Amit                             .1                                                                                                                                                 
Lisa                            .25                                                                                                                                                 
Harrison                         .2                                                                                                                                                 
Tayler                           .2                                                                                                                                                 
William                         .15                                                                                                                                                 
Elizabeth                       .15                                                                                                                                                 
Sundita                          .1                                                                                                                                                 
Ellen                            .3                                                                                                                                                 
Alyssa                          .25                                                                                                                                                 
Jonathon                         .2                                                                                                                                                 
Jack                             .2                                                                                                                                                 

FIRST_NAME           COMMISSION_PCT                                                                                                                                                 
-------------------- --------------                                                                                                                                                 
Kimberely                       .15                                                                                                                                                 
Charles                          .1                                                                                                                                                 

35 rows selected.

SQL> select first_name || ' ' || last_name as "Full Name" from employees where salary>10000;

Full Name                                                                                                                                                                           
----------------------------------------------                                                                                                                                      
Michael Hartstein                                                                                                                                                                   
Shelley Higgins                                                                                                                                                                     
Steven King                                                                                                                                                                         
Neena Kochhar                                                                                                                                                                       
Lex De Haan                                                                                                                                                                         
Nancy Greenberg                                                                                                                                                                     
Den Raphaely                                                                                                                                                                        
John Russell                                                                                                                                                                        
Karen Partners                                                                                                                                                                      
Alberto Errazuriz                                                                                                                                                                   
Gerald Cambrault                                                                                                                                                                    

Full Name                                                                                                                                                                           
----------------------------------------------                                                                                                                                      
Eleni Zlotkey                                                                                                                                                                       
Clara Vishney                                                                                                                                                                       
Lisa Ozer                                                                                                                                                                           
Ellen Abel                                                                                                                                                                          

15 rows selected.

SQL> select first_name || ' ' || last_name || q'['s ]' || 'salary is '|| salary from employees where salary>10000;

FIRST_NAME||''||LAST_NAME||Q'['S]'||'SALARYIS'||SALARY                                                                                                                              
---------------------------------------------------------------------------------------------------                                                                                 
Michael Hartstein's salary is 13000                                                                                                                                                 
Shelley Higgins's salary is 12008                                                                                                                                                   
Steven King's salary is 24000                                                                                                                                                       
Neena Kochhar's salary is 17000                                                                                                                                                     
Lex De Haan's salary is 17000                                                                                                                                                       
Nancy Greenberg's salary is 12008                                                                                                                                                   
Den Raphaely's salary is 11000                                                                                                                                                      
John Russell's salary is 14000                                                                                                                                                      
Karen Partners's salary is 13500                                                                                                                                                    
Alberto Errazuriz's salary is 12000                                                                                                                                                 
Gerald Cambrault's salary is 11000                                                                                                                                                  

FIRST_NAME||''||LAST_NAME||Q'['S]'||'SALARYIS'||SALARY                                                                                                                              
---------------------------------------------------------------------------------------------------                                                                                 
Eleni Zlotkey's salary is 10500                                                                                                                                                     
Clara Vishney's salary is 10500                                                                                                                                                     
Lisa Ozer's salary is 11500                                                                                                                                                         
Ellen Abel's salary is 11000                                                                                                                                                        

15 rows selected.

SQL> select upper(first_name),salary from employees where salary>10000;

UPPER(FIRST_NAME)        SALARY                                                                                                                                                     
-------------------- ----------                                                                                                                                                     
MICHAEL                   13000                                                                                                                                                     
SHELLEY                   12008                                                                                                                                                     
STEVEN                    24000                                                                                                                                                     
NEENA                     17000                                                                                                                                                     
LEX                       17000                                                                                                                                                     
NANCY                     12008                                                                                                                                                     
DEN                       11000                                                                                                                                                     
JOHN                      14000                                                                                                                                                     
KAREN                     13500                                                                                                                                                     
ALBERTO                   12000                                                                                                                                                     
GERALD                    11000                                                                                                                                                     

UPPER(FIRST_NAME)        SALARY                                                                                                                                                     
-------------------- ----------                                                                                                                                                     
ELENI                     10500                                                                                                                                                     
CLARA                     10500                                                                                                                                                     
LISA                      11500                                                                                                                                                     
ELLEN                     11000                                                                                                                                                     

15 rows selected.

SQL> select Initcap(VIRAJ) from dual;
select Initcap(VIRAJ) from dual
               *
ERROR at line 1:
ORA-00904: "VIRAJ": invalid identifier 


SQL> select Initcap('VIRAJ') from dual;

INITC                                                                                                                                                                               
-----                                                                                                                                                                               
Viraj                                                                                                                                                                               

SQL> select trim('a' from 'aaaaviraja') from dual;

TRIM(                                                                                                                                                                               
-----                                                                                                                                                                               
viraj                                                                                                                                                                               

SQL> select ltrim('aaaaVirajaa','a') from dual;

LTRIM('                                                                                                                                                                             
-------                                                                                                                                                                             
Virajaa                                                                                                                                                                             

SQL> select rtrim('aaaaVirajaa','a') from dual;

RTRIM('AA                                                                                                                                                                           
---------                                                                                                                                                                           
aaaaViraj                                                                                                                                                                           

SQL> select lpad('Viraj',10,'*') from dual;

LPAD('VIRA                                                                                                                                                                          
----------                                                                                                                                                                          
*****Viraj                                                                                                                                                                          

SQL> select rpad('Viraj',10,'*') from dual;

RPAD('VIRA                                                                                                                                                                          
----------                                                                                                                                                                          
Viraj*****                                                                                                                                                                          

SQL> select instr('Viraj','a') from dual;

INSTR('VIRAJ','A')                                                                                                                                                                  
------------------                                                                                                                                                                  
                 4                                                                                                                                                                  

SQL> 
SQL> select substr('VirajNPatel',1,,5) from dual;
select substr('VirajNPatel',1,,5) from dual
                              *
ERROR at line 1:
ORA-00936: missing expression 


SQL> select substr('VirajNPatel',1,5) from dual;

SUBST                                                                                                                                                                               
-----                                                                                                                                                                               
Viraj                                                                                                                                                                               

SQL> select substr('VirajNPatel',-1,5) from dual;

S                                                                                                                                                                                   
-                                                                                                                                                                                   
l                                                                                                                                                                                   

SQL> select substr('VirajNPatel',-5,5) from dual;

SUBST                                                                                                                                                                               
-----                                                                                                                                                                               
Patel                                                                                                                                                                               

SQL> select concat('Viraj','Patel') from dual;

CONCAT('VI                                                                                                                                                                          
----------                                                                                                                                                                          
VirajPatel                                                                                                                                                                          

SQL> select concat('Viraj',concat(' ','Patel')) from dual;

CONCAT('VIR                                                                                                                                                                         
-----------                                                                                                                                                                         
Viraj Patel                                                                                                                                                                         

SQL> select replace('oracle','o','Mi') from dual;

REPLACE                                                                                                                                                                             
-------                                                                                                                                                                             
Miracle                                                                                                                                                                             

SQL> select length('oracle') from dual;

LENGTH('ORACLE')                                                                                                                                                                    
----------------                                                                                                                                                                    
               6                                                                                                                                                                    

SQL> select round(36.25) from dual;

ROUND(36.25)                                                                                                                                                                        
------------                                                                                                                                                                        
          36                                                                                                                                                                        

SQL> select round(36.55) from dual;

ROUND(36.55)                                                                                                                                                                        
------------                                                                                                                                                                        
          37                                                                                                                                                                        

SQL> select round(36.556565,2) from dual;

ROUND(36.556565,2)                                                                                                                                                                  
------------------                                                                                                                                                                  
             36.56                                                                                                                                                                  

SQL> select trunc(36.75) from dual;

TRUNC(36.75)                                                                                                                                                                        
------------                                                                                                                                                                        
          36                                                                                                                                                                        

SQL> select mod(3,2) from dual;

  MOD(3,2)                                                                                                                                                                          
----------                                                                                                                                                                          
         1                                                                                                                                                                          

SQL> select mod(4,2) from dual;

  MOD(4,2)                                                                                                                                                                          
----------                                                                                                                                                                          
         0                                                                                                                                                                          

SQL> select ceil(4.5) from dual;

 CEIL(4.5)                                                                                                                                                                          
----------                                                                                                                                                                          
         5                                                                                                                                                                          

SQL> select ceil(-4.5) from dual;

CEIL(-4.5)                                                                                                                                                                          
----------                                                                                                                                                                          
        -4                                                                                                                                                                          

SQL> select floor(4.5) from dual;

FLOOR(4.5)                                                                                                                                                                          
----------                                                                                                                                                                          
         4                                                                                                                                                                          

SQL> select floor(-4.5) from dual;

FLOOR(-4.5)                                                                                                                                                                         
-----------                                                                                                                                                                         
         -5                                                                                                                                                                         

SQL> select instr('Viraj','j') from dual;

INSTR('VIRAJ','J')                                                                                                                                                                  
------------------                                                                                                                                                                  
                 5                                                                                                                                                                  

SQL> select substr('VirajNPatel',-5,5) from dual;

SUBST                                                                                                                                                                               
-----                                                                                                                                                                               
Patel                                                                                                                                                                               

SQL> select trim('Viraj' from 'VirajNPatelViraj') from dual;
select trim('Viraj' from 'VirajNPatelViraj') from dual
       *
ERROR at line 1:
ORA-30001: trim set should have only one character 


SQL> select trim('Vi' from 'VirajNPatelViraj') from dual;
select trim('Vi' from 'VirajNPatelViraj') from dual
       *
ERROR at line 1:
ORA-30001: trim set should have only one character 


SQL> select trim('V' from 'VirajNPatelViraj') from dual;

TRIM('V'FROM'VI                                                                                                                                                                     
---------------                                                                                                                                                                     
irajNPatelViraj                                                                                                                                                                     

SQL> select trim('Vv' from 'VvirajNPatelViraj') from dual;
select trim('Vv' from 'VvirajNPatelViraj') from dual
       *
ERROR at line 1:
ORA-30001: trim set should have only one character 


SQL> select trim('V' from 'VirajNPatelViraj') from dual;

TRIM('V'FROM'VI                                                                                                                                                                     
---------------                                                                                                                                                                     
irajNPatelViraj                                                                                                                                                                     

SQL> select length('Viraj') from dual;

LENGTH('VIRAJ')                                                                                                                                                                     
---------------                                                                                                                                                                     
              5                                                                                                                                                                     

SQL> select length('Viraj Patel') from dual;

LENGTH('VIRAJPATEL')                                                                                                                                                                
--------------------                                                                                                                                                                
                  11                                                                                                                                                                

SQL> select lpad('Viraj',10,'*') from dual;

LPAD('VIRA                                                                                                                                                                          
----------                                                                                                                                                                          
*****Viraj                                                                                                                                                                          

SQL> select lpad('Viraj',10,*) from dual;
select lpad('Viraj',10,*) from dual
                       *
ERROR at line 1:
ORA-00936: missing expression 


SQL> select replace('Viraj','a','A') from dual;

REPLA                                                                                                                                                                               
-----                                                                                                                                                                               
VirAj                                                                                                                                                                               

SQL> select * from nls_Session_parameters;

PARAMETER                      VALUE                                                                                                                                                
------------------------------ ----------------------------------------                                                                                                             
NLS_LANGUAGE                   AMERICAN                                                                                                                                             
NLS_TERRITORY                  AMERICA                                                                                                                                              
NLS_CURRENCY                   $                                                                                                                                                    
NLS_ISO_CURRENCY               AMERICA                                                                                                                                              
NLS_NUMERIC_CHARACTERS         .,                                                                                                                                                   
NLS_CALENDAR                   GREGORIAN                                                                                                                                            
NLS_DATE_FORMAT                DD-MON-RR                                                                                                                                            
NLS_DATE_LANGUAGE              AMERICAN                                                                                                                                             
NLS_SORT                       BINARY                                                                                                                                               
NLS_TIME_FORMAT                HH.MI.SSXFF AM                                                                                                                                       
NLS_TIMESTAMP_FORMAT           DD-MON-RR HH.MI.SSXFF AM                                                                                                                             

PARAMETER                      VALUE                                                                                                                                                
------------------------------ ----------------------------------------                                                                                                             
NLS_TIME_TZ_FORMAT             HH.MI.SSXFF AM TZR                                                                                                                                   
NLS_TIMESTAMP_TZ_FORMAT        DD-MON-RR HH.MI.SSXFF AM TZR                                                                                                                         
NLS_DUAL_CURRENCY              $                                                                                                                                                    
NLS_COMP                       BINARY                                                                                                                                               
NLS_LENGTH_SEMANTICS           BYTE                                                                                                                                                 
NLS_NCHAR_CONV_EXCP            FALSE                                                                                                                                                

17 rows selected.

SQL> alter table session set nls_dual_currency = 'Rs.';
alter table session set nls_dual_currency = 'Rs.'
            *
ERROR at line 1:
ORA-00903: invalid table name 


SQL> alter table nls_dual_currency = 'Rs.';
alter table nls_dual_currency = 'Rs.'
                              *
ERROR at line 1:
ORA-01735: invalid ALTER TABLE option 


SQL> alter session set table nls_dual_currency = 'Rs.';
alter session set table nls_dual_currency = 'Rs.'
                  *
ERROR at line 1:
ORA-00922: missing or invalid option 


SQL> alter session set nls_dual_currency = 'Rs.';

Session altered.

SQL> select first_name,salary from employees where salary>10000;

FIRST_NAME               SALARY                                                                                                                                                     
-------------------- ----------                                                                                                                                                     
Michael                   13000                                                                                                                                                     
Shelley                   12008                                                                                                                                                     
Steven                    24000                                                                                                                                                     
Neena                     17000                                                                                                                                                     
Lex                       17000                                                                                                                                                     
Nancy                     12008                                                                                                                                                     
Den                       11000                                                                                                                                                     
John                      14000                                                                                                                                                     
Karen                     13500                                                                                                                                                     
Alberto                   12000                                                                                                                                                     
Gerald                    11000                                                                                                                                                     

FIRST_NAME               SALARY                                                                                                                                                     
-------------------- ----------                                                                                                                                                     
Eleni                     10500                                                                                                                                                     
Clara                     10500                                                                                                                                                     
Lisa                      11500                                                                                                                                                     
Ellen                     11000                                                                                                                                                     

15 rows selected.

SQL> select first_name,Usalary from employees where salary>10000;
select first_name,Usalary from employees where salary>10000
                  *
ERROR at line 1:
ORA-00904: "USALARY": invalid identifier 


SQL> select first_name,to_char(salary,'U99,999.99') from employees where salary>10000;

FIRST_NAME           TO_CHAR(SALARY,'U99,                                                                                                                                           
-------------------- --------------------                                                                                                                                           
Michael                      Rs.13,000.00                                                                                                                                           
Shelley                      Rs.12,008.00                                                                                                                                           
Steven                       Rs.24,000.00                                                                                                                                           
Neena                        Rs.17,000.00                                                                                                                                           
Lex                          Rs.17,000.00                                                                                                                                           
Nancy                        Rs.12,008.00                                                                                                                                           
Den                          Rs.11,000.00                                                                                                                                           
John                         Rs.14,000.00                                                                                                                                           
Karen                        Rs.13,500.00                                                                                                                                           
Alberto                      Rs.12,000.00                                                                                                                                           
Gerald                       Rs.11,000.00                                                                                                                                           

FIRST_NAME           TO_CHAR(SALARY,'U99,                                                                                                                                           
-------------------- --------------------                                                                                                                                           
Eleni                        Rs.10,500.00                                                                                                                                           
Clara                        Rs.10,500.00                                                                                                                                           
Lisa                         Rs.11,500.00                                                                                                                                           
Ellen                        Rs.11,000.00                                                                                                                                           

15 rows selected.

SQL> select first_name,to_char(salary,'U99g999d99') from employees where salary>10000;

FIRST_NAME           TO_CHAR(SALARY,'U99G                                                                                                                                           
-------------------- --------------------                                                                                                                                           
Michael                      Rs.13,000.00                                                                                                                                           
Shelley                      Rs.12,008.00                                                                                                                                           
Steven                       Rs.24,000.00                                                                                                                                           
Neena                        Rs.17,000.00                                                                                                                                           
Lex                          Rs.17,000.00                                                                                                                                           
Nancy                        Rs.12,008.00                                                                                                                                           
Den                          Rs.11,000.00                                                                                                                                           
John                         Rs.14,000.00                                                                                                                                           
Karen                        Rs.13,500.00                                                                                                                                           
Alberto                      Rs.12,000.00                                                                                                                                           
Gerald                       Rs.11,000.00                                                                                                                                           

FIRST_NAME           TO_CHAR(SALARY,'U99G                                                                                                                                           
-------------------- --------------------                                                                                                                                           
Eleni                        Rs.10,500.00                                                                                                                                           
Clara                        Rs.10,500.00                                                                                                                                           
Lisa                         Rs.11,500.00                                                                                                                                           
Ellen                        Rs.11,000.00                                                                                                                                           

15 rows selected.

SQL> select first_name,to_char(salary,'L99g999d99') from employees where salary>10000;

FIRST_NAME           TO_CHAR(SALARY,'L99G                                                                                                                                           
-------------------- --------------------                                                                                                                                           
Michael                        $13,000.00                                                                                                                                           
Shelley                        $12,008.00                                                                                                                                           
Steven                         $24,000.00                                                                                                                                           
Neena                          $17,000.00                                                                                                                                           
Lex                            $17,000.00                                                                                                                                           
Nancy                          $12,008.00                                                                                                                                           
Den                            $11,000.00                                                                                                                                           
John                           $14,000.00                                                                                                                                           
Karen                          $13,500.00                                                                                                                                           
Alberto                        $12,000.00                                                                                                                                           
Gerald                         $11,000.00                                                                                                                                           

FIRST_NAME           TO_CHAR(SALARY,'L99G                                                                                                                                           
-------------------- --------------------                                                                                                                                           
Eleni                          $10,500.00                                                                                                                                           
Clara                          $10,500.00                                                                                                                                           
Lisa                           $11,500.00                                                                                                                                           
Ellen                          $11,000.00                                                                                                                                           

15 rows selected.

SQL> select sysdate from dual'
  2  ;
ERROR:
ORA-01756: quoted string not properly terminated 


SQL> select sysdate from dual;

SYSDATE                                                                                                                                                                             
---------                                                                                                                                                                           
22-MAR-19                                                                                                                                                                           

SQL> select * from nls_Session_parameters;

PARAMETER                      VALUE                                                                                                                                                
------------------------------ ----------------------------------------                                                                                                             
NLS_LANGUAGE                   AMERICAN                                                                                                                                             
NLS_TERRITORY                  AMERICA                                                                                                                                              
NLS_CURRENCY                   $                                                                                                                                                    
NLS_ISO_CURRENCY               AMERICA                                                                                                                                              
NLS_NUMERIC_CHARACTERS         .,                                                                                                                                                   
NLS_CALENDAR                   GREGORIAN                                                                                                                                            
NLS_DATE_FORMAT                DD-MON-RR                                                                                                                                            
NLS_DATE_LANGUAGE              AMERICAN                                                                                                                                             
NLS_SORT                       BINARY                                                                                                                                               
NLS_TIME_FORMAT                HH.MI.SSXFF AM                                                                                                                                       
NLS_TIMESTAMP_FORMAT           DD-MON-RR HH.MI.SSXFF AM                                                                                                                             

PARAMETER                      VALUE                                                                                                                                                
------------------------------ ----------------------------------------                                                                                                             
NLS_TIME_TZ_FORMAT             HH.MI.SSXFF AM TZR                                                                                                                                   
NLS_TIMESTAMP_TZ_FORMAT        DD-MON-RR HH.MI.SSXFF AM TZR                                                                                                                         
NLS_DUAL_CURRENCY              Rs.                                                                                                                                                  
NLS_COMP                       BINARY                                                                                                                                               
NLS_LENGTH_SEMANTICS           BYTE                                                                                                                                                 
NLS_NCHAR_CONV_EXCP            FALSE                                                                                                                                                

17 rows selected.

SQL> alter session set nls_date_format = 'FMDD-MM-YYYY HH-MI-SS AM DAY' ;

Session altered.

SQL> select sysdate from dual;

SYSDATE                                                                                                                                                                             
--------------------------------                                                                                                                                                    
22-3-2019 8-21-29 PM FRIDAY                                                                                                                                                         

SQL> select sysdate+3 from dual;

SYSDATE+3                                                                                                                                                                           
--------------------------------                                                                                                                                                    
26-3-2019 3-40-27 PM TUESDAY                                                                                                                                                        

SQL> select sysdate+3/34 from dual;

SYSDATE+3/34                                                                                                                                                                        
--------------------------------                                                                                                                                                    
23-3-2019 5-49-37 PM SATURDAY                                                                                                                                                       

SQL> select sysdate+3/24 from dual;

SYSDATE+3/24                                                                                                                                                                        
--------------------------------                                                                                                                                                    
23-3-2019 6-42-39 PM SATURDAY                                                                                                                                                       

SQL> select sysdate,sysdate + 3/24 from dual;

SYSDATE                          SYSDATE+3/24                                                                                                                                       
-------------------------------- --------------------------------                                                                                                                   
23-3-2019 3-42-57 PM SATURDAY    23-3-2019 6-42-57 PM SATURDAY                                                                                                                      

SQL> select * from nls_Session_paramters;
select * from nls_Session_paramters
              *
ERROR at line 1:
ORA-00942: table or view does not exist 


SQL> select * from nls_Session_parameters;

PARAMETER                      VALUE                                                                                                                                                
------------------------------ ----------------------------------------                                                                                                             
NLS_LANGUAGE                   AMERICAN                                                                                                                                             
NLS_TERRITORY                  AMERICA                                                                                                                                              
NLS_CURRENCY                   $                                                                                                                                                    
NLS_ISO_CURRENCY               AMERICA                                                                                                                                              
NLS_NUMERIC_CHARACTERS         .,                                                                                                                                                   
NLS_CALENDAR                   GREGORIAN                                                                                                                                            
NLS_DATE_FORMAT                FMDD-MM-YYYY HH-MI-SS AM DAY                                                                                                                         
NLS_DATE_LANGUAGE              AMERICAN                                                                                                                                             
NLS_SORT                       BINARY                                                                                                                                               
NLS_TIME_FORMAT                HH.MI.SSXFF AM                                                                                                                                       
NLS_TIMESTAMP_FORMAT           DD-MON-RR HH.MI.SSXFF AM                                                                                                                             

PARAMETER                      VALUE                                                                                                                                                
------------------------------ ----------------------------------------                                                                                                             
NLS_TIME_TZ_FORMAT             HH.MI.SSXFF AM TZR                                                                                                                                   
NLS_TIMESTAMP_TZ_FORMAT        DD-MON-RR HH.MI.SSXFF AM TZR                                                                                                                         
NLS_DUAL_CURRENCY              Rs.                                                                                                                                                  
NLS_COMP                       BINARY                                                                                                                                               
NLS_LENGTH_SEMANTICS           BYTE                                                                                                                                                 
NLS_NCHAR_CONV_EXCP            FALSE                                                                                                                                                

17 rows selected.

SQL> alter session set nls_date_format = 'FMDD-MON-YYYY HH:MI:SS AM DY';

Session altered.

SQL> select sysdate,sysdate + 3/24 from dual;

SYSDATE                     SYSDATE+3/24                                                                                                                                            
--------------------------- ---------------------------                                                                                                                             
23-MAR-2019 3:45:54 PM SAT  23-MAR-2019 6:45:54 PM SAT                                                                                                                              

SQL> 
SQL> select sysdate,sysdate + (3/24) from dual;

SYSDATE                     SYSDATE+(3/24)                                                                                                                                          
--------------------------- ---------------------------                                                                                                                             
23-MAR-2019 3:46:8 PM SAT   23-MAR-2019 6:46:8 PM SAT                                                                                                                               

SQL> select sysdate,sysdate + (3/(24*60)) from dual;

SYSDATE                     SYSDATE+(3/(24*60))                                                                                                                                     
--------------------------- ---------------------------                                                                                                                             
23-MAR-2019 3:46:21 PM SAT  23-MAR-2019 3:49:21 PM SAT                                                                                                                              

SQL> select sysdate,sysdate + (3/(24*60*60)) from dual;

SYSDATE                     SYSDATE+(3/(24*60*60))                                                                                                                                  
--------------------------- ---------------------------                                                                                                                             
23-MAR-2019 3:46:31 PM SAT  23-MAR-2019 3:46:34 PM SAT                                                                                                                              

SQL> select salary,to_char(salary,'L99g999d99') from employees where salary>10000;

    SALARY TO_CHAR(SALARY,'L99G                                                                                                                                                     
---------- --------------------                                                                                                                                                     
     13000           $13,000.00                                                                                                                                                     
     12008           $12,008.00                                                                                                                                                     
     24000           $24,000.00                                                                                                                                                     
     17000           $17,000.00                                                                                                                                                     
     17000           $17,000.00                                                                                                                                                     
     12008           $12,008.00                                                                                                                                                     
     11000           $11,000.00                                                                                                                                                     
     14000           $14,000.00                                                                                                                                                     
     13500           $13,500.00                                                                                                                                                     
     12000           $12,000.00                                                                                                                                                     
     11000           $11,000.00                                                                                                                                                     

    SALARY TO_CHAR(SALARY,'L99G                                                                                                                                                     
---------- --------------------                                                                                                                                                     
     10500           $10,500.00                                                                                                                                                     
     10500           $10,500.00                                                                                                                                                     
     11500           $11,500.00                                                                                                                                                     
     11000           $11,000.00                                                                                                                                                     

15 rows selected.

SQL> select salary,to_char(salary,'U99,999.99') from employees where salary>10000;

    SALARY TO_CHAR(SALARY,'U99,                                                                                                                                                     
---------- --------------------                                                                                                                                                     
     13000         Rs.13,000.00                                                                                                                                                     
     12008         Rs.12,008.00                                                                                                                                                     
     24000         Rs.24,000.00                                                                                                                                                     
     17000         Rs.17,000.00                                                                                                                                                     
     17000         Rs.17,000.00                                                                                                                                                     
     12008         Rs.12,008.00                                                                                                                                                     
     11000         Rs.11,000.00                                                                                                                                                     
     14000         Rs.14,000.00                                                                                                                                                     
     13500         Rs.13,500.00                                                                                                                                                     
     12000         Rs.12,000.00                                                                                                                                                     
     11000         Rs.11,000.00                                                                                                                                                     

    SALARY TO_CHAR(SALARY,'U99,                                                                                                                                                     
---------- --------------------                                                                                                                                                     
     10500         Rs.10,500.00                                                                                                                                                     
     10500         Rs.10,500.00                                                                                                                                                     
     11500         Rs.11,500.00                                                                                                                                                     
     11000         Rs.11,000.00                                                                                                                                                     

15 rows selected.

SQL> select * from nls_Session_parameters;

PARAMETER                      VALUE                                                                                                                                                
------------------------------ ----------------------------------------                                                                                                             
NLS_LANGUAGE                   AMERICAN                                                                                                                                             
NLS_TERRITORY                  AMERICA                                                                                                                                              
NLS_CURRENCY                   $                                                                                                                                                    
NLS_ISO_CURRENCY               AMERICA                                                                                                                                              
NLS_NUMERIC_CHARACTERS         .,                                                                                                                                                   
NLS_CALENDAR                   GREGORIAN                                                                                                                                            
NLS_DATE_FORMAT                FMDD-MON-YYYY HH:MI:SS AM DY                                                                                                                         
NLS_DATE_LANGUAGE              AMERICAN                                                                                                                                             
NLS_SORT                       BINARY                                                                                                                                               
NLS_TIME_FORMAT                HH.MI.SSXFF AM                                                                                                                                       
NLS_TIMESTAMP_FORMAT           DD-MON-RR HH.MI.SSXFF AM                                                                                                                             

PARAMETER                      VALUE                                                                                                                                                
------------------------------ ----------------------------------------                                                                                                             
NLS_TIME_TZ_FORMAT             HH.MI.SSXFF AM TZR                                                                                                                                   
NLS_TIMESTAMP_TZ_FORMAT        DD-MON-RR HH.MI.SSXFF AM TZR                                                                                                                         
NLS_DUAL_CURRENCY              Rs.                                                                                                                                                  
NLS_COMP                       BINARY                                                                                                                                               
NLS_LENGTH_SEMANTICS           BYTE                                                                                                                                                 
NLS_NCHAR_CONV_EXCP            FALSE                                                                                                                                                

17 rows selected.

SQL> select sysdate,to_char(sysdate,'FXDD-MM-YYYY') from dual;

SYSDATE                     TO_CHAR(SY                                                                                                                                              
--------------------------- ----------                                                                                                                                              
23-MAR-2019 3:49:17 PM SAT  23-03-2019                                                                                                                                              

SQL> select sysdate,add_months(sysdate,1) from dual;

SYSDATE                     ADD_MONTHS(SYSDATE,1)                                                                                                                                   
--------------------------- ---------------------------                                                                                                                             
23-MAR-2019 3:57:16 PM SAT  23-APR-2019 3:57:16 PM TUE                                                                                                                              

SQL> select sysdate,add_months(sysdate,12) from dual;

SYSDATE                     ADD_MONTHS(SYSDATE,12)                                                                                                                                  
--------------------------- ---------------------------                                                                                                                             
23-MAR-2019 3:57:25 PM SAT  23-MAR-2020 3:57:25 PM MON                                                                                                                              

SQL> select sysdate,add_months(sysdate,-2) from dual;

SYSDATE                     ADD_MONTHS(SYSDATE,-2)                                                                                                                                  
--------------------------- ---------------------------                                                                                                                             
23-MAR-2019 3:57:31 PM SAT  23-JAN-2019 3:57:31 PM WED                                                                                                                              

SQL> select sysdate,last_day(sysdate) from dual;

SYSDATE                     LAST_DAY(SYSDATE)                                                                                                                                       
--------------------------- ---------------------------                                                                                                                             
23-MAR-2019 3:57:53 PM SAT  31-MAR-2019 3:57:53 PM SUN                                                                                                                              

SQL> select sysdate,next_day(sysdate from dual;)
  2  ;
select sysdate,next_day(sysdate from dual;)
               *
ERROR at line 1:
ORA-00909: invalid number of arguments 


SQL> select sysdate,next_day(sysdate) from dual;
select sysdate,next_day(sysdate) from dual
               *
ERROR at line 1:
ORA-00909: invalid number of arguments 


SQL> select sysdate,next_day(sysdate,SAT) from dual;
select sysdate,next_day(sysdate,SAT) from dual
                                *
ERROR at line 1:
ORA-00904: "SAT": invalid identifier 


SQL> select sysdate,next_day(sysdate,'SAT') from dual;

SYSDATE                     NEXT_DAY(SYSDATE,'SAT')                                                                                                                                 
--------------------------- ---------------------------                                                                                                                             
23-MAR-2019 4:9:45 PM SAT   30-MAR-2019 4:9:45 PM SAT                                                                                                                               

SQL> select sysdate,next_day(sysdate,'TUESDAY') from dual;

SYSDATE                     NEXT_DAY(SYSDATE,'TUESDAY')                                                                                                                             
--------------------------- ---------------------------                                                                                                                             
23-MAR-2019 4:9:54 PM SAT   26-MAR-2019 4:9:54 PM TUE                                                                                                                               

SQL> select sysdate,next_day(sysdate+7,'TUESDAY') from dual;

SYSDATE                     NEXT_DAY(SYSDATE+7,'TUESDAY                                                                                                                             
--------------------------- ---------------------------                                                                                                                             
23-MAR-2019 4:10:5 PM SAT   2-APR-2019 4:10:5 PM TUE                                                                                                                                

SQL> alter session set nls_date_format = 'DD-MM-YYYY';

Session altered.

SQL> select months_between(sysdate,'24-11-1999') from dual;

MONTHS_BETWEEN(SYSDATE,'24-11-1999')                                                                                                                                                
------------------------------------                                                                                                                                                
                            231.9895                                                                                                                                                

SQL> select round(months_between(sysdate,'24-11-1999')/12) from dual;

ROUND(MONTHS_BETWEEN(SYSDATE,'24-11-1999')/12)                                                                                                                                      
----------------------------------------------                                                                                                                                      
                                            19                                                                                                                                      

SQL> select to_num('25,456.65',''99,999.99) from dual;
select to_num('25,456.65',''99,999.99) from dual
                            *
ERROR at line 1:
ORA-00907: missing right parenthesis 


SQL> select to_num('25,456.65','99,999.99') from dual;
select to_num('25,456.65','99,999.99') from dual
       *
ERROR at line 1:
ORA-00904: "TO_NUM": invalid identifier 


SQL> select to_number('25,456.65','99,999.99') from dual;

TO_NUMBER('25,456.65','99,999.99')                                                                                                                                                  
----------------------------------                                                                                                                                                  
                          25456.65                                                                                                                                                  

SQL> select to_date('24-11-1999','DD-MM-YYYY')
  2  ;

*
ERROR at line 2:
ORA-00923: FROM keyword not found where expected 


SQL> select to_date('24-11-1999','DD-MM-YYYY') from dual;

TO_DATE('2                                                                                                                                                                          
----------                                                                                                                                                                          
24-11-1999                                                                                                                                                                          

SQL> select to_date('1999, NOV 24','DD-MM-YYYY') from dual;
select to_date('1999, NOV 24','DD-MM-YYYY') from dual
               *
ERROR at line 1:
ORA-01861: literal does not match format string 


SQL> select to_date('1999, NOV 24','YYYY, MON DD') from dual;

TO_DATE('1                                                                                                                                                                          
----------                                                                                                                                                                          
24-11-1999                                                                                                                                                                          

SQL> select commission_pct from employees;

COMMISSION_PCT                                                                                                                                                                      
--------------                                                                                                                                                                      
                                                                                                                                                                                    
                                                                                                                                                                                    
                                                                                                                                                                                    
                                                                                                                                                                                    
                                                                                                                                                                                    
                                                                                                                                                                                    
                                                                                                                                                                                    
                                                                                                                                                                                    
                                                                                                                                                                                    
                                                                                                                                                                                    
                                                                                                                                                                                    

COMMISSION_PCT                                                                                                                                                                      
--------------                                                                                                                                                                      
                                                                                                                                                                                    
                                                                                                                                                                                    
                                                                                                                                                                                    
                                                                                                                                                                                    
                                                                                                                                                                                    
                                                                                                                                                                                    
                                                                                                                                                                                    
                                                                                                                                                                                    
                                                                                                                                                                                    
                                                                                                                                                                                    
                                                                                                                                                                                    

COMMISSION_PCT                                                                                                                                                                      
--------------                                                                                                                                                                      
                                                                                                                                                                                    
                                                                                                                                                                                    
                                                                                                                                                                                    
                                                                                                                                                                                    
                                                                                                                                                                                    
                                                                                                                                                                                    
                                                                                                                                                                                    
                                                                                                                                                                                    
                                                                                                                                                                                    
                                                                                                                                                                                    
                                                                                                                                                                                    

COMMISSION_PCT                                                                                                                                                                      
--------------                                                                                                                                                                      
                                                                                                                                                                                    
                                                                                                                                                                                    
                                                                                                                                                                                    
                                                                                                                                                                                    
                                                                                                                                                                                    
                                                                                                                                                                                    
                                                                                                                                                                                    
                                                                                                                                                                                    
                                                                                                                                                                                    
                                                                                                                                                                                    
                                                                                                                                                                                    

COMMISSION_PCT                                                                                                                                                                      
--------------                                                                                                                                                                      
                                                                                                                                                                                    
                                                                                                                                                                                    
                                                                                                                                                                                    
                                                                                                                                                                                    
                                                                                                                                                                                    
                                                                                                                                                                                    
                                                                                                                                                                                    
                                                                                                                                                                                    
                                                                                                                                                                                    
                                                                                                                                                                                    
            .4                                                                                                                                                                      

COMMISSION_PCT                                                                                                                                                                      
--------------                                                                                                                                                                      
            .3                                                                                                                                                                      
            .3                                                                                                                                                                      
            .3                                                                                                                                                                      
            .2                                                                                                                                                                      
            .3                                                                                                                                                                      
           .25                                                                                                                                                                      
           .25                                                                                                                                                                      
            .2                                                                                                                                                                      
            .2                                                                                                                                                                      
           .15                                                                                                                                                                      
           .35                                                                                                                                                                      

COMMISSION_PCT                                                                                                                                                                      
--------------                                                                                                                                                                      
           .35                                                                                                                                                                      
           .35                                                                                                                                                                      
            .3                                                                                                                                                                      
            .3                                                                                                                                                                      
           .25                                                                                                                                                                      
           .25                                                                                                                                                                      
           .15                                                                                                                                                                      
            .1                                                                                                                                                                      
            .1                                                                                                                                                                      
            .1                                                                                                                                                                      
            .1                                                                                                                                                                      

COMMISSION_PCT                                                                                                                                                                      
--------------                                                                                                                                                                      
           .25                                                                                                                                                                      
            .2                                                                                                                                                                      
            .2                                                                                                                                                                      
           .15                                                                                                                                                                      
           .15                                                                                                                                                                      
            .1                                                                                                                                                                      
            .3                                                                                                                                                                      
           .25                                                                                                                                                                      
            .2                                                                                                                                                                      
            .2                                                                                                                                                                      
           .15                                                                                                                                                                      

COMMISSION_PCT                                                                                                                                                                      
--------------                                                                                                                                                                      
            .1                                                                                                                                                                      
                                                                                                                                                                                    
                                                                                                                                                                                    
                                                                                                                                                                                    
                                                                                                                                                                                    
                                                                                                                                                                                    
                                                                                                                                                                                    
                                                                                                                                                                                    
                                                                                                                                                                                    
                                                                                                                                                                                    
                                                                                                                                                                                    

COMMISSION_PCT                                                                                                                                                                      
--------------                                                                                                                                                                      
                                                                                                                                                                                    
                                                                                                                                                                                    
                                                                                                                                                                                    
                                                                                                                                                                                    
                                                                                                                                                                                    
                                                                                                                                                                                    
                                                                                                                                                                                    
                                                                                                                                                                                    

107 rows selected.

SQL> select first_name,nvl(commission_pct,0) from employees;

FIRST_NAME           NVL(COMMISSION_PCT,0)                                                                                                                                          
-------------------- ---------------------                                                                                                                                          
Donald                                   0                                                                                                                                          
Douglas                                  0                                                                                                                                          
Jennifer                                 0                                                                                                                                          
Michael                                  0                                                                                                                                          
Pat                                      0                                                                                                                                          
Susan                                    0                                                                                                                                          
Hermann                                  0                                                                                                                                          
Shelley                                  0                                                                                                                                          
William                                  0                                                                                                                                          
Steven                                   0                                                                                                                                          
Neena                                    0                                                                                                                                          

FIRST_NAME           NVL(COMMISSION_PCT,0)                                                                                                                                          
-------------------- ---------------------                                                                                                                                          
Lex                                      0                                                                                                                                          
Alexander                                0                                                                                                                                          
Bruce                                    0                                                                                                                                          
David                                    0                                                                                                                                          
Valli                                    0                                                                                                                                          
Diana                                    0                                                                                                                                          
Nancy                                    0                                                                                                                                          
Daniel                                   0                                                                                                                                          
John                                     0                                                                                                                                          
Ismael                                   0                                                                                                                                          
Jose Manuel                              0                                                                                                                                          

FIRST_NAME           NVL(COMMISSION_PCT,0)                                                                                                                                          
-------------------- ---------------------                                                                                                                                          
Luis                                     0                                                                                                                                          
Den                                      0                                                                                                                                          
Alexander                                0                                                                                                                                          
Shelli                                   0                                                                                                                                          
Sigal                                    0                                                                                                                                          
Guy                                      0                                                                                                                                          
Karen                                    0                                                                                                                                          
Matthew                                  0                                                                                                                                          
Adam                                     0                                                                                                                                          
Payam                                    0                                                                                                                                          
Shanta                                   0                                                                                                                                          

FIRST_NAME           NVL(COMMISSION_PCT,0)                                                                                                                                          
-------------------- ---------------------                                                                                                                                          
Kevin                                    0                                                                                                                                          
Julia                                    0                                                                                                                                          
Irene                                    0                                                                                                                                          
James                                    0                                                                                                                                          
Steven                                   0                                                                                                                                          
Laura                                    0                                                                                                                                          
Mozhe                                    0                                                                                                                                          
James                                    0                                                                                                                                          
TJ                                       0                                                                                                                                          
Jason                                    0                                                                                                                                          
Michael                                  0                                                                                                                                          

FIRST_NAME           NVL(COMMISSION_PCT,0)                                                                                                                                          
-------------------- ---------------------                                                                                                                                          
Ki                                       0                                                                                                                                          
Hazel                                    0                                                                                                                                          
Renske                                   0                                                                                                                                          
Stephen                                  0                                                                                                                                          
John                                     0                                                                                                                                          
Joshua                                   0                                                                                                                                          
Trenna                                   0                                                                                                                                          
Curtis                                   0                                                                                                                                          
Randall                                  0                                                                                                                                          
Peter                                    0                                                                                                                                          
John                                    .4                                                                                                                                          

FIRST_NAME           NVL(COMMISSION_PCT,0)                                                                                                                                          
-------------------- ---------------------                                                                                                                                          
Karen                                   .3                                                                                                                                          
Alberto                                 .3                                                                                                                                          
Gerald                                  .3                                                                                                                                          
Eleni                                   .2                                                                                                                                          
Peter                                   .3                                                                                                                                          
David                                  .25                                                                                                                                          
Peter                                  .25                                                                                                                                          
Christopher                             .2                                                                                                                                          
Nanette                                 .2                                                                                                                                          
Oliver                                 .15                                                                                                                                          
Janette                                .35                                                                                                                                          

FIRST_NAME           NVL(COMMISSION_PCT,0)                                                                                                                                          
-------------------- ---------------------                                                                                                                                          
Patrick                                .35                                                                                                                                          
Allan                                  .35                                                                                                                                          
Lindsey                                 .3                                                                                                                                          
Louise                                  .3                                                                                                                                          
Sarath                                 .25                                                                                                                                          
Clara                                  .25                                                                                                                                          
Danielle                               .15                                                                                                                                          
Mattea                                  .1                                                                                                                                          
David                                   .1                                                                                                                                          
Sundar                                  .1                                                                                                                                          
Amit                                    .1                                                                                                                                          

FIRST_NAME           NVL(COMMISSION_PCT,0)                                                                                                                                          
-------------------- ---------------------                                                                                                                                          
Lisa                                   .25                                                                                                                                          
Harrison                                .2                                                                                                                                          
Tayler                                  .2                                                                                                                                          
William                                .15                                                                                                                                          
Elizabeth                              .15                                                                                                                                          
Sundita                                 .1                                                                                                                                          
Ellen                                   .3                                                                                                                                          
Alyssa                                 .25                                                                                                                                          
Jonathon                                .2                                                                                                                                          
Jack                                    .2                                                                                                                                          
Kimberely                              .15                                                                                                                                          

FIRST_NAME           NVL(COMMISSION_PCT,0)                                                                                                                                          
-------------------- ---------------------                                                                                                                                          
Charles                                 .1                                                                                                                                          
Winston                                  0                                                                                                                                          
Jean                                     0                                                                                                                                          
Martha                                   0                                                                                                                                          
Girard                                   0                                                                                                                                          
Nandita                                  0                                                                                                                                          
Alexis                                   0                                                                                                                                          
Julia                                    0                                                                                                                                          
Anthony                                  0                                                                                                                                          
Kelly                                    0                                                                                                                                          
Jennifer                                 0                                                                                                                                          

FIRST_NAME           NVL(COMMISSION_PCT,0)                                                                                                                                          
-------------------- ---------------------                                                                                                                                          
Timothy                                  0                                                                                                                                          
Randall                                  0                                                                                                                                          
Sarah                                    0                                                                                                                                          
Britney                                  0                                                                                                                                          
Samuel                                   0                                                                                                                                          
Vance                                    0                                                                                                                                          
Alana                                    0                                                                                                                                          
Kevin                                    0                                                                                                                                          

107 rows selected.

SQL> select first_name,nvl2(commission_pct,1,0) from employees;

FIRST_NAME           NVL2(COMMISSION_PCT,1,0)                                                                                                                                       
-------------------- ------------------------                                                                                                                                       
Donald                                      0                                                                                                                                       
Douglas                                     0                                                                                                                                       
Jennifer                                    0                                                                                                                                       
Michael                                     0                                                                                                                                       
Pat                                         0                                                                                                                                       
Susan                                       0                                                                                                                                       
Hermann                                     0                                                                                                                                       
Shelley                                     0                                                                                                                                       
William                                     0                                                                                                                                       
Steven                                      0                                                                                                                                       
Neena                                       0                                                                                                                                       

FIRST_NAME           NVL2(COMMISSION_PCT,1,0)                                                                                                                                       
-------------------- ------------------------                                                                                                                                       
Lex                                         0                                                                                                                                       
Alexander                                   0                                                                                                                                       
Bruce                                       0                                                                                                                                       
David                                       0                                                                                                                                       
Valli                                       0                                                                                                                                       
Diana                                       0                                                                                                                                       
Nancy                                       0                                                                                                                                       
Daniel                                      0                                                                                                                                       
John                                        0                                                                                                                                       
Ismael                                      0                                                                                                                                       
Jose Manuel                                 0                                                                                                                                       

FIRST_NAME           NVL2(COMMISSION_PCT,1,0)                                                                                                                                       
-------------------- ------------------------                                                                                                                                       
Luis                                        0                                                                                                                                       
Den                                         0                                                                                                                                       
Alexander                                   0                                                                                                                                       
Shelli                                      0                                                                                                                                       
Sigal                                       0                                                                                                                                       
Guy                                         0                                                                                                                                       
Karen                                       0                                                                                                                                       
Matthew                                     0                                                                                                                                       
Adam                                        0                                                                                                                                       
Payam                                       0                                                                                                                                       
Shanta                                      0                                                                                                                                       

FIRST_NAME           NVL2(COMMISSION_PCT,1,0)                                                                                                                                       
-------------------- ------------------------                                                                                                                                       
Kevin                                       0                                                                                                                                       
Julia                                       0                                                                                                                                       
Irene                                       0                                                                                                                                       
James                                       0                                                                                                                                       
Steven                                      0                                                                                                                                       
Laura                                       0                                                                                                                                       
Mozhe                                       0                                                                                                                                       
James                                       0                                                                                                                                       
TJ                                          0                                                                                                                                       
Jason                                       0                                                                                                                                       
Michael                                     0                                                                                                                                       

FIRST_NAME           NVL2(COMMISSION_PCT,1,0)                                                                                                                                       
-------------------- ------------------------                                                                                                                                       
Ki                                          0                                                                                                                                       
Hazel                                       0                                                                                                                                       
Renske                                      0                                                                                                                                       
Stephen                                     0                                                                                                                                       
John                                        0                                                                                                                                       
Joshua                                      0                                                                                                                                       
Trenna                                      0                                                                                                                                       
Curtis                                      0                                                                                                                                       
Randall                                     0                                                                                                                                       
Peter                                       0                                                                                                                                       
John                                        1                                                                                                                                       

FIRST_NAME           NVL2(COMMISSION_PCT,1,0)                                                                                                                                       
-------------------- ------------------------                                                                                                                                       
Karen                                       1                                                                                                                                       
Alberto                                     1                                                                                                                                       
Gerald                                      1                                                                                                                                       
Eleni                                       1                                                                                                                                       
Peter                                       1                                                                                                                                       
David                                       1                                                                                                                                       
Peter                                       1                                                                                                                                       
Christopher                                 1                                                                                                                                       
Nanette                                     1                                                                                                                                       
Oliver                                      1                                                                                                                                       
Janette                                     1                                                                                                                                       

FIRST_NAME           NVL2(COMMISSION_PCT,1,0)                                                                                                                                       
-------------------- ------------------------                                                                                                                                       
Patrick                                     1                                                                                                                                       
Allan                                       1                                                                                                                                       
Lindsey                                     1                                                                                                                                       
Louise                                      1                                                                                                                                       
Sarath                                      1                                                                                                                                       
Clara                                       1                                                                                                                                       
Danielle                                    1                                                                                                                                       
Mattea                                      1                                                                                                                                       
David                                       1                                                                                                                                       
Sundar                                      1                                                                                                                                       
Amit                                        1                                                                                                                                       

FIRST_NAME           NVL2(COMMISSION_PCT,1,0)                                                                                                                                       
-------------------- ------------------------                                                                                                                                       
Lisa                                        1                                                                                                                                       
Harrison                                    1                                                                                                                                       
Tayler                                      1                                                                                                                                       
William                                     1                                                                                                                                       
Elizabeth                                   1                                                                                                                                       
Sundita                                     1                                                                                                                                       
Ellen                                       1                                                                                                                                       
Alyssa                                      1                                                                                                                                       
Jonathon                                    1                                                                                                                                       
Jack                                        1                                                                                                                                       
Kimberely                                   1                                                                                                                                       

FIRST_NAME           NVL2(COMMISSION_PCT,1,0)                                                                                                                                       
-------------------- ------------------------                                                                                                                                       
Charles                                     1                                                                                                                                       
Winston                                     0                                                                                                                                       
Jean                                        0                                                                                                                                       
Martha                                      0                                                                                                                                       
Girard                                      0                                                                                                                                       
Nandita                                     0                                                                                                                                       
Alexis                                      0                                                                                                                                       
Julia                                       0                                                                                                                                       
Anthony                                     0                                                                                                                                       
Kelly                                       0                                                                                                                                       
Jennifer                                    0                                                                                                                                       

FIRST_NAME           NVL2(COMMISSION_PCT,1,0)                                                                                                                                       
-------------------- ------------------------                                                                                                                                       
Timothy                                     0                                                                                                                                       
Randall                                     0                                                                                                                                       
Sarah                                       0                                                                                                                                       
Britney                                     0                                                                                                                                       
Samuel                                      0                                                                                                                                       
Vance                                       0                                                                                                                                       
Alana                                       0                                                                                                                                       
Kevin                                       0                                                                                                                                       

107 rows selected.

SQL> select to_char(sysdate,'DDth MONTH YYYY') from dual;

TO_CHAR(SYSDATE,'DD                                                                                                                                                                 
-------------------                                                                                                                                                                 
23RD MARCH     2019                                                                                                                                                                 

SQL> select to_char(sysdate,'FMDDth MONTH YYYY') from dual;

TO_CHAR(SYSDATE,'FM                                                                                                                                                                 
-------------------                                                                                                                                                                 
23RD MARCH 2019                                                                                                                                                                     

SQL> select to_char(sysdate,'FMDDth MONTH YYYYsp') from dual;

TO_CHAR(SYSDATE,'FMDDTHMONTHYYYYSP')                                                                                                                                                
---------------------------------------------------------                                                                                                                           
23RD MARCH TWO THOUSAND NINETEEN                                                                                                                                                    

SQL> select to_char(sysdate,'FMDDthsp MONTH YYYYsp') from dual;

TO_CHAR(SYSDATE,'FMDDTHSPMONTHYYYYSP')                                                                                                                                              
-------------------------------------------------------------------                                                                                                                 
TWENTY-THIRD MARCH TWO THOUSAND NINETEEN                                                                                                                                            

SQL> select to_char(sysdate,'FMDDthsp MONTH YEAR') from dual;

TO_CHAR(SYSDATE,'FMDDTHSPMONTHYEAR')                                                                                                                                                
-------------------------------------------------------------------                                                                                                                 
TWENTY-THIRD MARCH TWENTY NINETEEN                                                                                                                                                  

SQL> select to_char(sysdate,'FMDDthsp RM YEAR') from dual;

TO_CHAR(SYSDATE,'FMDDTHSPRMYEAR')                                                                                                                                                   
--------------------------------------------------------------                                                                                                                      
TWENTY-THIRD III TWENTY NINETEEN                                                                                                                                                    

SQL> spool off
