SQL> select * from tab;

TNAME                          TABTYPE  CLUSTERID                               
------------------------------ ------- ----------                               
C                              SYNONYM                                          
COUNTRIES                      TABLE                                            
COUNT_DEPART                   VIEW                                             
D                              SYNONYM                                          
DEPARTMENTS                    TABLE                                            
EMPLOYEES                      TABLE                                            
EMPLOYEE_DETAILS               TABLE                                            
EMP_DETAILS_VIEW               VIEW                                             
EMP_SAL                        VIEW                                             
J                              SYNONYM                                          
JH                             SYNONYM                                          

TNAME                          TABTYPE  CLUSTERID                               
------------------------------ ------- ----------                               
JOBS                           TABLE                                            
JOB_HISTORY                    TABLE                                            
L                              SYNONYM                                          
LOCATIONS                      TABLE                                            
R                              SYNONYM                                          
REGIONS                        TABLE                                            
ROYAL_NEW                      TABLE                                            
T                              TABLE                                            
V                              SYNONYM                                          
VEMP                           VIEW                                             
VIRAJ                          TABLE                                            

22 rows selected.

SQL> desc employees
 Name                                      Null?    Type
 ----------------------------------------- -------- ----------------------------
 EMPLOYEE_ID                               NOT NULL NUMBER(6)
 FIRST_NAME                                         VARCHAR2(20)
 LAST_NAME                                 NOT NULL VARCHAR2(25)
 EMAIL                                     NOT NULL VARCHAR2(25)
 PHONE_NUMBER                                       VARCHAR2(20)
 HIRE_DATE                                 NOT NULL DATE
 JOB_ID                                    NOT NULL VARCHAR2(10)
 SALARY                                             NUMBER(8,2)
 COMMISSION_PCT                                     NUMBER(2,2)
 MANAGER_ID                                         NUMBER(6)
 DEPARTMENT_ID                                      NUMBER(4)

SQL> select * from employees
  2  ;

EMPLOYEE_ID FIRST_NAME           LAST_NAME                                      
----------- -------------------- -------------------------                      
EMAIL                     PHONE_NUMBER         HIRE_DATE JOB_ID         SALARY  
------------------------- -------------------- --------- ---------- ----------  
COMMISSION_PCT MANAGER_ID DEPARTMENT_ID                                         
-------------- ---------- -------------                                         
        198 Donald               OConnell                                       
DOCONNEL                  650.507.9833         21-JUN-07 SH_CLERK         2600  
                      124            50                                         
                                                                                
        199 Douglas              Grant                                          
DGRANT                    650.507.9844         13-JAN-08 SH_CLERK         2600  
                      124            50                                         

EMPLOYEE_ID FIRST_NAME           LAST_NAME                                      
----------- -------------------- -------------------------                      
EMAIL                     PHONE_NUMBER         HIRE_DATE JOB_ID         SALARY  
------------------------- -------------------- --------- ---------- ----------  
COMMISSION_PCT MANAGER_ID DEPARTMENT_ID                                         
-------------- ---------- -------------                                         
                                                                                
        200 Jennifer             Whalen                                         
JWHALEN                   515.123.4444         17-SEP-03 AD_ASST          4400  
                      101            10                                         
                                                                                
        201 Michael              Hartstein                                      
MHARTSTE                  515.123.5555         17-FEB-04 MK_MAN          13000  

EMPLOYEE_ID FIRST_NAME           LAST_NAME                                      
----------- -------------------- -------------------------                      
EMAIL                     PHONE_NUMBER         HIRE_DATE JOB_ID         SALARY  
------------------------- -------------------- --------- ---------- ----------  
COMMISSION_PCT MANAGER_ID DEPARTMENT_ID                                         
-------------- ---------- -------------                                         
                      100            20                                         
                                                                                
        202 Pat                  Fay                                            
PFAY                      603.123.6666         17-AUG-05 MK_REP           6000  
                      201            20                                         
                                                                                
        203 Susan                Mavris                                         

EMPLOYEE_ID FIRST_NAME           LAST_NAME                                      
----------- -------------------- -------------------------                      
EMAIL                     PHONE_NUMBER         HIRE_DATE JOB_ID         SALARY  
------------------------- -------------------- --------- ---------- ----------  
COMMISSION_PCT MANAGER_ID DEPARTMENT_ID                                         
-------------- ---------- -------------                                         
SMAVRIS                   515.123.7777         07-JUN-02 HR_REP           6500  
                      101            40                                         
                                                                                
        204 Hermann              Baer                                           
HBAER                     515.123.8888         07-JUN-02 PR_REP          10000  
                      101            70                                         
                                                                                

EMPLOYEE_ID FIRST_NAME           LAST_NAME                                      
----------- -------------------- -------------------------                      
EMAIL                     PHONE_NUMBER         HIRE_DATE JOB_ID         SALARY  
------------------------- -------------------- --------- ---------- ----------  
COMMISSION_PCT MANAGER_ID DEPARTMENT_ID                                         
-------------- ---------- -------------                                         
        205 Shelley              Higgins                                        
SHIGGINS                  515.123.8080         07-JUN-02 AC_MGR          12008  
                      101           110                                         
                                                                                
        206 William              Gietz                                          
WGIETZ                    515.123.8181         07-JUN-02 AC_ACCOUNT       8300  
                      205           110                                         

EMPLOYEE_ID FIRST_NAME           LAST_NAME                                      
----------- -------------------- -------------------------                      
EMAIL                     PHONE_NUMBER         HIRE_DATE JOB_ID         SALARY  
------------------------- -------------------- --------- ---------- ----------  
COMMISSION_PCT MANAGER_ID DEPARTMENT_ID                                         
-------------- ---------- -------------                                         
                                                                                
        100 Steven               King                                           
SKING                     515.123.4567         17-JUN-03 AD_PRES         24000  
                                     90                                         
                                                                                
        101 Neena                Kochhar                                        
NKOCHHAR                  515.123.4568         21-SEP-05 AD_VP           17000  

EMPLOYEE_ID FIRST_NAME           LAST_NAME                                      
----------- -------------------- -------------------------                      
EMAIL                     PHONE_NUMBER         HIRE_DATE JOB_ID         SALARY  
------------------------- -------------------- --------- ---------- ----------  
COMMISSION_PCT MANAGER_ID DEPARTMENT_ID                                         
-------------- ---------- -------------                                         
                      100            90                                         
                                                                                
        102 Lex                  De Haan                                        
LDEHAAN                   515.123.4569         13-JAN-01 AD_VP           17000  
                      100            90                                         
                                                                                
        103 Alexander            Hunold                                         

EMPLOYEE_ID FIRST_NAME           LAST_NAME                                      
----------- -------------------- -------------------------                      
EMAIL                     PHONE_NUMBER         HIRE_DATE JOB_ID         SALARY  
------------------------- -------------------- --------- ---------- ----------  
COMMISSION_PCT MANAGER_ID DEPARTMENT_ID                                         
-------------- ---------- -------------                                         
AHUNOLD                   590.423.4567         03-JAN-06 IT_PROG          9000  
                      102            60                                         
                                                                                
        104 Bruce                Ernst                                          
BERNST                    590.423.4568         21-MAY-07 IT_PROG          6000  
                      103            60                                         
                                                                                

EMPLOYEE_ID FIRST_NAME           LAST_NAME                                      
----------- -------------------- -------------------------                      
EMAIL                     PHONE_NUMBER         HIRE_DATE JOB_ID         SALARY  
------------------------- -------------------- --------- ---------- ----------  
COMMISSION_PCT MANAGER_ID DEPARTMENT_ID                                         
-------------- ---------- -------------                                         
        105 David                Austin                                         
DAUSTIN                   590.423.4569         25-JUN-05 IT_PROG          4800  
                      103            60                                         
                                                                                
        106 Valli                Pataballa                                      
VPATABAL                  590.423.4560         05-FEB-06 IT_PROG          4800  
                      103            60                                         

EMPLOYEE_ID FIRST_NAME           LAST_NAME                                      
----------- -------------------- -------------------------                      
EMAIL                     PHONE_NUMBER         HIRE_DATE JOB_ID         SALARY  
------------------------- -------------------- --------- ---------- ----------  
COMMISSION_PCT MANAGER_ID DEPARTMENT_ID                                         
-------------- ---------- -------------                                         
                                                                                
        107 Diana                Lorentz                                        
DLORENTZ                  590.423.5567         07-FEB-07 IT_PROG          4200  
                      103            60                                         
                                                                                
        108 Nancy                Greenberg                                      
NGREENBE                  515.124.4569         17-AUG-02 FI_MGR          12008  

EMPLOYEE_ID FIRST_NAME           LAST_NAME                                      
----------- -------------------- -------------------------                      
EMAIL                     PHONE_NUMBER         HIRE_DATE JOB_ID         SALARY  
------------------------- -------------------- --------- ---------- ----------  
COMMISSION_PCT MANAGER_ID DEPARTMENT_ID                                         
-------------- ---------- -------------                                         
                      101           100                                         
                                                                                
        109 Daniel               Faviet                                         
DFAVIET                   515.124.4169         16-AUG-02 FI_ACCOUNT       9000  
                      108           100                                         
                                                                                
        110 John                 Chen                                           

EMPLOYEE_ID FIRST_NAME           LAST_NAME                                      
----------- -------------------- -------------------------                      
EMAIL                     PHONE_NUMBER         HIRE_DATE JOB_ID         SALARY  
------------------------- -------------------- --------- ---------- ----------  
COMMISSION_PCT MANAGER_ID DEPARTMENT_ID                                         
-------------- ---------- -------------                                         
JCHEN                     515.124.4269         28-SEP-05 FI_ACCOUNT       8200  
                      108           100                                         
                                                                                
        111 Ismael               Sciarra                                        
ISCIARRA                  515.124.4369         30-SEP-05 FI_ACCOUNT       7700  
                      108           100                                         
                                                                                

EMPLOYEE_ID FIRST_NAME           LAST_NAME                                      
----------- -------------------- -------------------------                      
EMAIL                     PHONE_NUMBER         HIRE_DATE JOB_ID         SALARY  
------------------------- -------------------- --------- ---------- ----------  
COMMISSION_PCT MANAGER_ID DEPARTMENT_ID                                         
-------------- ---------- -------------                                         
        112 Jose Manuel          Urman                                          
JMURMAN                   515.124.4469         07-MAR-06 FI_ACCOUNT       7800  
                      108           100                                         
                                                                                
        113 Luis                 Popp                                           
LPOPP                     515.124.4567         07-DEC-07 FI_ACCOUNT       6900  
                      108           100                                         

EMPLOYEE_ID FIRST_NAME           LAST_NAME                                      
----------- -------------------- -------------------------                      
EMAIL                     PHONE_NUMBER         HIRE_DATE JOB_ID         SALARY  
------------------------- -------------------- --------- ---------- ----------  
COMMISSION_PCT MANAGER_ID DEPARTMENT_ID                                         
-------------- ---------- -------------                                         
                                                                                
        114 Den                  Raphaely                                       
DRAPHEAL                  515.127.4561         07-DEC-02 PU_MAN          11000  
                      100            30                                         
                                                                                
        115 Alexander            Khoo                                           
AKHOO                     515.127.4562         18-MAY-03 PU_CLERK         3100  

EMPLOYEE_ID FIRST_NAME           LAST_NAME                                      
----------- -------------------- -------------------------                      
EMAIL                     PHONE_NUMBER         HIRE_DATE JOB_ID         SALARY  
------------------------- -------------------- --------- ---------- ----------  
COMMISSION_PCT MANAGER_ID DEPARTMENT_ID                                         
-------------- ---------- -------------                                         
                      114            30                                         
                                                                                
        116 Shelli               Baida                                          
SBAIDA                    515.127.4563         24-DEC-05 PU_CLERK         2900  
                      114            30                                         
                                                                                
        117 Sigal                Tobias                                         

EMPLOYEE_ID FIRST_NAME           LAST_NAME                                      
----------- -------------------- -------------------------                      
EMAIL                     PHONE_NUMBER         HIRE_DATE JOB_ID         SALARY  
------------------------- -------------------- --------- ---------- ----------  
COMMISSION_PCT MANAGER_ID DEPARTMENT_ID                                         
-------------- ---------- -------------                                         
STOBIAS                   515.127.4564         24-JUL-05 PU_CLERK         2800  
                      114            30                                         
                                                                                
        118 Guy                  Himuro                                         
GHIMURO                   515.127.4565         15-NOV-06 PU_CLERK         2600  
                      114            30                                         
                                                                                

EMPLOYEE_ID FIRST_NAME           LAST_NAME                                      
----------- -------------------- -------------------------                      
EMAIL                     PHONE_NUMBER         HIRE_DATE JOB_ID         SALARY  
------------------------- -------------------- --------- ---------- ----------  
COMMISSION_PCT MANAGER_ID DEPARTMENT_ID                                         
-------------- ---------- -------------                                         
        119 Karen                Colmenares                                     
KCOLMENA                  515.127.4566         10-AUG-07 PU_CLERK         2500  
                      114            30                                         
                                                                                
        120 Matthew              Weiss                                          
MWEISS                    650.123.1234         18-JUL-04 ST_MAN           8000  
                      100            50                                         

EMPLOYEE_ID FIRST_NAME           LAST_NAME                                      
----------- -------------------- -------------------------                      
EMAIL                     PHONE_NUMBER         HIRE_DATE JOB_ID         SALARY  
------------------------- -------------------- --------- ---------- ----------  
COMMISSION_PCT MANAGER_ID DEPARTMENT_ID                                         
-------------- ---------- -------------                                         
                                                                                
        121 Adam                 Fripp                                          
AFRIPP                    650.123.2234         10-APR-05 ST_MAN           8200  
                      100            50                                         
                                                                                
        122 Payam                Kaufling                                       
PKAUFLIN                  650.123.3234         01-MAY-03 ST_MAN           7900  

EMPLOYEE_ID FIRST_NAME           LAST_NAME                                      
----------- -------------------- -------------------------                      
EMAIL                     PHONE_NUMBER         HIRE_DATE JOB_ID         SALARY  
------------------------- -------------------- --------- ---------- ----------  
COMMISSION_PCT MANAGER_ID DEPARTMENT_ID                                         
-------------- ---------- -------------                                         
                      100            50                                         
                                                                                
        123 Shanta               Vollman                                        
SVOLLMAN                  650.123.4234         10-OCT-05 ST_MAN           6500  
                      100            50                                         
                                                                                
        124 Kevin                Mourgos                                        

EMPLOYEE_ID FIRST_NAME           LAST_NAME                                      
----------- -------------------- -------------------------                      
EMAIL                     PHONE_NUMBER         HIRE_DATE JOB_ID         SALARY  
------------------------- -------------------- --------- ---------- ----------  
COMMISSION_PCT MANAGER_ID DEPARTMENT_ID                                         
-------------- ---------- -------------                                         
KMOURGOS                  650.123.5234         16-NOV-07 ST_MAN           5800  
                      100            50                                         
                                                                                
        125 Julia                Nayer                                          
JNAYER                    650.124.1214         16-JUL-05 ST_CLERK         3200  
                      120            50                                         
                                                                                

EMPLOYEE_ID FIRST_NAME           LAST_NAME                                      
----------- -------------------- -------------------------                      
EMAIL                     PHONE_NUMBER         HIRE_DATE JOB_ID         SALARY  
------------------------- -------------------- --------- ---------- ----------  
COMMISSION_PCT MANAGER_ID DEPARTMENT_ID                                         
-------------- ---------- -------------                                         
        126 Irene                Mikkilineni                                    
IMIKKILI                  650.124.1224         28-SEP-06 ST_CLERK         2700  
                      120            50                                         
                                                                                
        127 James                Landry                                         
JLANDRY                   650.124.1334         14-JAN-07 ST_CLERK         2400  
                      120            50                                         

EMPLOYEE_ID FIRST_NAME           LAST_NAME                                      
----------- -------------------- -------------------------                      
EMAIL                     PHONE_NUMBER         HIRE_DATE JOB_ID         SALARY  
------------------------- -------------------- --------- ---------- ----------  
COMMISSION_PCT MANAGER_ID DEPARTMENT_ID                                         
-------------- ---------- -------------                                         
                                                                                
        128 Steven               Markle                                         
SMARKLE                   650.124.1434         08-MAR-08 ST_CLERK         2200  
                      120            50                                         
                                                                                
        129 Laura                Bissot                                         
LBISSOT                   650.124.5234         20-AUG-05 ST_CLERK         3300  

EMPLOYEE_ID FIRST_NAME           LAST_NAME                                      
----------- -------------------- -------------------------                      
EMAIL                     PHONE_NUMBER         HIRE_DATE JOB_ID         SALARY  
------------------------- -------------------- --------- ---------- ----------  
COMMISSION_PCT MANAGER_ID DEPARTMENT_ID                                         
-------------- ---------- -------------                                         
                      121            50                                         
                                                                                
        130 Mozhe                Atkinson                                       
MATKINSO                  650.124.6234         30-OCT-05 ST_CLERK         2800  
                      121            50                                         
                                                                                
        131 James                Marlow                                         

EMPLOYEE_ID FIRST_NAME           LAST_NAME                                      
----------- -------------------- -------------------------                      
EMAIL                     PHONE_NUMBER         HIRE_DATE JOB_ID         SALARY  
------------------------- -------------------- --------- ---------- ----------  
COMMISSION_PCT MANAGER_ID DEPARTMENT_ID                                         
-------------- ---------- -------------                                         
JAMRLOW                   650.124.7234         16-FEB-05 ST_CLERK         2500  
                      121            50                                         
                                                                                
        132 TJ                   Olson                                          
TJOLSON                   650.124.8234         10-APR-07 ST_CLERK         2100  
                      121            50                                         
                                                                                

EMPLOYEE_ID FIRST_NAME           LAST_NAME                                      
----------- -------------------- -------------------------                      
EMAIL                     PHONE_NUMBER         HIRE_DATE JOB_ID         SALARY  
------------------------- -------------------- --------- ---------- ----------  
COMMISSION_PCT MANAGER_ID DEPARTMENT_ID                                         
-------------- ---------- -------------                                         
        133 Jason                Mallin                                         
JMALLIN                   650.127.1934         14-JUN-04 ST_CLERK         3300  
                      122            50                                         
                                                                                
        134 Michael              Rogers                                         
MROGERS                   650.127.1834         26-AUG-06 ST_CLERK         2900  
                      122            50                                         

EMPLOYEE_ID FIRST_NAME           LAST_NAME                                      
----------- -------------------- -------------------------                      
EMAIL                     PHONE_NUMBER         HIRE_DATE JOB_ID         SALARY  
------------------------- -------------------- --------- ---------- ----------  
COMMISSION_PCT MANAGER_ID DEPARTMENT_ID                                         
-------------- ---------- -------------                                         
                                                                                
        135 Ki                   Gee                                            
KGEE                      650.127.1734         12-DEC-07 ST_CLERK         2400  
                      122            50                                         
                                                                                
        136 Hazel                Philtanker                                     
HPHILTAN                  650.127.1634         06-FEB-08 ST_CLERK         2200  

EMPLOYEE_ID FIRST_NAME           LAST_NAME                                      
----------- -------------------- -------------------------                      
EMAIL                     PHONE_NUMBER         HIRE_DATE JOB_ID         SALARY  
------------------------- -------------------- --------- ---------- ----------  
COMMISSION_PCT MANAGER_ID DEPARTMENT_ID                                         
-------------- ---------- -------------                                         
                      122            50                                         
                                                                                
        137 Renske               Ladwig                                         
RLADWIG                   650.121.1234         14-JUL-03 ST_CLERK         3600  
                      123            50                                         
                                                                                
        138 Stephen              Stiles                                         

EMPLOYEE_ID FIRST_NAME           LAST_NAME                                      
----------- -------------------- -------------------------                      
EMAIL                     PHONE_NUMBER         HIRE_DATE JOB_ID         SALARY  
------------------------- -------------------- --------- ---------- ----------  
COMMISSION_PCT MANAGER_ID DEPARTMENT_ID                                         
-------------- ---------- -------------                                         
SSTILES                   650.121.2034         26-OCT-05 ST_CLERK         3200  
                      123            50                                         
                                                                                
        139 John                 Seo                                            
JSEO                      650.121.2019         12-FEB-06 ST_CLERK         2700  
                      123            50                                         
                                                                                

EMPLOYEE_ID FIRST_NAME           LAST_NAME                                      
----------- -------------------- -------------------------                      
EMAIL                     PHONE_NUMBER         HIRE_DATE JOB_ID         SALARY  
------------------------- -------------------- --------- ---------- ----------  
COMMISSION_PCT MANAGER_ID DEPARTMENT_ID                                         
-------------- ---------- -------------                                         
        140 Joshua               Patel                                          
JPATEL                    650.121.1834         06-APR-06 ST_CLERK         2500  
                      123            50                                         
                                                                                
        141 Trenna               Rajs                                           
TRAJS                     650.121.8009         17-OCT-03 ST_CLERK         3500  
                      124            50                                         

EMPLOYEE_ID FIRST_NAME           LAST_NAME                                      
----------- -------------------- -------------------------                      
EMAIL                     PHONE_NUMBER         HIRE_DATE JOB_ID         SALARY  
------------------------- -------------------- --------- ---------- ----------  
COMMISSION_PCT MANAGER_ID DEPARTMENT_ID                                         
-------------- ---------- -------------                                         
                                                                                
        142 Curtis               Davies                                         
CDAVIES                   650.121.2994         29-JAN-05 ST_CLERK         3100  
                      124            50                                         
                                                                                
        143 Randall              Matos                                          
RMATOS                    650.121.2874         15-MAR-06 ST_CLERK         2600  

EMPLOYEE_ID FIRST_NAME           LAST_NAME                                      
----------- -------------------- -------------------------                      
EMAIL                     PHONE_NUMBER         HIRE_DATE JOB_ID         SALARY  
------------------------- -------------------- --------- ---------- ----------  
COMMISSION_PCT MANAGER_ID DEPARTMENT_ID                                         
-------------- ---------- -------------                                         
                      124            50                                         
                                                                                
        144 Peter                Vargas                                         
PVARGAS                   650.121.2004         09-JUL-06 ST_CLERK         2500  
                      124            50                                         
                                                                                
        145 John                 Russell                                        

EMPLOYEE_ID FIRST_NAME           LAST_NAME                                      
----------- -------------------- -------------------------                      
EMAIL                     PHONE_NUMBER         HIRE_DATE JOB_ID         SALARY  
------------------------- -------------------- --------- ---------- ----------  
COMMISSION_PCT MANAGER_ID DEPARTMENT_ID                                         
-------------- ---------- -------------                                         
JRUSSEL                   011.44.1344.429268   01-OCT-04 SA_MAN          14000  
            .4        100            80                                         
                                                                                
        146 Karen                Partners                                       
KPARTNER                  011.44.1344.467268   05-JAN-05 SA_MAN          13500  
            .3        100            80                                         
                                                                                

EMPLOYEE_ID FIRST_NAME           LAST_NAME                                      
----------- -------------------- -------------------------                      
EMAIL                     PHONE_NUMBER         HIRE_DATE JOB_ID         SALARY  
------------------------- -------------------- --------- ---------- ----------  
COMMISSION_PCT MANAGER_ID DEPARTMENT_ID                                         
-------------- ---------- -------------                                         
        147 Alberto              Errazuriz                                      
AERRAZUR                  011.44.1344.429278   10-MAR-05 SA_MAN          12000  
            .3        100            80                                         
                                                                                
        148 Gerald               Cambrault                                      
GCAMBRAU                  011.44.1344.619268   15-OCT-07 SA_MAN          11000  
            .3        100            80                                         

EMPLOYEE_ID FIRST_NAME           LAST_NAME                                      
----------- -------------------- -------------------------                      
EMAIL                     PHONE_NUMBER         HIRE_DATE JOB_ID         SALARY  
------------------------- -------------------- --------- ---------- ----------  
COMMISSION_PCT MANAGER_ID DEPARTMENT_ID                                         
-------------- ---------- -------------                                         
                                                                                
        149 Eleni                Zlotkey                                        
EZLOTKEY                  011.44.1344.429018   29-JAN-08 SA_MAN          10500  
            .2        100            80                                         
                                                                                
        150 Peter                Tucker                                         
PTUCKER                   011.44.1344.129268   30-JAN-05 SA_REP          10000  

EMPLOYEE_ID FIRST_NAME           LAST_NAME                                      
----------- -------------------- -------------------------                      
EMAIL                     PHONE_NUMBER         HIRE_DATE JOB_ID         SALARY  
------------------------- -------------------- --------- ---------- ----------  
COMMISSION_PCT MANAGER_ID DEPARTMENT_ID                                         
-------------- ---------- -------------                                         
            .3        145            80                                         
                                                                                
        151 David                Bernstein                                      
DBERNSTE                  011.44.1344.345268   24-MAR-05 SA_REP           9500  
           .25        145            80                                         
                                                                                
        152 Peter                Hall                                           

EMPLOYEE_ID FIRST_NAME           LAST_NAME                                      
----------- -------------------- -------------------------                      
EMAIL                     PHONE_NUMBER         HIRE_DATE JOB_ID         SALARY  
------------------------- -------------------- --------- ---------- ----------  
COMMISSION_PCT MANAGER_ID DEPARTMENT_ID                                         
-------------- ---------- -------------                                         
PHALL                     011.44.1344.478968   20-AUG-05 SA_REP           9000  
           .25        145            80                                         
                                                                                
        153 Christopher          Olsen                                          
COLSEN                    011.44.1344.498718   30-MAR-06 SA_REP           8000  
            .2        145            80                                         
                                                                                

EMPLOYEE_ID FIRST_NAME           LAST_NAME                                      
----------- -------------------- -------------------------                      
EMAIL                     PHONE_NUMBER         HIRE_DATE JOB_ID         SALARY  
------------------------- -------------------- --------- ---------- ----------  
COMMISSION_PCT MANAGER_ID DEPARTMENT_ID                                         
-------------- ---------- -------------                                         
        154 Nanette              Cambrault                                      
NCAMBRAU                  011.44.1344.987668   09-DEC-06 SA_REP           7500  
            .2        145            80                                         
                                                                                
        155 Oliver               Tuvault                                        
OTUVAULT                  011.44.1344.486508   23-NOV-07 SA_REP           7000  
           .15        145            80                                         

EMPLOYEE_ID FIRST_NAME           LAST_NAME                                      
----------- -------------------- -------------------------                      
EMAIL                     PHONE_NUMBER         HIRE_DATE JOB_ID         SALARY  
------------------------- -------------------- --------- ---------- ----------  
COMMISSION_PCT MANAGER_ID DEPARTMENT_ID                                         
-------------- ---------- -------------                                         
                                                                                
        156 Janette              King                                           
JKING                     011.44.1345.429268   30-JAN-04 SA_REP          10000  
           .35        146            80                                         
                                                                                
        157 Patrick              Sully                                          
PSULLY                    011.44.1345.929268   04-MAR-04 SA_REP           9500  

EMPLOYEE_ID FIRST_NAME           LAST_NAME                                      
----------- -------------------- -------------------------                      
EMAIL                     PHONE_NUMBER         HIRE_DATE JOB_ID         SALARY  
------------------------- -------------------- --------- ---------- ----------  
COMMISSION_PCT MANAGER_ID DEPARTMENT_ID                                         
-------------- ---------- -------------                                         
           .35        146            80                                         
                                                                                
        158 Allan                McEwen                                         
AMCEWEN                   011.44.1345.829268   01-AUG-04 SA_REP           9000  
           .35        146            80                                         
                                                                                
        159 Lindsey              Smith                                          

EMPLOYEE_ID FIRST_NAME           LAST_NAME                                      
----------- -------------------- -------------------------                      
EMAIL                     PHONE_NUMBER         HIRE_DATE JOB_ID         SALARY  
------------------------- -------------------- --------- ---------- ----------  
COMMISSION_PCT MANAGER_ID DEPARTMENT_ID                                         
-------------- ---------- -------------                                         
LSMITH                    011.44.1345.729268   10-MAR-05 SA_REP           8000  
            .3        146            80                                         
                                                                                
        160 Louise               Doran                                          
LDORAN                    011.44.1345.629268   15-DEC-05 SA_REP           7500  
            .3        146            80                                         
                                                                                

EMPLOYEE_ID FIRST_NAME           LAST_NAME                                      
----------- -------------------- -------------------------                      
EMAIL                     PHONE_NUMBER         HIRE_DATE JOB_ID         SALARY  
------------------------- -------------------- --------- ---------- ----------  
COMMISSION_PCT MANAGER_ID DEPARTMENT_ID                                         
-------------- ---------- -------------                                         
        161 Sarath               Sewall                                         
SSEWALL                   011.44.1345.529268   03-NOV-06 SA_REP           7000  
           .25        146            80                                         
                                                                                
        162 Clara                Vishney                                        
CVISHNEY                  011.44.1346.129268   11-NOV-05 SA_REP          10500  
           .25        147            80                                         

EMPLOYEE_ID FIRST_NAME           LAST_NAME                                      
----------- -------------------- -------------------------                      
EMAIL                     PHONE_NUMBER         HIRE_DATE JOB_ID         SALARY  
------------------------- -------------------- --------- ---------- ----------  
COMMISSION_PCT MANAGER_ID DEPARTMENT_ID                                         
-------------- ---------- -------------                                         
                                                                                
        163 Danielle             Greene                                         
DGREENE                   011.44.1346.229268   19-MAR-07 SA_REP           9500  
           .15        147            80                                         
                                                                                
        164 Mattea               Marvins                                        
MMARVINS                  011.44.1346.329268   24-JAN-08 SA_REP           7200  

EMPLOYEE_ID FIRST_NAME           LAST_NAME                                      
----------- -------------------- -------------------------                      
EMAIL                     PHONE_NUMBER         HIRE_DATE JOB_ID         SALARY  
------------------------- -------------------- --------- ---------- ----------  
COMMISSION_PCT MANAGER_ID DEPARTMENT_ID                                         
-------------- ---------- -------------                                         
            .1        147            80                                         
                                                                                
        165 David                Lee                                            
DLEE                      011.44.1346.529268   23-FEB-08 SA_REP           6800  
            .1        147            80                                         
                                                                                
        166 Sundar               Ande                                           

EMPLOYEE_ID FIRST_NAME           LAST_NAME                                      
----------- -------------------- -------------------------                      
EMAIL                     PHONE_NUMBER         HIRE_DATE JOB_ID         SALARY  
------------------------- -------------------- --------- ---------- ----------  
COMMISSION_PCT MANAGER_ID DEPARTMENT_ID                                         
-------------- ---------- -------------                                         
SANDE                     011.44.1346.629268   24-MAR-08 SA_REP           6400  
            .1        147            80                                         
                                                                                
        167 Amit                 Banda                                          
ABANDA                    011.44.1346.729268   21-APR-08 SA_REP           6200  
            .1        147            80                                         
                                                                                

EMPLOYEE_ID FIRST_NAME           LAST_NAME                                      
----------- -------------------- -------------------------                      
EMAIL                     PHONE_NUMBER         HIRE_DATE JOB_ID         SALARY  
------------------------- -------------------- --------- ---------- ----------  
COMMISSION_PCT MANAGER_ID DEPARTMENT_ID                                         
-------------- ---------- -------------                                         
        168 Lisa                 Ozer                                           
LOZER                     011.44.1343.929268   11-MAR-05 SA_REP          11500  
           .25        148            80                                         
                                                                                
        169 Harrison             Bloom                                          
HBLOOM                    011.44.1343.829268   23-MAR-06 SA_REP          10000  
            .2        148            80                                         

EMPLOYEE_ID FIRST_NAME           LAST_NAME                                      
----------- -------------------- -------------------------                      
EMAIL                     PHONE_NUMBER         HIRE_DATE JOB_ID         SALARY  
------------------------- -------------------- --------- ---------- ----------  
COMMISSION_PCT MANAGER_ID DEPARTMENT_ID                                         
-------------- ---------- -------------                                         
                                                                                
        170 Tayler               Fox                                            
TFOX                      011.44.1343.729268   24-JAN-06 SA_REP           9600  
            .2        148            80                                         
                                                                                
        171 William              Smith                                          
WSMITH                    011.44.1343.629268   23-FEB-07 SA_REP           7400  

EMPLOYEE_ID FIRST_NAME           LAST_NAME                                      
----------- -------------------- -------------------------                      
EMAIL                     PHONE_NUMBER         HIRE_DATE JOB_ID         SALARY  
------------------------- -------------------- --------- ---------- ----------  
COMMISSION_PCT MANAGER_ID DEPARTMENT_ID                                         
-------------- ---------- -------------                                         
           .15        148            80                                         
                                                                                
        172 Elizabeth            Bates                                          
EBATES                    011.44.1343.529268   24-MAR-07 SA_REP           7300  
           .15        148            80                                         
                                                                                
        173 Sundita              Kumar                                          

EMPLOYEE_ID FIRST_NAME           LAST_NAME                                      
----------- -------------------- -------------------------                      
EMAIL                     PHONE_NUMBER         HIRE_DATE JOB_ID         SALARY  
------------------------- -------------------- --------- ---------- ----------  
COMMISSION_PCT MANAGER_ID DEPARTMENT_ID                                         
-------------- ---------- -------------                                         
SKUMAR                    011.44.1343.329268   21-APR-08 SA_REP           6100  
            .1        148            80                                         
                                                                                
        174 Ellen                Abel                                           
EABEL                     011.44.1644.429267   11-MAY-04 SA_REP          11000  
            .3        149            80                                         
                                                                                

EMPLOYEE_ID FIRST_NAME           LAST_NAME                                      
----------- -------------------- -------------------------                      
EMAIL                     PHONE_NUMBER         HIRE_DATE JOB_ID         SALARY  
------------------------- -------------------- --------- ---------- ----------  
COMMISSION_PCT MANAGER_ID DEPARTMENT_ID                                         
-------------- ---------- -------------                                         
        175 Alyssa               Hutton                                         
AHUTTON                   011.44.1644.429266   19-MAR-05 SA_REP           8800  
           .25        149            80                                         
                                                                                
        176 Jonathon             Taylor                                         
JTAYLOR                   011.44.1644.429265   24-MAR-06 SA_REP           8600  
            .2        149            80                                         

EMPLOYEE_ID FIRST_NAME           LAST_NAME                                      
----------- -------------------- -------------------------                      
EMAIL                     PHONE_NUMBER         HIRE_DATE JOB_ID         SALARY  
------------------------- -------------------- --------- ---------- ----------  
COMMISSION_PCT MANAGER_ID DEPARTMENT_ID                                         
-------------- ---------- -------------                                         
                                                                                
        177 Jack                 Livingston                                     
JLIVINGS                  011.44.1644.429264   23-APR-06 SA_REP           8400  
            .2        149            80                                         
                                                                                
        178 Kimberely            Grant                                          
KGRANT                    011.44.1644.429263   24-MAY-07 SA_REP           7000  

EMPLOYEE_ID FIRST_NAME           LAST_NAME                                      
----------- -------------------- -------------------------                      
EMAIL                     PHONE_NUMBER         HIRE_DATE JOB_ID         SALARY  
------------------------- -------------------- --------- ---------- ----------  
COMMISSION_PCT MANAGER_ID DEPARTMENT_ID                                         
-------------- ---------- -------------                                         
           .15        149                                                       
                                                                                
        179 Charles              Johnson                                        
CJOHNSON                  011.44.1644.429262   04-JAN-08 SA_REP           6200  
            .1        149            80                                         
                                                                                
        180 Winston              Taylor                                         

EMPLOYEE_ID FIRST_NAME           LAST_NAME                                      
----------- -------------------- -------------------------                      
EMAIL                     PHONE_NUMBER         HIRE_DATE JOB_ID         SALARY  
------------------------- -------------------- --------- ---------- ----------  
COMMISSION_PCT MANAGER_ID DEPARTMENT_ID                                         
-------------- ---------- -------------                                         
WTAYLOR                   650.507.9876         24-JAN-06 SH_CLERK         3200  
                      120            50                                         
                                                                                
        181 Jean                 Fleaur                                         
JFLEAUR                   650.507.9877         23-FEB-06 SH_CLERK         3100  
                      120            50                                         
                                                                                

EMPLOYEE_ID FIRST_NAME           LAST_NAME                                      
----------- -------------------- -------------------------                      
EMAIL                     PHONE_NUMBER         HIRE_DATE JOB_ID         SALARY  
------------------------- -------------------- --------- ---------- ----------  
COMMISSION_PCT MANAGER_ID DEPARTMENT_ID                                         
-------------- ---------- -------------                                         
        182 Martha               Sullivan                                       
MSULLIVA                  650.507.9878         21-JUN-07 SH_CLERK         2500  
                      120            50                                         
                                                                                
        183 Girard               Geoni                                          
GGEONI                    650.507.9879         03-FEB-08 SH_CLERK         2800  
                      120            50                                         

EMPLOYEE_ID FIRST_NAME           LAST_NAME                                      
----------- -------------------- -------------------------                      
EMAIL                     PHONE_NUMBER         HIRE_DATE JOB_ID         SALARY  
------------------------- -------------------- --------- ---------- ----------  
COMMISSION_PCT MANAGER_ID DEPARTMENT_ID                                         
-------------- ---------- -------------                                         
                                                                                
        184 Nandita              Sarchand                                       
NSARCHAN                  650.509.1876         27-JAN-04 SH_CLERK         4200  
                      121            50                                         
                                                                                
        185 Alexis               Bull                                           
ABULL                     650.509.2876         20-FEB-05 SH_CLERK         4100  

EMPLOYEE_ID FIRST_NAME           LAST_NAME                                      
----------- -------------------- -------------------------                      
EMAIL                     PHONE_NUMBER         HIRE_DATE JOB_ID         SALARY  
------------------------- -------------------- --------- ---------- ----------  
COMMISSION_PCT MANAGER_ID DEPARTMENT_ID                                         
-------------- ---------- -------------                                         
                      121            50                                         
                                                                                
        186 Julia                Dellinger                                      
JDELLING                  650.509.3876         24-JUN-06 SH_CLERK         3400  
                      121            50                                         
                                                                                
        187 Anthony              Cabrio                                         

EMPLOYEE_ID FIRST_NAME           LAST_NAME                                      
----------- -------------------- -------------------------                      
EMAIL                     PHONE_NUMBER         HIRE_DATE JOB_ID         SALARY  
------------------------- -------------------- --------- ---------- ----------  
COMMISSION_PCT MANAGER_ID DEPARTMENT_ID                                         
-------------- ---------- -------------                                         
ACABRIO                   650.509.4876         07-FEB-07 SH_CLERK         3000  
                      121            50                                         
                                                                                
        188 Kelly                Chung                                          
KCHUNG                    650.505.1876         14-JUN-05 SH_CLERK         3800  
                      122            50                                         
                                                                                

EMPLOYEE_ID FIRST_NAME           LAST_NAME                                      
----------- -------------------- -------------------------                      
EMAIL                     PHONE_NUMBER         HIRE_DATE JOB_ID         SALARY  
------------------------- -------------------- --------- ---------- ----------  
COMMISSION_PCT MANAGER_ID DEPARTMENT_ID                                         
-------------- ---------- -------------                                         
        189 Jennifer             Dilly                                          
JDILLY                    650.505.2876         13-AUG-05 SH_CLERK         3600  
                      122            50                                         
                                                                                
        190 Timothy              Gates                                          
TGATES                    650.505.3876         11-JUL-06 SH_CLERK         2900  
                      122            50                                         

EMPLOYEE_ID FIRST_NAME           LAST_NAME                                      
----------- -------------------- -------------------------                      
EMAIL                     PHONE_NUMBER         HIRE_DATE JOB_ID         SALARY  
------------------------- -------------------- --------- ---------- ----------  
COMMISSION_PCT MANAGER_ID DEPARTMENT_ID                                         
-------------- ---------- -------------                                         
                                                                                
        191 Randall              Perkins                                        
RPERKINS                  650.505.4876         19-DEC-07 SH_CLERK         2500  
                      122            50                                         
                                                                                
        192 Sarah                Bell                                           
SBELL                     650.501.1876         04-FEB-04 SH_CLERK         4000  

EMPLOYEE_ID FIRST_NAME           LAST_NAME                                      
----------- -------------------- -------------------------                      
EMAIL                     PHONE_NUMBER         HIRE_DATE JOB_ID         SALARY  
------------------------- -------------------- --------- ---------- ----------  
COMMISSION_PCT MANAGER_ID DEPARTMENT_ID                                         
-------------- ---------- -------------                                         
                      123            50                                         
                                                                                
        193 Britney              Everett                                        
BEVERETT                  650.501.2876         03-MAR-05 SH_CLERK         3900  
                      123            50                                         
                                                                                
        194 Samuel               McCain                                         

EMPLOYEE_ID FIRST_NAME           LAST_NAME                                      
----------- -------------------- -------------------------                      
EMAIL                     PHONE_NUMBER         HIRE_DATE JOB_ID         SALARY  
------------------------- -------------------- --------- ---------- ----------  
COMMISSION_PCT MANAGER_ID DEPARTMENT_ID                                         
-------------- ---------- -------------                                         
SMCCAIN                   650.501.3876         01-JUL-06 SH_CLERK         3200  
                      123            50                                         
                                                                                
        195 Vance                Jones                                          
VJONES                    650.501.4876         17-MAR-07 SH_CLERK         2800  
                      123            50                                         
                                                                                

EMPLOYEE_ID FIRST_NAME           LAST_NAME                                      
----------- -------------------- -------------------------                      
EMAIL                     PHONE_NUMBER         HIRE_DATE JOB_ID         SALARY  
------------------------- -------------------- --------- ---------- ----------  
COMMISSION_PCT MANAGER_ID DEPARTMENT_ID                                         
-------------- ---------- -------------                                         
        196 Alana                Walsh                                          
AWALSH                    650.507.9811         24-APR-06 SH_CLERK         3100  
                      124            50                                         
                                                                                
        197 Kevin                Feeney                                         
KFEENEY                   650.507.9822         23-MAY-06 SH_CLERK         3000  
                      124            50                                         

EMPLOYEE_ID FIRST_NAME           LAST_NAME                                      
----------- -------------------- -------------------------                      
EMAIL                     PHONE_NUMBER         HIRE_DATE JOB_ID         SALARY  
------------------------- -------------------- --------- ---------- ----------  
COMMISSION_PCT MANAGER_ID DEPARTMENT_ID                                         
-------------- ---------- -------------                                         
                                                                                

107 rows selected.

SQL> select distinct department_id from employees;

DEPARTMENT_ID                                                                   
-------------                                                                   
          100                                                                   
           30                                                                   
                                                                                
           20                                                                   
           70                                                                   
           90                                                                   
          110                                                                   
           50                                                                   
           40                                                                   
           80                                                                   
           10                                                                   

DEPARTMENT_ID                                                                   
-------------                                                                   
           60                                                                   

12 rows selected.

SQL> select count(department_id) from employees;

COUNT(DEPARTMENT_ID)                                                            
--------------------                                                            
                 106                                                            

SQL> select unique department_id from employees;

DEPARTMENT_ID                                                                   
-------------                                                                   
          100                                                                   
           30                                                                   
                                                                                
           20                                                                   
           70                                                                   
           90                                                                   
          110                                                                   
           50                                                                   
           40                                                                   
           80                                                                   
           10                                                                   

DEPARTMENT_ID                                                                   
-------------                                                                   
           60                                                                   

12 rows selected.

SQL> select department_id,sum(salary),min(salary),max(salary),count(*) from employees group by department_id;

DEPARTMENT_ID SUM(SALARY) MIN(SALARY) MAX(SALARY)   COUNT(*)                    
------------- ----------- ----------- ----------- ----------                    
          100       51608        6900       12008          6                    
           30       24900        2500       11000          6                    
                     7000        7000        7000          1                    
           20       19000        6000       13000          2                    
           70       10000       10000       10000          1                    
           90       58000       17000       24000          3                    
          110       20308        8300       12008          2                    
           50      156400        2100        8200         45                    
           40        6500        6500        6500          1                    
           80      304500        6100       14000         34                    
           10        4400        4400        4400          1                    

DEPARTMENT_ID SUM(SALARY) MIN(SALARY) MAX(SALARY)   COUNT(*)                    
------------- ----------- ----------- ----------- ----------                    
           60       28800        4200        9000          5                    

12 rows selected.

SQL> select department_id,sum(salary),min(salary),max(salary),count(*) from employees group by department_id having max(salary)>20000;

DEPARTMENT_ID SUM(SALARY) MIN(SALARY) MAX(SALARY)   COUNT(*)                    
------------- ----------- ----------- ----------- ----------                    
           90       58000       17000       24000          3                    

SQL> cl scr

SQL> rem inner outer self cross
SQL> desc employees
 Name                                      Null?    Type
 ----------------------------------------- -------- ----------------------------
 EMPLOYEE_ID                               NOT NULL NUMBER(6)
 FIRST_NAME                                         VARCHAR2(20)
 LAST_NAME                                 NOT NULL VARCHAR2(25)
 EMAIL                                     NOT NULL VARCHAR2(25)
 PHONE_NUMBER                                       VARCHAR2(20)
 HIRE_DATE                                 NOT NULL DATE
 JOB_ID                                    NOT NULL VARCHAR2(10)
 SALARY                                             NUMBER(8,2)
 COMMISSION_PCT                                     NUMBER(2,2)
 MANAGER_ID                                         NUMBER(6)
 DEPARTMENT_ID                                      NUMBER(4)

SQL> desc departments
 Name                                      Null?    Type
 ----------------------------------------- -------- ----------------------------
 DEPARTMENT_ID                             NOT NULL NUMBER(4)
 DEPARTMENT_NAME                           NOT NULL VARCHAR2(30)
 MANAGER_ID                                         NUMBER(6)
 LOCATION_ID                                        NUMBER(4)

SQL> select first_name,departement_name from employees join departments using(department_id);
select first_name,departement_name from employees join departments using(department_id)
                  *
ERROR at line 1:
ORA-00904: "DEPARTEMENT_NAME": invalid identifier 


SQL> select first_name,department_name from employees join departments using(department_id);

FIRST_NAME           DEPARTMENT_NAME                                            
-------------------- ------------------------------                             
Jennifer             Administration                                             
Pat                  Marketing                                                  
Michael              Marketing                                                  
Sigal                Purchasing                                                 
Karen                Purchasing                                                 
Shelli               Purchasing                                                 
Den                  Purchasing                                                 
Alexander            Purchasing                                                 
Guy                  Purchasing                                                 
Susan                Human Resources                                            
Kevin                Shipping                                                   

FIRST_NAME           DEPARTMENT_NAME                                            
-------------------- ------------------------------                             
Jean                 Shipping                                                   
Adam                 Shipping                                                   
Timothy              Shipping                                                   
Ki                   Shipping                                                   
Girard               Shipping                                                   
Douglas              Shipping                                                   
Vance                Shipping                                                   
Payam                Shipping                                                   
Renske               Shipping                                                   
Britney              Shipping                                                   
Jennifer             Shipping                                                   

FIRST_NAME           DEPARTMENT_NAME                                            
-------------------- ------------------------------                             
Julia                Shipping                                                   
Curtis               Shipping                                                   
Kelly                Shipping                                                   
Anthony              Shipping                                                   
Alexis               Shipping                                                   
Laura                Shipping                                                   
Sarah                Shipping                                                   
Mozhe                Shipping                                                   
James                Shipping                                                   
Matthew              Shipping                                                   
Alana                Shipping                                                   

FIRST_NAME           DEPARTMENT_NAME                                            
-------------------- ------------------------------                             
Shanta               Shipping                                                   
Peter                Shipping                                                   
Winston              Shipping                                                   
Jason                Shipping                                                   
Steven               Shipping                                                   
James                Shipping                                                   
Randall              Shipping                                                   
Samuel               Shipping                                                   
Irene                Shipping                                                   
Kevin                Shipping                                                   
Julia                Shipping                                                   

FIRST_NAME           DEPARTMENT_NAME                                            
-------------------- ------------------------------                             
Donald               Shipping                                                   
TJ                   Shipping                                                   
Joshua               Shipping                                                   
Randall              Shipping                                                   
Hazel                Shipping                                                   
Trenna               Shipping                                                   
Michael              Shipping                                                   
Nandita              Shipping                                                   
John                 Shipping                                                   
Stephen              Shipping                                                   
Martha               Shipping                                                   

FIRST_NAME           DEPARTMENT_NAME                                            
-------------------- ------------------------------                             
David                IT                                                         
Valli                IT                                                         
Bruce                IT                                                         
Diana                IT                                                         
Alexander            IT                                                         
Hermann              Public Relations                                           
Ellen                Sales                                                      
Sundar               Sales                                                      
Amit                 Sales                                                      
Elizabeth            Sales                                                      
David                Sales                                                      

FIRST_NAME           DEPARTMENT_NAME                                            
-------------------- ------------------------------                             
Harrison             Sales                                                      
Gerald               Sales                                                      
Nanette              Sales                                                      
Louise               Sales                                                      
Alberto              Sales                                                      
Tayler               Sales                                                      
Danielle             Sales                                                      
Peter                Sales                                                      
Alyssa               Sales                                                      
Charles              Sales                                                      
Janette              Sales                                                      

FIRST_NAME           DEPARTMENT_NAME                                            
-------------------- ------------------------------                             
Sundita              Sales                                                      
David                Sales                                                      
Jack                 Sales                                                      
Mattea               Sales                                                      
Allan                Sales                                                      
Christopher          Sales                                                      
Lisa                 Sales                                                      
Karen                Sales                                                      
John                 Sales                                                      
Sarath               Sales                                                      
Lindsey              Sales                                                      

FIRST_NAME           DEPARTMENT_NAME                                            
-------------------- ------------------------------                             
William              Sales                                                      
Patrick              Sales                                                      
Jonathon             Sales                                                      
Peter                Sales                                                      
Oliver               Sales                                                      
Clara                Sales                                                      
Eleni                Sales                                                      
Neena                Executive                                                  
Steven               Executive                                                  
Lex                  Executive                                                  
Luis                 Finance                                                    

FIRST_NAME           DEPARTMENT_NAME                                            
-------------------- ------------------------------                             
Jose Manuel          Finance                                                    
John                 Finance                                                    
Daniel               Finance                                                    
Ismael               Finance                                                    
Nancy                Finance                                                    
William              Accounting                                                 
Shelley              Accounting                                                 

106 rows selected.

SQL> select first_name,department_name from employees join departments using(department_id)
  2  
SQL> desc employees
 Name                                      Null?    Type
 ----------------------------------------- -------- ----------------------------
 EMPLOYEE_ID                               NOT NULL NUMBER(6)
 FIRST_NAME                                         VARCHAR2(20)
 LAST_NAME                                 NOT NULL VARCHAR2(25)
 EMAIL                                     NOT NULL VARCHAR2(25)
 PHONE_NUMBER                                       VARCHAR2(20)
 HIRE_DATE                                 NOT NULL DATE
 JOB_ID                                    NOT NULL VARCHAR2(10)
 SALARY                                             NUMBER(8,2)
 COMMISSION_PCT                                     NUMBER(2,2)
 MANAGER_ID                                         NUMBER(6)
 DEPARTMENT_ID                                      NUMBER(4)

SQL> desc departments
 Name                                      Null?    Type
 ----------------------------------------- -------- ----------------------------
 DEPARTMENT_ID                             NOT NULL NUMBER(4)
 DEPARTMENT_NAME                           NOT NULL VARCHAR2(30)
 MANAGER_ID                                         NUMBER(6)
 LOCATION_ID                                        NUMBER(4)

SQL> alter table employees rename column department_id to did;

Table altered.

SQL> desc employees
 Name                                      Null?    Type
 ----------------------------------------- -------- ----------------------------
 EMPLOYEE_ID                               NOT NULL NUMBER(6)
 FIRST_NAME                                         VARCHAR2(20)
 LAST_NAME                                 NOT NULL VARCHAR2(25)
 EMAIL                                     NOT NULL VARCHAR2(25)
 PHONE_NUMBER                                       VARCHAR2(20)
 HIRE_DATE                                 NOT NULL DATE
 JOB_ID                                    NOT NULL VARCHAR2(10)
 SALARY                                             NUMBER(8,2)
 COMMISSION_PCT                                     NUMBER(2,2)
 MANAGER_ID                                         NUMBER(6)
 DID                                                NUMBER(4)

SQL> desc departemnts
ERROR:
ORA-04043: object departemnts does not exist 


SQL> desc departments
 Name                                      Null?    Type
 ----------------------------------------- -------- ----------------------------
 DEPARTMENT_ID                             NOT NULL NUMBER(4)
 DEPARTMENT_NAME                           NOT NULL VARCHAR2(30)
 MANAGER_ID                                         NUMBER(6)
 LOCATION_ID                                        NUMBER(4)

SQL> select first_name,departement_name from employees join departments on (employees.did=departments.department_id);
select first_name,departement_name from employees join departments on (employees.did=departments.department_id)
                  *
ERROR at line 1:
ORA-00904: "DEPARTEMENT_NAME": invalid identifier 


SQL> select first_name,department_name from employees join departments on (employees.did=departments.department_id);

FIRST_NAME           DEPARTMENT_NAME                                            
-------------------- ------------------------------                             
Jennifer             Administration                                             
Pat                  Marketing                                                  
Michael              Marketing                                                  
Sigal                Purchasing                                                 
Karen                Purchasing                                                 
Shelli               Purchasing                                                 
Den                  Purchasing                                                 
Alexander            Purchasing                                                 
Guy                  Purchasing                                                 
Susan                Human Resources                                            
Kevin                Shipping                                                   

FIRST_NAME           DEPARTMENT_NAME                                            
-------------------- ------------------------------                             
Jean                 Shipping                                                   
Adam                 Shipping                                                   
Timothy              Shipping                                                   
Ki                   Shipping                                                   
Girard               Shipping                                                   
Douglas              Shipping                                                   
Vance                Shipping                                                   
Payam                Shipping                                                   
Renske               Shipping                                                   
Britney              Shipping                                                   
Jennifer             Shipping                                                   

FIRST_NAME           DEPARTMENT_NAME                                            
-------------------- ------------------------------                             
Julia                Shipping                                                   
Curtis               Shipping                                                   
Kelly                Shipping                                                   
Anthony              Shipping                                                   
Alexis               Shipping                                                   
Laura                Shipping                                                   
Sarah                Shipping                                                   
Mozhe                Shipping                                                   
James                Shipping                                                   
Matthew              Shipping                                                   
Alana                Shipping                                                   

FIRST_NAME           DEPARTMENT_NAME                                            
-------------------- ------------------------------                             
Shanta               Shipping                                                   
Peter                Shipping                                                   
Winston              Shipping                                                   
Jason                Shipping                                                   
Steven               Shipping                                                   
James                Shipping                                                   
Randall              Shipping                                                   
Samuel               Shipping                                                   
Irene                Shipping                                                   
Kevin                Shipping                                                   
Julia                Shipping                                                   

FIRST_NAME           DEPARTMENT_NAME                                            
-------------------- ------------------------------                             
Donald               Shipping                                                   
TJ                   Shipping                                                   
Joshua               Shipping                                                   
Randall              Shipping                                                   
Hazel                Shipping                                                   
Trenna               Shipping                                                   
Michael              Shipping                                                   
Nandita              Shipping                                                   
John                 Shipping                                                   
Stephen              Shipping                                                   
Martha               Shipping                                                   

FIRST_NAME           DEPARTMENT_NAME                                            
-------------------- ------------------------------                             
David                IT                                                         
Valli                IT                                                         
Bruce                IT                                                         
Diana                IT                                                         
Alexander            IT                                                         
Hermann              Public Relations                                           
Ellen                Sales                                                      
Sundar               Sales                                                      
Amit                 Sales                                                      
Elizabeth            Sales                                                      
David                Sales                                                      

FIRST_NAME           DEPARTMENT_NAME                                            
-------------------- ------------------------------                             
Harrison             Sales                                                      
Gerald               Sales                                                      
Nanette              Sales                                                      
Louise               Sales                                                      
Alberto              Sales                                                      
Tayler               Sales                                                      
Danielle             Sales                                                      
Peter                Sales                                                      
Alyssa               Sales                                                      
Charles              Sales                                                      
Janette              Sales                                                      

FIRST_NAME           DEPARTMENT_NAME                                            
-------------------- ------------------------------                             
Sundita              Sales                                                      
David                Sales                                                      
Jack                 Sales                                                      
Mattea               Sales                                                      
Allan                Sales                                                      
Christopher          Sales                                                      
Lisa                 Sales                                                      
Karen                Sales                                                      
John                 Sales                                                      
Sarath               Sales                                                      
Lindsey              Sales                                                      

FIRST_NAME           DEPARTMENT_NAME                                            
-------------------- ------------------------------                             
William              Sales                                                      
Patrick              Sales                                                      
Jonathon             Sales                                                      
Peter                Sales                                                      
Oliver               Sales                                                      
Clara                Sales                                                      
Eleni                Sales                                                      
Neena                Executive                                                  
Steven               Executive                                                  
Lex                  Executive                                                  
Luis                 Finance                                                    

FIRST_NAME           DEPARTMENT_NAME                                            
-------------------- ------------------------------                             
Jose Manuel          Finance                                                    
John                 Finance                                                    
Daniel               Finance                                                    
Ismael               Finance                                                    
Nancy                Finance                                                    
William              Accounting                                                 
Shelley              Accounting                                                 

106 rows selected.

SQL> select first_name,department_name from employees e join departments d on (e.did=d.department_id);

FIRST_NAME           DEPARTMENT_NAME                                            
-------------------- ------------------------------                             
Jennifer             Administration                                             
Pat                  Marketing                                                  
Michael              Marketing                                                  
Sigal                Purchasing                                                 
Karen                Purchasing                                                 
Shelli               Purchasing                                                 
Den                  Purchasing                                                 
Alexander            Purchasing                                                 
Guy                  Purchasing                                                 
Susan                Human Resources                                            
Kevin                Shipping                                                   

FIRST_NAME           DEPARTMENT_NAME                                            
-------------------- ------------------------------                             
Jean                 Shipping                                                   
Adam                 Shipping                                                   
Timothy              Shipping                                                   
Ki                   Shipping                                                   
Girard               Shipping                                                   
Douglas              Shipping                                                   
Vance                Shipping                                                   
Payam                Shipping                                                   
Renske               Shipping                                                   
Britney              Shipping                                                   
Jennifer             Shipping                                                   

FIRST_NAME           DEPARTMENT_NAME                                            
-------------------- ------------------------------                             
Julia                Shipping                                                   
Curtis               Shipping                                                   
Kelly                Shipping                                                   
Anthony              Shipping                                                   
Alexis               Shipping                                                   
Laura                Shipping                                                   
Sarah                Shipping                                                   
Mozhe                Shipping                                                   
James                Shipping                                                   
Matthew              Shipping                                                   
Alana                Shipping                                                   

FIRST_NAME           DEPARTMENT_NAME                                            
-------------------- ------------------------------                             
Shanta               Shipping                                                   
Peter                Shipping                                                   
Winston              Shipping                                                   
Jason                Shipping                                                   
Steven               Shipping                                                   
James                Shipping                                                   
Randall              Shipping                                                   
Samuel               Shipping                                                   
Irene                Shipping                                                   
Kevin                Shipping                                                   
Julia                Shipping                                                   

FIRST_NAME           DEPARTMENT_NAME                                            
-------------------- ------------------------------                             
Donald               Shipping                                                   
TJ                   Shipping                                                   
Joshua               Shipping                                                   
Randall              Shipping                                                   
Hazel                Shipping                                                   
Trenna               Shipping                                                   
Michael              Shipping                                                   
Nandita              Shipping                                                   
John                 Shipping                                                   
Stephen              Shipping                                                   
Martha               Shipping                                                   

FIRST_NAME           DEPARTMENT_NAME                                            
-------------------- ------------------------------                             
David                IT                                                         
Valli                IT                                                         
Bruce                IT                                                         
Diana                IT                                                         
Alexander            IT                                                         
Hermann              Public Relations                                           
Ellen                Sales                                                      
Sundar               Sales                                                      
Amit                 Sales                                                      
Elizabeth            Sales                                                      
David                Sales                                                      

FIRST_NAME           DEPARTMENT_NAME                                            
-------------------- ------------------------------                             
Harrison             Sales                                                      
Gerald               Sales                                                      
Nanette              Sales                                                      
Louise               Sales                                                      
Alberto              Sales                                                      
Tayler               Sales                                                      
Danielle             Sales                                                      
Peter                Sales                                                      
Alyssa               Sales                                                      
Charles              Sales                                                      
Janette              Sales                                                      

FIRST_NAME           DEPARTMENT_NAME                                            
-------------------- ------------------------------                             
Sundita              Sales                                                      
David                Sales                                                      
Jack                 Sales                                                      
Mattea               Sales                                                      
Allan                Sales                                                      
Christopher          Sales                                                      
Lisa                 Sales                                                      
Karen                Sales                                                      
John                 Sales                                                      
Sarath               Sales                                                      
Lindsey              Sales                                                      

FIRST_NAME           DEPARTMENT_NAME                                            
-------------------- ------------------------------                             
William              Sales                                                      
Patrick              Sales                                                      
Jonathon             Sales                                                      
Peter                Sales                                                      
Oliver               Sales                                                      
Clara                Sales                                                      
Eleni                Sales                                                      
Neena                Executive                                                  
Steven               Executive                                                  
Lex                  Executive                                                  
Luis                 Finance                                                    

FIRST_NAME           DEPARTMENT_NAME                                            
-------------------- ------------------------------                             
Jose Manuel          Finance                                                    
John                 Finance                                                    
Daniel               Finance                                                    
Ismael               Finance                                                    
Nancy                Finance                                                    
William              Accounting                                                 
Shelley              Accounting                                                 

106 rows selected.

SQL> rem outer
SQL> rem left right full
SQL> 
SQL> rem matched data asa unmatched data
SQL> select first_name,department_name from employees left outer join departments on(e.did=d.department_id);
select first_name,department_name from employees left outer join departments on(e.did=d.department_id)
                                                                                      *
ERROR at line 1:
ORA-00904: "D"."DEPARTMENT_ID": invalid identifier 


SQL> select first_name,department_name from employees e left outer join departments d on(e.did=d.department_id);

FIRST_NAME           DEPARTMENT_NAME                                            
-------------------- ------------------------------                             
Jennifer             Administration                                             
Pat                  Marketing                                                  
Michael              Marketing                                                  
Karen                Purchasing                                                 
Guy                  Purchasing                                                 
Sigal                Purchasing                                                 
Shelli               Purchasing                                                 
Alexander            Purchasing                                                 
Den                  Purchasing                                                 
Susan                Human Resources                                            
Kevin                Shipping                                                   

FIRST_NAME           DEPARTMENT_NAME                                            
-------------------- ------------------------------                             
Alana                Shipping                                                   
Vance                Shipping                                                   
Samuel               Shipping                                                   
Britney              Shipping                                                   
Sarah                Shipping                                                   
Randall              Shipping                                                   
Timothy              Shipping                                                   
Jennifer             Shipping                                                   
Kelly                Shipping                                                   
Anthony              Shipping                                                   
Julia                Shipping                                                   

FIRST_NAME           DEPARTMENT_NAME                                            
-------------------- ------------------------------                             
Alexis               Shipping                                                   
Nandita              Shipping                                                   
Girard               Shipping                                                   
Martha               Shipping                                                   
Jean                 Shipping                                                   
Winston              Shipping                                                   
Peter                Shipping                                                   
Randall              Shipping                                                   
Curtis               Shipping                                                   
Trenna               Shipping                                                   
Joshua               Shipping                                                   

FIRST_NAME           DEPARTMENT_NAME                                            
-------------------- ------------------------------                             
John                 Shipping                                                   
Stephen              Shipping                                                   
Renske               Shipping                                                   
Hazel                Shipping                                                   
Ki                   Shipping                                                   
Michael              Shipping                                                   
Jason                Shipping                                                   
TJ                   Shipping                                                   
James                Shipping                                                   
Mozhe                Shipping                                                   
Laura                Shipping                                                   

FIRST_NAME           DEPARTMENT_NAME                                            
-------------------- ------------------------------                             
Steven               Shipping                                                   
James                Shipping                                                   
Irene                Shipping                                                   
Julia                Shipping                                                   
Kevin                Shipping                                                   
Shanta               Shipping                                                   
Payam                Shipping                                                   
Adam                 Shipping                                                   
Matthew              Shipping                                                   
Douglas              Shipping                                                   
Donald               Shipping                                                   

FIRST_NAME           DEPARTMENT_NAME                                            
-------------------- ------------------------------                             
Diana                IT                                                         
Valli                IT                                                         
David                IT                                                         
Bruce                IT                                                         
Alexander            IT                                                         
Hermann              Public Relations                                           
Charles              Sales                                                      
Jack                 Sales                                                      
Jonathon             Sales                                                      
Alyssa               Sales                                                      
Ellen                Sales                                                      

FIRST_NAME           DEPARTMENT_NAME                                            
-------------------- ------------------------------                             
Sundita              Sales                                                      
Elizabeth            Sales                                                      
William              Sales                                                      
Tayler               Sales                                                      
Harrison             Sales                                                      
Lisa                 Sales                                                      
Amit                 Sales                                                      
Sundar               Sales                                                      
David                Sales                                                      
Mattea               Sales                                                      
Danielle             Sales                                                      

FIRST_NAME           DEPARTMENT_NAME                                            
-------------------- ------------------------------                             
Clara                Sales                                                      
Sarath               Sales                                                      
Louise               Sales                                                      
Lindsey              Sales                                                      
Allan                Sales                                                      
Patrick              Sales                                                      
Janette              Sales                                                      
Oliver               Sales                                                      
Nanette              Sales                                                      
Christopher          Sales                                                      
Peter                Sales                                                      

FIRST_NAME           DEPARTMENT_NAME                                            
-------------------- ------------------------------                             
David                Sales                                                      
Peter                Sales                                                      
Eleni                Sales                                                      
Gerald               Sales                                                      
Alberto              Sales                                                      
Karen                Sales                                                      
John                 Sales                                                      
Lex                  Executive                                                  
Neena                Executive                                                  
Steven               Executive                                                  
Luis                 Finance                                                    

FIRST_NAME           DEPARTMENT_NAME                                            
-------------------- ------------------------------                             
Jose Manuel          Finance                                                    
Ismael               Finance                                                    
John                 Finance                                                    
Daniel               Finance                                                    
Nancy                Finance                                                    
William              Accounting                                                 
Shelley              Accounting                                                 
Kimberely                                                                       

107 rows selected.

SQL> select first_name,department_name from employees e right outer join departments d on(e.did=d.department_id);

FIRST_NAME           DEPARTMENT_NAME                                            
-------------------- ------------------------------                             
Jennifer             Administration                                             
Pat                  Marketing                                                  
Michael              Marketing                                                  
Sigal                Purchasing                                                 
Karen                Purchasing                                                 
Shelli               Purchasing                                                 
Den                  Purchasing                                                 
Alexander            Purchasing                                                 
Guy                  Purchasing                                                 
Susan                Human Resources                                            
Kevin                Shipping                                                   

FIRST_NAME           DEPARTMENT_NAME                                            
-------------------- ------------------------------                             
Jean                 Shipping                                                   
Adam                 Shipping                                                   
Timothy              Shipping                                                   
Ki                   Shipping                                                   
Girard               Shipping                                                   
Douglas              Shipping                                                   
Vance                Shipping                                                   
Payam                Shipping                                                   
Renske               Shipping                                                   
Britney              Shipping                                                   
Jennifer             Shipping                                                   

FIRST_NAME           DEPARTMENT_NAME                                            
-------------------- ------------------------------                             
Julia                Shipping                                                   
Curtis               Shipping                                                   
Kelly                Shipping                                                   
Anthony              Shipping                                                   
Alexis               Shipping                                                   
Laura                Shipping                                                   
Sarah                Shipping                                                   
Mozhe                Shipping                                                   
James                Shipping                                                   
Matthew              Shipping                                                   
Alana                Shipping                                                   

FIRST_NAME           DEPARTMENT_NAME                                            
-------------------- ------------------------------                             
Shanta               Shipping                                                   
Peter                Shipping                                                   
Winston              Shipping                                                   
Jason                Shipping                                                   
Steven               Shipping                                                   
James                Shipping                                                   
Randall              Shipping                                                   
Samuel               Shipping                                                   
Irene                Shipping                                                   
Kevin                Shipping                                                   
Julia                Shipping                                                   

FIRST_NAME           DEPARTMENT_NAME                                            
-------------------- ------------------------------                             
Donald               Shipping                                                   
TJ                   Shipping                                                   
Joshua               Shipping                                                   
Randall              Shipping                                                   
Hazel                Shipping                                                   
Trenna               Shipping                                                   
Michael              Shipping                                                   
Nandita              Shipping                                                   
John                 Shipping                                                   
Stephen              Shipping                                                   
Martha               Shipping                                                   

FIRST_NAME           DEPARTMENT_NAME                                            
-------------------- ------------------------------                             
David                IT                                                         
Valli                IT                                                         
Bruce                IT                                                         
Diana                IT                                                         
Alexander            IT                                                         
Hermann              Public Relations                                           
Ellen                Sales                                                      
Sundar               Sales                                                      
Amit                 Sales                                                      
Elizabeth            Sales                                                      
David                Sales                                                      

FIRST_NAME           DEPARTMENT_NAME                                            
-------------------- ------------------------------                             
Harrison             Sales                                                      
Gerald               Sales                                                      
Nanette              Sales                                                      
Louise               Sales                                                      
Alberto              Sales                                                      
Tayler               Sales                                                      
Danielle             Sales                                                      
Peter                Sales                                                      
Alyssa               Sales                                                      
Charles              Sales                                                      
Janette              Sales                                                      

FIRST_NAME           DEPARTMENT_NAME                                            
-------------------- ------------------------------                             
Sundita              Sales                                                      
David                Sales                                                      
Jack                 Sales                                                      
Mattea               Sales                                                      
Allan                Sales                                                      
Christopher          Sales                                                      
Lisa                 Sales                                                      
Karen                Sales                                                      
John                 Sales                                                      
Sarath               Sales                                                      
Lindsey              Sales                                                      

FIRST_NAME           DEPARTMENT_NAME                                            
-------------------- ------------------------------                             
William              Sales                                                      
Patrick              Sales                                                      
Jonathon             Sales                                                      
Peter                Sales                                                      
Oliver               Sales                                                      
Clara                Sales                                                      
Eleni                Sales                                                      
Neena                Executive                                                  
Steven               Executive                                                  
Lex                  Executive                                                  
Luis                 Finance                                                    

FIRST_NAME           DEPARTMENT_NAME                                            
-------------------- ------------------------------                             
Jose Manuel          Finance                                                    
John                 Finance                                                    
Daniel               Finance                                                    
Ismael               Finance                                                    
Nancy                Finance                                                    
William              Accounting                                                 
Shelley              Accounting                                                 
                     Treasury                                                   
                     Corporate Tax                                              
                     Control And Credit                                         
                     Shareholder Services                                       

FIRST_NAME           DEPARTMENT_NAME                                            
-------------------- ------------------------------                             
                     Benefits                                                   
                     Manufacturing                                              
                     Construction                                               
                     Contracting                                                
                     Operations                                                 
                     IT Support                                                 
                     NOC                                                        
                     IT Helpdesk                                                
                     Government Sales                                           
                     Retail Sales                                               
                     Recruiting                                                 

FIRST_NAME           DEPARTMENT_NAME                                            
-------------------- ------------------------------                             
                     Payroll                                                    

122 rows selected.

SQL> select first_name,department_name from employees e full outer join departments d on(e.did=d.department_id);

FIRST_NAME           DEPARTMENT_NAME                                            
-------------------- ------------------------------                             
Donald               Shipping                                                   
Douglas              Shipping                                                   
Jennifer             Administration                                             
Michael              Marketing                                                  
Pat                  Marketing                                                  
Susan                Human Resources                                            
Hermann              Public Relations                                           
Shelley              Accounting                                                 
William              Accounting                                                 
Steven               Executive                                                  
Neena                Executive                                                  

FIRST_NAME           DEPARTMENT_NAME                                            
-------------------- ------------------------------                             
Lex                  Executive                                                  
Alexander            IT                                                         
Bruce                IT                                                         
David                IT                                                         
Valli                IT                                                         
Diana                IT                                                         
Nancy                Finance                                                    
Daniel               Finance                                                    
John                 Finance                                                    
Ismael               Finance                                                    
Jose Manuel          Finance                                                    

FIRST_NAME           DEPARTMENT_NAME                                            
-------------------- ------------------------------                             
Luis                 Finance                                                    
Den                  Purchasing                                                 
Alexander            Purchasing                                                 
Shelli               Purchasing                                                 
Sigal                Purchasing                                                 
Guy                  Purchasing                                                 
Karen                Purchasing                                                 
Matthew              Shipping                                                   
Adam                 Shipping                                                   
Payam                Shipping                                                   
Shanta               Shipping                                                   

FIRST_NAME           DEPARTMENT_NAME                                            
-------------------- ------------------------------                             
Kevin                Shipping                                                   
Julia                Shipping                                                   
Irene                Shipping                                                   
James                Shipping                                                   
Steven               Shipping                                                   
Laura                Shipping                                                   
Mozhe                Shipping                                                   
James                Shipping                                                   
TJ                   Shipping                                                   
Jason                Shipping                                                   
Michael              Shipping                                                   

FIRST_NAME           DEPARTMENT_NAME                                            
-------------------- ------------------------------                             
Ki                   Shipping                                                   
Hazel                Shipping                                                   
Renske               Shipping                                                   
Stephen              Shipping                                                   
John                 Shipping                                                   
Joshua               Shipping                                                   
Trenna               Shipping                                                   
Curtis               Shipping                                                   
Randall              Shipping                                                   
Peter                Shipping                                                   
John                 Sales                                                      

FIRST_NAME           DEPARTMENT_NAME                                            
-------------------- ------------------------------                             
Karen                Sales                                                      
Alberto              Sales                                                      
Gerald               Sales                                                      
Eleni                Sales                                                      
Peter                Sales                                                      
David                Sales                                                      
Peter                Sales                                                      
Christopher          Sales                                                      
Nanette              Sales                                                      
Oliver               Sales                                                      
Janette              Sales                                                      

FIRST_NAME           DEPARTMENT_NAME                                            
-------------------- ------------------------------                             
Patrick              Sales                                                      
Allan                Sales                                                      
Lindsey              Sales                                                      
Louise               Sales                                                      
Sarath               Sales                                                      
Clara                Sales                                                      
Danielle             Sales                                                      
Mattea               Sales                                                      
David                Sales                                                      
Sundar               Sales                                                      
Amit                 Sales                                                      

FIRST_NAME           DEPARTMENT_NAME                                            
-------------------- ------------------------------                             
Lisa                 Sales                                                      
Harrison             Sales                                                      
Tayler               Sales                                                      
William              Sales                                                      
Elizabeth            Sales                                                      
Sundita              Sales                                                      
Ellen                Sales                                                      
Alyssa               Sales                                                      
Jonathon             Sales                                                      
Jack                 Sales                                                      
Kimberely                                                                       

FIRST_NAME           DEPARTMENT_NAME                                            
-------------------- ------------------------------                             
Charles              Sales                                                      
Winston              Shipping                                                   
Jean                 Shipping                                                   
Martha               Shipping                                                   
Girard               Shipping                                                   
Nandita              Shipping                                                   
Alexis               Shipping                                                   
Julia                Shipping                                                   
Anthony              Shipping                                                   
Kelly                Shipping                                                   
Jennifer             Shipping                                                   

FIRST_NAME           DEPARTMENT_NAME                                            
-------------------- ------------------------------                             
Timothy              Shipping                                                   
Randall              Shipping                                                   
Sarah                Shipping                                                   
Britney              Shipping                                                   
Samuel               Shipping                                                   
Vance                Shipping                                                   
Alana                Shipping                                                   
Kevin                Shipping                                                   
                     NOC                                                        
                     Manufacturing                                              
                     Government Sales                                           

FIRST_NAME           DEPARTMENT_NAME                                            
-------------------- ------------------------------                             
                     IT Support                                                 
                     Benefits                                                   
                     Shareholder Services                                       
                     Retail Sales                                               
                     Control And Credit                                         
                     Recruiting                                                 
                     Operations                                                 
                     Treasury                                                   
                     Payroll                                                    
                     Corporate Tax                                              
                     Construction                                               

FIRST_NAME           DEPARTMENT_NAME                                            
-------------------- ------------------------------                             
                     Contracting                                                
                     IT Helpdesk                                                

123 rows selected.

SQL> desc employees
 Name                                      Null?    Type
 ----------------------------------------- -------- ----------------------------
 EMPLOYEE_ID                               NOT NULL NUMBER(6)
 FIRST_NAME                                         VARCHAR2(20)
 LAST_NAME                                 NOT NULL VARCHAR2(25)
 EMAIL                                     NOT NULL VARCHAR2(25)
 PHONE_NUMBER                                       VARCHAR2(20)
 HIRE_DATE                                 NOT NULL DATE
 JOB_ID                                    NOT NULL VARCHAR2(10)
 SALARY                                             NUMBER(8,2)
 COMMISSION_PCT                                     NUMBER(2,2)
 MANAGER_ID                                         NUMBER(6)
 DID                                                NUMBER(4)

SQL> select employee_id,manager_id from employees;

EMPLOYEE_ID MANAGER_ID                                                          
----------- ----------                                                          
        198        124                                                          
        199        124                                                          
        200        101                                                          
        201        100                                                          
        202        201                                                          
        203        101                                                          
        204        101                                                          
        205        101                                                          
        206        205                                                          
        100                                                                     
        101        100                                                          

EMPLOYEE_ID MANAGER_ID                                                          
----------- ----------                                                          
        102        100                                                          
        103        102                                                          
        104        103                                                          
        105        103                                                          
        106        103                                                          
        107        103                                                          
        108        101                                                          
        109        108                                                          
        110        108                                                          
        111        108                                                          
        112        108                                                          

EMPLOYEE_ID MANAGER_ID                                                          
----------- ----------                                                          
        113        108                                                          
        114        100                                                          
        115        114                                                          
        116        114                                                          
        117        114                                                          
        118        114                                                          
        119        114                                                          
        120        100                                                          
        121        100                                                          
        122        100                                                          
        123        100                                                          

EMPLOYEE_ID MANAGER_ID                                                          
----------- ----------                                                          
        124        100                                                          
        125        120                                                          
        126        120                                                          
        127        120                                                          
        128        120                                                          
        129        121                                                          
        130        121                                                          
        131        121                                                          
        132        121                                                          
        133        122                                                          
        134        122                                                          

EMPLOYEE_ID MANAGER_ID                                                          
----------- ----------                                                          
        135        122                                                          
        136        122                                                          
        137        123                                                          
        138        123                                                          
        139        123                                                          
        140        123                                                          
        141        124                                                          
        142        124                                                          
        143        124                                                          
        144        124                                                          
        145        100                                                          

EMPLOYEE_ID MANAGER_ID                                                          
----------- ----------                                                          
        146        100                                                          
        147        100                                                          
        148        100                                                          
        149        100                                                          
        150        145                                                          
        151        145                                                          
        152        145                                                          
        153        145                                                          
        154        145                                                          
        155        145                                                          
        156        146                                                          

EMPLOYEE_ID MANAGER_ID                                                          
----------- ----------                                                          
        157        146                                                          
        158        146                                                          
        159        146                                                          
        160        146                                                          
        161        146                                                          
        162        147                                                          
        163        147                                                          
        164        147                                                          
        165        147                                                          
        166        147                                                          
        167        147                                                          

EMPLOYEE_ID MANAGER_ID                                                          
----------- ----------                                                          
        168        148                                                          
        169        148                                                          
        170        148                                                          
        171        148                                                          
        172        148                                                          
        173        148                                                          
        174        149                                                          
        175        149                                                          
        176        149                                                          
        177        149                                                          
        178        149                                                          

EMPLOYEE_ID MANAGER_ID                                                          
----------- ----------                                                          
        179        149                                                          
        180        120                                                          
        181        120                                                          
        182        120                                                          
        183        120                                                          
        184        121                                                          
        185        121                                                          
        186        121                                                          
        187        121                                                          
        188        122                                                          
        189        122                                                          

EMPLOYEE_ID MANAGER_ID                                                          
----------- ----------                                                          
        190        122                                                          
        191        122                                                          
        192        123                                                          
        193        123                                                          
        194        123                                                          
        195        123                                                          
        196        124                                                          
        197        124                                                          

107 rows selected.

SQL> 
SQL> select e.first_name emp,m.first_name mgr from employees e join employees m on(e.manager_id=m.employee_id);

EMP                  MGR                                                        
-------------------- --------------------                                       
William              Gerald                                                     
Lisa                 Gerald                                                     
Sundita              Gerald                                                     
Tayler               Gerald                                                     
Harrison             Gerald                                                     
Elizabeth            Gerald                                                     
Alexander            Lex                                                        
Clara                Alberto                                                    
Mattea               Alberto                                                    
David                Alberto                                                    
Danielle             Alberto                                                    

EMP                  MGR                                                        
-------------------- --------------------                                       
Amit                 Alberto                                                    
Sundar               Alberto                                                    
Nandita              Adam                                                       
TJ                   Adam                                                       
James                Adam                                                       
Julia                Adam                                                       
Anthony              Adam                                                       
Alexis               Adam                                                       
Laura                Adam                                                       
Mozhe                Adam                                                       
Jose Manuel          Nancy                                                      

EMP                  MGR                                                        
-------------------- --------------------                                       
Ismael               Nancy                                                      
Luis                 Nancy                                                      
Daniel               Nancy                                                      
John                 Nancy                                                      
Pat                  Michael                                                    
William              Shelley                                                    
Valli                Alexander                                                  
Diana                Alexander                                                  
Bruce                Alexander                                                  
David                Alexander                                                  
Michael              Payam                                                      

EMP                  MGR                                                        
-------------------- --------------------                                       
Hazel                Payam                                                      
Randall              Payam                                                      
Jason                Payam                                                      
Ki                   Payam                                                      
Timothy              Payam                                                      
Jennifer             Payam                                                      
Kelly                Payam                                                      
Eleni                Steven                                                     
Matthew              Steven                                                     
Shanta               Steven                                                     
John                 Steven                                                     

EMP                  MGR                                                        
-------------------- --------------------                                       
Den                  Steven                                                     
Karen                Steven                                                     
Kevin                Steven                                                     
Neena                Steven                                                     
Payam                Steven                                                     
Michael              Steven                                                     
Adam                 Steven                                                     
Alberto              Steven                                                     
Lex                  Steven                                                     
Gerald               Steven                                                     
Jennifer             Neena                                                      

EMP                  MGR                                                        
-------------------- --------------------                                       
Susan                Neena                                                      
Shelley              Neena                                                      
Nancy                Neena                                                      
Hermann              Neena                                                      
Alana                Kevin                                                      
Peter                Kevin                                                      
Trenna               Kevin                                                      
Donald               Kevin                                                      
Randall              Kevin                                                      
Douglas              Kevin                                                      
Kevin                Kevin                                                      

EMP                  MGR                                                        
-------------------- --------------------                                       
Curtis               Kevin                                                      
Patrick              Karen                                                      
Lindsey              Karen                                                      
Sarath               Karen                                                      
Allan                Karen                                                      
Janette              Karen                                                      
Louise               Karen                                                      
Sigal                Den                                                        
Alexander            Den                                                        
Guy                  Den                                                        
Karen                Den                                                        

EMP                  MGR                                                        
-------------------- --------------------                                       
Shelli               Den                                                        
Oliver               John                                                       
Peter                John                                                       
Christopher          John                                                       
Peter                John                                                       
Nanette              John                                                       
David                John                                                       
Stephen              Shanta                                                     
John                 Shanta                                                     
Joshua               Shanta                                                     
Samuel               Shanta                                                     

EMP                  MGR                                                        
-------------------- --------------------                                       
Renske               Shanta                                                     
Vance                Shanta                                                     
Britney              Shanta                                                     
Sarah                Shanta                                                     
Winston              Matthew                                                    
Martha               Matthew                                                    
Julia                Matthew                                                    
Irene                Matthew                                                    
Steven               Matthew                                                    
James                Matthew                                                    
Girard               Matthew                                                    

EMP                  MGR                                                        
-------------------- --------------------                                       
Jean                 Matthew                                                    
Jonathon             Eleni                                                      
Jack                 Eleni                                                      
Charles              Eleni                                                      
Alyssa               Eleni                                                      
Kimberely            Eleni                                                      
Ellen                Eleni                                                      

106 rows selected.

SQL> select e.first_name emp,m.first_name mgr from employees e join employees m on(e.manager_id=m.employee_id)
  2  
SQL> 
SQL> rem cross join
SQL> select country_name,region_name from countries cross join regions;

COUNTRY_NAME                             REGION_NAME                            
---------------------------------------- -------------------------              
Argentina                                Europe                                 
Australia                                Europe                                 
Belgium                                  Europe                                 
Brazil                                   Europe                                 
Canada                                   Europe                                 
Switzerland                              Europe                                 
China                                    Europe                                 
Germany                                  Europe                                 
Denmark                                  Europe                                 
Egypt                                    Europe                                 
France                                   Europe                                 

COUNTRY_NAME                             REGION_NAME                            
---------------------------------------- -------------------------              
Israel                                   Europe                                 
India                                    Europe                                 
Italy                                    Europe                                 
Japan                                    Europe                                 
Kuwait                                   Europe                                 
Malaysia                                 Europe                                 
Mexico                                   Europe                                 
Nigeria                                  Europe                                 
Netherlands                              Europe                                 
Singapore                                Europe                                 
United Kingdom                           Europe                                 

COUNTRY_NAME                             REGION_NAME                            
---------------------------------------- -------------------------              
United States of America                 Europe                                 
Zambia                                   Europe                                 
Zimbabwe                                 Europe                                 
Argentina                                Americas                               
Australia                                Americas                               
Belgium                                  Americas                               
Brazil                                   Americas                               
Canada                                   Americas                               
Switzerland                              Americas                               
China                                    Americas                               
Germany                                  Americas                               

COUNTRY_NAME                             REGION_NAME                            
---------------------------------------- -------------------------              
Denmark                                  Americas                               
Egypt                                    Americas                               
France                                   Americas                               
Israel                                   Americas                               
India                                    Americas                               
Italy                                    Americas                               
Japan                                    Americas                               
Kuwait                                   Americas                               
Malaysia                                 Americas                               
Mexico                                   Americas                               
Nigeria                                  Americas                               

COUNTRY_NAME                             REGION_NAME                            
---------------------------------------- -------------------------              
Netherlands                              Americas                               
Singapore                                Americas                               
United Kingdom                           Americas                               
United States of America                 Americas                               
Zambia                                   Americas                               
Zimbabwe                                 Americas                               
Argentina                                Asia                                   
Australia                                Asia                                   
Belgium                                  Asia                                   
Brazil                                   Asia                                   
Canada                                   Asia                                   

COUNTRY_NAME                             REGION_NAME                            
---------------------------------------- -------------------------              
Switzerland                              Asia                                   
China                                    Asia                                   
Germany                                  Asia                                   
Denmark                                  Asia                                   
Egypt                                    Asia                                   
France                                   Asia                                   
Israel                                   Asia                                   
India                                    Asia                                   
Italy                                    Asia                                   
Japan                                    Asia                                   
Kuwait                                   Asia                                   

COUNTRY_NAME                             REGION_NAME                            
---------------------------------------- -------------------------              
Malaysia                                 Asia                                   
Mexico                                   Asia                                   
Nigeria                                  Asia                                   
Netherlands                              Asia                                   
Singapore                                Asia                                   
United Kingdom                           Asia                                   
United States of America                 Asia                                   
Zambia                                   Asia                                   
Zimbabwe                                 Asia                                   
Argentina                                Middle East and Africa                 
Australia                                Middle East and Africa                 

COUNTRY_NAME                             REGION_NAME                            
---------------------------------------- -------------------------              
Belgium                                  Middle East and Africa                 
Brazil                                   Middle East and Africa                 
Canada                                   Middle East and Africa                 
Switzerland                              Middle East and Africa                 
China                                    Middle East and Africa                 
Germany                                  Middle East and Africa                 
Denmark                                  Middle East and Africa                 
Egypt                                    Middle East and Africa                 
France                                   Middle East and Africa                 
Israel                                   Middle East and Africa                 
India                                    Middle East and Africa                 

COUNTRY_NAME                             REGION_NAME                            
---------------------------------------- -------------------------              
Italy                                    Middle East and Africa                 
Japan                                    Middle East and Africa                 
Kuwait                                   Middle East and Africa                 
Malaysia                                 Middle East and Africa                 
Mexico                                   Middle East and Africa                 
Nigeria                                  Middle East and Africa                 
Netherlands                              Middle East and Africa                 
Singapore                                Middle East and Africa                 
United Kingdom                           Middle East and Africa                 
United States of America                 Middle East and Africa                 
Zambia                                   Middle East and Africa                 

COUNTRY_NAME                             REGION_NAME                            
---------------------------------------- -------------------------              
Zimbabwe                                 Middle East and Africa                 

100 rows selected.

SQL> select country_name,region_name from countries , regions;

COUNTRY_NAME                             REGION_NAME                            
---------------------------------------- -------------------------              
Argentina                                Europe                                 
Australia                                Europe                                 
Belgium                                  Europe                                 
Brazil                                   Europe                                 
Canada                                   Europe                                 
Switzerland                              Europe                                 
China                                    Europe                                 
Germany                                  Europe                                 
Denmark                                  Europe                                 
Egypt                                    Europe                                 
France                                   Europe                                 

COUNTRY_NAME                             REGION_NAME                            
---------------------------------------- -------------------------              
Israel                                   Europe                                 
India                                    Europe                                 
Italy                                    Europe                                 
Japan                                    Europe                                 
Kuwait                                   Europe                                 
Malaysia                                 Europe                                 
Mexico                                   Europe                                 
Nigeria                                  Europe                                 
Netherlands                              Europe                                 
Singapore                                Europe                                 
United Kingdom                           Europe                                 

COUNTRY_NAME                             REGION_NAME                            
---------------------------------------- -------------------------              
United States of America                 Europe                                 
Zambia                                   Europe                                 
Zimbabwe                                 Europe                                 
Argentina                                Americas                               
Australia                                Americas                               
Belgium                                  Americas                               
Brazil                                   Americas                               
Canada                                   Americas                               
Switzerland                              Americas                               
China                                    Americas                               
Germany                                  Americas                               

COUNTRY_NAME                             REGION_NAME                            
---------------------------------------- -------------------------              
Denmark                                  Americas                               
Egypt                                    Americas                               
France                                   Americas                               
Israel                                   Americas                               
India                                    Americas                               
Italy                                    Americas                               
Japan                                    Americas                               
Kuwait                                   Americas                               
Malaysia                                 Americas                               
Mexico                                   Americas                               
Nigeria                                  Americas                               

COUNTRY_NAME                             REGION_NAME                            
---------------------------------------- -------------------------              
Netherlands                              Americas                               
Singapore                                Americas                               
United Kingdom                           Americas                               
United States of America                 Americas                               
Zambia                                   Americas                               
Zimbabwe                                 Americas                               
Argentina                                Asia                                   
Australia                                Asia                                   
Belgium                                  Asia                                   
Brazil                                   Asia                                   
Canada                                   Asia                                   

COUNTRY_NAME                             REGION_NAME                            
---------------------------------------- -------------------------              
Switzerland                              Asia                                   
China                                    Asia                                   
Germany                                  Asia                                   
Denmark                                  Asia                                   
Egypt                                    Asia                                   
France                                   Asia                                   
Israel                                   Asia                                   
India                                    Asia                                   
Italy                                    Asia                                   
Japan                                    Asia                                   
Kuwait                                   Asia                                   

COUNTRY_NAME                             REGION_NAME                            
---------------------------------------- -------------------------              
Malaysia                                 Asia                                   
Mexico                                   Asia                                   
Nigeria                                  Asia                                   
Netherlands                              Asia                                   
Singapore                                Asia                                   
United Kingdom                           Asia                                   
United States of America                 Asia                                   
Zambia                                   Asia                                   
Zimbabwe                                 Asia                                   
Argentina                                Middle East and Africa                 
Australia                                Middle East and Africa                 

COUNTRY_NAME                             REGION_NAME                            
---------------------------------------- -------------------------              
Belgium                                  Middle East and Africa                 
Brazil                                   Middle East and Africa                 
Canada                                   Middle East and Africa                 
Switzerland                              Middle East and Africa                 
China                                    Middle East and Africa                 
Germany                                  Middle East and Africa                 
Denmark                                  Middle East and Africa                 
Egypt                                    Middle East and Africa                 
France                                   Middle East and Africa                 
Israel                                   Middle East and Africa                 
India                                    Middle East and Africa                 

COUNTRY_NAME                             REGION_NAME                            
---------------------------------------- -------------------------              
Italy                                    Middle East and Africa                 
Japan                                    Middle East and Africa                 
Kuwait                                   Middle East and Africa                 
Malaysia                                 Middle East and Africa                 
Mexico                                   Middle East and Africa                 
Nigeria                                  Middle East and Africa                 
Netherlands                              Middle East and Africa                 
Singapore                                Middle East and Africa                 
United Kingdom                           Middle East and Africa                 
United States of America                 Middle East and Africa                 
Zambia                                   Middle East and Africa                 

COUNTRY_NAME                             REGION_NAME                            
---------------------------------------- -------------------------              
Zimbabwe                                 Middle East and Africa                 

100 rows selected.

SQL> rem subquery
SQL> rem sigle multiple
SQL> rem single =<>!=
SQL> rem multiple in any all
SQL> select first_name,salary from employees where salary>10000;

FIRST_NAME               SALARY                                                 
-------------------- ----------                                                 
Ellen                     11000                                                 
Gerald                    11000                                                 
Lex                       17000                                                 
Alberto                   12000                                                 
Nancy                     12008                                                 
Michael                   13000                                                 
Shelley                   12008                                                 
Steven                    24000                                                 
Neena                     17000                                                 
Lisa                      11500                                                 
Karen                     13500                                                 

FIRST_NAME               SALARY                                                 
-------------------- ----------                                                 
Den                       11000                                                 
John                      14000                                                 
Clara                     10500                                                 
Eleni                     10500                                                 

15 rows selected.

SQL> select first_name,salary from employees where salary>=(select salary from employees where first_name='Den');

FIRST_NAME               SALARY                                                 
-------------------- ----------                                                 
Den                       11000                                                 
Gerald                    11000                                                 
Ellen                     11000                                                 
Lisa                      11500                                                 
Alberto                   12000                                                 
Shelley                   12008                                                 
Nancy                     12008                                                 
Michael                   13000                                                 
Karen                     13500                                                 
John                      14000                                                 
Neena                     17000                                                 

FIRST_NAME               SALARY                                                 
-------------------- ----------                                                 
Lex                       17000                                                 
Steven                    24000                                                 

13 rows selected.

SQL> select first_name,salary from employees where salary>=(select salary from employees where first_name='Kevin');
select first_name,salary from employees where salary>=(select salary from employees where first_name='Kevin')
                                                       *
ERROR at line 1:
ORA-01427: single-row subquery returns more than one row 


SQL> select first_name,salary from employees where salary>all(select salary from employees where first_name='Kevin');

FIRST_NAME               SALARY                                                 
-------------------- ----------                                                 
Pat                        6000                                                 
Bruce                      6000                                                 
Sundita                    6100                                                 
Amit                       6200                                                 
Charles                    6200                                                 
Sundar                     6400                                                 
Shanta                     6500                                                 
Susan                      6500                                                 
David                      6800                                                 
Luis                       6900                                                 
Oliver                     7000                                                 

FIRST_NAME               SALARY                                                 
-------------------- ----------                                                 
Kimberely                  7000                                                 
Sarath                     7000                                                 
Mattea                     7200                                                 
Elizabeth                  7300                                                 
William                    7400                                                 
Nanette                    7500                                                 
Louise                     7500                                                 
Ismael                     7700                                                 
Jose Manuel                7800                                                 
Payam                      7900                                                 
Lindsey                    8000                                                 

FIRST_NAME               SALARY                                                 
-------------------- ----------                                                 
Christopher                8000                                                 
Matthew                    8000                                                 
Adam                       8200                                                 
John                       8200                                                 
William                    8300                                                 
Jack                       8400                                                 
Jonathon                   8600                                                 
Alyssa                     8800                                                 
Daniel                     9000                                                 
Alexander                  9000                                                 
Peter                      9000                                                 

FIRST_NAME               SALARY                                                 
-------------------- ----------                                                 
Allan                      9000                                                 
Patrick                    9500                                                 
David                      9500                                                 
Danielle                   9500                                                 
Tayler                     9600                                                 
Hermann                   10000                                                 
Harrison                  10000                                                 
Janette                   10000                                                 
Peter                     10000                                                 
Clara                     10500                                                 
Eleni                     10500                                                 

FIRST_NAME               SALARY                                                 
-------------------- ----------                                                 
Gerald                    11000                                                 
Ellen                     11000                                                 
Den                       11000                                                 
Lisa                      11500                                                 
Alberto                   12000                                                 
Nancy                     12008                                                 
Shelley                   12008                                                 
Michael                   13000                                                 
Karen                     13500                                                 
John                      14000                                                 
Lex                       17000                                                 

FIRST_NAME               SALARY                                                 
-------------------- ----------                                                 
Neena                     17000                                                 
Steven                    24000                                                 

57 rows selected.

SQL> select first_name,salary from employees where salary in(select salary from employees where first_name='Kevin');

FIRST_NAME               SALARY                                                 
-------------------- ----------                                                 
Anthony                    3000                                                 
Kevin                      3000                                                 
Kevin                      5800                                                 

SQL> select first_name,salary from employees where salary in(select salary from employees where first_name='Kevin')
  2  
SQL> 
SQL> 
SQL> rem ddl
SQL> rem dml
SQL> rem tcl
SQL> rem ddl
SQL> rem ddl create alter drop truncate rename
SQL> rem dml select insert update delete  to store date permenently we havve to give commit and ddl is auto commit
SQL> rem tcl commit rollback
SQL> 
SQL> rem dcl grant revoke
SQL> 
SQL> conn sys as sysdba
Connected.
SQL> create user h1 identified by h1
  2  default tablespace users
  3  temporary tablespace temp
  4  quota 10m on users;

User created.

SQL> conn h1/h1
ERROR:
ORA-01045: user H1 lacks CREATE SESSION privilege; logon denied 


Warning: You are no longer connected to ORACLE.
SQL> conn sys as sysdba
Connected.
SQL> grant create session,create table,create view ,create sequence to h1;

Grant succeeded.

SQL> conn h1/h1
Connected.
SQL> create table royal (no number(3),name varchar2(35),hiredate date,sal number(8,2));

Table created.

SQL> desc royal
 Name                                      Null?    Type
 ----------------------------------------- -------- ----------------------------
 NO                                                 NUMBER(3)
 NAME                                               VARCHAR2(35)
 HIREDATE                                           DATE
 SAL                                                NUMBER(8,2)

SQL> insert into royal values(1,'royal',sysdate,10000);

1 row created.

SQL> insert into royal values(2,'royal2',sysdate-33,10000);

1 row created.

SQL> insert into royal values(3,'royal3',sysdate-333,10000);

1 row created.

SQL> select * from royal;

        NO NAME                                HIREDATE         SAL             
---------- ----------------------------------- --------- ----------             
         1 royal                               11-MAY-19      10000             
         2 royal2                              08-APR-19      10000             
         3 royal3                              12-JUN-18      10000             

SQL> commit;

Commit complete.

SQL> insert into royal values(4,'royal4',sysdate-2333,10000);

1 row created.

SQL> select * from royal;

        NO NAME                                HIREDATE         SAL             
---------- ----------------------------------- --------- ----------             
         1 royal                               11-MAY-19      10000             
         2 royal2                              08-APR-19      10000             
         3 royal3                              12-JUN-18      10000             
         4 royal4                              20-DEC-12      10000             

SQL> update royal set sal=15000 where no=4;

1 row updated.

SQL> select * from royal;

        NO NAME                                HIREDATE         SAL             
---------- ----------------------------------- --------- ----------             
         1 royal                               11-MAY-19      10000             
         2 royal2                              08-APR-19      10000             
         3 royal3                              12-JUN-18      10000             
         4 royal4                              20-DEC-12      15000             

SQL> rollback;

Rollback complete.

SQL> select * from royal;

        NO NAME                                HIREDATE         SAL             
---------- ----------------------------------- --------- ----------             
         1 royal                               11-MAY-19      10000             
         2 royal2                              08-APR-19      10000             
         3 royal3                              12-JUN-18      10000             

SQL> alter table royal add(job_id varchar2(44));

Table altered.

SQL> desc royal
 Name                                      Null?    Type
 ----------------------------------------- -------- ----------------------------
 NO                                                 NUMBER(3)
 NAME                                               VARCHAR2(35)
 HIREDATE                                           DATE
 SAL                                                NUMBER(8,2)
 JOB_ID                                             VARCHAR2(44)

SQL> select * from royal;

        NO NAME                                HIREDATE         SAL             
---------- ----------------------------------- --------- ----------             
JOB_ID                                                                          
--------------------------------------------                                    
         1 royal                               11-MAY-19      10000             
                                                                                
                                                                                
         2 royal2                              08-APR-19      10000             
                                                                                
                                                                                
         3 royal3                              12-JUN-18      10000             
                                                                                
                                                                                

SQL> set lines 180
SQL> /

        NO NAME                                HIREDATE         SAL JOB_ID                                                                                                          
---------- ----------------------------------- --------- ---------- --------------------------------------------                                                                    
         1 royal                               11-MAY-19      10000                                                                                                                 
         2 royal2                              08-APR-19      10000                                                                                                                 
         3 royal3                              12-JUN-18      10000                                                                                                                 

SQL> //

        NO NAME                                HIREDATE         SAL JOB_ID                                                                                                          
---------- ----------------------------------- --------- ---------- --------------------------------------------                                                                    
         1 royal                               11-MAY-19      10000                                                                                                                 
         2 royal2                              08-APR-19      10000                                                                                                                 
         3 royal3                              12-JUN-18      10000                                                                                                                 

SQL> l
  1* select * from royal
SQL> 
SQL> 
SQL> alter table royal drop column(job_id);
alter table royal drop column(job_id)
                             *
ERROR at line 1:
ORA-00904: : invalid identifier 


SQL> alter table royal drop(job_id);

Table altered.

SQL> desc royal
 Name                                                                                                  Null?    Type
 ----------------------------------------------------------------------------------------------------- -------- --------------------------------------------------------------------
 NO                                                                                                             NUMBER(3)
 NAME                                                                                                           VARCHAR2(35)
 HIREDATE                                                                                                       DATE
 SAL                                                                                                            NUMBER(8,2)

SQL> alter table royal modify (name varchar2(40));

Table altered.

SQL> desc royal
 Name                                                                                                  Null?    Type
 ----------------------------------------------------------------------------------------------------- -------- --------------------------------------------------------------------
 NO                                                                                                             NUMBER(3)
 NAME                                                                                                           VARCHAR2(40)
 HIREDATE                                                                                                       DATE
 SAL                                                                                                            NUMBER(8,2)

SQL> drop table royal;

Table dropped.

SQL> select * from tab;

TNAME                          TABTYPE  CLUSTERID                                                                                                                                   
------------------------------ ------- ----------                                                                                                                                   
BIN$Z9k8zY1pTmSXexMkj+L6Lg==$0 TABLE                                                                                                                                                

SQL> show recyclebin
ORIGINAL NAME    RECYCLEBIN NAME                OBJECT TYPE  DROP TIME                                                                                                              
---------------- ------------------------------ ------------ -------------------                                                                                                    
ROYAL            BIN$Z9k8zY1pTmSXexMkj+L6Lg==$0 TABLE        2019-05-11:12:33:34                                                                                                    
SQL> purge recyclebin
  2  ;

Recyclebin purged.

SQL> show recyclebin
SQL> conn sys as sysdba
Connected.
SQL> grant select on hr.employees to h1;

Grant succeeded.

SQL> conn h1/h1
Connected.
SQL> select * from hr.employees;

EMPLOYEE_ID FIRST_NAME           LAST_NAME                 EMAIL                     PHONE_NUMBER         HIRE_DATE JOB_ID         SALARY COMMISSION_PCT MANAGER_ID        DID      
----------- -------------------- ------------------------- ------------------------- -------------------- --------- ---------- ---------- -------------- ---------- ----------      
        198 Donald               OConnell                  DOCONNEL                  650.507.9833         21-JUN-07 SH_CLERK         2600                       124         50      
        199 Douglas              Grant                     DGRANT                    650.507.9844         13-JAN-08 SH_CLERK         2600                       124         50      
        200 Jennifer             Whalen                    JWHALEN                   515.123.4444         17-SEP-03 AD_ASST          4400                       101         10      
        201 Michael              Hartstein                 MHARTSTE                  515.123.5555         17-FEB-04 MK_MAN          13000                       100         20      
        202 Pat                  Fay                       PFAY                      603.123.6666         17-AUG-05 MK_REP           6000                       201         20      
        203 Susan                Mavris                    SMAVRIS                   515.123.7777         07-JUN-02 HR_REP           6500                       101         40      
        204 Hermann              Baer                      HBAER                     515.123.8888         07-JUN-02 PR_REP          10000                       101         70      
        205 Shelley              Higgins                   SHIGGINS                  515.123.8080         07-JUN-02 AC_MGR          12008                       101        110      
        206 William              Gietz                     WGIETZ                    515.123.8181         07-JUN-02 AC_ACCOUNT       8300                       205        110      
        100 Steven               King                      SKING                     515.123.4567         17-JUN-03 AD_PRES         24000                                   90      
        101 Neena                Kochhar                   NKOCHHAR                  515.123.4568         21-SEP-05 AD_VP           17000                       100         90      

EMPLOYEE_ID FIRST_NAME           LAST_NAME                 EMAIL                     PHONE_NUMBER         HIRE_DATE JOB_ID         SALARY COMMISSION_PCT MANAGER_ID        DID      
----------- -------------------- ------------------------- ------------------------- -------------------- --------- ---------- ---------- -------------- ---------- ----------      
        102 Lex                  De Haan                   LDEHAAN                   515.123.4569         13-JAN-01 AD_VP           17000                       100         90      
        103 Alexander            Hunold                    AHUNOLD                   590.423.4567         03-JAN-06 IT_PROG          9000                       102         60      
        104 Bruce                Ernst                     BERNST                    590.423.4568         21-MAY-07 IT_PROG          6000                       103         60      
        105 David                Austin                    DAUSTIN                   590.423.4569         25-JUN-05 IT_PROG          4800                       103         60      
        106 Valli                Pataballa                 VPATABAL                  590.423.4560         05-FEB-06 IT_PROG          4800                       103         60      
        107 Diana                Lorentz                   DLORENTZ                  590.423.5567         07-FEB-07 IT_PROG          4200                       103         60      
        108 Nancy                Greenberg                 NGREENBE                  515.124.4569         17-AUG-02 FI_MGR          12008                       101        100      
        109 Daniel               Faviet                    DFAVIET                   515.124.4169         16-AUG-02 FI_ACCOUNT       9000                       108        100      
        110 John                 Chen                      JCHEN                     515.124.4269         28-SEP-05 FI_ACCOUNT       8200                       108        100      
        111 Ismael               Sciarra                   ISCIARRA                  515.124.4369         30-SEP-05 FI_ACCOUNT       7700                       108        100      
        112 Jose Manuel          Urman                     JMURMAN                   515.124.4469         07-MAR-06 FI_ACCOUNT       7800                       108        100      

EMPLOYEE_ID FIRST_NAME           LAST_NAME                 EMAIL                     PHONE_NUMBER         HIRE_DATE JOB_ID         SALARY COMMISSION_PCT MANAGER_ID        DID      
----------- -------------------- ------------------------- ------------------------- -------------------- --------- ---------- ---------- -------------- ---------- ----------      
        113 Luis                 Popp                      LPOPP                     515.124.4567         07-DEC-07 FI_ACCOUNT       6900                       108        100      
        114 Den                  Raphaely                  DRAPHEAL                  515.127.4561         07-DEC-02 PU_MAN          11000                       100         30      
        115 Alexander            Khoo                      AKHOO                     515.127.4562         18-MAY-03 PU_CLERK         3100                       114         30      
        116 Shelli               Baida                     SBAIDA                    515.127.4563         24-DEC-05 PU_CLERK         2900                       114         30      
        117 Sigal                Tobias                    STOBIAS                   515.127.4564         24-JUL-05 PU_CLERK         2800                       114         30      
        118 Guy                  Himuro                    GHIMURO                   515.127.4565         15-NOV-06 PU_CLERK         2600                       114         30      
        119 Karen                Colmenares                KCOLMENA                  515.127.4566         10-AUG-07 PU_CLERK         2500                       114         30      
        120 Matthew              Weiss                     MWEISS                    650.123.1234         18-JUL-04 ST_MAN           8000                       100         50      
        121 Adam                 Fripp                     AFRIPP                    650.123.2234         10-APR-05 ST_MAN           8200                       100         50      
        122 Payam                Kaufling                  PKAUFLIN                  650.123.3234         01-MAY-03 ST_MAN           7900                       100         50      
        123 Shanta               Vollman                   SVOLLMAN                  650.123.4234         10-OCT-05 ST_MAN           6500                       100         50      

EMPLOYEE_ID FIRST_NAME           LAST_NAME                 EMAIL                     PHONE_NUMBER         HIRE_DATE JOB_ID         SALARY COMMISSION_PCT MANAGER_ID        DID      
----------- -------------------- ------------------------- ------------------------- -------------------- --------- ---------- ---------- -------------- ---------- ----------      
        124 Kevin                Mourgos                   KMOURGOS                  650.123.5234         16-NOV-07 ST_MAN           5800                       100         50      
        125 Julia                Nayer                     JNAYER                    650.124.1214         16-JUL-05 ST_CLERK         3200                       120         50      
        126 Irene                Mikkilineni               IMIKKILI                  650.124.1224         28-SEP-06 ST_CLERK         2700                       120         50      
        127 James                Landry                    JLANDRY                   650.124.1334         14-JAN-07 ST_CLERK         2400                       120         50      
        128 Steven               Markle                    SMARKLE                   650.124.1434         08-MAR-08 ST_CLERK         2200                       120         50      
        129 Laura                Bissot                    LBISSOT                   650.124.5234         20-AUG-05 ST_CLERK         3300                       121         50      
        130 Mozhe                Atkinson                  MATKINSO                  650.124.6234         30-OCT-05 ST_CLERK         2800                       121         50      
        131 James                Marlow                    JAMRLOW                   650.124.7234         16-FEB-05 ST_CLERK         2500                       121         50      
        132 TJ                   Olson                     TJOLSON                   650.124.8234         10-APR-07 ST_CLERK         2100                       121         50      
        133 Jason                Mallin                    JMALLIN                   650.127.1934         14-JUN-04 ST_CLERK         3300                       122         50      
        134 Michael              Rogers                    MROGERS                   650.127.1834         26-AUG-06 ST_CLERK         2900                       122         50      

EMPLOYEE_ID FIRST_NAME           LAST_NAME                 EMAIL                     PHONE_NUMBER         HIRE_DATE JOB_ID         SALARY COMMISSION_PCT MANAGER_ID        DID      
----------- -------------------- ------------------------- ------------------------- -------------------- --------- ---------- ---------- -------------- ---------- ----------      
        135 Ki                   Gee                       KGEE                      650.127.1734         12-DEC-07 ST_CLERK         2400                       122         50      
        136 Hazel                Philtanker                HPHILTAN                  650.127.1634         06-FEB-08 ST_CLERK         2200                       122         50      
        137 Renske               Ladwig                    RLADWIG                   650.121.1234         14-JUL-03 ST_CLERK         3600                       123         50      
        138 Stephen              Stiles                    SSTILES                   650.121.2034         26-OCT-05 ST_CLERK         3200                       123         50      
        139 John                 Seo                       JSEO                      650.121.2019         12-FEB-06 ST_CLERK         2700                       123         50      
        140 Joshua               Patel                     JPATEL                    650.121.1834         06-APR-06 ST_CLERK         2500                       123         50      
        141 Trenna               Rajs                      TRAJS                     650.121.8009         17-OCT-03 ST_CLERK         3500                       124         50      
        142 Curtis               Davies                    CDAVIES                   650.121.2994         29-JAN-05 ST_CLERK         3100                       124         50      
        143 Randall              Matos                     RMATOS                    650.121.2874         15-MAR-06 ST_CLERK         2600                       124         50      
        144 Peter                Vargas                    PVARGAS                   650.121.2004         09-JUL-06 ST_CLERK         2500                       124         50      
        145 John                 Russell                   JRUSSEL                   011.44.1344.429268   01-OCT-04 SA_MAN          14000             .4        100         80      

EMPLOYEE_ID FIRST_NAME           LAST_NAME                 EMAIL                     PHONE_NUMBER         HIRE_DATE JOB_ID         SALARY COMMISSION_PCT MANAGER_ID        DID      
----------- -------------------- ------------------------- ------------------------- -------------------- --------- ---------- ---------- -------------- ---------- ----------      
        146 Karen                Partners                  KPARTNER                  011.44.1344.467268   05-JAN-05 SA_MAN          13500             .3        100         80      
        147 Alberto              Errazuriz                 AERRAZUR                  011.44.1344.429278   10-MAR-05 SA_MAN          12000             .3        100         80      
        148 Gerald               Cambrault                 GCAMBRAU                  011.44.1344.619268   15-OCT-07 SA_MAN          11000             .3        100         80      
        149 Eleni                Zlotkey                   EZLOTKEY                  011.44.1344.429018   29-JAN-08 SA_MAN          10500             .2        100         80      
        150 Peter                Tucker                    PTUCKER                   011.44.1344.129268   30-JAN-05 SA_REP          10000             .3        145         80      
        151 David                Bernstein                 DBERNSTE                  011.44.1344.345268   24-MAR-05 SA_REP           9500            .25        145         80      
        152 Peter                Hall                      PHALL                     011.44.1344.478968   20-AUG-05 SA_REP           9000            .25        145         80      
        153 Christopher          Olsen                     COLSEN                    011.44.1344.498718   30-MAR-06 SA_REP           8000             .2        145         80      
        154 Nanette              Cambrault                 NCAMBRAU                  011.44.1344.987668   09-DEC-06 SA_REP           7500             .2        145         80      
        155 Oliver               Tuvault                   OTUVAULT                  011.44.1344.486508   23-NOV-07 SA_REP           7000            .15        145         80      
        156 Janette              King                      JKING                     011.44.1345.429268   30-JAN-04 SA_REP          10000            .35        146         80      

EMPLOYEE_ID FIRST_NAME           LAST_NAME                 EMAIL                     PHONE_NUMBER         HIRE_DATE JOB_ID         SALARY COMMISSION_PCT MANAGER_ID        DID      
----------- -------------------- ------------------------- ------------------------- -------------------- --------- ---------- ---------- -------------- ---------- ----------      
        157 Patrick              Sully                     PSULLY                    011.44.1345.929268   04-MAR-04 SA_REP           9500            .35        146         80      
        158 Allan                McEwen                    AMCEWEN                   011.44.1345.829268   01-AUG-04 SA_REP           9000            .35        146         80      
        159 Lindsey              Smith                     LSMITH                    011.44.1345.729268   10-MAR-05 SA_REP           8000             .3        146         80      
        160 Louise               Doran                     LDORAN                    011.44.1345.629268   15-DEC-05 SA_REP           7500             .3        146         80      
        161 Sarath               Sewall                    SSEWALL                   011.44.1345.529268   03-NOV-06 SA_REP           7000            .25        146         80      
        162 Clara                Vishney                   CVISHNEY                  011.44.1346.129268   11-NOV-05 SA_REP          10500            .25        147         80      
        163 Danielle             Greene                    DGREENE                   011.44.1346.229268   19-MAR-07 SA_REP           9500            .15        147         80      
        164 Mattea               Marvins                   MMARVINS                  011.44.1346.329268   24-JAN-08 SA_REP           7200             .1        147         80      
        165 David                Lee                       DLEE                      011.44.1346.529268   23-FEB-08 SA_REP           6800             .1        147         80      
        166 Sundar               Ande                      SANDE                     011.44.1346.629268   24-MAR-08 SA_REP           6400             .1        147         80      
        167 Amit                 Banda                     ABANDA                    011.44.1346.729268   21-APR-08 SA_REP           6200             .1        147         80      

EMPLOYEE_ID FIRST_NAME           LAST_NAME                 EMAIL                     PHONE_NUMBER         HIRE_DATE JOB_ID         SALARY COMMISSION_PCT MANAGER_ID        DID      
----------- -------------------- ------------------------- ------------------------- -------------------- --------- ---------- ---------- -------------- ---------- ----------      
        168 Lisa                 Ozer                      LOZER                     011.44.1343.929268   11-MAR-05 SA_REP          11500            .25        148         80      
        169 Harrison             Bloom                     HBLOOM                    011.44.1343.829268   23-MAR-06 SA_REP          10000             .2        148         80      
        170 Tayler               Fox                       TFOX                      011.44.1343.729268   24-JAN-06 SA_REP           9600             .2        148         80      
        171 William              Smith                     WSMITH                    011.44.1343.629268   23-FEB-07 SA_REP           7400            .15        148         80      
        172 Elizabeth            Bates                     EBATES                    011.44.1343.529268   24-MAR-07 SA_REP           7300            .15        148         80      
        173 Sundita              Kumar                     SKUMAR                    011.44.1343.329268   21-APR-08 SA_REP           6100             .1        148         80      
        174 Ellen                Abel                      EABEL                     011.44.1644.429267   11-MAY-04 SA_REP          11000             .3        149         80      
        175 Alyssa               Hutton                    AHUTTON                   011.44.1644.429266   19-MAR-05 SA_REP           8800            .25        149         80      
        176 Jonathon             Taylor                    JTAYLOR                   011.44.1644.429265   24-MAR-06 SA_REP           8600             .2        149         80      
        177 Jack                 Livingston                JLIVINGS                  011.44.1644.429264   23-APR-06 SA_REP           8400             .2        149         80      
        178 Kimberely            Grant                     KGRANT                    011.44.1644.429263   24-MAY-07 SA_REP           7000            .15        149                 

EMPLOYEE_ID FIRST_NAME           LAST_NAME                 EMAIL                     PHONE_NUMBER         HIRE_DATE JOB_ID         SALARY COMMISSION_PCT MANAGER_ID        DID      
----------- -------------------- ------------------------- ------------------------- -------------------- --------- ---------- ---------- -------------- ---------- ----------      
        179 Charles              Johnson                   CJOHNSON                  011.44.1644.429262   04-JAN-08 SA_REP           6200             .1        149         80      
        180 Winston              Taylor                    WTAYLOR                   650.507.9876         24-JAN-06 SH_CLERK         3200                       120         50      
        181 Jean                 Fleaur                    JFLEAUR                   650.507.9877         23-FEB-06 SH_CLERK         3100                       120         50      
        182 Martha               Sullivan                  MSULLIVA                  650.507.9878         21-JUN-07 SH_CLERK         2500                       120         50      
        183 Girard               Geoni                     GGEONI                    650.507.9879         03-FEB-08 SH_CLERK         2800                       120         50      
        184 Nandita              Sarchand                  NSARCHAN                  650.509.1876         27-JAN-04 SH_CLERK         4200                       121         50      
        185 Alexis               Bull                      ABULL                     650.509.2876         20-FEB-05 SH_CLERK         4100                       121         50      
        186 Julia                Dellinger                 JDELLING                  650.509.3876         24-JUN-06 SH_CLERK         3400                       121         50      
        187 Anthony              Cabrio                    ACABRIO                   650.509.4876         07-FEB-07 SH_CLERK         3000                       121         50      
        188 Kelly                Chung                     KCHUNG                    650.505.1876         14-JUN-05 SH_CLERK         3800                       122         50      
        189 Jennifer             Dilly                     JDILLY                    650.505.2876         13-AUG-05 SH_CLERK         3600                       122         50      

EMPLOYEE_ID FIRST_NAME           LAST_NAME                 EMAIL                     PHONE_NUMBER         HIRE_DATE JOB_ID         SALARY COMMISSION_PCT MANAGER_ID        DID      
----------- -------------------- ------------------------- ------------------------- -------------------- --------- ---------- ---------- -------------- ---------- ----------      
        190 Timothy              Gates                     TGATES                    650.505.3876         11-JUL-06 SH_CLERK         2900                       122         50      
        191 Randall              Perkins                   RPERKINS                  650.505.4876         19-DEC-07 SH_CLERK         2500                       122         50      
        192 Sarah                Bell                      SBELL                     650.501.1876         04-FEB-04 SH_CLERK         4000                       123         50      
        193 Britney              Everett                   BEVERETT                  650.501.2876         03-MAR-05 SH_CLERK         3900                       123         50      
        194 Samuel               McCain                    SMCCAIN                   650.501.3876         01-JUL-06 SH_CLERK         3200                       123         50      
        195 Vance                Jones                     VJONES                    650.501.4876         17-MAR-07 SH_CLERK         2800                       123         50      
        196 Alana                Walsh                     AWALSH                    650.507.9811         24-APR-06 SH_CLERK         3100                       124         50      
        197 Kevin                Feeney                    KFEENEY                   650.507.9822         23-MAY-06 SH_CLERK         3000                       124         50      

107 rows selected.

SQL> create synonym hr.employees to hremp;
create synonym hr.employees to hremp
                            *
ERROR at line 1:
ORA-00905: missing keyword 


SQL> create synonym hr.employees for hremp;
create synonym hr.employees for hremp
*
ERROR at line 1:
ORA-01031: insufficient privileges 


SQL> conn sys as sysdba
Connected.
SQL> grant create synonym to h1;

Grant succeeded.

SQL> conn h1/h1
Connected.
SQL> create synonym hremp for hr.employees;

Synonym created.

SQL> desc hremp
 Name                                                                                                  Null?    Type
 ----------------------------------------------------------------------------------------------------- -------- --------------------------------------------------------------------
 EMPLOYEE_ID                                                                                           NOT NULL NUMBER(6)
 FIRST_NAME                                                                                                     VARCHAR2(20)
 LAST_NAME                                                                                             NOT NULL VARCHAR2(25)
 EMAIL                                                                                                 NOT NULL VARCHAR2(25)
 PHONE_NUMBER                                                                                                   VARCHAR2(20)
 HIRE_DATE                                                                                             NOT NULL DATE
 JOB_ID                                                                                                NOT NULL VARCHAR2(10)
 SALARY                                                                                                         NUMBER(8,2)
 COMMISSION_PCT                                                                                                 NUMBER(2,2)
 MANAGER_ID                                                                                                     NUMBER(6)
 DID                                                                                                            NUMBER(4)

SQL> select * from hremp;

EMPLOYEE_ID FIRST_NAME           LAST_NAME                 EMAIL                     PHONE_NUMBER         HIRE_DATE JOB_ID         SALARY COMMISSION_PCT MANAGER_ID        DID      
----------- -------------------- ------------------------- ------------------------- -------------------- --------- ---------- ---------- -------------- ---------- ----------      
        198 Donald               OConnell                  DOCONNEL                  650.507.9833         21-JUN-07 SH_CLERK         2600                       124         50      
        199 Douglas              Grant                     DGRANT                    650.507.9844         13-JAN-08 SH_CLERK         2600                       124         50      
        200 Jennifer             Whalen                    JWHALEN                   515.123.4444         17-SEP-03 AD_ASST          4400                       101         10      
        201 Michael              Hartstein                 MHARTSTE                  515.123.5555         17-FEB-04 MK_MAN          13000                       100         20      
        202 Pat                  Fay                       PFAY                      603.123.6666         17-AUG-05 MK_REP           6000                       201         20      
        203 Susan                Mavris                    SMAVRIS                   515.123.7777         07-JUN-02 HR_REP           6500                       101         40      
        204 Hermann              Baer                      HBAER                     515.123.8888         07-JUN-02 PR_REP          10000                       101         70      
        205 Shelley              Higgins                   SHIGGINS                  515.123.8080         07-JUN-02 AC_MGR          12008                       101        110      
        206 William              Gietz                     WGIETZ                    515.123.8181         07-JUN-02 AC_ACCOUNT       8300                       205        110      
        100 Steven               King                      SKING                     515.123.4567         17-JUN-03 AD_PRES         24000                                   90      
        101 Neena                Kochhar                   NKOCHHAR                  515.123.4568         21-SEP-05 AD_VP           17000                       100         90      

EMPLOYEE_ID FIRST_NAME           LAST_NAME                 EMAIL                     PHONE_NUMBER         HIRE_DATE JOB_ID         SALARY COMMISSION_PCT MANAGER_ID        DID      
----------- -------------------- ------------------------- ------------------------- -------------------- --------- ---------- ---------- -------------- ---------- ----------      
        102 Lex                  De Haan                   LDEHAAN                   515.123.4569         13-JAN-01 AD_VP           17000                       100         90      
        103 Alexander            Hunold                    AHUNOLD                   590.423.4567         03-JAN-06 IT_PROG          9000                       102         60      
        104 Bruce                Ernst                     BERNST                    590.423.4568         21-MAY-07 IT_PROG          6000                       103         60      
        105 David                Austin                    DAUSTIN                   590.423.4569         25-JUN-05 IT_PROG          4800                       103         60      
        106 Valli                Pataballa                 VPATABAL                  590.423.4560         05-FEB-06 IT_PROG          4800                       103         60      
        107 Diana                Lorentz                   DLORENTZ                  590.423.5567         07-FEB-07 IT_PROG          4200                       103         60      
        108 Nancy                Greenberg                 NGREENBE                  515.124.4569         17-AUG-02 FI_MGR          12008                       101        100      
        109 Daniel               Faviet                    DFAVIET                   515.124.4169         16-AUG-02 FI_ACCOUNT       9000                       108        100      
        110 John                 Chen                      JCHEN                     515.124.4269         28-SEP-05 FI_ACCOUNT       8200                       108        100      
        111 Ismael               Sciarra                   ISCIARRA                  515.124.4369         30-SEP-05 FI_ACCOUNT       7700                       108        100      
        112 Jose Manuel          Urman                     JMURMAN                   515.124.4469         07-MAR-06 FI_ACCOUNT       7800                       108        100      

EMPLOYEE_ID FIRST_NAME           LAST_NAME                 EMAIL                     PHONE_NUMBER         HIRE_DATE JOB_ID         SALARY COMMISSION_PCT MANAGER_ID        DID      
----------- -------------------- ------------------------- ------------------------- -------------------- --------- ---------- ---------- -------------- ---------- ----------      
        113 Luis                 Popp                      LPOPP                     515.124.4567         07-DEC-07 FI_ACCOUNT       6900                       108        100      
        114 Den                  Raphaely                  DRAPHEAL                  515.127.4561         07-DEC-02 PU_MAN          11000                       100         30      
        115 Alexander            Khoo                      AKHOO                     515.127.4562         18-MAY-03 PU_CLERK         3100                       114         30      
        116 Shelli               Baida                     SBAIDA                    515.127.4563         24-DEC-05 PU_CLERK         2900                       114         30      
        117 Sigal                Tobias                    STOBIAS                   515.127.4564         24-JUL-05 PU_CLERK         2800                       114         30      
        118 Guy                  Himuro                    GHIMURO                   515.127.4565         15-NOV-06 PU_CLERK         2600                       114         30      
        119 Karen                Colmenares                KCOLMENA                  515.127.4566         10-AUG-07 PU_CLERK         2500                       114         30      
        120 Matthew              Weiss                     MWEISS                    650.123.1234         18-JUL-04 ST_MAN           8000                       100         50      
        121 Adam                 Fripp                     AFRIPP                    650.123.2234         10-APR-05 ST_MAN           8200                       100         50      
        122 Payam                Kaufling                  PKAUFLIN                  650.123.3234         01-MAY-03 ST_MAN           7900                       100         50      
        123 Shanta               Vollman                   SVOLLMAN                  650.123.4234         10-OCT-05 ST_MAN           6500                       100         50      

EMPLOYEE_ID FIRST_NAME           LAST_NAME                 EMAIL                     PHONE_NUMBER         HIRE_DATE JOB_ID         SALARY COMMISSION_PCT MANAGER_ID        DID      
----------- -------------------- ------------------------- ------------------------- -------------------- --------- ---------- ---------- -------------- ---------- ----------      
        124 Kevin                Mourgos                   KMOURGOS                  650.123.5234         16-NOV-07 ST_MAN           5800                       100         50      
        125 Julia                Nayer                     JNAYER                    650.124.1214         16-JUL-05 ST_CLERK         3200                       120         50      
        126 Irene                Mikkilineni               IMIKKILI                  650.124.1224         28-SEP-06 ST_CLERK         2700                       120         50      
        127 James                Landry                    JLANDRY                   650.124.1334         14-JAN-07 ST_CLERK         2400                       120         50      
        128 Steven               Markle                    SMARKLE                   650.124.1434         08-MAR-08 ST_CLERK         2200                       120         50      
        129 Laura                Bissot                    LBISSOT                   650.124.5234         20-AUG-05 ST_CLERK         3300                       121         50      
        130 Mozhe                Atkinson                  MATKINSO                  650.124.6234         30-OCT-05 ST_CLERK         2800                       121         50      
        131 James                Marlow                    JAMRLOW                   650.124.7234         16-FEB-05 ST_CLERK         2500                       121         50      
        132 TJ                   Olson                     TJOLSON                   650.124.8234         10-APR-07 ST_CLERK         2100                       121         50      
        133 Jason                Mallin                    JMALLIN                   650.127.1934         14-JUN-04 ST_CLERK         3300                       122         50      
        134 Michael              Rogers                    MROGERS                   650.127.1834         26-AUG-06 ST_CLERK         2900                       122         50      

EMPLOYEE_ID FIRST_NAME           LAST_NAME                 EMAIL                     PHONE_NUMBER         HIRE_DATE JOB_ID         SALARY COMMISSION_PCT MANAGER_ID        DID      
----------- -------------------- ------------------------- ------------------------- -------------------- --------- ---------- ---------- -------------- ---------- ----------      
        135 Ki                   Gee                       KGEE                      650.127.1734         12-DEC-07 ST_CLERK         2400                       122         50      
        136 Hazel                Philtanker                HPHILTAN                  650.127.1634         06-FEB-08 ST_CLERK         2200                       122         50      
        137 Renske               Ladwig                    RLADWIG                   650.121.1234         14-JUL-03 ST_CLERK         3600                       123         50      
        138 Stephen              Stiles                    SSTILES                   650.121.2034         26-OCT-05 ST_CLERK         3200                       123         50      
        139 John                 Seo                       JSEO                      650.121.2019         12-FEB-06 ST_CLERK         2700                       123         50      
        140 Joshua               Patel                     JPATEL                    650.121.1834         06-APR-06 ST_CLERK         2500                       123         50      
        141 Trenna               Rajs                      TRAJS                     650.121.8009         17-OCT-03 ST_CLERK         3500                       124         50      
        142 Curtis               Davies                    CDAVIES                   650.121.2994         29-JAN-05 ST_CLERK         3100                       124         50      
        143 Randall              Matos                     RMATOS                    650.121.2874         15-MAR-06 ST_CLERK         2600                       124         50      
        144 Peter                Vargas                    PVARGAS                   650.121.2004         09-JUL-06 ST_CLERK         2500                       124         50      
        145 John                 Russell                   JRUSSEL                   011.44.1344.429268   01-OCT-04 SA_MAN          14000             .4        100         80      

EMPLOYEE_ID FIRST_NAME           LAST_NAME                 EMAIL                     PHONE_NUMBER         HIRE_DATE JOB_ID         SALARY COMMISSION_PCT MANAGER_ID        DID      
----------- -------------------- ------------------------- ------------------------- -------------------- --------- ---------- ---------- -------------- ---------- ----------      
        146 Karen                Partners                  KPARTNER                  011.44.1344.467268   05-JAN-05 SA_MAN          13500             .3        100         80      
        147 Alberto              Errazuriz                 AERRAZUR                  011.44.1344.429278   10-MAR-05 SA_MAN          12000             .3        100         80      
        148 Gerald               Cambrault                 GCAMBRAU                  011.44.1344.619268   15-OCT-07 SA_MAN          11000             .3        100         80      
        149 Eleni                Zlotkey                   EZLOTKEY                  011.44.1344.429018   29-JAN-08 SA_MAN          10500             .2        100         80      
        150 Peter                Tucker                    PTUCKER                   011.44.1344.129268   30-JAN-05 SA_REP          10000             .3        145         80      
        151 David                Bernstein                 DBERNSTE                  011.44.1344.345268   24-MAR-05 SA_REP           9500            .25        145         80      
        152 Peter                Hall                      PHALL                     011.44.1344.478968   20-AUG-05 SA_REP           9000            .25        145         80      
        153 Christopher          Olsen                     COLSEN                    011.44.1344.498718   30-MAR-06 SA_REP           8000             .2        145         80      
        154 Nanette              Cambrault                 NCAMBRAU                  011.44.1344.987668   09-DEC-06 SA_REP           7500             .2        145         80      
        155 Oliver               Tuvault                   OTUVAULT                  011.44.1344.486508   23-NOV-07 SA_REP           7000            .15        145         80      
        156 Janette              King                      JKING                     011.44.1345.429268   30-JAN-04 SA_REP          10000            .35        146         80      

EMPLOYEE_ID FIRST_NAME           LAST_NAME                 EMAIL                     PHONE_NUMBER         HIRE_DATE JOB_ID         SALARY COMMISSION_PCT MANAGER_ID        DID      
----------- -------------------- ------------------------- ------------------------- -------------------- --------- ---------- ---------- -------------- ---------- ----------      
        157 Patrick              Sully                     PSULLY                    011.44.1345.929268   04-MAR-04 SA_REP           9500            .35        146         80      
        158 Allan                McEwen                    AMCEWEN                   011.44.1345.829268   01-AUG-04 SA_REP           9000            .35        146         80      
        159 Lindsey              Smith                     LSMITH                    011.44.1345.729268   10-MAR-05 SA_REP           8000             .3        146         80      
        160 Louise               Doran                     LDORAN                    011.44.1345.629268   15-DEC-05 SA_REP           7500             .3        146         80      
        161 Sarath               Sewall                    SSEWALL                   011.44.1345.529268   03-NOV-06 SA_REP           7000            .25        146         80      
        162 Clara                Vishney                   CVISHNEY                  011.44.1346.129268   11-NOV-05 SA_REP          10500            .25        147         80      
        163 Danielle             Greene                    DGREENE                   011.44.1346.229268   19-MAR-07 SA_REP           9500            .15        147         80      
        164 Mattea               Marvins                   MMARVINS                  011.44.1346.329268   24-JAN-08 SA_REP           7200             .1        147         80      
        165 David                Lee                       DLEE                      011.44.1346.529268   23-FEB-08 SA_REP           6800             .1        147         80      
        166 Sundar               Ande                      SANDE                     011.44.1346.629268   24-MAR-08 SA_REP           6400             .1        147         80      
        167 Amit                 Banda                     ABANDA                    011.44.1346.729268   21-APR-08 SA_REP           6200             .1        147         80      

EMPLOYEE_ID FIRST_NAME           LAST_NAME                 EMAIL                     PHONE_NUMBER         HIRE_DATE JOB_ID         SALARY COMMISSION_PCT MANAGER_ID        DID      
----------- -------------------- ------------------------- ------------------------- -------------------- --------- ---------- ---------- -------------- ---------- ----------      
        168 Lisa                 Ozer                      LOZER                     011.44.1343.929268   11-MAR-05 SA_REP          11500            .25        148         80      
        169 Harrison             Bloom                     HBLOOM                    011.44.1343.829268   23-MAR-06 SA_REP          10000             .2        148         80      
        170 Tayler               Fox                       TFOX                      011.44.1343.729268   24-JAN-06 SA_REP           9600             .2        148         80      
        171 William              Smith                     WSMITH                    011.44.1343.629268   23-FEB-07 SA_REP           7400            .15        148         80      
        172 Elizabeth            Bates                     EBATES                    011.44.1343.529268   24-MAR-07 SA_REP           7300            .15        148         80      
        173 Sundita              Kumar                     SKUMAR                    011.44.1343.329268   21-APR-08 SA_REP           6100             .1        148         80      
        174 Ellen                Abel                      EABEL                     011.44.1644.429267   11-MAY-04 SA_REP          11000             .3        149         80      
        175 Alyssa               Hutton                    AHUTTON                   011.44.1644.429266   19-MAR-05 SA_REP           8800            .25        149         80      
        176 Jonathon             Taylor                    JTAYLOR                   011.44.1644.429265   24-MAR-06 SA_REP           8600             .2        149         80      
        177 Jack                 Livingston                JLIVINGS                  011.44.1644.429264   23-APR-06 SA_REP           8400             .2        149         80      
        178 Kimberely            Grant                     KGRANT                    011.44.1644.429263   24-MAY-07 SA_REP           7000            .15        149                 

EMPLOYEE_ID FIRST_NAME           LAST_NAME                 EMAIL                     PHONE_NUMBER         HIRE_DATE JOB_ID         SALARY COMMISSION_PCT MANAGER_ID        DID      
----------- -------------------- ------------------------- ------------------------- -------------------- --------- ---------- ---------- -------------- ---------- ----------      
        179 Charles              Johnson                   CJOHNSON                  011.44.1644.429262   04-JAN-08 SA_REP           6200             .1        149         80      
        180 Winston              Taylor                    WTAYLOR                   650.507.9876         24-JAN-06 SH_CLERK         3200                       120         50      
        181 Jean                 Fleaur                    JFLEAUR                   650.507.9877         23-FEB-06 SH_CLERK         3100                       120         50      
        182 Martha               Sullivan                  MSULLIVA                  650.507.9878         21-JUN-07 SH_CLERK         2500                       120         50      
        183 Girard               Geoni                     GGEONI                    650.507.9879         03-FEB-08 SH_CLERK         2800                       120         50      
        184 Nandita              Sarchand                  NSARCHAN                  650.509.1876         27-JAN-04 SH_CLERK         4200                       121         50      
        185 Alexis               Bull                      ABULL                     650.509.2876         20-FEB-05 SH_CLERK         4100                       121         50      
        186 Julia                Dellinger                 JDELLING                  650.509.3876         24-JUN-06 SH_CLERK         3400                       121         50      
        187 Anthony              Cabrio                    ACABRIO                   650.509.4876         07-FEB-07 SH_CLERK         3000                       121         50      
        188 Kelly                Chung                     KCHUNG                    650.505.1876         14-JUN-05 SH_CLERK         3800                       122         50      
        189 Jennifer             Dilly                     JDILLY                    650.505.2876         13-AUG-05 SH_CLERK         3600                       122         50      

EMPLOYEE_ID FIRST_NAME           LAST_NAME                 EMAIL                     PHONE_NUMBER         HIRE_DATE JOB_ID         SALARY COMMISSION_PCT MANAGER_ID        DID      
----------- -------------------- ------------------------- ------------------------- -------------------- --------- ---------- ---------- -------------- ---------- ----------      
        190 Timothy              Gates                     TGATES                    650.505.3876         11-JUL-06 SH_CLERK         2900                       122         50      
        191 Randall              Perkins                   RPERKINS                  650.505.4876         19-DEC-07 SH_CLERK         2500                       122         50      
        192 Sarah                Bell                      SBELL                     650.501.1876         04-FEB-04 SH_CLERK         4000                       123         50      
        193 Britney              Everett                   BEVERETT                  650.501.2876         03-MAR-05 SH_CLERK         3900                       123         50      
        194 Samuel               McCain                    SMCCAIN                   650.501.3876         01-JUL-06 SH_CLERK         3200                       123         50      
        195 Vance                Jones                     VJONES                    650.501.4876         17-MAR-07 SH_CLERK         2800                       123         50      
        196 Alana                Walsh                     AWALSH                    650.507.9811         24-APR-06 SH_CLERK         3100                       124         50      
        197 Kevin                Feeney                    KFEENEY                   650.507.9822         23-MAY-06 SH_CLERK         3000                       124         50      

107 rows selected.

SQL> truncate table hremp;
truncate table hremp
               *
ERROR at line 1:
ORA-00942: table or view does not exist 


SQL> truncate table hr.employees;
truncate table hr.employees
                  *
ERROR at line 1:
ORA-01031: insufficient privileges 


SQL> cl scr

SQL> conn sys as sysdba
Connected.
SQL> conn hr/hr
Connected.
SQL> create view d10 as select first_name,department_id,salary from employees where department_id=10;
create view d10 as select first_name,department_id,salary from employees where department_id=10
                                                                               *
ERROR at line 1:
ORA-00904: "DEPARTMENT_ID": invalid identifier 


SQL> create view d10 as select first_name,department_id,salary from employees where did=10;
create view d10 as select first_name,department_id,salary from employees where did=10
                                     *
ERROR at line 1:
ORA-00904: "DEPARTMENT_ID": invalid identifier 


SQL> create view d10 as select first_name,did,salary from employees where did=10;

View created.

SQL> desc d10
 Name                                                                                                  Null?    Type
 ----------------------------------------------------------------------------------------------------- -------- --------------------------------------------------------------------
 FIRST_NAME                                                                                                     VARCHAR2(20)
 DID                                                                                                            NUMBER(4)
 SALARY                                                                                                         NUMBER(8,2)

SQL> alter table employees rename column did to department_id;

Table altered.

SQL> desc d10
ERROR:
ORA-24372: invalid object for describe 


SQL> create or replace view d10 as select first_name,department_id,salary from employees where department_id=10;

View created.

SQL> desc d10
 Name                                                                                                  Null?    Type
 ----------------------------------------------------------------------------------------------------- -------- --------------------------------------------------------------------
 FIRST_NAME                                                                                                     VARCHAR2(20)
 DEPARTMENT_ID                                                                                                  NUMBER(4)
 SALARY                                                                                                         NUMBER(8,2)

SQL> select * form d10;
select * form d10
         *
ERROR at line 1:
ORA-00923: FROM keyword not found where expected 


SQL> select * from d10;

FIRST_NAME           DEPARTMENT_ID     SALARY                                                                                                                                       
-------------------- ------------- ----------                                                                                                                                       
Jennifer                        10       4400                                                                                                                                       

SQL> select view_name,text from user_views;

VIEW_NAME                      TEXT                                                                                                                                                 
------------------------------ --------------------------------------------------------------------------------                                                                     
COUNT_DEPART                   select department_id,sum(salary) sum,min(salary) min,max(salary) max,avg(salary)                                                                     
D10                            select first_name,department_id,salary from employees where department_id=10                                                                         
EMP_DETAILS_VIEW               SELECT                                                                                                                                               
                                 e.employee_id,                                                                                                                                     
                                 e.job_id,                                                                                                                                          
                                 e.manager_id,                                                                                                                                      
                                 e.department_id,                                                                                                                                   
                                 d.locat                                                                                                                                            
                                                                                                                                                                                    
EMP_SAL                        select first_name,salary monthly,salary*3 monthly3,salary*6 monthly6,salary*12 a                                                                     
VEMP                           select "FIRST_NAME","SALARY","HIRE_DATE" from viraj                                                                                                  

SQL> set long 2000
SQL> /

VIEW_NAME                      TEXT                                                                                                                                                 
------------------------------ --------------------------------------------------------------------------------                                                                     
COUNT_DEPART                   select department_id,sum(salary) sum,min(salary) min,max(salary) max,avg(salary)                                                                     
                                avg,count(*) cnt from employees group by department_id                                                                                              
                                                                                                                                                                                    
D10                            select first_name,department_id,salary from employees where department_id=10                                                                         
EMP_DETAILS_VIEW               SELECT                                                                                                                                               
                                 e.employee_id,                                                                                                                                     
                                 e.job_id,                                                                                                                                          
                                 e.manager_id,                                                                                                                                      
                                 e.department_id,                                                                                                                                   
                                 d.location_id,                                                                                                                                     
                                 l.country_id,                                                                                                                                      

VIEW_NAME                      TEXT                                                                                                                                                 
------------------------------ --------------------------------------------------------------------------------                                                                     
                                 e.first_name,                                                                                                                                      
                                 e.last_name,                                                                                                                                       
                                 e.salary,                                                                                                                                          
                                 e.commission_pct,                                                                                                                                  
                                 d.department_name,                                                                                                                                 
                                 j.job_title,                                                                                                                                       
                                 l.city,                                                                                                                                            
                                 l.state_province,                                                                                                                                  
                                 c.country_name,                                                                                                                                    
                                 r.region_name                                                                                                                                      
                               FROM                                                                                                                                                 

VIEW_NAME                      TEXT                                                                                                                                                 
------------------------------ --------------------------------------------------------------------------------                                                                     
                                 employees e,                                                                                                                                       
                                 departments d,                                                                                                                                     
                                 jobs j,                                                                                                                                            
                                 locations l,                                                                                                                                       
                                 countries c,                                                                                                                                       
                                 regions r                                                                                                                                          
                               WHERE e.department_id = d.department_id                                                                                                              
                                 AND d.location_id = l.location_id                                                                                                                  
                                 AND l.country_id = c.country_id                                                                                                                    
                                 AND c.region_id = r.region_id                                                                                                                      
                                 AND j.job_id = e.job_id                                                                                                                            

VIEW_NAME                      TEXT                                                                                                                                                 
------------------------------ --------------------------------------------------------------------------------                                                                     
                               WITH READ ONLY                                                                                                                                       
                                                                                                                                                                                    
EMP_SAL                        select first_name,salary monthly,salary*3 monthly3,salary*6 monthly6,salary*12 a                                                                     
                               nnual from employees                                                                                                                                 
                                                                                                                                                                                    
VEMP                           select "FIRST_NAME","SALARY","HIRE_DATE" from viraj                                                                                                  

SQL> create or replace view d10 as select first_name,department_id,salary from employees where department_id=10
  2  
SQL> 
SQL> create sequence sq;
create sequence sq
                *
ERROR at line 1:
ORA-00955: name is already used by an existing object 


SQL> select sq.currval from dual;
select sq.currval from dual
       *
ERROR at line 1:
ORA-08002: sequence SQ.CURRVAL is not yet defined in this session 


SQL> select sq.nextval from dual;
select sq.nextval from dual
       *
ERROR at line 1:
ORA-08004: sequence SQ.NEXTVAL exceeds MAXVALUE and cannot be instantiated 


SQL> drop sequence sq;

Sequence dropped.

SQL> create sequence s1;

Sequence created.

SQL> select s1.nextval from dual;

   NEXTVAL                                                                                                                                                                          
----------                                                                                                                                                                          
         1                                                                                                                                                                          

SQL> /

   NEXTVAL                                                                                                                                                                          
----------                                                                                                                                                                          
         2                                                                                                                                                                          

SQL> /

   NEXTVAL                                                                                                                                                                          
----------                                                                                                                                                                          
         3                                                                                                                                                                          

SQL> /

   NEXTVAL                                                                                                                                                                          
----------                                                                                                                                                                          
         4                                                                                                                                                                          

SQL> /

   NEXTVAL                                                                                                                                                                          
----------                                                                                                                                                                          
         5                                                                                                                                                                          

SQL> select s1.currval from dual;

   CURRVAL                                                                                                                                                                          
----------                                                                                                                                                                          
         5                                                                                                                                                                          

SQL> create sequence s2 start with 10 increment by 10 maxvalue 100;

Sequence created.

SQL> select s2.nextval from dual;

   NEXTVAL                                                                                                                                                                          
----------                                                                                                                                                                          
        10                                                                                                                                                                          

SQL> /

   NEXTVAL                                                                                                                                                                          
----------                                                                                                                                                                          
        20                                                                                                                                                                          

SQL> /

   NEXTVAL                                                                                                                                                                          
----------                                                                                                                                                                          
        30                                                                                                                                                                          

SQL> /

   NEXTVAL                                                                                                                                                                          
----------                                                                                                                                                                          
        40                                                                                                                                                                          

SQL> /

   NEXTVAL                                                                                                                                                                          
----------                                                                                                                                                                          
        50                                                                                                                                                                          

SQL> /

   NEXTVAL                                                                                                                                                                          
----------                                                                                                                                                                          
        60                                                                                                                                                                          

SQL> /

   NEXTVAL                                                                                                                                                                          
----------                                                                                                                                                                          
        70                                                                                                                                                                          

SQL> /

   NEXTVAL                                                                                                                                                                          
----------                                                                                                                                                                          
        80                                                                                                                                                                          

SQL> /

   NEXTVAL                                                                                                                                                                          
----------                                                                                                                                                                          
        90                                                                                                                                                                          

SQL> /

   NEXTVAL                                                                                                                                                                          
----------                                                                                                                                                                          
       100                                                                                                                                                                          

SQL> /
select s2.nextval from dual
*
ERROR at line 1:
ORA-08004: sequence S2.NEXTVAL exceeds MAXVALUE and cannot be instantiated 


SQL> select s2.currval from dual;

   CURRVAL                                                                                                                                                                          
----------                                                                                                                                                                          
       100                                                                                                                                                                          

SQL> select s2.nextval from dual;
select s2.nextval from dual
*
ERROR at line 1:
ORA-08004: sequence S2.NEXTVAL exceeds MAXVALUE and cannot be instantiated 


SQL> select s2.currval from dual;

   CURRVAL                                                                                                                                                                          
----------                                                                                                                                                                          
       100                                                                                                                                                                          

SQL> drop sequence s2;

Sequence dropped.

SQL> create sequence s2 start with 10 increment by 10 maxvalue 100;

Sequence created.

SQL> create table demo (no number(3) primary key default s2.nextval);
create table demo (no number(3) primary key default s2.nextval)
                                            *
ERROR at line 1:
ORA-00907: missing right parenthesis 


SQL> select * from user_sequences;

SEQUENCE_NAME                   MIN_VALUE  MAX_VALUE INCREMENT_BY C O CACHE_SIZE LAST_NUMBER                                                                                        
------------------------------ ---------- ---------- ------------ - - ---------- -----------                                                                                        
DEPARTMENTS_SEQ                         1       9990           10 N N          0         280                                                                                        
EMPLOYEES_SEQ                           1 1.0000E+28            1 N N          0         207                                                                                        
LOCATIONS_SEQ                           1       9900          100 N N          0        3300                                                                                        
S1                                      1 1.0000E+28            1 N N         20          21                                                                                        
S2                                      1        100           10 N N         20          10                                                                                        
SQ1                                     1        100           10 N N         20         110                                                                                        

6 rows selected.

SQL> cl scr

SQL> 
SQL> spool off
